[2021-09-01 16:37:01,979: INFO/ForkPoolWorker-1] concurrent_dispatcher.dispatch_concurrent[1528bd97-be7c-4134-893a-944391c42b9e]: POST sent to https://www.gray.com/. Data: {'name': 'James Young', 'email': 'kwilliams@example.com', 'phone': '384.450.3619x8103', 'url': 'https://www.gray.com/', 'type': 'post'}
[2021-09-01 16:37:01,979: INFO/ForkPoolWorker-1] Task concurrent_dispatcher.dispatch_concurrent[1528bd97-be7c-4134-893a-944391c42b9e] succeeded in 0.5008700540001882s: 'Done'
[2021-09-01 16:37:01,979: INFO/ForkPoolWorker-12] concurrent_dispatcher.dispatch_concurrent[4ffafcb0-d95f-4006-bc68-61c7438fab02]: POST sent to http://www.oliver-gill.net/. Data: {'name': 'Steven Dixon', 'email': 'ruizkayla@example.net', 'phone': '4071341118', 'url': 'http://www.oliver-gill.net/', 'type': 'post'}
[2021-09-01 16:37:01,979: INFO/ForkPoolWorker-4] concurrent_dispatcher.dispatch_concurrent[a565aba4-8b13-4dbd-9e20-02f23ae819ff]: SMS sent to +1-907-749-4772x932. Data: {'name': 'Jill Cunningham', 'email': None, 'phone': '+1-907-749-4772x932', 'url': None, 'type': 'sms'}
[2021-09-01 16:37:01,980: INFO/ForkPoolWorker-4] Task concurrent_dispatcher.dispatch_concurrent[a565aba4-8b13-4dbd-9e20-02f23ae819ff] succeeded in 0.501068646000931s: 'Done'
[2021-09-01 16:37:01,980: INFO/ForkPoolWorker-12] Task concurrent_dispatcher.dispatch_concurrent[4ffafcb0-d95f-4006-bc68-61c7438fab02] succeeded in 0.5010596349984553s: 'Done'
[2021-09-01 16:37:01,982: INFO/MainProcess] Task concurrent_dispatcher.dispatch_concurrent[bbe116c0-03e2-4cee-9b44-38795376040a] received
[2021-09-01 16:37:01,983: ERROR/ForkPoolWorker-12] concurrent_dispatcher.dispatch_concurrent[a60ce35b-b416-4bb4-bd29-ae2b4b644afe]: POST notifier *FAILED* [Invalid NAME or URL] @ {'name': 'John Fry', 'email': None, 'phone': '755-034-7552x9369', 'url': None, 'type': 'post'}
[2021-09-01 16:37:01,983: INFO/ForkPoolWorker-12] Task concurrent_dispatcher.dispatch_concurrent[a60ce35b-b416-4bb4-bd29-ae2b4b644afe] succeeded in 0.0002464560002408689s: 'Done'
[2021-09-01 16:37:01,985: INFO/MainProcess] Task concurrent_dispatcher.dispatch_concurrent[7e95ac3f-09cf-4fd9-8e91-5d106f940e96] received
[2021-09-01 16:37:01,986: INFO/MainProcess] Task concurrent_dispatcher.dispatch_concurrent[1b019fd2-f63a-4238-86c3-b14d429bb5a4] received
[2021-09-01 16:37:01,988: INFO/MainProcess] Task concurrent_dispatcher.dispatch_concurrent[77b8f5d7-009c-4c70-9adb-20970c653e33] received
[2021-09-01 16:37:01,989: INFO/MainProcess] Task concurrent_dispatcher.dispatch_concurrent[70d20970-5380-44b5-b6e2-dcadf8663717] received
[2021-09-01 16:37:01,990: INFO/ForkPoolWorker-13] concurrent_dispatcher.dispatch_concurrent[fdeceb3f-c051-4622-a30d-d4f9e894286d]: POST sent to https://gray.com/. Data: {'name': 'Jessica Fields', 'email': 'maysjessica@example.org', 'phone': '+1-244-005-6573x9019', 'url': 'https://gray.com/', 'type': 'post'}
[2021-09-01 16:37:01,990: INFO/ForkPoolWorker-13] Task concurrent_dispatcher.dispatch_concurrent[fdeceb3f-c051-4622-a30d-d4f9e894286d] succeeded in 0.5011041530015063s: 'Done'
[2021-09-01 16:37:01,991: INFO/MainProcess] Task concurrent_dispatcher.dispatch_concurrent[f73e8480-fae5-4c20-bcba-f71b94a88faf] received
[2021-09-01 16:37:02,004: INFO/ForkPoolWorker-15] concurrent_dispatcher.dispatch_concurrent[7364e900-c88a-4001-abb1-45e2d8a75bed]: SMS sent to 227-321-8918x454. Data: {'name': 'Felicia Walker', 'email': 'mercedes62@example.net', 'phone': '227-321-8918x454', 'url': 'http://fitzgerald-cameron.org/', 'type': 'sms'}
[2021-09-01 16:37:02,004: INFO/ForkPoolWorker-15] Task concurrent_dispatcher.dispatch_concurrent[7364e900-c88a-4001-abb1-45e2d8a75bed] succeeded in 0.5009463100013818s: 'Done'
[2021-09-01 16:37:02,007: INFO/MainProcess] Task concurrent_dispatcher.dispatch_concurrent[c8e8c678-b054-4211-b026-ecceded0b732] received
[2021-09-01 16:37:02,007: INFO/ForkPoolWorker-8] concurrent_dispatcher.dispatch_concurrent[6790019b-cce7-4bd7-83fa-d313627cac13]: EMAIL sent to wmoore@example.org. Data: {'name': 'Michelle Mills', 'email': 'wmoore@example.org', 'phone': '(080)162-8976x37458', 'url': 'https://lee.biz/', 'type': 'email'}
[2021-09-01 16:37:02,007: INFO/ForkPoolWorker-8] Task concurrent_dispatcher.dispatch_concurrent[6790019b-cce7-4bd7-83fa-d313627cac13] succeeded in 0.5009228910003003s: 'Done'
[2021-09-01 16:37:02,011: INFO/MainProcess] Task concurrent_dispatcher.dispatch_concurrent[c5954ee0-61c6-420b-ae19-d9a7659de37b] received
[2021-09-01 16:37:02,017: INFO/ForkPoolWorker-3] concurrent_dispatcher.dispatch_concurrent[669d63e1-9312-4805-9188-64f27bf774ac]: POST sent to http://www.cruz.com/. Data: {'name': 'Julie Coleman', 'email': 'glenpowell@example.net', 'phone': '(955)310-0370x0967', 'url': 'http://www.cruz.com/', 'type': 'post'}
[2021-09-01 16:37:02,018: INFO/ForkPoolWorker-3] Task concurrent_dispatcher.dispatch_concurrent[669d63e1-9312-4805-9188-64f27bf774ac] succeeded in 0.5007139919998735s: 'Done'
[2021-09-01 16:37:02,019: INFO/MainProcess] Task concurrent_dispatcher.dispatch_concurrent[a5ac87f0-599f-4317-8d69-a089b24dd2c7] received
[2021-09-01 16:37:02,026: INFO/ForkPoolWorker-2] concurrent_dispatcher.dispatch_concurrent[3af4997e-87d9-40b7-82aa-33eba1a67a72]: EMAIL sent to wardjames@example.com. Data: {'name': 'Michelle Allison', 'email': 'wardjames@example.com', 'phone': '(732)214-0948', 'url': 'https://miller.com/', 'type': 'email'}
[2021-09-01 16:37:02,026: INFO/ForkPoolWorker-2] Task concurrent_dispatcher.dispatch_concurrent[3af4997e-87d9-40b7-82aa-33eba1a67a72] succeeded in 0.5010116199991899s: 'Done'
[2021-09-01 16:37:02,028: INFO/MainProcess] Task concurrent_dispatcher.dispatch_concurrent[45894c40-baf5-4b3e-a9d9-32ce510eb91f] received
[2021-09-01 16:37:02,046: INFO/ForkPoolWorker-6] concurrent_dispatcher.dispatch_concurrent[1c96844a-6cc7-4e16-9de4-573d791880c4]: SMS sent to 303.824.3816x61134. Data: {'name': 'James Holloway', 'email': None, 'phone': '303.824.3816x61134', 'url': 'https://mueller.org/', 'type': 'sms'}
[2021-09-01 16:37:02,046: INFO/ForkPoolWorker-5] concurrent_dispatcher.dispatch_concurrent[12e44fcd-3478-4ba0-90f4-e0d365d32ce4]: POST sent to http://fuentes.com/. Data: {'name': 'Whitney Williams', 'email': 'osolomon@example.com', 'phone': '141-448-8803x84896', 'url': 'http://fuentes.com/', 'type': 'post'}
[2021-09-01 16:37:02,046: INFO/ForkPoolWorker-16] concurrent_dispatcher.dispatch_concurrent[2cab0806-9a20-4145-a021-af13d6362409]: SMS sent to 704.647.6583x4268. Data: {'name': 'Harold Coffey', 'email': 'gmarsh@example.com', 'phone': '704.647.6583x4268', 'url': 'http://www.salazar.net/', 'type': 'sms'}
[2021-09-01 16:37:02,046: INFO/ForkPoolWorker-7] concurrent_dispatcher.dispatch_concurrent[bacbe32a-ed25-4c7c-bfbf-3eeb97478302]: SMS sent to 156.555.1087x2556. Data: {'name': 'Sarah Petersen', 'email': 'fosterclifford@example.net', 'phone': '156.555.1087x2556', 'url': None, 'type': 'sms'}
[2021-09-01 16:37:02,047: INFO/ForkPoolWorker-6] Task concurrent_dispatcher.dispatch_concurrent[1c96844a-6cc7-4e16-9de4-573d791880c4] succeeded in 0.5007335409991356s: 'Done'
[2021-09-01 16:37:02,047: INFO/ForkPoolWorker-5] Task concurrent_dispatcher.dispatch_concurrent[12e44fcd-3478-4ba0-90f4-e0d365d32ce4] succeeded in 0.5008069579998846s: 'Done'
[2021-09-01 16:37:02,047: INFO/ForkPoolWorker-16] Task concurrent_dispatcher.dispatch_concurrent[2cab0806-9a20-4145-a021-af13d6362409] succeeded in 0.5007488739993278s: 'Done'
[2021-09-01 16:37:02,047: INFO/ForkPoolWorker-7] Task concurrent_dispatcher.dispatch_concurrent[bacbe32a-ed25-4c7c-bfbf-3eeb97478302] succeeded in 0.5007658289996471s: 'Done'
[2021-09-01 16:37:02,048: ERROR/ForkPoolWorker-5] concurrent_dispatcher.dispatch_concurrent[fb7e2eec-27d7-467a-8f09-38226f95d50b]: EMAIL notifier *FAILED* [Invalid NAME or EMAIL] @ {'name': 'Thomas Pearson', 'email': None, 'phone': None, 'url': 'https://howell.com/', 'type': 'email'}
[2021-09-01 16:37:02,048: INFO/ForkPoolWorker-5] Task concurrent_dispatcher.dispatch_concurrent[fb7e2eec-27d7-467a-8f09-38226f95d50b] succeeded in 0.0002936020009656204s: 'Done'
[2021-09-01 16:37:02,049: INFO/MainProcess] Task concurrent_dispatcher.dispatch_concurrent[09facdb1-3ff2-4281-b9f6-ac5a0fa33425] received
[2021-09-01 16:37:02,050: INFO/ForkPoolWorker-14] concurrent_dispatcher.dispatch_concurrent[6d7d8498-72ad-43b3-a149-4eda167f527f]: EMAIL sent to marydavis@example.net. Data: {'name': 'Vanessa Jackson', 'email': 'marydavis@example.net', 'phone': None, 'url': 'http://www.mata.biz/', 'type': 'email'}
[2021-09-01 16:37:02,051: INFO/ForkPoolWorker-14] Task concurrent_dispatcher.dispatch_concurrent[6d7d8498-72ad-43b3-a149-4eda167f527f] succeeded in 0.5009572349990776s: 'Done'
[2021-09-01 16:37:02,054: ERROR/ForkPoolWorker-14] concurrent_dispatcher.dispatch_concurrent[3e5f2ac0-dc08-4a54-9118-59097ba28dbb]: EMAIL notifier *FAILED* [Invalid NAME or EMAIL] @ {'name': 'Jonathan Thornton', 'email': None, 'phone': '+1-133-872-9502x447', 'url': 'http://www.campos-singleton.com/', 'type': 'email'}
[2021-09-01 16:37:02,054: INFO/ForkPoolWorker-14] Task concurrent_dispatcher.dispatch_concurrent[3e5f2ac0-dc08-4a54-9118-59097ba28dbb] succeeded in 0.00039339199975074735s: 'Done'
[2021-09-01 16:37:02,055: INFO/MainProcess] Task concurrent_dispatcher.dispatch_concurrent[1d4f8eec-a44e-425e-b78d-a1fe766affdd] received
[2021-09-01 16:37:02,059: INFO/MainProcess] Task concurrent_dispatcher.dispatch_concurrent[deaf1457-cc94-4df3-b9c7-e04ed6ce0ff1] received
[2021-09-01 16:37:02,061: ERROR/ForkPoolWorker-14] concurrent_dispatcher.dispatch_concurrent[b63db62a-28e6-466c-a007-562dd4fd0760]: EMAIL notifier *FAILED* [Invalid NAME or EMAIL] @ {'name': 'Karen Fuentes', 'email': None, 'phone': '874.408.9702x83189', 'url': 'http://www.wilson-hudson.com/', 'type': 'email'}
[2021-09-01 16:37:02,062: INFO/ForkPoolWorker-14] Task concurrent_dispatcher.dispatch_concurrent[b63db62a-28e6-466c-a007-562dd4fd0760] succeeded in 0.0004201559986540815s: 'Done'
[2021-09-01 16:37:02,062: INFO/MainProcess] Task concurrent_dispatcher.dispatch_concurrent[7bc43f4d-50c6-4704-8ebb-8cbceb8bf83d] received
[2021-09-01 16:37:02,064: INFO/MainProcess] Task concurrent_dispatcher.dispatch_concurrent[27433023-9095-4ef8-ad3f-701a865a169c] received
[2021-09-01 16:37:02,065: INFO/MainProcess] Task concurrent_dispatcher.dispatch_concurrent[c5faaa60-1fc4-43b0-9806-53a9b78755ad] received
[2021-09-01 16:37:02,066: INFO/MainProcess] Task concurrent_dispatcher.dispatch_concurrent[a32c6f5f-42d8-4602-8a85-0bf3e4cd9482] received
[2021-09-01 16:37:02,067: INFO/MainProcess] Task concurrent_dispatcher.dispatch_concurrent[1dceac84-36a2-4248-b95d-f59e555305f6] received
[2021-09-01 16:37:02,068: INFO/MainProcess] Task concurrent_dispatcher.dispatch_concurrent[4e965b62-e98a-481d-8b9b-b2217bfc5365] received
[2021-09-01 16:37:02,436: INFO/ForkPoolWorker-10] concurrent_dispatcher.dispatch_concurrent[e0c2c6d7-5622-4335-a361-a6ffca9c0ba3]: EMAIL sent to ujames@example.net. Data: {'name': 'Emily Andrade', 'email': 'ujames@example.net', 'phone': None, 'url': 'http://dominguez.com/', 'type': 'email'}
[2021-09-01 16:37:02,437: INFO/ForkPoolWorker-10] Task concurrent_dispatcher.dispatch_concurrent[e0c2c6d7-5622-4335-a361-a6ffca9c0ba3] succeeded in 0.5014864870008751s: 'Done'
[2021-09-01 16:37:02,442: INFO/ForkPoolWorker-9] concurrent_dispatcher.dispatch_concurrent[9825f7cf-278a-4d77-90b9-91482dbddc82]: POST sent to https://harrison-edwards.com/. Data: {'name': 'Caitlin Garcia', 'email': 'johnsondavid@example.net', 'phone': '6117697514', 'url': 'https://harrison-edwards.com/', 'type': 'post'}
[2021-09-01 16:37:02,443: INFO/ForkPoolWorker-9] Task concurrent_dispatcher.dispatch_concurrent[9825f7cf-278a-4d77-90b9-91482dbddc82] succeeded in 0.5012437000004866s: 'Done'
[2021-09-01 16:37:02,449: INFO/MainProcess] Task concurrent_dispatcher.dispatch_concurrent[2f66fbfa-aa36-4486-b197-a0e73b16c2fb] received
[2021-09-01 16:37:02,480: INFO/ForkPoolWorker-11] concurrent_dispatcher.dispatch_concurrent[5b5e0b8c-7c68-4a38-b601-90ed1470e2e9]: SMS sent to 626.254.8627x5190. Data: {'name': 'Mr. Peter Sanchez', 'email': 'zacharyevans@example.net', 'phone': '626.254.8627x5190', 'url': 'http://jones.biz/', 'type': 'sms'}
[2021-09-01 16:37:02,481: INFO/ForkPoolWorker-11] Task concurrent_dispatcher.dispatch_concurrent[5b5e0b8c-7c68-4a38-b601-90ed1470e2e9] succeeded in 0.501155435000328s: 'Done'
[2021-09-01 16:37:02,483: INFO/ForkPoolWorker-4] concurrent_dispatcher.dispatch_concurrent[deb17bca-30cc-4082-87af-f44661743829]: EMAIL sent to phillippatterson@example.com. Data: {'name': 'Holly Atkins', 'email': 'phillippatterson@example.com', 'phone': '001-407-010-8492x3225', 'url': 'https://cole.com/', 'type': 'email'}
[2021-09-01 16:37:02,483: INFO/ForkPoolWorker-1] concurrent_dispatcher.dispatch_concurrent[c3957616-25a7-42fd-bee6-59341e94503d]: POST sent to http://www.soto.com/. Data: {'name': 'Joanna Lewis', 'email': 'erobertson@example.org', 'phone': '337-328-5018x4897', 'url': 'http://www.soto.com/', 'type': 'post'}
[2021-09-01 16:37:02,484: INFO/ForkPoolWorker-4] Task concurrent_dispatcher.dispatch_concurrent[deb17bca-30cc-4082-87af-f44661743829] succeeded in 0.5010036620005849s: 'Done'
[2021-09-01 16:37:02,484: INFO/ForkPoolWorker-1] Task concurrent_dispatcher.dispatch_concurrent[c3957616-25a7-42fd-bee6-59341e94503d] succeeded in 0.5010786820002977s: 'Done'
[2021-09-01 16:37:02,486: INFO/ForkPoolWorker-12] concurrent_dispatcher.dispatch_concurrent[ce1bc04d-c608-4adc-a48e-3b713f3c58dd]: POST sent to https://anderson.com/. Data: {'name': 'Adam Jones', 'email': 'erikasmith@example.org', 'phone': None, 'url': 'https://anderson.com/', 'type': 'post'}
[2021-09-01 16:37:02,487: INFO/ForkPoolWorker-12] Task concurrent_dispatcher.dispatch_concurrent[ce1bc04d-c608-4adc-a48e-3b713f3c58dd] succeeded in 0.5013661209995917s: 'Done'
[2021-09-01 16:37:02,488: INFO/MainProcess] Task concurrent_dispatcher.dispatch_concurrent[46d3df0f-8fc0-4bf1-b2c3-1fcb4eb31a99] received
[2021-09-01 16:37:02,493: INFO/ForkPoolWorker-13] concurrent_dispatcher.dispatch_concurrent[b642122b-1932-4489-9212-4c73fed16efd]: POST sent to https://www.gomez-henry.info/. Data: {'name': 'Michael Whitaker', 'email': 'roger98@example.com', 'phone': '482.742.1586', 'url': 'https://www.gomez-henry.info/', 'type': 'post'}
[2021-09-01 16:37:02,494: INFO/ForkPoolWorker-13] Task concurrent_dispatcher.dispatch_concurrent[b642122b-1932-4489-9212-4c73fed16efd] succeeded in 0.5010944440000458s: 'Done'
[2021-09-01 16:37:02,495: ERROR/ForkPoolWorker-4] concurrent_dispatcher.dispatch_concurrent[92f6149a-0ac2-4787-bdc0-e98a5af01fa6]: SMS notifier *FAILED*  [Invalid NAME or PHONE] @ {'name': 'April Diaz', 'email': 'lcuevas@example.org', 'phone': None, 'url': 'http://guzman-martin.com/', 'type': 'sms'}
[2021-09-01 16:37:02,495: INFO/ForkPoolWorker-4] Task concurrent_dispatcher.dispatch_concurrent[92f6149a-0ac2-4787-bdc0-e98a5af01fa6] succeeded in 0.0010843430009117583s: 'Done'
[2021-09-01 16:37:02,503: INFO/MainProcess] Task concurrent_dispatcher.dispatch_concurrent[e487053a-56c8-45b0-8f14-c11b0cf84c63] received
[2021-09-01 16:37:02,504: ERROR/ForkPoolWorker-13] concurrent_dispatcher.dispatch_concurrent[24986138-c571-4a43-8313-0cefefa39161]: POST notifier *FAILED* [Invalid NAME or URL] @ {'name': 'Cory Morris', 'email': 'ejackson@example.net', 'phone': '+1-668-963-2324x2909', 'url': None, 'type': 'post'}
[2021-09-01 16:37:02,504: INFO/ForkPoolWorker-13] Task concurrent_dispatcher.dispatch_concurrent[24986138-c571-4a43-8313-0cefefa39161] succeeded in 0.00047208499927364755s: 'Done'
[2021-09-01 16:37:02,506: INFO/ForkPoolWorker-15] concurrent_dispatcher.dispatch_concurrent[8d52fa4f-2d1b-42d9-aaeb-e1b5353e5897]: EMAIL sent to ncruz@example.com. Data: {'name': 'Courtney Campbell', 'email': 'ncruz@example.com', 'phone': None, 'url': None, 'type': 'email'}
[2021-09-01 16:37:02,507: INFO/ForkPoolWorker-15] Task concurrent_dispatcher.dispatch_concurrent[8d52fa4f-2d1b-42d9-aaeb-e1b5353e5897] succeeded in 0.5009594300008757s: 'Done'
[2021-09-01 16:37:02,508: INFO/MainProcess] Task concurrent_dispatcher.dispatch_concurrent[4a2cd124-b78a-49fd-b694-b02262930db5] received
[2021-09-01 16:37:02,509: ERROR/ForkPoolWorker-15] concurrent_dispatcher.dispatch_concurrent[26f84741-88fa-4b18-be39-21d777ff07ce]: SMS notifier *FAILED*  [Invalid NAME or PHONE] @ {'name': 'Lauren Smith', 'email': 'mooremaria@example.net', 'phone': None, 'url': 'http://morris-williams.net/', 'type': 'sms'}
[2021-09-01 16:37:02,509: INFO/ForkPoolWorker-15] Task concurrent_dispatcher.dispatch_concurrent[26f84741-88fa-4b18-be39-21d777ff07ce] succeeded in 0.00037334599983296357s: 'Done'
[2021-09-01 16:37:02,510: INFO/ForkPoolWorker-8] concurrent_dispatcher.dispatch_concurrent[15baf94f-adc5-47d9-803b-2b051840f72e]: EMAIL sent to daniel40@example.com. Data: {'name': 'Johnny Nash', 'email': 'daniel40@example.com', 'phone': '001-617-225-8534', 'url': 'http://www.yang-smith.net/', 'type': 'email'}
[2021-09-01 16:37:02,510: INFO/ForkPoolWorker-8] Task concurrent_dispatcher.dispatch_concurrent[15baf94f-adc5-47d9-803b-2b051840f72e] succeeded in 0.5009149409997917s: 'Done'
[2021-09-01 16:37:02,510: INFO/MainProcess] Task concurrent_dispatcher.dispatch_concurrent[c0437d4b-4b6f-434f-8c4f-bf88d87e7233] received
[2021-09-01 16:37:02,513: INFO/MainProcess] Task concurrent_dispatcher.dispatch_concurrent[8337b30e-ed11-4293-b7aa-e772633a56c7] received
[2021-09-01 16:37:02,514: ERROR/ForkPoolWorker-8] concurrent_dispatcher.dispatch_concurrent[0396628e-c28b-4ceb-bcbe-5c2e8dd13048]: EMAIL notifier *FAILED* [Invalid NAME or EMAIL] @ {'name': 'Michael Black', 'email': None, 'phone': '+1-733-697-1826', 'url': None, 'type': 'email'}
[2021-09-01 16:37:02,514: INFO/ForkPoolWorker-8] Task concurrent_dispatcher.dispatch_concurrent[0396628e-c28b-4ceb-bcbe-5c2e8dd13048] succeeded in 0.0002891059993999079s: 'Done'
[2021-09-01 16:37:02,515: INFO/MainProcess] Task concurrent_dispatcher.dispatch_concurrent[9984c713-2295-4152-a6b0-d6a3872d5a26] received
[2021-09-01 16:37:02,518: INFO/MainProcess] Task concurrent_dispatcher.dispatch_concurrent[d3fded3e-8445-4311-9d2b-4a4ee793de3d] received
[2021-09-01 16:37:02,519: ERROR/ForkPoolWorker-8] concurrent_dispatcher.dispatch_concurrent[c2e8e884-26f7-437c-81e0-73a4f0b56488]: EMAIL notifier *FAILED* [Invalid NAME or EMAIL] @ {'name': 'Kathleen Armstrong', 'email': None, 'phone': None, 'url': 'http://www.lopez.com/', 'type': 'email'}
[2021-09-01 16:37:02,519: INFO/ForkPoolWorker-8] Task concurrent_dispatcher.dispatch_concurrent[c2e8e884-26f7-437c-81e0-73a4f0b56488] succeeded in 0.000285056001303019s: 'Done'
[2021-09-01 16:37:02,519: INFO/ForkPoolWorker-3] concurrent_dispatcher.dispatch_concurrent[276ef924-9dc8-4431-8ee7-c602b8d7892f]: EMAIL sent to richardpatel@example.net. Data: {'name': 'Christopher Carroll', 'email': 'richardpatel@example.net', 'phone': '633.143.8088', 'url': 'http://www.hall-dalton.com/', 'type': 'email'}
[2021-09-01 16:37:02,519: INFO/ForkPoolWorker-3] Task concurrent_dispatcher.dispatch_concurrent[276ef924-9dc8-4431-8ee7-c602b8d7892f] succeeded in 0.5008641900003568s: 'Done'
[2021-09-01 16:37:02,519: INFO/MainProcess] Task concurrent_dispatcher.dispatch_concurrent[2cf32d46-fe61-41df-9897-2a378987a6b8] received
[2021-09-01 16:37:02,521: INFO/MainProcess] Task concurrent_dispatcher.dispatch_concurrent[e95e7ffa-a7b4-4a8e-bc2a-0f49cf42028a] received
[2021-09-01 16:37:02,522: ERROR/ForkPoolWorker-8] concurrent_dispatcher.dispatch_concurrent[4f3df8c8-456b-4753-8e15-9188f080c586]: EMAIL notifier *FAILED* [Invalid NAME or EMAIL] @ {'name': 'Amanda Lindsey', 'email': None, 'phone': '247-657-3965x213', 'url': 'http://www.hobbs.com/', 'type': 'email'}
[2021-09-01 16:37:02,522: INFO/ForkPoolWorker-8] Task concurrent_dispatcher.dispatch_concurrent[4f3df8c8-456b-4753-8e15-9188f080c586] succeeded in 0.0002745140009210445s: 'Done'
[2021-09-01 16:37:02,523: INFO/MainProcess] Task concurrent_dispatcher.dispatch_concurrent[775c8d03-ae33-44d1-9a0b-36d14e9f242f] received
[2021-09-01 16:37:02,526: INFO/MainProcess] Task concurrent_dispatcher.dispatch_concurrent[c5820b1a-b7fe-4caa-a5f6-54465953cbf7] received
[2021-09-01 16:37:02,527: INFO/MainProcess] Task concurrent_dispatcher.dispatch_concurrent[5f639ab4-4675-41d1-910d-6cac325581eb] received
[2021-09-01 16:37:02,527: INFO/ForkPoolWorker-2] concurrent_dispatcher.dispatch_concurrent[db8cc45d-5a19-4c51-89b0-7853f9ed53d1]: SMS sent to (958)548-9658. Data: {'name': 'Patrick Ortiz', 'email': 'mary41@example.net', 'phone': '(958)548-9658', 'url': 'https://www.warner.org/', 'type': 'sms'}
[2021-09-01 16:37:02,528: INFO/ForkPoolWorker-2] Task concurrent_dispatcher.dispatch_concurrent[db8cc45d-5a19-4c51-89b0-7853f9ed53d1] succeeded in 0.5004978629985999s: 'Done'
[2021-09-01 16:37:02,529: INFO/MainProcess] Task concurrent_dispatcher.dispatch_concurrent[0cba0e8b-ce6e-48ac-9a51-4a92cf8f0a90] received
[2021-09-01 16:37:02,531: INFO/MainProcess] Task concurrent_dispatcher.dispatch_concurrent[a60ccac9-9c20-4868-b3a9-24bcfe37c32a] received
[2021-09-01 16:37:02,532: INFO/MainProcess] Task concurrent_dispatcher.dispatch_concurrent[18a05712-82bc-4e5e-b3a6-afeed1baae25] received
[2021-09-01 16:37:02,533: INFO/MainProcess] Task concurrent_dispatcher.dispatch_concurrent[c63be613-e208-46da-8546-6264853f74bc] received
[2021-09-01 16:37:02,548: INFO/ForkPoolWorker-16] concurrent_dispatcher.dispatch_concurrent[dbd6dcec-e2a8-4437-81e9-677c5b25e88f]: EMAIL sent to moorebrandon@example.com. Data: {'name': 'Mark Gutierrez', 'email': 'moorebrandon@example.com', 'phone': '979.949.9070', 'url': 'http://www.hill.com/', 'type': 'email'}
[2021-09-01 16:37:02,548: INFO/ForkPoolWorker-6] concurrent_dispatcher.dispatch_concurrent[debab25f-33ea-43a3-beb8-d747bad10359]: POST sent to https://pacheco.com/. Data: {'name': 'Diana Daugherty MD', 'email': 'williamsstephanie@example.org', 'phone': '(466)044-7116', 'url': 'https://pacheco.com/', 'type': 'post'}
[2021-09-01 16:37:02,548: INFO/ForkPoolWorker-7] concurrent_dispatcher.dispatch_concurrent[77f0eabf-575d-471f-9efb-cc0998184250]: POST sent to https://harvey.net/. Data: {'name': 'David Taylor', 'email': 'iallen@example.org', 'phone': '+1-648-025-5052', 'url': 'https://harvey.net/', 'type': 'post'}
[2021-09-01 16:37:02,548: INFO/ForkPoolWorker-16] Task concurrent_dispatcher.dispatch_concurrent[dbd6dcec-e2a8-4437-81e9-677c5b25e88f] succeeded in 0.5004401590013003s: 'Done'
[2021-09-01 16:37:02,548: INFO/ForkPoolWorker-7] Task concurrent_dispatcher.dispatch_concurrent[77f0eabf-575d-471f-9efb-cc0998184250] succeeded in 0.5004469100003917s: 'Done'
[2021-09-01 16:37:02,548: INFO/ForkPoolWorker-6] Task concurrent_dispatcher.dispatch_concurrent[debab25f-33ea-43a3-beb8-d747bad10359] succeeded in 0.5004284799997549s: 'Done'
[2021-09-01 16:37:02,550: ERROR/ForkPoolWorker-16] concurrent_dispatcher.dispatch_concurrent[8b41ec24-f677-41fd-9a6d-96c9651ff8af]: POST notifier *FAILED* [Invalid NAME or URL] @ {'name': 'Jacob Miller', 'email': 'michaelfreeman@example.net', 'phone': None, 'url': None, 'type': 'post'}
[2021-09-01 16:37:02,550: INFO/ForkPoolWorker-16] Task concurrent_dispatcher.dispatch_concurrent[8b41ec24-f677-41fd-9a6d-96c9651ff8af] succeeded in 0.00026511800024309196s: 'Done'
[2021-09-01 16:37:02,554: INFO/ForkPoolWorker-5] concurrent_dispatcher.dispatch_concurrent[1bb81b4e-d806-415a-a2a4-5aeb0a51ab52]: POST sent to http://www.weber.com/. Data: {'name': 'Scott Shepard', 'email': 'michael45@example.net', 'phone': '967-992-9345', 'url': 'http://www.weber.com/', 'type': 'post'}
[2021-09-01 16:37:02,554: INFO/ForkPoolWorker-5] Task concurrent_dispatcher.dispatch_concurrent[1bb81b4e-d806-415a-a2a4-5aeb0a51ab52] succeeded in 0.5008514430010109s: 'Done'
[2021-09-01 16:37:02,556: ERROR/ForkPoolWorker-5] concurrent_dispatcher.dispatch_concurrent[1345a584-ccc0-44c2-a513-c18c158ae5ab]: POST notifier *FAILED* [Invalid NAME or URL] @ {'name': 'Kara Johnson', 'email': 'petersonmark@example.com', 'phone': '273.283.8320', 'url': None, 'type': 'post'}
[2021-09-01 16:37:02,556: INFO/ForkPoolWorker-5] Task concurrent_dispatcher.dispatch_concurrent[1345a584-ccc0-44c2-a513-c18c158ae5ab] succeeded in 0.00022963499941397458s: 'Done'
[2021-09-01 16:37:02,565: INFO/ForkPoolWorker-14] concurrent_dispatcher.dispatch_concurrent[44892e3a-9280-422c-aa63-08821d594d19]: POST sent to https://black.net/. Data: {'name': 'Scott Reyes', 'email': None, 'phone': '462-232-1426x299', 'url': 'https://black.net/', 'type': 'post'}
[2021-09-01 16:37:02,565: INFO/ForkPoolWorker-14] Task concurrent_dispatcher.dispatch_concurrent[44892e3a-9280-422c-aa63-08821d594d19] succeeded in 0.5009919370004354s: 'Done'
[2021-09-01 16:37:02,940: INFO/ForkPoolWorker-10] concurrent_dispatcher.dispatch_concurrent[14f5f35a-8653-4e07-960d-f910d1dd3b07]: SMS sent to 158-344-6572x652. Data: {'name': 'Kenneth Green', 'email': 'stephenphelps@example.org', 'phone': '158-344-6572x652', 'url': None, 'type': 'sms'}
[2021-09-01 16:37:02,941: INFO/ForkPoolWorker-10] Task concurrent_dispatcher.dispatch_concurrent[14f5f35a-8653-4e07-960d-f910d1dd3b07] succeeded in 0.5010575670003163s: 'Done'
[2021-09-01 16:37:02,944: ERROR/ForkPoolWorker-10] concurrent_dispatcher.dispatch_concurrent[2ca65d82-9b63-4734-ac39-4518066a455c]: EMAIL notifier *FAILED* [Invalid NAME or EMAIL] @ {'name': 'Amber Middleton', 'email': None, 'phone': '+1-505-377-6757x069', 'url': 'http://perry-wood.com/', 'type': 'email'}
[2021-09-01 16:37:02,945: INFO/ForkPoolWorker-10] Task concurrent_dispatcher.dispatch_concurrent[2ca65d82-9b63-4734-ac39-4518066a455c] succeeded in 0.0007668409998586867s: 'Done'
[2021-09-01 16:37:02,946: INFO/ForkPoolWorker-9] concurrent_dispatcher.dispatch_concurrent[459717a6-099d-40b2-af23-5f4350e58109]: EMAIL sent to qcastro@example.net. Data: {'name': 'Sean Williams', 'email': 'qcastro@example.net', 'phone': '4177147365', 'url': None, 'type': 'email'}
[2021-09-01 16:37:02,947: INFO/ForkPoolWorker-9] Task concurrent_dispatcher.dispatch_concurrent[459717a6-099d-40b2-af23-5f4350e58109] succeeded in 0.5009083949989872s: 'Done'
[2021-09-01 16:37:02,985: INFO/ForkPoolWorker-11] concurrent_dispatcher.dispatch_concurrent[0d762e9c-fdba-4eff-a797-33412998c103]: EMAIL sent to leejeff@example.org. Data: {'name': 'Anthony Mendoza', 'email': 'leejeff@example.org', 'phone': None, 'url': None, 'type': 'email'}
[2021-09-01 16:37:02,986: INFO/ForkPoolWorker-11] Task concurrent_dispatcher.dispatch_concurrent[0d762e9c-fdba-4eff-a797-33412998c103] succeeded in 0.5011892420006916s: 'Done'
[2021-09-01 16:37:02,989: ERROR/ForkPoolWorker-11] concurrent_dispatcher.dispatch_concurrent[6a93ce41-de03-45a3-9f31-27ca31b1b58a]: EMAIL notifier *FAILED* [Invalid NAME or EMAIL] @ {'name': 'Samuel Carpenter', 'email': None, 'phone': '(192)891-6833x809', 'url': None, 'type': 'email'}
[2021-09-01 16:37:02,990: INFO/ForkPoolWorker-11] Task concurrent_dispatcher.dispatch_concurrent[6a93ce41-de03-45a3-9f31-27ca31b1b58a] succeeded in 0.0006632490003539715s: 'Done'
[2021-09-01 16:37:02,994: INFO/ForkPoolWorker-1] concurrent_dispatcher.dispatch_concurrent[4a20f0ab-bec1-473d-8bcc-1feb10776121]: POST sent to http://gray.com/. Data: {'name': 'Sherri Hill', 'email': 'todd38@example.org', 'phone': '522.492.3042x81793', 'url': 'http://gray.com/', 'type': 'post'}
[2021-09-01 16:37:02,995: INFO/ForkPoolWorker-12] concurrent_dispatcher.dispatch_concurrent[533c821d-9783-49fd-a809-eefc9c513aaa]: EMAIL sent to riddlerobin@example.org. Data: {'name': 'Matthew Shah', 'email': 'riddlerobin@example.org', 'phone': '(478)701-7301x3219', 'url': 'https://www.bartlett-stark.com/', 'type': 'email'}
[2021-09-01 16:37:02,995: INFO/ForkPoolWorker-1] Task concurrent_dispatcher.dispatch_concurrent[4a20f0ab-bec1-473d-8bcc-1feb10776121] succeeded in 0.5010998860016116s: 'Done'
[2021-09-01 16:37:02,996: INFO/ForkPoolWorker-12] Task concurrent_dispatcher.dispatch_concurrent[533c821d-9783-49fd-a809-eefc9c513aaa] succeeded in 0.5014912770002411s: 'Done'
[2021-09-01 16:37:03,004: INFO/ForkPoolWorker-4] concurrent_dispatcher.dispatch_concurrent[dc20853d-7925-485d-9951-e9d0c5a1f3fe]: EMAIL sent to elindsey@example.net. Data: {'name': 'Julie Reynolds', 'email': 'elindsey@example.net', 'phone': '(489)132-2197', 'url': 'http://howard-ramirez.biz/', 'type': 'email'}
[2021-09-01 16:37:03,005: INFO/ForkPoolWorker-4] Task concurrent_dispatcher.dispatch_concurrent[dc20853d-7925-485d-9951-e9d0c5a1f3fe] succeeded in 0.5008574240000598s: 'Done'
[2021-09-01 16:37:03,009: INFO/ForkPoolWorker-13] concurrent_dispatcher.dispatch_concurrent[cd6dac6a-fff0-4f1c-9bd2-4094f924a69f]: POST sent to https://christian-riddle.com/. Data: {'name': 'Juan Smith', 'email': 'chadmurphy@example.net', 'phone': '839.627.7810x821', 'url': 'https://christian-riddle.com/', 'type': 'post'}
[2021-09-01 16:37:03,010: INFO/ForkPoolWorker-13] Task concurrent_dispatcher.dispatch_concurrent[cd6dac6a-fff0-4f1c-9bd2-4094f924a69f] succeeded in 0.5008360579995497s: 'Done'
[2021-09-01 16:37:03,014: INFO/ForkPoolWorker-15] concurrent_dispatcher.dispatch_concurrent[660362a9-687e-4d83-b809-d60ce444ffbc]: EMAIL sent to salazarmelanie@example.org. Data: {'name': 'Nicole Carter', 'email': 'salazarmelanie@example.org', 'phone': '982.105.0959', 'url': 'http://www.clayton-contreras.com/', 'type': 'email'}
[2021-09-01 16:37:03,015: INFO/ForkPoolWorker-15] Task concurrent_dispatcher.dispatch_concurrent[660362a9-687e-4d83-b809-d60ce444ffbc] succeeded in 0.500559987998713s: 'Done'
[2021-09-01 16:37:03,022: INFO/ForkPoolWorker-3] concurrent_dispatcher.dispatch_concurrent[aec0ed3a-0c86-4d5e-8c19-b6a7e80fa0a7]: EMAIL sent to joseph89@example.net. Data: {'name': 'Joshua Higgins', 'email': 'joseph89@example.net', 'phone': None, 'url': None, 'type': 'email'}
[2021-09-01 16:37:03,023: INFO/ForkPoolWorker-3] Task concurrent_dispatcher.dispatch_concurrent[aec0ed3a-0c86-4d5e-8c19-b6a7e80fa0a7] succeeded in 0.5007396210003208s: 'Done'
[2021-09-01 16:37:03,023: ERROR/ForkPoolWorker-3] concurrent_dispatcher.dispatch_concurrent[275e4ebc-fd8f-4497-bdcc-8732a7308d1d]: EMAIL notifier *FAILED* [Invalid NAME or EMAIL] @ {'name': 'Scott Hunt', 'email': None, 'phone': '509-608-4623x7855', 'url': 'http://www.odom.com/', 'type': 'email'}
[2021-09-01 16:37:03,024: INFO/ForkPoolWorker-3] Task concurrent_dispatcher.dispatch_concurrent[275e4ebc-fd8f-4497-bdcc-8732a7308d1d] succeeded in 0.00023769000108586624s: 'Done'
[2021-09-01 16:37:03,027: INFO/ForkPoolWorker-8] concurrent_dispatcher.dispatch_concurrent[8dfee1e2-19c3-4a5e-b368-149f2b229e34]: SMS sent to 001-133-348-6621x1289. Data: {'name': 'David Ramos', 'email': 'conniehill@example.org', 'phone': '001-133-348-6621x1289', 'url': 'https://villa.com/', 'type': 'sms'}
[2021-09-01 16:37:03,027: INFO/ForkPoolWorker-8] Task concurrent_dispatcher.dispatch_concurrent[8dfee1e2-19c3-4a5e-b368-149f2b229e34] succeeded in 0.5009185149992845s: 'Done'
[2021-09-01 16:37:03,030: INFO/ForkPoolWorker-2] concurrent_dispatcher.dispatch_concurrent[980767f3-f41c-408e-9ad7-f465b1f66b5c]: POST sent to https://wilson-finley.com/. Data: {'name': 'Evan Baldwin', 'email': 'idelgado@example.com', 'phone': None, 'url': 'https://wilson-finley.com/', 'type': 'post'}
[2021-09-01 16:37:03,031: INFO/ForkPoolWorker-2] Task concurrent_dispatcher.dispatch_concurrent[980767f3-f41c-408e-9ad7-f465b1f66b5c] succeeded in 0.5007707189997745s: 'Done'
[2021-09-01 16:37:03,050: INFO/ForkPoolWorker-6] concurrent_dispatcher.dispatch_concurrent[d08b475b-04f4-49c6-8f58-8dc32da7e1d7]: EMAIL sent to katie90@example.com. Data: {'name': 'Pamela Kramer', 'email': 'katie90@example.com', 'phone': '(979)440-8573x03490', 'url': 'https://beck.com/', 'type': 'email'}
[2021-09-01 16:37:03,050: INFO/ForkPoolWorker-7] concurrent_dispatcher.dispatch_concurrent[eef5dda6-59fa-4596-8c10-94aa6bed5b8d]: SMS sent to 001-956-018-2484x69520. Data: {'name': 'Trevor Schultz', 'email': 'jamieward@example.com', 'phone': '001-956-018-2484x69520', 'url': 'https://www.bonilla.com/', 'type': 'sms'}
[2021-09-01 16:37:03,050: INFO/ForkPoolWorker-7] Task concurrent_dispatcher.dispatch_concurrent[eef5dda6-59fa-4596-8c10-94aa6bed5b8d] succeeded in 0.5008905729991966s: 'Done'
[2021-09-01 16:37:03,050: INFO/ForkPoolWorker-6] Task concurrent_dispatcher.dispatch_concurrent[d08b475b-04f4-49c6-8f58-8dc32da7e1d7] succeeded in 0.5008785200006969s: 'Done'
[2021-09-01 16:37:03,052: INFO/ForkPoolWorker-16] concurrent_dispatcher.dispatch_concurrent[5cb2f0f6-0b1c-49ef-a42c-e876fcff8ffd]: EMAIL sent to dawn02@example.org. Data: {'name': 'Michael Jones', 'email': 'dawn02@example.org', 'phone': None, 'url': 'https://munoz-woods.net/', 'type': 'email'}
[2021-09-01 16:37:03,053: INFO/ForkPoolWorker-16] Task concurrent_dispatcher.dispatch_concurrent[5cb2f0f6-0b1c-49ef-a42c-e876fcff8ffd] succeeded in 0.5008114249994833s: 'Done'
[2021-09-01 16:37:03,058: INFO/ForkPoolWorker-5] concurrent_dispatcher.dispatch_concurrent[e86467b4-bc16-4c9b-b27f-61be84c61ca5]: POST sent to https://www.blackwell-eaton.com/. Data: {'name': 'Chad Alexander', 'email': 'taylorcunningham@example.com', 'phone': '+1-619-781-2926x72778', 'url': 'https://www.blackwell-eaton.com/', 'type': 'post'}
[2021-09-01 16:37:03,058: INFO/ForkPoolWorker-5] Task concurrent_dispatcher.dispatch_concurrent[e86467b4-bc16-4c9b-b27f-61be84c61ca5] succeeded in 0.5009066759994312s: 'Done'
[2021-09-01 16:37:03,059: ERROR/ForkPoolWorker-5] concurrent_dispatcher.dispatch_concurrent[fef7a62b-03aa-46c5-a2e8-c1794b98911a]: EMAIL notifier *FAILED* [Invalid NAME or EMAIL] @ {'name': 'Yvonne Williams', 'email': None, 'phone': '001-918-819-3897x83773', 'url': None, 'type': 'email'}
[2021-09-01 16:37:03,060: INFO/ForkPoolWorker-5] Task concurrent_dispatcher.dispatch_concurrent[fef7a62b-03aa-46c5-a2e8-c1794b98911a] succeeded in 0.0002706710001803003s: 'Done'
[2021-09-01 16:37:03,068: INFO/ForkPoolWorker-14] concurrent_dispatcher.dispatch_concurrent[fb0ae635-c9b0-48d8-b569-40f9f765d799]: EMAIL sent to kevincollins@example.net. Data: {'name': 'Brandi Hoover DVM', 'email': 'kevincollins@example.net', 'phone': '001-515-530-8554x188', 'url': 'http://ball.com/', 'type': 'email'}
[2021-09-01 16:37:03,069: INFO/ForkPoolWorker-14] Task concurrent_dispatcher.dispatch_concurrent[fb0ae635-c9b0-48d8-b569-40f9f765d799] succeeded in 0.5008709149988135s: 'Done'
[2021-09-01 16:37:03,069: ERROR/ForkPoolWorker-14] concurrent_dispatcher.dispatch_concurrent[da7a18fc-554b-4434-b869-185256152af9]: EMAIL notifier *FAILED* [Invalid NAME or EMAIL] @ {'name': 'Gary Martin', 'email': None, 'phone': None, 'url': 'http://martinez-romero.com/', 'type': 'email'}
[2021-09-01 16:37:03,069: INFO/ForkPoolWorker-14] Task concurrent_dispatcher.dispatch_concurrent[da7a18fc-554b-4434-b869-185256152af9] succeeded in 0.00013911099995311815s: 'Done'
[2021-09-01 16:37:03,451: INFO/ForkPoolWorker-10] concurrent_dispatcher.dispatch_concurrent[688c4af1-8ec9-4bb9-8c0b-5a62682bcad8]: SMS sent to +1-232-718-9279x490. Data: {'name': 'Nicole Young', 'email': 'adam75@example.com', 'phone': '+1-232-718-9279x490', 'url': 'http://garza-reynolds.com/', 'type': 'sms'}
[2021-09-01 16:37:03,451: INFO/ForkPoolWorker-9] concurrent_dispatcher.dispatch_concurrent[66c760cb-e955-46e4-bfbb-98b778d0ef9e]: SMS sent to 535-494-1419x5239. Data: {'name': 'Bryan Watts', 'email': 'thomasjones@example.net', 'phone': '535-494-1419x5239', 'url': 'http://lewis.com/', 'type': 'sms'}
[2021-09-01 16:37:03,451: INFO/ForkPoolWorker-10] Task concurrent_dispatcher.dispatch_concurrent[688c4af1-8ec9-4bb9-8c0b-5a62682bcad8] succeeded in 0.5012842739997723s: 'Done'
[2021-09-01 16:37:03,451: INFO/ForkPoolWorker-9] Task concurrent_dispatcher.dispatch_concurrent[66c760cb-e955-46e4-bfbb-98b778d0ef9e] succeeded in 0.50144664400068s: 'Done'
[2021-09-01 16:37:03,495: INFO/ForkPoolWorker-11] concurrent_dispatcher.dispatch_concurrent[23a3acf9-65c0-4bbe-a08e-0332e304f681]: POST sent to http://huang.com/. Data: {'name': 'Michael Murray', 'email': 'chadsanchez@example.org', 'phone': '(179)463-5122', 'url': 'http://huang.com/', 'type': 'post'}
[2021-09-01 16:37:03,496: INFO/ForkPoolWorker-11] Task concurrent_dispatcher.dispatch_concurrent[23a3acf9-65c0-4bbe-a08e-0332e304f681] succeeded in 0.5015991029995348s: 'Done'
[2021-09-01 16:37:03,499: ERROR/ForkPoolWorker-11] concurrent_dispatcher.dispatch_concurrent[1b019fd2-f63a-4238-86c3-b14d429bb5a4]: EMAIL notifier *FAILED* [Invalid NAME or EMAIL] @ {'name': 'Cindy Nichols', 'email': None, 'phone': '+1-092-326-3145', 'url': 'https://miller-young.com/', 'type': 'email'}
[2021-09-01 16:37:03,499: INFO/ForkPoolWorker-11] Task concurrent_dispatcher.dispatch_concurrent[1b019fd2-f63a-4238-86c3-b14d429bb5a4] succeeded in 0.0007453319994965568s: 'Done'
[2021-09-01 16:37:03,500: INFO/ForkPoolWorker-12] concurrent_dispatcher.dispatch_concurrent[3de3d9f3-eb86-40e7-9e87-6db9b6e5aa4d]: POST sent to http://miller.com/. Data: {'name': 'Joy Gallagher', 'email': 'jnixon@example.com', 'phone': '5841965166', 'url': 'http://miller.com/', 'type': 'post'}
[2021-09-01 16:37:03,500: INFO/ForkPoolWorker-1] concurrent_dispatcher.dispatch_concurrent[f90ab118-b48a-40cd-9bd0-b474d4284754]: POST sent to https://www.carlson-montes.net/. Data: {'name': 'Daniel Carter MD', 'email': None, 'phone': '(800)418-7220x76283', 'url': 'https://www.carlson-montes.net/', 'type': 'post'}
[2021-09-01 16:37:03,501: INFO/ForkPoolWorker-12] Task concurrent_dispatcher.dispatch_concurrent[3de3d9f3-eb86-40e7-9e87-6db9b6e5aa4d] succeeded in 0.5014775400013605s: 'Done'
[2021-09-01 16:37:03,501: INFO/ForkPoolWorker-1] Task concurrent_dispatcher.dispatch_concurrent[f90ab118-b48a-40cd-9bd0-b474d4284754] succeeded in 0.5016567740003666s: 'Done'
[2021-09-01 16:37:03,507: INFO/ForkPoolWorker-4] concurrent_dispatcher.dispatch_concurrent[bac7225a-e724-49e1-8243-985c4dd89d17]: POST sent to http://miller-rivera.com/. Data: {'name': 'Teresa Martin', 'email': None, 'phone': '193-178-5451', 'url': 'http://miller-rivera.com/', 'type': 'post'}
[2021-09-01 16:37:03,508: INFO/ForkPoolWorker-4] Task concurrent_dispatcher.dispatch_concurrent[bac7225a-e724-49e1-8243-985c4dd89d17] succeeded in 0.5014308790014184s: 'Done'
[2021-09-01 16:37:03,511: INFO/ForkPoolWorker-13] concurrent_dispatcher.dispatch_concurrent[851e1b6c-fde2-4f98-82f9-42f99816d574]: SMS sent to 001-449-468-8104. Data: {'name': 'Mark Estrada', 'email': 'amy01@example.org', 'phone': '001-449-468-8104', 'url': 'https://landry.com/', 'type': 'sms'}
[2021-09-01 16:37:03,512: INFO/ForkPoolWorker-13] Task concurrent_dispatcher.dispatch_concurrent[851e1b6c-fde2-4f98-82f9-42f99816d574] succeeded in 0.5011139960006403s: 'Done'
[2021-09-01 16:37:03,516: ERROR/ForkPoolWorker-4] concurrent_dispatcher.dispatch_concurrent[c5954ee0-61c6-420b-ae19-d9a7659de37b]: SMS notifier *FAILED*  [Invalid NAME or PHONE] @ {'name': 'Steven Walton', 'email': 'ramossharon@example.org', 'phone': None, 'url': 'https://goodman.com/', 'type': 'sms'}
[2021-09-01 16:37:03,516: INFO/ForkPoolWorker-15] concurrent_dispatcher.dispatch_concurrent[3d82122b-7f29-4a8a-a350-5f1222f49dd6]: EMAIL sent to christopher93@example.net. Data: {'name': 'Jasmine Anderson', 'email': 'christopher93@example.net', 'phone': '+1-152-084-6860x0958', 'url': 'http://fernandez.info/', 'type': 'email'}
[2021-09-01 16:37:03,517: INFO/ForkPoolWorker-4] Task concurrent_dispatcher.dispatch_concurrent[c5954ee0-61c6-420b-ae19-d9a7659de37b] succeeded in 0.0010687039994081715s: 'Done'
[2021-09-01 16:37:03,517: INFO/ForkPoolWorker-15] Task concurrent_dispatcher.dispatch_concurrent[3d82122b-7f29-4a8a-a350-5f1222f49dd6] succeeded in 0.5012269399994693s: 'Done'
[2021-09-01 16:37:03,524: ERROR/ForkPoolWorker-15] concurrent_dispatcher.dispatch_concurrent[45894c40-baf5-4b3e-a9d9-32ce510eb91f]: POST notifier *FAILED* [Invalid NAME or URL] @ {'name': 'Veronica Johnson', 'email': 'ssmith@example.net', 'phone': '058.357.9948x690', 'url': None, 'type': 'post'}
[2021-09-01 16:37:03,524: INFO/ForkPoolWorker-15] Task concurrent_dispatcher.dispatch_concurrent[45894c40-baf5-4b3e-a9d9-32ce510eb91f] succeeded in 0.0004987100001017097s: 'Done'
[2021-09-01 16:37:03,525: INFO/ForkPoolWorker-3] concurrent_dispatcher.dispatch_concurrent[4d247b2d-ed95-43ba-be45-6d3d42117c54]: EMAIL sent to anthonyforbes@example.net. Data: {'name': 'Cheryl Townsend', 'email': 'anthonyforbes@example.net', 'phone': '(058)348-0291', 'url': 'http://chavez.net/', 'type': 'email'}
[2021-09-01 16:37:03,526: INFO/ForkPoolWorker-3] Task concurrent_dispatcher.dispatch_concurrent[4d247b2d-ed95-43ba-be45-6d3d42117c54] succeeded in 0.5006563580009242s: 'Done'
[2021-09-01 16:37:03,529: INFO/ForkPoolWorker-8] concurrent_dispatcher.dispatch_concurrent[75ff5258-b584-4404-abc7-0e589cbeea9c]: POST sent to http://jacobs-cruz.com/. Data: {'name': 'John Holden', 'email': 'sabrina23@example.net', 'phone': '209-682-1304x258', 'url': 'http://jacobs-cruz.com/', 'type': 'post'}
[2021-09-01 16:37:03,529: INFO/ForkPoolWorker-8] Task concurrent_dispatcher.dispatch_concurrent[75ff5258-b584-4404-abc7-0e589cbeea9c] succeeded in 0.5009798610008147s: 'Done'
[2021-09-01 16:37:03,531: ERROR/ForkPoolWorker-8] concurrent_dispatcher.dispatch_concurrent[deaf1457-cc94-4df3-b9c7-e04ed6ce0ff1]: EMAIL notifier *FAILED* [Invalid NAME or EMAIL] @ {'name': 'Erika Hunt', 'email': None, 'phone': None, 'url': None, 'type': 'email'}
[2021-09-01 16:37:03,531: INFO/ForkPoolWorker-8] Task concurrent_dispatcher.dispatch_concurrent[deaf1457-cc94-4df3-b9c7-e04ed6ce0ff1] succeeded in 0.00033925000025192276s: 'Done'
[2021-09-01 16:37:03,532: INFO/ForkPoolWorker-2] concurrent_dispatcher.dispatch_concurrent[0febda08-5908-4a42-b0c0-12c4fb96e501]: EMAIL sent to vsanders@example.net. Data: {'name': 'Karen Smith', 'email': 'vsanders@example.net', 'phone': '+1-544-647-0908x94176', 'url': 'https://trujillo.info/', 'type': 'email'}
[2021-09-01 16:37:03,532: INFO/ForkPoolWorker-2] Task concurrent_dispatcher.dispatch_concurrent[0febda08-5908-4a42-b0c0-12c4fb96e501] succeeded in 0.5007807520014467s: 'Done'
[2021-09-01 16:37:03,533: ERROR/ForkPoolWorker-8] concurrent_dispatcher.dispatch_concurrent[27433023-9095-4ef8-ad3f-701a865a169c]: POST notifier *FAILED* [Invalid NAME or URL] @ {'name': 'Samantha Bird', 'email': 'vstevens@example.org', 'phone': '+1-888-459-3938', 'url': None, 'type': 'post'}
[2021-09-01 16:37:03,534: INFO/ForkPoolWorker-8] Task concurrent_dispatcher.dispatch_concurrent[27433023-9095-4ef8-ad3f-701a865a169c] succeeded in 0.0003211330003978219s: 'Done'
[2021-09-01 16:37:03,552: INFO/ForkPoolWorker-6] concurrent_dispatcher.dispatch_concurrent[b6b495ca-addb-464e-93f2-cbd320af6d53]: POST sent to https://www.turner.com/. Data: {'name': 'John Goodman', 'email': None, 'phone': '+1-329-029-4680x60503', 'url': 'https://www.turner.com/', 'type': 'post'}
[2021-09-01 16:37:03,552: INFO/ForkPoolWorker-7] concurrent_dispatcher.dispatch_concurrent[b5fe6d48-d84b-407a-97e7-6c96cc789272]: SMS sent to (898)272-8635x9902. Data: {'name': 'Lisa Silva', 'email': 'cgray@example.net', 'phone': '(898)272-8635x9902', 'url': 'http://wilson.org/', 'type': 'sms'}
[2021-09-01 16:37:03,552: INFO/ForkPoolWorker-7] Task concurrent_dispatcher.dispatch_concurrent[b5fe6d48-d84b-407a-97e7-6c96cc789272] succeeded in 0.500921811999433s: 'Done'
[2021-09-01 16:37:03,552: INFO/ForkPoolWorker-6] Task concurrent_dispatcher.dispatch_concurrent[b6b495ca-addb-464e-93f2-cbd320af6d53] succeeded in 0.500921708999158s: 'Done'
[2021-09-01 16:37:03,554: INFO/ForkPoolWorker-16] concurrent_dispatcher.dispatch_concurrent[4331ce1c-0151-481e-979c-58fac5e3443b]: POST sent to http://case.info/. Data: {'name': 'Mr. Victor Allen II', 'email': None, 'phone': '+1-123-166-9177x3355', 'url': 'http://case.info/', 'type': 'post'}
[2021-09-01 16:37:03,554: INFO/ForkPoolWorker-16] Task concurrent_dispatcher.dispatch_concurrent[4331ce1c-0151-481e-979c-58fac5e3443b] succeeded in 0.5007974049985933s: 'Done'
[2021-09-01 16:37:03,561: INFO/ForkPoolWorker-5] concurrent_dispatcher.dispatch_concurrent[ece62f64-724c-446d-b521-b3577bae91cd]: EMAIL sent to friedmanlisa@example.org. Data: {'name': 'Diane Jacobs', 'email': 'friedmanlisa@example.org', 'phone': None, 'url': 'http://www.carpenter-wheeler.info/', 'type': 'email'}
[2021-09-01 16:37:03,562: INFO/ForkPoolWorker-5] Task concurrent_dispatcher.dispatch_concurrent[ece62f64-724c-446d-b521-b3577bae91cd] succeeded in 0.5012379300005705s: 'Done'
[2021-09-01 16:37:03,565: ERROR/ForkPoolWorker-5] concurrent_dispatcher.dispatch_concurrent[2f66fbfa-aa36-4486-b197-a0e73b16c2fb]: EMAIL notifier *FAILED* [Invalid NAME or EMAIL] @ {'name': 'David White', 'email': None, 'phone': '298-577-3338x4796', 'url': 'http://vazquez.org/', 'type': 'email'}
[2021-09-01 16:37:03,565: INFO/ForkPoolWorker-5] Task concurrent_dispatcher.dispatch_concurrent[2f66fbfa-aa36-4486-b197-a0e73b16c2fb] succeeded in 0.0006544450006913394s: 'Done'
[2021-09-01 16:37:03,571: INFO/ForkPoolWorker-14] concurrent_dispatcher.dispatch_concurrent[3230234d-5a3b-423e-a8fb-8f0970e81560]: EMAIL sent to williamhill@example.com. Data: {'name': 'Colin Cruz', 'email': 'williamhill@example.com', 'phone': None, 'url': 'https://www.henry.info/', 'type': 'email'}
[2021-09-01 16:37:03,572: INFO/ForkPoolWorker-14] Task concurrent_dispatcher.dispatch_concurrent[3230234d-5a3b-423e-a8fb-8f0970e81560] succeeded in 0.5010287090008205s: 'Done'
[2021-09-01 16:37:03,957: INFO/ForkPoolWorker-9] concurrent_dispatcher.dispatch_concurrent[bbe116c0-03e2-4cee-9b44-38795376040a]: POST sent to http://www.freeman-blair.com/. Data: {'name': 'Mason Frey', 'email': None, 'phone': None, 'url': 'http://www.freeman-blair.com/', 'type': 'post'}
[2021-09-01 16:37:03,957: INFO/ForkPoolWorker-10] concurrent_dispatcher.dispatch_concurrent[7e95ac3f-09cf-4fd9-8e91-5d106f940e96]: EMAIL sent to mario94@example.com. Data: {'name': 'Tara Foley', 'email': 'mario94@example.com', 'phone': None, 'url': 'https://www.richards.com/', 'type': 'email'}
[2021-09-01 16:37:03,957: INFO/ForkPoolWorker-9] Task concurrent_dispatcher.dispatch_concurrent[bbe116c0-03e2-4cee-9b44-38795376040a] succeeded in 0.5016237569998339s: 'Done'
[2021-09-01 16:37:03,958: INFO/ForkPoolWorker-10] Task concurrent_dispatcher.dispatch_concurrent[7e95ac3f-09cf-4fd9-8e91-5d106f940e96] succeeded in 0.5018425810012559s: 'Done'
[2021-09-01 16:37:03,962: ERROR/ForkPoolWorker-10] concurrent_dispatcher.dispatch_concurrent[c0437d4b-4b6f-434f-8c4f-bf88d87e7233]: SMS notifier *FAILED*  [Invalid NAME or PHONE] @ {'name': 'Bradley Delgado', 'email': 'darrell14@example.net', 'phone': None, 'url': 'http://www.daniels.com/', 'type': 'sms'}
[2021-09-01 16:37:03,962: INFO/ForkPoolWorker-10] Task concurrent_dispatcher.dispatch_concurrent[c0437d4b-4b6f-434f-8c4f-bf88d87e7233] succeeded in 0.0007368460010184208s: 'Done'
[2021-09-01 16:37:04,005: INFO/ForkPoolWorker-12] concurrent_dispatcher.dispatch_concurrent[f73e8480-fae5-4c20-bcba-f71b94a88faf]: EMAIL sent to abrown@example.com. Data: {'name': 'Toni Frazier', 'email': 'abrown@example.com', 'phone': '386.666.6674x2516', 'url': None, 'type': 'email'}
[2021-09-01 16:37:04,006: INFO/ForkPoolWorker-11] concurrent_dispatcher.dispatch_concurrent[77b8f5d7-009c-4c70-9adb-20970c653e33]: EMAIL sent to cooperkaitlyn@example.org. Data: {'name': 'Andrea Snyder', 'email': 'cooperkaitlyn@example.org', 'phone': '(766)200-2695', 'url': None, 'type': 'email'}
[2021-09-01 16:37:04,005: INFO/ForkPoolWorker-1] concurrent_dispatcher.dispatch_concurrent[70d20970-5380-44b5-b6e2-dcadf8663717]: POST sent to https://www.stevenson.com/. Data: {'name': 'Ashley Stanley', 'email': 'gdoyle@example.org', 'phone': '668-515-1218', 'url': 'https://www.stevenson.com/', 'type': 'post'}
[2021-09-01 16:37:04,006: INFO/ForkPoolWorker-11] Task concurrent_dispatcher.dispatch_concurrent[77b8f5d7-009c-4c70-9adb-20970c653e33] succeeded in 0.5016482000010001s: 'Done'
[2021-09-01 16:37:04,006: INFO/ForkPoolWorker-12] Task concurrent_dispatcher.dispatch_concurrent[f73e8480-fae5-4c20-bcba-f71b94a88faf] succeeded in 0.5013253789984446s: 'Done'
[2021-09-01 16:37:04,006: INFO/ForkPoolWorker-1] Task concurrent_dispatcher.dispatch_concurrent[70d20970-5380-44b5-b6e2-dcadf8663717] succeeded in 0.5016001479998522s: 'Done'
[2021-09-01 16:37:04,011: ERROR/ForkPoolWorker-1] concurrent_dispatcher.dispatch_concurrent[d3fded3e-8445-4311-9d2b-4a4ee793de3d]: SMS notifier *FAILED*  [Invalid NAME or PHONE] @ {'name': 'Charles Franco', 'email': 'matthew33@example.com', 'phone': None, 'url': 'https://www.morris-ray.com/', 'type': 'sms'}
[2021-09-01 16:37:04,011: INFO/ForkPoolWorker-1] Task concurrent_dispatcher.dispatch_concurrent[d3fded3e-8445-4311-9d2b-4a4ee793de3d] succeeded in 0.0011028749995602993s: 'Done'
[2021-09-01 16:37:04,016: INFO/ForkPoolWorker-13] concurrent_dispatcher.dispatch_concurrent[c8e8c678-b054-4211-b026-ecceded0b732]: EMAIL sent to kho@example.net. Data: {'name': 'Mr. Steve Smith', 'email': 'kho@example.net', 'phone': '(798)948-9746', 'url': 'http://www.king.biz/', 'type': 'email'}
[2021-09-01 16:37:04,017: INFO/ForkPoolWorker-13] Task concurrent_dispatcher.dispatch_concurrent[c8e8c678-b054-4211-b026-ecceded0b732] succeeded in 0.5016516219984624s: 'Done'
[2021-09-01 16:37:04,024: INFO/ForkPoolWorker-4] concurrent_dispatcher.dispatch_concurrent[a5ac87f0-599f-4317-8d69-a089b24dd2c7]: POST sent to http://miller-johnson.com/. Data: {'name': 'Lucas Love', 'email': 'connoradams@example.net', 'phone': '+1-759-301-4387', 'url': 'http://miller-johnson.com/', 'type': 'post'}
[2021-09-01 16:37:04,025: INFO/ForkPoolWorker-4] Task concurrent_dispatcher.dispatch_concurrent[a5ac87f0-599f-4317-8d69-a089b24dd2c7] succeeded in 0.501346361999822s: 'Done'
[2021-09-01 16:37:04,028: INFO/ForkPoolWorker-15] concurrent_dispatcher.dispatch_concurrent[1d4f8eec-a44e-425e-b78d-a1fe766affdd]: EMAIL sent to hreid@example.com. Data: {'name': 'Michael Martinez', 'email': 'hreid@example.com', 'phone': '+1-257-260-0185x2878', 'url': 'http://www.davis-bowman.com/', 'type': 'email'}
