[2021-08-31 23:32:21,586: INFO/ForkPoolWorker-15] Task concurrent_dispatcher.dispatch_concurrent[4112e5de-6a92-4bc1-bd5a-be43c0014afe] succeeded in 0.5008295669977088s: 'Done'
[2021-08-31 23:32:21,588: INFO/MainProcess] Task concurrent_dispatcher.dispatch_concurrent[8867fb5a-915c-4f20-9280-8e4ea5bd6b76] received
[2021-08-31 23:32:21,589: INFO/MainProcess] Task concurrent_dispatcher.dispatch_concurrent[946f981b-00bc-45b9-80c2-77a02ce93f37] received
[2021-08-31 23:32:21,590: INFO/MainProcess] Task concurrent_dispatcher.dispatch_concurrent[d3fc0cbf-e486-4710-9714-c7732de1e392] received
[2021-08-31 23:32:21,591: INFO/MainProcess] Task concurrent_dispatcher.dispatch_concurrent[6da83765-f0d2-443f-befb-8fe339823844] received
[2021-08-31 23:32:21,592: INFO/MainProcess] Task concurrent_dispatcher.dispatch_concurrent[b999278d-6d75-4534-b30f-b28c5e8a92e3] received
[2021-08-31 23:32:22,007: INFO/ForkPoolWorker-9] concurrent_dispatcher.dispatch_concurrent[5fc668f9-a285-44b7-abc2-a8bbb057b411]: SMS sent to 255.587.1340x576. Data: {'name': 'Frank Monroe', 'email': 'wilsonbrett@example.net', 'phone': '255.587.1340x576', 'url': None, 'type': 'sms'}
[2021-08-31 23:32:22,008: INFO/ForkPoolWorker-9] Task concurrent_dispatcher.dispatch_concurrent[5fc668f9-a285-44b7-abc2-a8bbb057b411] succeeded in 0.5016938900007517s: 'Done'
[2021-08-31 23:32:22,018: INFO/ForkPoolWorker-8] concurrent_dispatcher.dispatch_concurrent[75497027-a5d2-4c89-a549-2e160a7a66cd]: EMAIL sent to johnsonstacy@example.com. Data: {'name': 'Jonathan Harrington Jr.', 'email': 'johnsonstacy@example.com', 'phone': '907-324-6170', 'url': None, 'type': 'email'}
[2021-08-31 23:32:22,019: INFO/ForkPoolWorker-8] Task concurrent_dispatcher.dispatch_concurrent[75497027-a5d2-4c89-a549-2e160a7a66cd] succeeded in 0.5016358260036213s: 'Done'
[2021-08-31 23:32:22,025: INFO/MainProcess] Task concurrent_dispatcher.dispatch_concurrent[da2ca43d-a06f-4d60-8311-a583c4e9c498] received
[2021-08-31 23:32:22,031: INFO/ForkPoolWorker-1] concurrent_dispatcher.dispatch_concurrent[8c8f9c61-6666-4ac0-8da8-cf9695dbe0fb]: SMS sent to +1-846-542-6635x0987. Data: {'name': 'Matthew Bush', 'email': 'rlopez@example.org', 'phone': '+1-846-542-6635x0987', 'url': None, 'type': 'sms'}
[2021-08-31 23:32:22,032: INFO/ForkPoolWorker-1] Task concurrent_dispatcher.dispatch_concurrent[8c8f9c61-6666-4ac0-8da8-cf9695dbe0fb] succeeded in 0.5013412609987427s: 'Done'
[2021-08-31 23:32:22,037: INFO/MainProcess] Task concurrent_dispatcher.dispatch_concurrent[ed29ea5b-e406-43c4-b7ff-66d68cbb24e0] received
[2021-08-31 23:32:22,044: INFO/ForkPoolWorker-11] concurrent_dispatcher.dispatch_concurrent[d62b69a9-22df-41c0-9984-904cc9e09179]: EMAIL sent to nicole48@example.com. Data: {'name': 'Kimberly Hancock', 'email': 'nicole48@example.com', 'phone': '+1-381-661-9545', 'url': 'https://www.meyer-miller.info/', 'type': 'email'}
[2021-08-31 23:32:22,044: INFO/ForkPoolWorker-12] concurrent_dispatcher.dispatch_concurrent[bcbce16b-78eb-42c6-b8fb-a1129bf41caa]: POST sent to https://nguyen-moore.com/. Data: {'name': 'Christian Gibson', 'email': 'johnmeadows@example.com', 'phone': None, 'url': 'https://nguyen-moore.com/', 'type': 'post'}
[2021-08-31 23:32:22,045: INFO/ForkPoolWorker-10] concurrent_dispatcher.dispatch_concurrent[fd211bc1-e8ad-4928-93a6-a9e0e33d030b]: SMS sent to 717-483-1971x25939. Data: {'name': 'Kayla Molina', 'email': None, 'phone': '717-483-1971x25939', 'url': 'http://www.keller.com/', 'type': 'sms'}
[2021-08-31 23:32:22,045: INFO/ForkPoolWorker-11] Task concurrent_dispatcher.dispatch_concurrent[d62b69a9-22df-41c0-9984-904cc9e09179] succeeded in 0.5011534310033312s: 'Done'
[2021-08-31 23:32:22,045: INFO/ForkPoolWorker-12] Task concurrent_dispatcher.dispatch_concurrent[bcbce16b-78eb-42c6-b8fb-a1129bf41caa] succeeded in 0.5011534730001586s: 'Done'
[2021-08-31 23:32:22,045: INFO/ForkPoolWorker-10] Task concurrent_dispatcher.dispatch_concurrent[fd211bc1-e8ad-4928-93a6-a9e0e33d030b] succeeded in 0.501321822994214s: 'Done'
[2021-08-31 23:32:22,053: INFO/MainProcess] Task concurrent_dispatcher.dispatch_concurrent[2ff6bab6-b907-43e2-876b-e63681c2be44] received
[2021-08-31 23:32:22,059: INFO/ForkPoolWorker-13] concurrent_dispatcher.dispatch_concurrent[6789b757-bf43-483a-9abd-a52c95f9a951]: SMS sent to 097.246.1175x40643. Data: {'name': 'Julia Andrews', 'email': 'angeladean@example.com', 'phone': '097.246.1175x40643', 'url': 'http://www.thompson.com/', 'type': 'sms'}
[2021-08-31 23:32:22,059: INFO/ForkPoolWorker-14] concurrent_dispatcher.dispatch_concurrent[42024b10-6c44-41af-ace6-ab4157df1867]: SMS sent to 001-230-693-0574x1732. Data: {'name': 'Catherine Park', 'email': 'gouldalbert@example.com', 'phone': '001-230-693-0574x1732', 'url': 'http://lucas-adkins.com/', 'type': 'sms'}
[2021-08-31 23:32:22,059: INFO/ForkPoolWorker-2] concurrent_dispatcher.dispatch_concurrent[6ebee666-1a9b-4272-8f22-127edc65b627]: SMS sent to 373-597-8239x7927. Data: {'name': 'Barbara Anderson', 'email': 'alexandracollins@example.com', 'phone': '373-597-8239x7927', 'url': 'https://gonzalez.info/', 'type': 'sms'}
[2021-08-31 23:32:22,059: INFO/ForkPoolWorker-16] concurrent_dispatcher.dispatch_concurrent[1695c656-522c-46d5-82c2-35f37b99c7d9]: POST sent to http://www.ramirez.net/. Data: {'name': 'Joseph Strickland', 'email': 'yadams@example.com', 'phone': None, 'url': 'http://www.ramirez.net/', 'type': 'post'}
[2021-08-31 23:32:22,060: INFO/ForkPoolWorker-13] Task concurrent_dispatcher.dispatch_concurrent[6789b757-bf43-483a-9abd-a52c95f9a951] succeeded in 0.5013049300032435s: 'Done'
[2021-08-31 23:32:22,060: INFO/ForkPoolWorker-14] Task concurrent_dispatcher.dispatch_concurrent[42024b10-6c44-41af-ace6-ab4157df1867] succeeded in 0.5013184859999456s: 'Done'
[2021-08-31 23:32:22,060: INFO/ForkPoolWorker-2] Task concurrent_dispatcher.dispatch_concurrent[6ebee666-1a9b-4272-8f22-127edc65b627] succeeded in 0.501398493994202s: 'Done'
[2021-08-31 23:32:22,060: INFO/ForkPoolWorker-16] Task concurrent_dispatcher.dispatch_concurrent[1695c656-522c-46d5-82c2-35f37b99c7d9] succeeded in 0.5012609359982889s: 'Done'
[2021-08-31 23:32:22,066: INFO/ForkPoolWorker-3] concurrent_dispatcher.dispatch_concurrent[64b4b8b7-7ffa-48c4-bfc7-e18b4cf80934]: POST sent to http://obrien-clark.com/. Data: {'name': 'Michelle Cox', 'email': 'kvang@example.org', 'phone': None, 'url': 'http://obrien-clark.com/', 'type': 'post'}
[2021-08-31 23:32:22,066: INFO/ForkPoolWorker-3] Task concurrent_dispatcher.dispatch_concurrent[64b4b8b7-7ffa-48c4-bfc7-e18b4cf80934] succeeded in 0.5011866120039485s: 'Done'
[2021-08-31 23:32:22,067: INFO/ForkPoolWorker-14] concurrent_dispatcher.dispatch_concurrent[8cb54eeb-1128-4801-af32-d978e3da29b0]: SMS notifier *FAILED*  [Invalid NAME or PHONE] @ {'name': 'Alan Palmer', 'email': 'andrewjones@example.com', 'phone': None, 'url': 'http://www.russo.com/', 'type': 'sms'}
[2021-08-31 23:32:22,067: INFO/ForkPoolWorker-2] concurrent_dispatcher.dispatch_concurrent[58e5a26a-25ed-4418-bb3a-ae8c774d0242]: POST notifier *FAILED* [Invalid NAME or URL] @ {'name': 'Troy Harris', 'email': 'hollandjames@example.net', 'phone': '(016)343-1826x371', 'url': None, 'type': 'post'}
[2021-08-31 23:32:22,067: INFO/ForkPoolWorker-14] Task concurrent_dispatcher.dispatch_concurrent[8cb54eeb-1128-4801-af32-d978e3da29b0] succeeded in 0.00044407400127965957s: 'Done'
[2021-08-31 23:32:22,067: INFO/ForkPoolWorker-2] Task concurrent_dispatcher.dispatch_concurrent[58e5a26a-25ed-4418-bb3a-ae8c774d0242] succeeded in 0.0005513159994734451s: 'Done'
[2021-08-31 23:32:22,069: INFO/MainProcess] Task concurrent_dispatcher.dispatch_concurrent[befbfa78-ca53-4fe2-ae24-2654a1fb6573] received
[2021-08-31 23:32:22,075: INFO/MainProcess] Task concurrent_dispatcher.dispatch_concurrent[de823728-c1b1-453e-8a39-4689df38a9ca] received
[2021-08-31 23:32:22,076: INFO/ForkPoolWorker-3] concurrent_dispatcher.dispatch_concurrent[395b7504-cd18-44ab-968d-ab3cab8194a4]: EMAIL notifier *FAILED* [Invalid NAME or EMAIL] @ {'name': 'Brad Miller', 'email': None, 'phone': '001-855-504-9048', 'url': 'http://rowe-thomas.com/', 'type': 'email'}
[2021-08-31 23:32:22,076: INFO/ForkPoolWorker-3] Task concurrent_dispatcher.dispatch_concurrent[395b7504-cd18-44ab-968d-ab3cab8194a4] succeeded in 0.00030593600240536034s: 'Done'
[2021-08-31 23:32:22,078: INFO/ForkPoolWorker-6] concurrent_dispatcher.dispatch_concurrent[1ccca995-8823-4d96-a183-86a8c1f34ec0]: SMS sent to 001-175-297-5762. Data: {'name': 'Stephen Frey', 'email': 'gonzalesnicholas@example.org', 'phone': '001-175-297-5762', 'url': 'https://www.donaldson.com/', 'type': 'sms'}
[2021-08-31 23:32:22,078: INFO/ForkPoolWorker-5] concurrent_dispatcher.dispatch_concurrent[f226863d-7b44-4356-9289-b2f9de1d942e]: EMAIL sent to casey65@example.net. Data: {'name': 'Alicia Chen', 'email': 'casey65@example.net', 'phone': '649-014-8311x03192', 'url': 'https://www.williams-bell.com/', 'type': 'email'}
[2021-08-31 23:32:22,078: INFO/ForkPoolWorker-7] concurrent_dispatcher.dispatch_concurrent[efe12f90-4ff1-4fdb-b44d-4c7596d74457]: SMS sent to (670)401-9158. Data: {'name': 'Vickie Brady', 'email': 'cunninghamheather@example.org', 'phone': '(670)401-9158', 'url': 'http://johnson.com/', 'type': 'sms'}
[2021-08-31 23:32:22,078: INFO/ForkPoolWorker-6] Task concurrent_dispatcher.dispatch_concurrent[1ccca995-8823-4d96-a183-86a8c1f34ec0] succeeded in 0.5005956800014246s: 'Done'
[2021-08-31 23:32:22,079: INFO/ForkPoolWorker-5] Task concurrent_dispatcher.dispatch_concurrent[f226863d-7b44-4356-9289-b2f9de1d942e] succeeded in 0.5006231749939616s: 'Done'
[2021-08-31 23:32:22,079: INFO/ForkPoolWorker-7] Task concurrent_dispatcher.dispatch_concurrent[efe12f90-4ff1-4fdb-b44d-4c7596d74457] succeeded in 0.5006509579980047s: 'Done'
[2021-08-31 23:32:22,079: INFO/ForkPoolWorker-4] concurrent_dispatcher.dispatch_concurrent[a1017ac7-fc5a-4441-a2d2-f51180af5640]: SMS sent to (306)900-9310x8128. Data: {'name': 'Ricky Thomas', 'email': 'dianasimmons@example.com', 'phone': '(306)900-9310x8128', 'url': 'http://www.thompson.com/', 'type': 'sms'}
[2021-08-31 23:32:22,079: INFO/ForkPoolWorker-4] Task concurrent_dispatcher.dispatch_concurrent[a1017ac7-fc5a-4441-a2d2-f51180af5640] succeeded in 0.5009832010036916s: 'Done'
[2021-08-31 23:32:22,080: INFO/MainProcess] Task concurrent_dispatcher.dispatch_concurrent[5af969c0-7280-4527-9567-ba7a56719057] received
[2021-08-31 23:32:22,081: INFO/MainProcess] Task concurrent_dispatcher.dispatch_concurrent[92d4491c-4b56-4a37-8d78-d6d27fc2ef13] received
[2021-08-31 23:32:22,082: INFO/ForkPoolWorker-3] concurrent_dispatcher.dispatch_concurrent[5218ce9c-b2e7-4322-812b-ce806a08cae5]: EMAIL notifier *FAILED* [Invalid NAME or EMAIL] @ {'name': 'Joshua Fischer', 'email': None, 'phone': '001-664-852-0142x28765', 'url': 'https://navarro.biz/', 'type': 'email'}
[2021-08-31 23:32:22,083: INFO/ForkPoolWorker-6] concurrent_dispatcher.dispatch_concurrent[049ca152-3c61-440a-bc5a-41803cdcdd6e]: EMAIL notifier *FAILED* [Invalid NAME or EMAIL] @ {'name': 'Joel West', 'email': None, 'phone': None, 'url': 'http://bell.com/', 'type': 'email'}
[2021-08-31 23:32:22,083: INFO/ForkPoolWorker-3] Task concurrent_dispatcher.dispatch_concurrent[5218ce9c-b2e7-4322-812b-ce806a08cae5] succeeded in 0.0002816929991240613s: 'Done'
[2021-08-31 23:32:22,083: INFO/ForkPoolWorker-5] concurrent_dispatcher.dispatch_concurrent[15468a13-93b2-4026-9c40-3e9132bca765]: EMAIL notifier *FAILED* [Invalid NAME or EMAIL] @ {'name': 'Robin Roberts', 'email': None, 'phone': '(137)215-7845x41324', 'url': 'https://young.com/', 'type': 'email'}
[2021-08-31 23:32:22,083: INFO/ForkPoolWorker-4] concurrent_dispatcher.dispatch_concurrent[919dc644-bcc1-493a-ad0b-5458a8ab631e]: SMS notifier *FAILED*  [Invalid NAME or PHONE] @ {'name': 'Ashley Willis', 'email': None, 'phone': None, 'url': 'https://www.johnson-santana.com/', 'type': 'sms'}
[2021-08-31 23:32:22,083: INFO/ForkPoolWorker-5] Task concurrent_dispatcher.dispatch_concurrent[15468a13-93b2-4026-9c40-3e9132bca765] succeeded in 0.00032797200401546434s: 'Done'
[2021-08-31 23:32:22,083: INFO/ForkPoolWorker-6] Task concurrent_dispatcher.dispatch_concurrent[049ca152-3c61-440a-bc5a-41803cdcdd6e] succeeded in 0.00032799700420582667s: 'Done'
[2021-08-31 23:32:22,083: INFO/ForkPoolWorker-4] Task concurrent_dispatcher.dispatch_concurrent[919dc644-bcc1-493a-ad0b-5458a8ab631e] succeeded in 0.000362612001481466s: 'Done'
[2021-08-31 23:32:22,087: INFO/MainProcess] Task concurrent_dispatcher.dispatch_concurrent[03b908ab-b343-4e30-a771-826e6d7a3b98] received
[2021-08-31 23:32:22,087: INFO/ForkPoolWorker-15] concurrent_dispatcher.dispatch_concurrent[a024cb74-0ce7-4f4b-88d0-14d5f5cba7bd]: POST sent to http://peterson-morgan.com/. Data: {'name': 'Lisa Knight', 'email': 'pamela54@example.org', 'phone': None, 'url': 'http://peterson-morgan.com/', 'type': 'post'}
[2021-08-31 23:32:22,087: INFO/ForkPoolWorker-15] Task concurrent_dispatcher.dispatch_concurrent[a024cb74-0ce7-4f4b-88d0-14d5f5cba7bd] succeeded in 0.5004309789947001s: 'Done'
[2021-08-31 23:32:22,089: INFO/MainProcess] Task concurrent_dispatcher.dispatch_concurrent[b8588c37-dc62-4642-bb69-834d95bd06e8] received
[2021-08-31 23:32:22,092: INFO/MainProcess] Task concurrent_dispatcher.dispatch_concurrent[398deb65-fac3-43b1-b45f-53f2efddf661] received
[2021-08-31 23:32:22,093: INFO/MainProcess] Task concurrent_dispatcher.dispatch_concurrent[9e4202e4-df6d-4e14-988d-da5e5f157833] received
[2021-08-31 23:32:22,094: INFO/MainProcess] Task concurrent_dispatcher.dispatch_concurrent[cc57af4e-3a60-40ca-bac0-b8016685bc35] received
[2021-08-31 23:32:22,095: INFO/MainProcess] Task concurrent_dispatcher.dispatch_concurrent[941b5206-b5ad-46a7-bb5d-637ab6733787] received
[2021-08-31 23:32:22,096: INFO/MainProcess] Task concurrent_dispatcher.dispatch_concurrent[80384fb9-2d51-46ff-af41-82dc3194cc57] received
[2021-08-31 23:32:22,097: INFO/MainProcess] Task concurrent_dispatcher.dispatch_concurrent[2ff8a024-574a-4533-b4aa-fa6a42a5700b] received
[2021-08-31 23:32:22,098: INFO/MainProcess] Task concurrent_dispatcher.dispatch_concurrent[cea3c512-3913-4fa6-857c-6ea4835e3a32] received
[2021-08-31 23:32:22,099: INFO/MainProcess] Task concurrent_dispatcher.dispatch_concurrent[fd8f2fb7-8552-4475-87ba-5c7855e734da] received
[2021-08-31 23:32:22,100: INFO/MainProcess] Task concurrent_dispatcher.dispatch_concurrent[fc714bae-6c6f-47d9-85ef-69a5ab240e89] received
[2021-08-31 23:32:22,101: INFO/MainProcess] Task concurrent_dispatcher.dispatch_concurrent[c9debd5c-6719-4eea-abd2-74d043d5b8dd] received
[2021-08-31 23:32:22,102: INFO/MainProcess] Task concurrent_dispatcher.dispatch_concurrent[10c58274-f540-4bee-906f-b78ebc9102bf] received
[2021-08-31 23:32:22,103: INFO/MainProcess] Task concurrent_dispatcher.dispatch_concurrent[9676f923-a70d-4e6a-98cc-9ec7f9240f2b] received
[2021-08-31 23:32:22,104: INFO/MainProcess] Task concurrent_dispatcher.dispatch_concurrent[35615722-bd44-4113-8eda-3d9877a051f3] received
[2021-08-31 23:32:22,104: INFO/MainProcess] Task concurrent_dispatcher.dispatch_concurrent[b3643f0e-306e-4e89-9dd0-a6cbfd5837f3] received
[2021-08-31 23:32:22,511: INFO/ForkPoolWorker-9] concurrent_dispatcher.dispatch_concurrent[7d59eab5-25df-4590-b25a-47ff8a63bd70]: POST sent to http://smith.org/. Data: {'name': 'Anne Edwards', 'email': 'john39@example.com', 'phone': '001-897-090-7828x69704', 'url': 'http://smith.org/', 'type': 'post'}
[2021-08-31 23:32:22,512: INFO/ForkPoolWorker-9] Task concurrent_dispatcher.dispatch_concurrent[7d59eab5-25df-4590-b25a-47ff8a63bd70] succeeded in 0.5012796390001313s: 'Done'
[2021-08-31 23:32:22,522: INFO/ForkPoolWorker-8] concurrent_dispatcher.dispatch_concurrent[4f4eb599-5f9b-4300-9c5f-44539cbf9bb2]: POST sent to http://www.gomez.com/. Data: {'name': 'Melissa Gray', 'email': 'denisewolf@example.com', 'phone': None, 'url': 'http://www.gomez.com/', 'type': 'post'}
[2021-08-31 23:32:22,523: INFO/ForkPoolWorker-8] Task concurrent_dispatcher.dispatch_concurrent[4f4eb599-5f9b-4300-9c5f-44539cbf9bb2] succeeded in 0.5014878709989716s: 'Done'
[2021-08-31 23:32:22,528: INFO/MainProcess] Task concurrent_dispatcher.dispatch_concurrent[cdae0f7d-b2ca-4186-aa85-7b44a9990bbe] received
[2021-08-31 23:32:22,535: INFO/ForkPoolWorker-1] concurrent_dispatcher.dispatch_concurrent[14ab07a5-9283-4637-baea-8efd717373ce]: EMAIL sent to thompsonchristopher@example.net. Data: {'name': 'Philip Lewis', 'email': 'thompsonchristopher@example.net', 'phone': '001-814-382-3269x005', 'url': 'https://gallagher.com/', 'type': 'email'}
[2021-08-31 23:32:22,535: INFO/ForkPoolWorker-1] Task concurrent_dispatcher.dispatch_concurrent[14ab07a5-9283-4637-baea-8efd717373ce] succeeded in 0.5010768440042739s: 'Done'
[2021-08-31 23:32:22,538: INFO/MainProcess] Task concurrent_dispatcher.dispatch_concurrent[3dd5d33f-a6e8-4ee5-9da5-c73311ed9a35] received
[2021-08-31 23:32:22,549: INFO/ForkPoolWorker-10] concurrent_dispatcher.dispatch_concurrent[45301a2d-590c-4f2b-a271-d02c0dcaa9ad]: POST sent to http://www.williams.com/. Data: {'name': 'Edward Robinson', 'email': 'yhall@example.net', 'phone': '+1-094-013-6499x5055', 'url': 'http://www.williams.com/', 'type': 'post'}
[2021-08-31 23:32:22,549: INFO/ForkPoolWorker-12] concurrent_dispatcher.dispatch_concurrent[add31724-cd83-4e94-b8d3-10fad812f8fe]: EMAIL sent to john57@example.org. Data: {'name': 'Paula Mcdonald', 'email': 'john57@example.org', 'phone': '(582)317-7435x14647', 'url': 'https://russell.com/', 'type': 'email'}
[2021-08-31 23:32:22,549: INFO/ForkPoolWorker-11] concurrent_dispatcher.dispatch_concurrent[a181ba42-af8f-40d7-b2c1-152f88735c76]: POST sent to http://www.hudson.com/. Data: {'name': 'Kyle Coffey DDS', 'email': 'nlane@example.org', 'phone': '001-521-977-5129x686', 'url': 'http://www.hudson.com/', 'type': 'post'}
[2021-08-31 23:32:22,549: INFO/ForkPoolWorker-10] Task concurrent_dispatcher.dispatch_concurrent[45301a2d-590c-4f2b-a271-d02c0dcaa9ad] succeeded in 0.5010157079959754s: 'Done'
[2021-08-31 23:32:22,550: INFO/ForkPoolWorker-11] Task concurrent_dispatcher.dispatch_concurrent[a181ba42-af8f-40d7-b2c1-152f88735c76] succeeded in 0.5009904690014082s: 'Done'
[2021-08-31 23:32:22,550: INFO/ForkPoolWorker-12] Task concurrent_dispatcher.dispatch_concurrent[add31724-cd83-4e94-b8d3-10fad812f8fe] succeeded in 0.5009904960024869s: 'Done'
[2021-08-31 23:32:22,562: INFO/MainProcess] Task concurrent_dispatcher.dispatch_concurrent[3a857545-94e7-443b-92e9-d8b7fadd223c] received
[2021-08-31 23:32:22,567: INFO/ForkPoolWorker-13] concurrent_dispatcher.dispatch_concurrent[cc3f9ad4-c7f7-45be-aa55-f3c7dc642ddc]: EMAIL sent to patrickstafford@example.com. Data: {'name': 'James Luna', 'email': 'patrickstafford@example.com', 'phone': None, 'url': 'https://mathis.com/', 'type': 'email'}
[2021-08-31 23:32:22,567: INFO/ForkPoolWorker-16] concurrent_dispatcher.dispatch_concurrent[1ded28fb-e216-4961-b494-4b483661e88d]: EMAIL sent to stacyrobinson@example.net. Data: {'name': 'Shannon Woodward', 'email': 'stacyrobinson@example.net', 'phone': '(374)566-8953', 'url': None, 'type': 'email'}
[2021-08-31 23:32:22,568: INFO/ForkPoolWorker-16] Task concurrent_dispatcher.dispatch_concurrent[1ded28fb-e216-4961-b494-4b483661e88d] succeeded in 0.5006150330009405s: 'Done'
[2021-08-31 23:32:22,568: INFO/ForkPoolWorker-13] Task concurrent_dispatcher.dispatch_concurrent[cc3f9ad4-c7f7-45be-aa55-f3c7dc642ddc] succeeded in 0.5007696869943175s: 'Done'
[2021-08-31 23:32:22,570: INFO/MainProcess] Task concurrent_dispatcher.dispatch_concurrent[21277370-a6cf-4caa-9480-bcac94574909] received
[2021-08-31 23:32:22,571: INFO/ForkPoolWorker-16] concurrent_dispatcher.dispatch_concurrent[1d3b7fd6-47c8-4e38-a9e1-c0028e6f819a]: SMS notifier *FAILED*  [Invalid NAME or PHONE] @ {'name': 'Emma Robertson', 'email': 'garnerheather@example.com', 'phone': None, 'url': 'https://french.com/', 'type': 'sms'}
[2021-08-31 23:32:22,571: INFO/ForkPoolWorker-16] Task concurrent_dispatcher.dispatch_concurrent[1d3b7fd6-47c8-4e38-a9e1-c0028e6f819a] succeeded in 0.0003281900062575005s: 'Done'
[2021-08-31 23:32:22,574: INFO/MainProcess] Task concurrent_dispatcher.dispatch_concurrent[3fe14ab6-246e-40dc-90ec-ff86dfe79d73] received
[2021-08-31 23:32:22,576: INFO/ForkPoolWorker-14] concurrent_dispatcher.dispatch_concurrent[9963d985-db82-49d4-b5f2-7ef22ecb28ab]: EMAIL sent to kennethyoung@example.org. Data: {'name': 'Douglas Mann', 'email': 'kennethyoung@example.org', 'phone': None, 'url': 'http://www.medina.com/', 'type': 'email'}
[2021-08-31 23:32:22,576: INFO/ForkPoolWorker-2] concurrent_dispatcher.dispatch_concurrent[547d5d80-e9b2-4ff1-b46a-87c59e46053f]: POST sent to https://lee.biz/. Data: {'name': 'Tracey Morgan', 'email': 'mhudson@example.org', 'phone': None, 'url': 'https://lee.biz/', 'type': 'post'}
[2021-08-31 23:32:22,577: INFO/ForkPoolWorker-14] Task concurrent_dispatcher.dispatch_concurrent[9963d985-db82-49d4-b5f2-7ef22ecb28ab] succeeded in 0.5007099750000634s: 'Done'
[2021-08-31 23:32:22,577: INFO/ForkPoolWorker-2] Task concurrent_dispatcher.dispatch_concurrent[547d5d80-e9b2-4ff1-b46a-87c59e46053f] succeeded in 0.5007099939975888s: 'Done'
[2021-08-31 23:32:22,583: INFO/MainProcess] Task concurrent_dispatcher.dispatch_concurrent[e32c097c-1f83-4c68-998d-d00c197bd8cf] received
[2021-08-31 23:32:22,583: INFO/ForkPoolWorker-7] concurrent_dispatcher.dispatch_concurrent[a3551802-b9a6-4f36-9414-f6ac995b8bfa]: EMAIL sent to maria29@example.org. Data: {'name': 'Trevor Cook', 'email': 'maria29@example.org', 'phone': '+1-256-335-9826', 'url': 'https://www.rodriguez-hansen.biz/', 'type': 'email'}
[2021-08-31 23:32:22,583: INFO/ForkPoolWorker-7] Task concurrent_dispatcher.dispatch_concurrent[a3551802-b9a6-4f36-9414-f6ac995b8bfa] succeeded in 0.5009124279968091s: 'Done'
[2021-08-31 23:32:22,584: INFO/ForkPoolWorker-16] concurrent_dispatcher.dispatch_concurrent[bb0e24cc-8a3e-48e3-9315-dac19c357e2c]: POST notifier *FAILED* [Invalid NAME or URL] @ {'name': 'Joshua Clark', 'email': 'richardsonemily@example.net', 'phone': '614.587.3472x03151', 'url': None, 'type': 'post'}
[2021-08-31 23:32:22,584: INFO/ForkPoolWorker-7] concurrent_dispatcher.dispatch_concurrent[de68d40a-bb67-4cdc-ad7b-4cf25d031942]: POST notifier *FAILED* [Invalid NAME or URL] @ {'name': 'Alexandra Scott', 'email': 'elizabeth24@example.org', 'phone': '761.865.4169', 'url': None, 'type': 'post'}
[2021-08-31 23:32:22,584: INFO/ForkPoolWorker-2] concurrent_dispatcher.dispatch_concurrent[97d40e85-749d-458b-a16e-d10650e175c6]: POST notifier *FAILED* [Invalid NAME or URL] @ {'name': 'Lisa Cohen', 'email': 'nicholasaustin@example.com', 'phone': '880-354-7115', 'url': None, 'type': 'post'}
[2021-08-31 23:32:22,584: INFO/ForkPoolWorker-16] Task concurrent_dispatcher.dispatch_concurrent[bb0e24cc-8a3e-48e3-9315-dac19c357e2c] succeeded in 0.000252728998020757s: 'Done'
[2021-08-31 23:32:22,584: INFO/ForkPoolWorker-7] Task concurrent_dispatcher.dispatch_concurrent[de68d40a-bb67-4cdc-ad7b-4cf25d031942] succeeded in 0.00025542699586367235s: 'Done'
[2021-08-31 23:32:22,584: INFO/ForkPoolWorker-2] Task concurrent_dispatcher.dispatch_concurrent[97d40e85-749d-458b-a16e-d10650e175c6] succeeded in 0.00027308000426273793s: 'Done'
[2021-08-31 23:32:22,585: INFO/MainProcess] Task concurrent_dispatcher.dispatch_concurrent[669a3300-6cac-4e3d-86d9-9a4c771d0b28] received
[2021-08-31 23:32:22,588: INFO/MainProcess] Task concurrent_dispatcher.dispatch_concurrent[e0f481dd-44eb-438a-b052-df91982ff6fb] received
[2021-08-31 23:32:22,588: INFO/ForkPoolWorker-15] concurrent_dispatcher.dispatch_concurrent[5fa4c74d-f328-42ec-88e8-f7298346a46f]: EMAIL sent to bretthopkins@example.org. Data: {'name': 'Kevin Crawford', 'email': 'bretthopkins@example.org', 'phone': '577-015-3139', 'url': None, 'type': 'email'}
[2021-08-31 23:32:22,588: INFO/ForkPoolWorker-3] concurrent_dispatcher.dispatch_concurrent[16459b2d-314d-46b5-81ea-785cb4f8df34]: POST sent to https://walters.com/. Data: {'name': 'Lisa Hall', 'email': 'leenathan@example.com', 'phone': '941-888-4029x862', 'url': 'https://walters.com/', 'type': 'post'}
[2021-08-31 23:32:22,589: INFO/ForkPoolWorker-15] Task concurrent_dispatcher.dispatch_concurrent[5fa4c74d-f328-42ec-88e8-f7298346a46f] succeeded in 0.5004455290036276s: 'Done'
[2021-08-31 23:32:22,589: INFO/ForkPoolWorker-3] Task concurrent_dispatcher.dispatch_concurrent[16459b2d-314d-46b5-81ea-785cb4f8df34] succeeded in 0.5004412869966472s: 'Done'
[2021-08-31 23:32:22,589: INFO/ForkPoolWorker-4] concurrent_dispatcher.dispatch_concurrent[99bdc684-5c50-4090-8e0b-eed895df84ae]: EMAIL sent to iking@example.com. Data: {'name': 'Stephanie Le', 'email': 'iking@example.com', 'phone': '819-611-8478x0929', 'url': 'https://www.moran-mckee.com/', 'type': 'email'}
[2021-08-31 23:32:22,589: INFO/ForkPoolWorker-5] concurrent_dispatcher.dispatch_concurrent[3f86f87d-eb43-44b4-afe8-0508eca26575]: EMAIL sent to smithmatthew@example.org. Data: {'name': 'Julia Martinez', 'email': 'smithmatthew@example.org', 'phone': '001-352-976-2828x97135', 'url': None, 'type': 'email'}
[2021-08-31 23:32:22,589: INFO/ForkPoolWorker-4] Task concurrent_dispatcher.dispatch_concurrent[99bdc684-5c50-4090-8e0b-eed895df84ae] succeeded in 0.5009073550027097s: 'Done'
[2021-08-31 23:32:22,589: INFO/ForkPoolWorker-5] Task concurrent_dispatcher.dispatch_concurrent[3f86f87d-eb43-44b4-afe8-0508eca26575] succeeded in 0.5009242289961549s: 'Done'
[2021-08-31 23:32:22,589: INFO/ForkPoolWorker-6] concurrent_dispatcher.dispatch_concurrent[c1feefbf-afd8-499f-9014-9d9eda414d57]: SMS sent to 812-766-5349. Data: {'name': 'Karen Craig', 'email': 'hharris@example.net', 'phone': '812-766-5349', 'url': 'http://www.walter.com/', 'type': 'sms'}
[2021-08-31 23:32:22,590: INFO/ForkPoolWorker-6] Task concurrent_dispatcher.dispatch_concurrent[c1feefbf-afd8-499f-9014-9d9eda414d57] succeeded in 0.5015433070002473s: 'Done'
[2021-08-31 23:32:22,591: INFO/MainProcess] Task concurrent_dispatcher.dispatch_concurrent[753b7a9e-e849-4f4b-8606-b2a759a0c7ea] received
[2021-08-31 23:32:22,593: INFO/ForkPoolWorker-3] concurrent_dispatcher.dispatch_concurrent[c913b112-ca0f-490e-bce2-bbe88dd5ea42]: POST notifier *FAILED* [Invalid NAME or URL] @ {'name': 'Alexis Jones', 'email': 'vhale@example.org', 'phone': '(098)595-5535x98984', 'url': None, 'type': 'post'}
[2021-08-31 23:32:22,593: INFO/ForkPoolWorker-3] Task concurrent_dispatcher.dispatch_concurrent[c913b112-ca0f-490e-bce2-bbe88dd5ea42] succeeded in 0.000567224997212179s: 'Done'
[2021-08-31 23:32:22,596: INFO/MainProcess] Task concurrent_dispatcher.dispatch_concurrent[1d998bdf-e9aa-46c6-941c-c82563610c77] received
[2021-08-31 23:32:22,602: INFO/MainProcess] Task concurrent_dispatcher.dispatch_concurrent[0810d217-2cc2-4b1a-9a20-c0e5262f99d2] received
[2021-08-31 23:32:22,604: INFO/ForkPoolWorker-3] concurrent_dispatcher.dispatch_concurrent[9af59802-3df2-4d46-b9fd-647c76f92299]: SMS notifier *FAILED*  [Invalid NAME or PHONE] @ {'name': 'Ashley Friedman', 'email': 'jhanson@example.net', 'phone': None, 'url': None, 'type': 'sms'}
[2021-08-31 23:32:22,604: INFO/ForkPoolWorker-3] Task concurrent_dispatcher.dispatch_concurrent[9af59802-3df2-4d46-b9fd-647c76f92299] succeeded in 0.0003732629993464798s: 'Done'
[2021-08-31 23:32:22,609: INFO/MainProcess] Task concurrent_dispatcher.dispatch_concurrent[0b025d78-b366-4970-9a3d-508ae300e60e] received
[2021-08-31 23:32:22,612: INFO/MainProcess] Task concurrent_dispatcher.dispatch_concurrent[a21c1e6a-6824-4623-bd21-f41ef91f0af1] received
[2021-08-31 23:32:22,618: INFO/MainProcess] Task concurrent_dispatcher.dispatch_concurrent[199e2695-08b4-4267-844e-ad9ae8a3f0da] received
[2021-08-31 23:32:22,621: INFO/MainProcess] Task concurrent_dispatcher.dispatch_concurrent[f9b3d6b4-7152-4208-9e03-047c4f6767cf] received
[2021-08-31 23:32:22,623: INFO/MainProcess] Task concurrent_dispatcher.dispatch_concurrent[948b6813-78cb-43df-bb68-559a753fae78] received
[2021-08-31 23:32:22,625: INFO/MainProcess] Task concurrent_dispatcher.dispatch_concurrent[5e3236ea-f54a-430e-b910-ff529fcd6165] received
[2021-08-31 23:32:22,628: INFO/MainProcess] Task concurrent_dispatcher.dispatch_concurrent[7bc2065b-e0ba-430c-a925-f875590191ee] received
[2021-08-31 23:32:22,630: INFO/MainProcess] Task concurrent_dispatcher.dispatch_concurrent[93757256-874c-4e19-aa98-1afd5a36adbb] received
[2021-08-31 23:32:22,634: INFO/MainProcess] Task concurrent_dispatcher.dispatch_concurrent[e2f773d1-7781-4c24-bcdb-4d8539759e58] received
[2021-08-31 23:32:22,636: INFO/MainProcess] Task concurrent_dispatcher.dispatch_concurrent[b5afeee0-afe3-4563-9e09-dfa2d3c7eb95] received
[2021-08-31 23:32:22,638: INFO/MainProcess] Task concurrent_dispatcher.dispatch_concurrent[7266b363-08f7-4cdc-96c5-c91693f75cb7] received
[2021-08-31 23:32:23,015: INFO/ForkPoolWorker-9] concurrent_dispatcher.dispatch_concurrent[5bb2fac7-1794-4461-b43c-5b7ae59997b8]: SMS sent to 684-818-4749. Data: {'name': 'Michael Adkins', 'email': 'gwise@example.net', 'phone': '684-818-4749', 'url': 'https://www.woods.com/', 'type': 'sms'}
[2021-08-31 23:32:23,016: INFO/ForkPoolWorker-9] Task concurrent_dispatcher.dispatch_concurrent[5bb2fac7-1794-4461-b43c-5b7ae59997b8] succeeded in 0.5012811390042771s: 'Done'
[2021-08-31 23:32:23,019: INFO/ForkPoolWorker-9] concurrent_dispatcher.dispatch_concurrent[d7831565-6c5e-4747-9b3f-435a01c5ea1b]: POST notifier *FAILED* [Invalid NAME or URL] @ {'name': 'Melissa Green', 'email': 'lisa01@example.com', 'phone': '777-189-6275', 'url': None, 'type': 'post'}
[2021-08-31 23:32:23,020: INFO/ForkPoolWorker-9] Task concurrent_dispatcher.dispatch_concurrent[d7831565-6c5e-4747-9b3f-435a01c5ea1b] succeeded in 0.000791418002336286s: 'Done'
[2021-08-31 23:32:23,026: INFO/MainProcess] Task concurrent_dispatcher.dispatch_concurrent[071d2c7c-b2cf-4b1c-9c03-427a7127b7b4] received
[2021-08-31 23:32:23,026: INFO/ForkPoolWorker-8] concurrent_dispatcher.dispatch_concurrent[54e4b77b-07be-42b5-9822-5b376075f07b]: EMAIL sent to winterssandy@example.org. Data: {'name': 'Courtney Wolfe', 'email': 'winterssandy@example.org', 'phone': '558-357-0565x011', 'url': 'http://clark.org/', 'type': 'email'}
[2021-08-31 23:32:23,027: INFO/ForkPoolWorker-8] Task concurrent_dispatcher.dispatch_concurrent[54e4b77b-07be-42b5-9822-5b376075f07b] succeeded in 0.5013315659962245s: 'Done'
[2021-08-31 23:32:23,036: INFO/MainProcess] Task concurrent_dispatcher.dispatch_concurrent[a6dd5bae-6cbc-4a9a-a468-e1fb85d65a92] received
[2021-08-31 23:32:23,037: INFO/ForkPoolWorker-8] concurrent_dispatcher.dispatch_concurrent[f3c582e5-2a4c-4915-afc1-be82e316cd97]: EMAIL notifier *FAILED* [Invalid NAME or EMAIL] @ {'name': 'Alexandra Anderson', 'email': None, 'phone': '349.473.5503x35325', 'url': 'http://manning.com/', 'type': 'email'}
[2021-08-31 23:32:23,037: INFO/ForkPoolWorker-8] Task concurrent_dispatcher.dispatch_concurrent[f3c582e5-2a4c-4915-afc1-be82e316cd97] succeeded in 0.0006944819979253225s: 'Done'
[2021-08-31 23:32:23,038: INFO/ForkPoolWorker-1] concurrent_dispatcher.dispatch_concurrent[b98263bd-862e-4a50-8b7a-b2075d4265d2]: EMAIL sent to joshua25@example.net. Data: {'name': 'Terry Floyd', 'email': 'joshua25@example.net', 'phone': None, 'url': 'https://www.patterson.net/', 'type': 'email'}
[2021-08-31 23:32:23,039: INFO/ForkPoolWorker-1] Task concurrent_dispatcher.dispatch_concurrent[b98263bd-862e-4a50-8b7a-b2075d4265d2] succeeded in 0.5009775149956113s: 'Done'
[2021-08-31 23:32:23,043: INFO/ForkPoolWorker-1] concurrent_dispatcher.dispatch_concurrent[0a6ce504-a10b-478d-9944-2d06f54efd1c]: POST notifier *FAILED* [Invalid NAME or URL] @ {'name': 'James Allen', 'email': 'swilliams@example.org', 'phone': '001-374-812-9089x448', 'url': None, 'type': 'post'}
[2021-08-31 23:32:23,043: INFO/ForkPoolWorker-1] Task concurrent_dispatcher.dispatch_concurrent[0a6ce504-a10b-478d-9944-2d06f54efd1c] succeeded in 0.0006686790002277121s: 'Done'
[2021-08-31 23:32:23,045: INFO/MainProcess] Task concurrent_dispatcher.dispatch_concurrent[2dcaefd7-6fc6-44e5-81c0-bd57d2d27771] received
[2021-08-31 23:32:23,053: INFO/MainProcess] Task concurrent_dispatcher.dispatch_concurrent[f5c28749-b14a-41d7-9631-761f7f181e64] received
[2021-08-31 23:32:23,056: INFO/MainProcess] Task concurrent_dispatcher.dispatch_concurrent[f8bb9797-f365-4ee8-ba13-409a5aff91ba] received
[2021-08-31 23:32:23,058: INFO/MainProcess] Task concurrent_dispatcher.dispatch_concurrent[de3862fa-657a-4cfe-8178-1b19d9e82665] received
[2021-08-31 23:32:23,061: INFO/ForkPoolWorker-10] concurrent_dispatcher.dispatch_concurrent[18b53db4-34a8-40f6-81df-d3021f0d42c2]: POST sent to http://olsen.com/. Data: {'name': 'Amanda Cardenas', 'email': None, 'phone': '5322204528', 'url': 'http://olsen.com/', 'type': 'post'}
[2021-08-31 23:32:23,061: INFO/ForkPoolWorker-11] concurrent_dispatcher.dispatch_concurrent[acc57d15-436d-43c6-b279-3f9c3ff1305f]: SMS sent to 4881960772. Data: {'name': 'Jerry Lamb', 'email': None, 'phone': '4881960772', 'url': 'https://www.holmes.com/', 'type': 'sms'}
[2021-08-31 23:32:23,061: INFO/ForkPoolWorker-12] concurrent_dispatcher.dispatch_concurrent[740b00ed-8ec3-483b-8cf6-4f38f96d04a8]: POST sent to http://knight.com/. Data: {'name': 'Christine Brown', 'email': 'qsmith@example.net', 'phone': '001-445-257-7123x751', 'url': 'http://knight.com/', 'type': 'post'}
[2021-08-31 23:32:23,061: INFO/ForkPoolWorker-10] Task concurrent_dispatcher.dispatch_concurrent[18b53db4-34a8-40f6-81df-d3021f0d42c2] succeeded in 0.5009173990038107s: 'Done'
[2021-08-31 23:32:23,061: INFO/ForkPoolWorker-12] Task concurrent_dispatcher.dispatch_concurrent[740b00ed-8ec3-483b-8cf6-4f38f96d04a8] succeeded in 0.5009204529997078s: 'Done'
[2021-08-31 23:32:23,061: INFO/ForkPoolWorker-11] Task concurrent_dispatcher.dispatch_concurrent[acc57d15-436d-43c6-b279-3f9c3ff1305f] succeeded in 0.5008974980009953s: 'Done'
[2021-08-31 23:32:23,071: INFO/ForkPoolWorker-13] concurrent_dispatcher.dispatch_concurrent[ec0f5cc8-7991-4593-a49b-d895fed3ac11]: POST sent to https://baxter.com/. Data: {'name': 'Nathan Logan', 'email': 'cassidy54@example.com', 'phone': '618.390.2676', 'url': 'https://baxter.com/', 'type': 'post'}
[2021-08-31 23:32:23,072: INFO/ForkPoolWorker-13] Task concurrent_dispatcher.dispatch_concurrent[ec0f5cc8-7991-4593-a49b-d895fed3ac11] succeeded in 0.5008415510019404s: 'Done'
[2021-08-31 23:32:23,074: INFO/MainProcess] Task concurrent_dispatcher.dispatch_concurrent[0c6ee017-dc87-4a2d-af9f-bcf32e99549c] received
[2021-08-31 23:32:23,078: INFO/MainProcess] Task concurrent_dispatcher.dispatch_concurrent[702eacfc-eab1-4e31-af17-2753217f6f9e] received
[2021-08-31 23:32:23,080: INFO/MainProcess] Task concurrent_dispatcher.dispatch_concurrent[cfa0cff3-de95-4ec0-ab7e-dfc53c0cedf2] received
[2021-08-31 23:32:23,081: INFO/MainProcess] Task concurrent_dispatcher.dispatch_concurrent[a4e611d8-bf09-415d-9c12-8d4247c407b9] received
[2021-08-31 23:32:23,085: INFO/ForkPoolWorker-14] concurrent_dispatcher.dispatch_concurrent[5557ecd7-b99f-4f36-9888-69f9fe4d376c]: SMS sent to +1-362-123-4418. Data: {'name': 'Juan Curtis', 'email': 'josephdalton@example.com', 'phone': '+1-362-123-4418', 'url': 'http://henry.com/', 'type': 'sms'}
[2021-08-31 23:32:23,085: INFO/ForkPoolWorker-14] Task concurrent_dispatcher.dispatch_concurrent[5557ecd7-b99f-4f36-9888-69f9fe4d376c] succeeded in 0.5009007730041048s: 'Done'
[2021-08-31 23:32:23,092: INFO/ForkPoolWorker-2] concurrent_dispatcher.dispatch_concurrent[471e7add-6fde-4445-b771-cc88d140f07c]: SMS sent to (380)655-0917. Data: {'name': 'Tom Mack', 'email': 'michelerodgers@example.org', 'phone': '(380)655-0917', 'url': 'http://www.scott.com/', 'type': 'sms'}
[2021-08-31 23:32:23,093: INFO/ForkPoolWorker-2] Task concurrent_dispatcher.dispatch_concurrent[471e7add-6fde-4445-b771-cc88d140f07c] succeeded in 0.5005451150063891s: 'Done'
[2021-08-31 23:32:23,094: INFO/ForkPoolWorker-16] concurrent_dispatcher.dispatch_concurrent[0029821c-9809-4195-adbb-90f818651206]: SMS sent to +1-257-877-9974x374. Data: {'name': 'Anna Harmon', 'email': None, 'phone': '+1-257-877-9974x374', 'url': 'https://ray.com/', 'type': 'sms'}
[2021-08-31 23:32:23,094: INFO/ForkPoolWorker-15] concurrent_dispatcher.dispatch_concurrent[ae7f3af2-f8b1-4796-880e-9e1866ca0ba6]: EMAIL sent to amacias@example.org. Data: {'name': 'Patrick Morris', 'email': 'amacias@example.org', 'phone': '566.961.4152x6299', 'url': 'http://leonard.com/', 'type': 'email'}
[2021-08-31 23:32:23,095: INFO/ForkPoolWorker-16] Task concurrent_dispatcher.dispatch_concurrent[0029821c-9809-4195-adbb-90f818651206] succeeded in 0.5007318280040636s: 'Done'
[2021-08-31 23:32:23,095: INFO/ForkPoolWorker-15] Task concurrent_dispatcher.dispatch_concurrent[ae7f3af2-f8b1-4796-880e-9e1866ca0ba6] succeeded in 0.5007644590004929s: 'Done'
[2021-08-31 23:32:23,095: INFO/ForkPoolWorker-7] concurrent_dispatcher.dispatch_concurrent[5da8df84-854d-4068-8a73-639a5c2e6a50]: POST sent to http://butler.biz/. Data: {'name': 'Brandon Barr', 'email': 'barnesjason@example.net', 'phone': '(204)139-6823x0072', 'url': 'http://butler.biz/', 'type': 'post'}
[2021-08-31 23:32:23,095: INFO/ForkPoolWorker-7] Task concurrent_dispatcher.dispatch_concurrent[5da8df84-854d-4068-8a73-639a5c2e6a50] succeeded in 0.5008657599973958s: 'Done'
[2021-08-31 23:32:23,095: INFO/MainProcess] Task concurrent_dispatcher.dispatch_concurrent[e9ecc29b-88dd-45fa-9b18-9d8791a93e94] received
[2021-08-31 23:32:23,099: INFO/ForkPoolWorker-16] concurrent_dispatcher.dispatch_concurrent[864e720c-28b1-497d-bcf3-71ef643a422b]: POST notifier *FAILED* [Invalid NAME or URL] @ {'name': 'Joshua Rasmussen', 'email': 'harrisonmaria@example.net', 'phone': '001-195-972-1787x123', 'url': None, 'type': 'post'}
[2021-08-31 23:32:23,099: INFO/ForkPoolWorker-15] concurrent_dispatcher.dispatch_concurrent[4fdb0384-bd3e-45a6-8300-f01aff516a13]: POST notifier *FAILED* [Invalid NAME or URL] @ {'name': 'Nicole Dorsey', 'email': 'andreaandrews@example.com', 'phone': '028-809-2254', 'url': None, 'type': 'post'}
[2021-08-31 23:32:23,100: INFO/ForkPoolWorker-16] Task concurrent_dispatcher.dispatch_concurrent[864e720c-28b1-497d-bcf3-71ef643a422b] succeeded in 0.0007534760006819852s: 'Done'
[2021-08-31 23:32:23,100: INFO/ForkPoolWorker-15] Task concurrent_dispatcher.dispatch_concurrent[4fdb0384-bd3e-45a6-8300-f01aff516a13] succeeded in 0.0007507699992856942s: 'Done'
[2021-08-31 23:32:23,101: INFO/MainProcess] Task concurrent_dispatcher.dispatch_concurrent[c48f13ea-cec9-4e10-a354-dc6b250ba2bd] received
[2021-08-31 23:32:23,104: INFO/MainProcess] Task concurrent_dispatcher.dispatch_concurrent[30dd1249-fa15-44fa-835c-115d2d0ca275] received
[2021-08-31 23:32:23,105: INFO/ForkPoolWorker-16] concurrent_dispatcher.dispatch_concurrent[d3fc0cbf-e486-4710-9714-c7732de1e392]: EMAIL notifier *FAILED* [Invalid NAME or EMAIL] @ {'name': 'Mark Sawyer', 'email': None, 'phone': '+1-748-076-3210', 'url': None, 'type': 'email'}
[2021-08-31 23:32:23,105: INFO/ForkPoolWorker-5] concurrent_dispatcher.dispatch_concurrent[ab7524d3-0060-4040-b398-51e352d55466]: POST sent to https://www.spencer.com/. Data: {'name': 'Mary Reynolds', 'email': 'michellerice@example.com', 'phone': '222-551-3906x77041', 'url': 'https://www.spencer.com/', 'type': 'post'}
[2021-08-31 23:32:23,105: INFO/ForkPoolWorker-16] Task concurrent_dispatcher.dispatch_concurrent[d3fc0cbf-e486-4710-9714-c7732de1e392] succeeded in 0.000372914997569751s: 'Done'
[2021-08-31 23:32:23,105: INFO/ForkPoolWorker-5] Task concurrent_dispatcher.dispatch_concurrent[ab7524d3-0060-4040-b398-51e352d55466] succeeded in 0.5007243260042742s: 'Done'
[2021-08-31 23:32:23,105: INFO/ForkPoolWorker-6] concurrent_dispatcher.dispatch_concurrent[94e85342-d5bf-4fe5-b907-b0f49cc34bad]: EMAIL sent to andrew60@example.net. Data: {'name': 'Anthony Simpson', 'email': 'andrew60@example.net', 'phone': None, 'url': 'https://www.howell.com/', 'type': 'email'}
[2021-08-31 23:32:23,105: INFO/ForkPoolWorker-4] concurrent_dispatcher.dispatch_concurrent[b6b439d9-001f-4ce0-b139-409ba003de62]: SMS sent to 001-937-375-3753. Data: {'name': 'Ms. Brenda Rios', 'email': 'fsaunders@example.org', 'phone': '001-937-375-3753', 'url': 'https://www.barker.biz/', 'type': 'sms'}
[2021-08-31 23:32:23,106: INFO/ForkPoolWorker-6] Task concurrent_dispatcher.dispatch_concurrent[94e85342-d5bf-4fe5-b907-b0f49cc34bad] succeeded in 0.5008330170021509s: 'Done'
[2021-08-31 23:32:23,106: INFO/ForkPoolWorker-4] Task concurrent_dispatcher.dispatch_concurrent[b6b439d9-001f-4ce0-b139-409ba003de62] succeeded in 0.5009379379989696s: 'Done'
[2021-08-31 23:32:23,106: INFO/MainProcess] Task concurrent_dispatcher.dispatch_concurrent[41d5371b-c3de-4230-a129-c46d9ac74e47] received
[2021-08-31 23:32:23,108: INFO/MainProcess] Task concurrent_dispatcher.dispatch_concurrent[16b27054-1074-4db1-98a1-504ad87b72ea] received
[2021-08-31 23:32:23,109: INFO/ForkPoolWorker-4] concurrent_dispatcher.dispatch_concurrent[6da83765-f0d2-443f-befb-8fe339823844]: SMS notifier *FAILED*  [Invalid NAME or PHONE] @ {'name': 'Jeffrey King', 'email': 'gturner@example.com', 'phone': None, 'url': 'https://www.wilson.com/', 'type': 'sms'}
[2021-08-31 23:32:23,109: INFO/ForkPoolWorker-16] concurrent_dispatcher.dispatch_concurrent[b999278d-6d75-4534-b30f-b28c5e8a92e3]: EMAIL notifier *FAILED* [Invalid NAME or EMAIL] @ {'name': 'Robert Burnett', 'email': None, 'phone': '778-582-2106x76076', 'url': 'https://ellis.com/', 'type': 'email'}
[2021-08-31 23:32:23,110: INFO/ForkPoolWorker-4] Task concurrent_dispatcher.dispatch_concurrent[6da83765-f0d2-443f-befb-8fe339823844] succeeded in 0.00038310100353555754s: 'Done'
[2021-08-31 23:32:23,110: INFO/ForkPoolWorker-16] Task concurrent_dispatcher.dispatch_concurrent[b999278d-6d75-4534-b30f-b28c5e8a92e3] succeeded in 0.0003809339978033677s: 'Done'
[2021-08-31 23:32:23,111: INFO/MainProcess] Task concurrent_dispatcher.dispatch_concurrent[8ae65deb-3935-482f-bdeb-413694ab5fd2] received
[2021-08-31 23:32:23,114: INFO/MainProcess] Task concurrent_dispatcher.dispatch_concurrent[747ad47d-645d-4da4-b7fe-65639bb60717] received
[2021-08-31 23:32:23,114: INFO/ForkPoolWorker-3] concurrent_dispatcher.dispatch_concurrent[79ed78a0-fa53-4e1d-badf-0d360f9c677d]: EMAIL sent to sherriwilliams@example.com. Data: {'name': 'Paul Moore', 'email': 'sherriwilliams@example.com', 'phone': '001-231-702-0660x136', 'url': 'http://www.thompson.com/', 'type': 'email'}
[2021-08-31 23:32:23,115: INFO/ForkPoolWorker-3] Task concurrent_dispatcher.dispatch_concurrent[79ed78a0-fa53-4e1d-badf-0d360f9c677d] succeeded in 0.5012913000027766s: 'Done'
[2021-08-31 23:32:23,118: INFO/MainProcess] Task concurrent_dispatcher.dispatch_concurrent[e165cb94-a4a1-4266-a716-ff3a4842880b] received
[2021-08-31 23:32:23,121: INFO/MainProcess] Task concurrent_dispatcher.dispatch_concurrent[73988e56-c116-4e65-82ae-71316cc8496e] received
[2021-08-31 23:32:23,122: INFO/MainProcess] Task concurrent_dispatcher.dispatch_concurrent[e3db776b-bc46-4785-a089-abef11de91e9] received
[2021-08-31 23:32:23,123: INFO/MainProcess] Task concurrent_dispatcher.dispatch_concurrent[b5941fd5-9e13-4e64-a3c9-4e2b215363c3] received
[2021-08-31 23:32:23,124: INFO/MainProcess] Task concurrent_dispatcher.dispatch_concurrent[019e5707-a2bc-4ed0-af2d-bcbc5230291e] received
[2021-08-31 23:32:23,125: INFO/MainProcess] Task concurrent_dispatcher.dispatch_concurrent[015eab4e-2d0a-4bbe-9efd-77d1d08a6b07] received
[2021-08-31 23:32:23,126: INFO/MainProcess] Task concurrent_dispatcher.dispatch_concurrent[050d4681-397b-4d59-b473-243868dce912] received
[2021-08-31 23:32:23,529: INFO/ForkPoolWorker-9] concurrent_dispatcher.dispatch_concurrent[135c6e5c-e90e-49b4-9cee-e641455909e0]: EMAIL sent to stephanie56@example.org. Data: {'name': 'Kristin Perry', 'email': 'stephanie56@example.org', 'phone': '499.276.1780x469', 'url': 'http://tran.net/', 'type': 'email'}
[2021-08-31 23:32:23,529: INFO/ForkPoolWorker-9] Task concurrent_dispatcher.dispatch_concurrent[135c6e5c-e90e-49b4-9cee-e641455909e0] succeeded in 0.5016905079974094s: 'Done'
[2021-08-31 23:32:23,543: INFO/ForkPoolWorker-8] concurrent_dispatcher.dispatch_concurrent[470e8ba1-fcf2-4f9c-8c54-9c48c6edc46e]: POST sent to https://www.barton.com/. Data: {'name': 'Ryan Potts', 'email': 'tanyawilson@example.net', 'phone': '643-902-2422x785', 'url': 'https://www.barton.com/', 'type': 'post'}
[2021-08-31 23:32:23,544: INFO/ForkPoolWorker-8] Task concurrent_dispatcher.dispatch_concurrent[470e8ba1-fcf2-4f9c-8c54-9c48c6edc46e] succeeded in 0.5013775099941995s: 'Done'
[2021-08-31 23:32:23,549: INFO/MainProcess] Task concurrent_dispatcher.dispatch_concurrent[7612254b-96db-45df-93d4-9cdbb4045a05] received
[2021-08-31 23:32:23,552: INFO/ForkPoolWorker-1] concurrent_dispatcher.dispatch_concurrent[80b791de-24f9-4ae5-9072-80ad9a32177c]: SMS sent to 1037450231. Data: {'name': 'Elijah Richardson', 'email': 'rmcclure@example.org', 'phone': '1037450231', 'url': 'https://www.howard.com/', 'type': 'sms'}
[2021-08-31 23:32:23,553: INFO/ForkPoolWorker-1] Task concurrent_dispatcher.dispatch_concurrent[80b791de-24f9-4ae5-9072-80ad9a32177c] succeeded in 0.5013079910058877s: 'Done'
[2021-08-31 23:32:23,557: INFO/MainProcess] Task concurrent_dispatcher.dispatch_concurrent[d8ea9fa3-1645-4b98-a633-d2a84199618b] received
[2021-08-31 23:32:23,563: INFO/ForkPoolWorker-12] concurrent_dispatcher.dispatch_concurrent[8faf4124-3639-43e4-8670-5d3c2552aedf]: SMS sent to +1-907-749-4772x932. Data: {'name': 'Jill Cunningham', 'email': None, 'phone': '+1-907-749-4772x932', 'url': None, 'type': 'sms'}
[2021-08-31 23:32:23,563: INFO/ForkPoolWorker-11] concurrent_dispatcher.dispatch_concurrent[626be60b-0120-45b5-9787-dcec933eb6bd]: POST sent to http://www.oliver-gill.net/. Data: {'name': 'Steven Dixon', 'email': 'ruizkayla@example.net', 'phone': '4071341118', 'url': 'http://www.oliver-gill.net/', 'type': 'post'}
[2021-08-31 23:32:23,563: INFO/ForkPoolWorker-10] concurrent_dispatcher.dispatch_concurrent[4f4cc137-0864-424d-a45d-70de463920e6]: POST sent to https://www.gray.com/. Data: {'name': 'James Young', 'email': 'kwilliams@example.com', 'phone': '384.450.3619x8103', 'url': 'https://www.gray.com/', 'type': 'post'}
[2021-08-31 23:32:23,564: INFO/ForkPoolWorker-12] Task concurrent_dispatcher.dispatch_concurrent[8faf4124-3639-43e4-8670-5d3c2552aedf] succeeded in 0.5012203980004415s: 'Done'
[2021-08-31 23:32:23,564: INFO/ForkPoolWorker-11] Task concurrent_dispatcher.dispatch_concurrent[626be60b-0120-45b5-9787-dcec933eb6bd] succeeded in 0.5012577890011016s: 'Done'
[2021-08-31 23:32:23,564: INFO/ForkPoolWorker-10] Task concurrent_dispatcher.dispatch_concurrent[4f4cc137-0864-424d-a45d-70de463920e6] succeeded in 0.5012753379996866s: 'Done'
[2021-08-31 23:32:23,567: INFO/ForkPoolWorker-11] concurrent_dispatcher.dispatch_concurrent[398deb65-fac3-43b1-b45f-53f2efddf661]: POST notifier *FAILED* [Invalid NAME or URL] @ {'name': 'John Fry', 'email': None, 'phone': '755-034-7552x9369', 'url': None, 'type': 'post'}
[2021-08-31 23:32:23,568: INFO/ForkPoolWorker-11] Task concurrent_dispatcher.dispatch_concurrent[398deb65-fac3-43b1-b45f-53f2efddf661] succeeded in 0.0008388990027015097s: 'Done'
[2021-08-31 23:32:23,571: INFO/MainProcess] Task concurrent_dispatcher.dispatch_concurrent[72f2d257-f7be-4431-a957-c6fd92b4241f] received
[2021-08-31 23:32:23,573: INFO/ForkPoolWorker-13] concurrent_dispatcher.dispatch_concurrent[d6cfcb43-fce1-4dd9-8f34-e2c855a6e2a8]: POST sent to https://gray.com/. Data: {'name': 'Jessica Fields', 'email': 'maysjessica@example.org', 'phone': '+1-244-005-6573x9019', 'url': 'https://gray.com/', 'type': 'post'}
[2021-08-31 23:32:23,574: INFO/ForkPoolWorker-13] Task concurrent_dispatcher.dispatch_concurrent[d6cfcb43-fce1-4dd9-8f34-e2c855a6e2a8] succeeded in 0.501150392999989s: 'Done'
[2021-08-31 23:32:23,582: INFO/MainProcess] Task concurrent_dispatcher.dispatch_concurrent[ab48dff3-9db0-4c7b-947d-876d6875cdd9] received
[2021-08-31 23:32:23,586: INFO/ForkPoolWorker-14] concurrent_dispatcher.dispatch_concurrent[b2518045-6374-4c5d-90e3-5de86462592e]: SMS sent to 227-321-8918x454. Data: {'name': 'Felicia Walker', 'email': 'mercedes62@example.net', 'phone': '227-321-8918x454', 'url': 'http://fitzgerald-cameron.org/', 'type': 'sms'}
[2021-08-31 23:32:23,587: INFO/ForkPoolWorker-14] Task concurrent_dispatcher.dispatch_concurrent[b2518045-6374-4c5d-90e3-5de86462592e] succeeded in 0.500533070997335s: 'Done'
[2021-08-31 23:32:23,588: INFO/MainProcess] Task concurrent_dispatcher.dispatch_concurrent[3066b112-0df8-4f03-94e6-0a377a1ca58b] received
[2021-08-31 23:32:23,590: INFO/MainProcess] Task concurrent_dispatcher.dispatch_concurrent[41d5f3a6-5f51-473a-ab09-753cdc127910] received
[2021-08-31 23:32:23,592: INFO/MainProcess] Task concurrent_dispatcher.dispatch_concurrent[9cbc4ec1-6d44-4ed5-8fda-9dd5e52226f6] received
[2021-08-31 23:32:23,594: INFO/ForkPoolWorker-2] concurrent_dispatcher.dispatch_concurrent[f8a5ceab-16e2-4d60-974e-4eb0632be140]: EMAIL sent to wmoore@example.org. Data: {'name': 'Michelle Mills', 'email': 'wmoore@example.org', 'phone': '(080)162-8976x37458', 'url': 'https://lee.biz/', 'type': 'email'}
[2021-08-31 23:32:23,595: INFO/ForkPoolWorker-2] Task concurrent_dispatcher.dispatch_concurrent[f8a5ceab-16e2-4d60-974e-4eb0632be140] succeeded in 0.5005820320002385s: 'Done'
[2021-08-31 23:32:23,595: INFO/MainProcess] Task concurrent_dispatcher.dispatch_concurrent[37f7ef40-79a8-4b5f-a81c-38cc643ee9e9] received
[2021-08-31 23:32:23,597: INFO/MainProcess] Task concurrent_dispatcher.dispatch_concurrent[453eb277-b1c6-4e69-8411-120aeb94a824] received
[2021-08-31 23:32:23,599: INFO/ForkPoolWorker-7] concurrent_dispatcher.dispatch_concurrent[8867fb5a-915c-4f20-9280-8e4ea5bd6b76]: POST sent to http://www.cruz.com/. Data: {'name': 'Julie Coleman', 'email': 'glenpowell@example.net', 'phone': '(955)310-0370x0967', 'url': 'http://www.cruz.com/', 'type': 'post'}
[2021-08-31 23:32:23,599: INFO/ForkPoolWorker-7] Task concurrent_dispatcher.dispatch_concurrent[8867fb5a-915c-4f20-9280-8e4ea5bd6b76] succeeded in 0.5005716649975511s: 'Done'
[2021-08-31 23:32:23,601: INFO/MainProcess] Task concurrent_dispatcher.dispatch_concurrent[5772d4da-4f0d-4b96-b1ba-e72465abcad2] received
