[2021-08-31 23:14:41,053: INFO/ForkPoolWorker-3] concurrent_dispatcher.dispatch_concurrent[d637c51d-9f10-4204-96dc-55c8080e42be]: EMAIL sent to wmoore@example.org. Data: {'name': 'Michelle Mills', 'email': 'wmoore@example.org', 'phone': '(080)162-8976x37458', 'url': 'https://lee.biz/', 'type': 'email'}
[2021-08-31 23:14:41,054: INFO/ForkPoolWorker-6] Task concurrent_dispatcher.dispatch_concurrent[e0bef0db-dc6d-4f38-a143-0e3fec2a7c19] succeeded in 0.5006646210022154s: 'Done'
[2021-08-31 23:14:41,054: INFO/ForkPoolWorker-16] Task concurrent_dispatcher.dispatch_concurrent[80228447-b30d-47a8-b749-78a42aef652f] succeeded in 0.5006765350044589s: 'Done'
[2021-08-31 23:14:41,054: INFO/ForkPoolWorker-3] Task concurrent_dispatcher.dispatch_concurrent[d637c51d-9f10-4204-96dc-55c8080e42be] succeeded in 0.5007528040005127s: 'Done'
[2021-08-31 23:14:41,059: INFO/ForkPoolWorker-7] concurrent_dispatcher.dispatch_concurrent[e7677ca1-584f-4b75-bf45-3f33d141005d]: POST sent to http://fuentes.com/. Data: {'name': 'Whitney Williams', 'email': 'osolomon@example.com', 'phone': '141-448-8803x84896', 'url': 'http://fuentes.com/', 'type': 'post'}
[2021-08-31 23:14:41,059: INFO/ForkPoolWorker-7] Task concurrent_dispatcher.dispatch_concurrent[e7677ca1-584f-4b75-bf45-3f33d141005d] succeeded in 0.5006198839982972s: 'Done'
[2021-08-31 23:14:41,060: INFO/ForkPoolWorker-7] concurrent_dispatcher.dispatch_concurrent[4732c1e6-a786-46c0-8a7a-393eeced6001]: EMAIL notifier *FAILED* [Invalid NAME or EMAIL] @ {'name': 'Thomas Pearson', 'email': None, 'phone': None, 'url': 'https://howell.com/', 'type': 'email'}
[2021-08-31 23:14:41,060: INFO/ForkPoolWorker-7] Task concurrent_dispatcher.dispatch_concurrent[4732c1e6-a786-46c0-8a7a-393eeced6001] succeeded in 0.00022593799803871661s: 'Done'
[2021-08-31 23:14:41,061: INFO/MainProcess] Task concurrent_dispatcher.dispatch_concurrent[8439e1ba-b936-4f54-927e-c4d88290cc2b] received
[2021-08-31 23:14:41,063: INFO/MainProcess] Task concurrent_dispatcher.dispatch_concurrent[95c5fb26-8cb4-45ba-bebf-2835c52e62b8] received
[2021-08-31 23:14:41,063: INFO/ForkPoolWorker-4] concurrent_dispatcher.dispatch_concurrent[df456be0-4a7e-41b0-9054-cee7fbafb40a]: SMS sent to 704.647.6583x4268. Data: {'name': 'Harold Coffey', 'email': 'gmarsh@example.com', 'phone': '704.647.6583x4268', 'url': 'http://www.salazar.net/', 'type': 'sms'}
[2021-08-31 23:14:41,063: INFO/ForkPoolWorker-15] concurrent_dispatcher.dispatch_concurrent[815cc6d8-ad3c-47af-a800-98bd75a580e0]: SMS sent to 303.824.3816x61134. Data: {'name': 'James Holloway', 'email': None, 'phone': '303.824.3816x61134', 'url': 'https://mueller.org/', 'type': 'sms'}
[2021-08-31 23:14:41,064: INFO/ForkPoolWorker-4] Task concurrent_dispatcher.dispatch_concurrent[df456be0-4a7e-41b0-9054-cee7fbafb40a] succeeded in 0.5010214889989584s: 'Done'
[2021-08-31 23:14:41,064: INFO/ForkPoolWorker-15] Task concurrent_dispatcher.dispatch_concurrent[815cc6d8-ad3c-47af-a800-98bd75a580e0] succeeded in 0.5010277129986207s: 'Done'
[2021-08-31 23:14:41,065: INFO/MainProcess] Task concurrent_dispatcher.dispatch_concurrent[dce3a3c0-332b-40c1-b71b-3c9b88c18936] received
[2021-08-31 23:14:41,066: INFO/ForkPoolWorker-14] concurrent_dispatcher.dispatch_concurrent[d70aa073-8012-4d9e-9fc4-a8308ab1d8a1]: SMS sent to 156.555.1087x2556. Data: {'name': 'Sarah Petersen', 'email': 'fosterclifford@example.net', 'phone': '156.555.1087x2556', 'url': None, 'type': 'sms'}
[2021-08-31 23:14:41,066: INFO/ForkPoolWorker-5] concurrent_dispatcher.dispatch_concurrent[c520e28e-2f67-42dc-9e4c-3c2668c99780]: EMAIL sent to marydavis@example.net. Data: {'name': 'Vanessa Jackson', 'email': 'marydavis@example.net', 'phone': None, 'url': 'http://www.mata.biz/', 'type': 'email'}
[2021-08-31 23:14:41,066: INFO/ForkPoolWorker-14] Task concurrent_dispatcher.dispatch_concurrent[d70aa073-8012-4d9e-9fc4-a8308ab1d8a1] succeeded in 0.5007899240008555s: 'Done'
[2021-08-31 23:14:41,066: INFO/ForkPoolWorker-5] Task concurrent_dispatcher.dispatch_concurrent[c520e28e-2f67-42dc-9e4c-3c2668c99780] succeeded in 0.5007643140052096s: 'Done'
[2021-08-31 23:14:41,067: INFO/MainProcess] Task concurrent_dispatcher.dispatch_concurrent[b59a6095-5e9e-4f6c-89da-0f413130e332] received
[2021-08-31 23:14:41,069: INFO/ForkPoolWorker-14] concurrent_dispatcher.dispatch_concurrent[afe0265e-2c95-46c3-9960-082c73030355]: EMAIL notifier *FAILED* [Invalid NAME or EMAIL] @ {'name': 'Jonathan Thornton', 'email': None, 'phone': '+1-133-872-9502x447', 'url': 'http://www.campos-singleton.com/', 'type': 'email'}
[2021-08-31 23:14:41,069: INFO/ForkPoolWorker-14] Task concurrent_dispatcher.dispatch_concurrent[afe0265e-2c95-46c3-9960-082c73030355] succeeded in 0.00020833400049014017s: 'Done'
[2021-08-31 23:14:41,070: INFO/MainProcess] Task concurrent_dispatcher.dispatch_concurrent[89dea827-81f9-410c-a47d-56fb74eee642] received
[2021-08-31 23:14:41,072: INFO/MainProcess] Task concurrent_dispatcher.dispatch_concurrent[76f396a7-2fb3-47d3-86c0-342e0c97466c] received
[2021-08-31 23:14:41,073: INFO/ForkPoolWorker-14] concurrent_dispatcher.dispatch_concurrent[3587f407-8d15-4d40-9a3e-efcf8bb8a303]: EMAIL notifier *FAILED* [Invalid NAME or EMAIL] @ {'name': 'Karen Fuentes', 'email': None, 'phone': '874.408.9702x83189', 'url': 'http://www.wilson-hudson.com/', 'type': 'email'}
[2021-08-31 23:14:41,073: INFO/ForkPoolWorker-14] Task concurrent_dispatcher.dispatch_concurrent[3587f407-8d15-4d40-9a3e-efcf8bb8a303] succeeded in 0.00019284600421087816s: 'Done'
[2021-08-31 23:14:41,074: INFO/MainProcess] Task concurrent_dispatcher.dispatch_concurrent[d37ec60e-1a4f-48e8-94d8-d35b826965bb] received
[2021-08-31 23:14:41,075: INFO/MainProcess] Task concurrent_dispatcher.dispatch_concurrent[1d0b67d0-4a8c-447b-82b4-bb52c9cf49ac] received
[2021-08-31 23:14:41,076: INFO/MainProcess] Task concurrent_dispatcher.dispatch_concurrent[fc6428da-9972-4513-99b0-be58187a00af] received
[2021-08-31 23:14:41,078: INFO/MainProcess] Task concurrent_dispatcher.dispatch_concurrent[e9e0dcad-973f-4167-a8f6-b15980a46bf9] received
[2021-08-31 23:14:41,079: INFO/MainProcess] Task concurrent_dispatcher.dispatch_concurrent[e11aa62c-603a-41e3-81ed-a0d43de1e9e3] received
[2021-08-31 23:14:41,468: INFO/ForkPoolWorker-9] concurrent_dispatcher.dispatch_concurrent[500fd095-db23-4cd3-9fee-7c4ef4ae64ba]: EMAIL sent to ujames@example.net. Data: {'name': 'Emily Andrade', 'email': 'ujames@example.net', 'phone': None, 'url': 'http://dominguez.com/', 'type': 'email'}
[2021-08-31 23:14:41,469: INFO/ForkPoolWorker-9] Task concurrent_dispatcher.dispatch_concurrent[500fd095-db23-4cd3-9fee-7c4ef4ae64ba] succeeded in 0.5009758070009411s: 'Done'
[2021-08-31 23:14:41,492: INFO/ForkPoolWorker-8] concurrent_dispatcher.dispatch_concurrent[57ee4d98-6cfe-49d8-8d51-80e24d4dc5e9]: POST sent to https://harrison-edwards.com/. Data: {'name': 'Caitlin Garcia', 'email': 'johnsondavid@example.net', 'phone': '6117697514', 'url': 'https://harrison-edwards.com/', 'type': 'post'}
[2021-08-31 23:14:41,493: INFO/ForkPoolWorker-8] Task concurrent_dispatcher.dispatch_concurrent[57ee4d98-6cfe-49d8-8d51-80e24d4dc5e9] succeeded in 0.5008075290024863s: 'Done'
[2021-08-31 23:14:41,497: INFO/MainProcess] Task concurrent_dispatcher.dispatch_concurrent[8f4d852d-e394-474e-893e-0f95d12b956a] received
[2021-08-31 23:14:41,512: INFO/ForkPoolWorker-10] concurrent_dispatcher.dispatch_concurrent[15144cd8-47b0-4453-9149-6c6bdd04adb8]: SMS sent to 626.254.8627x5190. Data: {'name': 'Mr. Peter Sanchez', 'email': 'zacharyevans@example.net', 'phone': '626.254.8627x5190', 'url': 'http://jones.biz/', 'type': 'sms'}
[2021-08-31 23:14:41,512: INFO/ForkPoolWorker-1] concurrent_dispatcher.dispatch_concurrent[ad9570fe-409e-4fd5-8388-64d8511eec6f]: POST sent to http://www.soto.com/. Data: {'name': 'Joanna Lewis', 'email': 'erobertson@example.org', 'phone': '337-328-5018x4897', 'url': 'http://www.soto.com/', 'type': 'post'}
[2021-08-31 23:14:41,513: INFO/ForkPoolWorker-10] Task concurrent_dispatcher.dispatch_concurrent[15144cd8-47b0-4453-9149-6c6bdd04adb8] succeeded in 0.5016576819980401s: 'Done'
[2021-08-31 23:14:41,513: INFO/ForkPoolWorker-1] Task concurrent_dispatcher.dispatch_concurrent[ad9570fe-409e-4fd5-8388-64d8511eec6f] succeeded in 0.5017808780030464s: 'Done'
[2021-08-31 23:14:41,518: INFO/MainProcess] Task concurrent_dispatcher.dispatch_concurrent[3397b6ca-620d-4c8a-923c-ba9448334a03] received
[2021-08-31 23:14:41,522: INFO/ForkPoolWorker-11] concurrent_dispatcher.dispatch_concurrent[1249322e-4059-419a-9ee7-082a1d3aee6a]: EMAIL sent to phillippatterson@example.com. Data: {'name': 'Holly Atkins', 'email': 'phillippatterson@example.com', 'phone': '001-407-010-8492x3225', 'url': 'https://cole.com/', 'type': 'email'}
[2021-08-31 23:14:41,523: INFO/ForkPoolWorker-11] Task concurrent_dispatcher.dispatch_concurrent[1249322e-4059-419a-9ee7-082a1d3aee6a] succeeded in 0.5012073659963789s: 'Done'
[2021-08-31 23:14:41,531: INFO/MainProcess] Task concurrent_dispatcher.dispatch_concurrent[d877d928-74c5-457b-b436-58e3b58a08b2] received
[2021-08-31 23:14:41,536: INFO/MainProcess] Task concurrent_dispatcher.dispatch_concurrent[fed2772e-5724-4e47-8c31-0261f5305687] received
[2021-08-31 23:14:41,536: INFO/ForkPoolWorker-13] concurrent_dispatcher.dispatch_concurrent[751352f3-6a77-46e1-a40d-9f9a12b66192]: POST sent to https://www.gomez-henry.info/. Data: {'name': 'Michael Whitaker', 'email': 'roger98@example.com', 'phone': '482.742.1586', 'url': 'https://www.gomez-henry.info/', 'type': 'post'}
[2021-08-31 23:14:41,537: INFO/ForkPoolWorker-13] Task concurrent_dispatcher.dispatch_concurrent[751352f3-6a77-46e1-a40d-9f9a12b66192] succeeded in 0.500542261004739s: 'Done'
[2021-08-31 23:14:41,537: INFO/ForkPoolWorker-2] concurrent_dispatcher.dispatch_concurrent[d23153e6-a42a-4f44-817e-7299d3b502d0]: POST sent to https://anderson.com/. Data: {'name': 'Adam Jones', 'email': 'erikasmith@example.org', 'phone': None, 'url': 'https://anderson.com/', 'type': 'post'}
[2021-08-31 23:14:41,537: INFO/ForkPoolWorker-2] Task concurrent_dispatcher.dispatch_concurrent[d23153e6-a42a-4f44-817e-7299d3b502d0] succeeded in 0.5008842399984132s: 'Done'
[2021-08-31 23:14:41,539: INFO/MainProcess] Task concurrent_dispatcher.dispatch_concurrent[035f18c3-6f51-4b19-a108-e8ee088db1d8] received
[2021-08-31 23:14:41,540: INFO/ForkPoolWorker-13] concurrent_dispatcher.dispatch_concurrent[0f211459-3216-4ad5-ab7a-f36389bf2390]: POST notifier *FAILED* [Invalid NAME or URL] @ {'name': 'Cory Morris', 'email': 'ejackson@example.net', 'phone': '+1-668-963-2324x2909', 'url': None, 'type': 'post'}
[2021-08-31 23:14:41,540: INFO/ForkPoolWorker-2] concurrent_dispatcher.dispatch_concurrent[352b2dbb-b04a-4941-920e-12eb9b756d50]: SMS notifier *FAILED*  [Invalid NAME or PHONE] @ {'name': 'April Diaz', 'email': 'lcuevas@example.org', 'phone': None, 'url': 'http://guzman-martin.com/', 'type': 'sms'}
[2021-08-31 23:14:41,540: INFO/ForkPoolWorker-13] Task concurrent_dispatcher.dispatch_concurrent[0f211459-3216-4ad5-ab7a-f36389bf2390] succeeded in 0.00043598900083452463s: 'Done'
[2021-08-31 23:14:41,540: INFO/ForkPoolWorker-2] Task concurrent_dispatcher.dispatch_concurrent[352b2dbb-b04a-4941-920e-12eb9b756d50] succeeded in 0.00047961399832274765s: 'Done'
[2021-08-31 23:14:41,545: INFO/MainProcess] Task concurrent_dispatcher.dispatch_concurrent[00f72a39-38bc-4ac4-93e4-8fef001cb405] received
[2021-08-31 23:14:41,545: INFO/ForkPoolWorker-12] concurrent_dispatcher.dispatch_concurrent[cf4aa718-8233-4de4-b2a8-144a4e36fb7d]: EMAIL sent to ncruz@example.com. Data: {'name': 'Courtney Campbell', 'email': 'ncruz@example.com', 'phone': None, 'url': None, 'type': 'email'}
[2021-08-31 23:14:41,546: INFO/ForkPoolWorker-12] Task concurrent_dispatcher.dispatch_concurrent[cf4aa718-8233-4de4-b2a8-144a4e36fb7d] succeeded in 0.5008822269955999s: 'Done'
[2021-08-31 23:14:41,550: INFO/MainProcess] Task concurrent_dispatcher.dispatch_concurrent[0d01fb0b-ea53-4282-a2ee-6fb231b1c537] received
[2021-08-31 23:14:41,551: INFO/ForkPoolWorker-12] concurrent_dispatcher.dispatch_concurrent[ee8af064-8f5d-42ae-bff9-42a6b5cfb43d]: SMS notifier *FAILED*  [Invalid NAME or PHONE] @ {'name': 'Lauren Smith', 'email': 'mooremaria@example.net', 'phone': None, 'url': 'http://morris-williams.net/', 'type': 'sms'}
[2021-08-31 23:14:41,551: INFO/ForkPoolWorker-12] Task concurrent_dispatcher.dispatch_concurrent[ee8af064-8f5d-42ae-bff9-42a6b5cfb43d] succeeded in 0.0004149270025664009s: 'Done'
[2021-08-31 23:14:41,552: INFO/MainProcess] Task concurrent_dispatcher.dispatch_concurrent[ffc3523f-122a-405a-87d5-3490eb35aab8] received
[2021-08-31 23:14:41,555: INFO/MainProcess] Task concurrent_dispatcher.dispatch_concurrent[15e0b6c9-8a8b-427d-83a9-1d4b3c87201b] received
[2021-08-31 23:14:41,555: INFO/ForkPoolWorker-6] concurrent_dispatcher.dispatch_concurrent[c5564c13-70b1-43a2-819d-85b6c774d2a5]: SMS sent to (958)548-9658. Data: {'name': 'Patrick Ortiz', 'email': 'mary41@example.net', 'phone': '(958)548-9658', 'url': 'https://www.warner.org/', 'type': 'sms'}
[2021-08-31 23:14:41,555: INFO/ForkPoolWorker-3] concurrent_dispatcher.dispatch_concurrent[76eb945b-2162-42bc-a6d0-22120dbf56cc]: EMAIL sent to daniel40@example.com. Data: {'name': 'Johnny Nash', 'email': 'daniel40@example.com', 'phone': '001-617-225-8534', 'url': 'http://www.yang-smith.net/', 'type': 'email'}
[2021-08-31 23:14:41,556: INFO/ForkPoolWorker-6] Task concurrent_dispatcher.dispatch_concurrent[c5564c13-70b1-43a2-819d-85b6c774d2a5] succeeded in 0.5004295539984014s: 'Done'
[2021-08-31 23:14:41,556: INFO/ForkPoolWorker-3] Task concurrent_dispatcher.dispatch_concurrent[76eb945b-2162-42bc-a6d0-22120dbf56cc] succeeded in 0.500484301999677s: 'Done'
[2021-08-31 23:14:41,556: INFO/ForkPoolWorker-16] concurrent_dispatcher.dispatch_concurrent[77a7693c-098c-4de8-b7fd-965e8fd05979]: EMAIL sent to richardpatel@example.net. Data: {'name': 'Christopher Carroll', 'email': 'richardpatel@example.net', 'phone': '633.143.8088', 'url': 'http://www.hall-dalton.com/', 'type': 'email'}
[2021-08-31 23:14:41,556: INFO/ForkPoolWorker-16] Task concurrent_dispatcher.dispatch_concurrent[77a7693c-098c-4de8-b7fd-965e8fd05979] succeeded in 0.5008826379998936s: 'Done'
[2021-08-31 23:14:41,557: INFO/MainProcess] Task concurrent_dispatcher.dispatch_concurrent[1d06c7da-9148-4f46-bd71-a48440e71eb9] received
[2021-08-31 23:14:41,559: INFO/ForkPoolWorker-3] concurrent_dispatcher.dispatch_concurrent[fbaf6be8-6018-42b7-9090-3ef162d561f6]: EMAIL notifier *FAILED* [Invalid NAME or EMAIL] @ {'name': 'Michael Black', 'email': None, 'phone': '+1-733-697-1826', 'url': None, 'type': 'email'}
[2021-08-31 23:14:41,559: INFO/ForkPoolWorker-16] concurrent_dispatcher.dispatch_concurrent[62b31bfa-d510-4a97-bcb9-6ba5ef8a8b66]: EMAIL notifier *FAILED* [Invalid NAME or EMAIL] @ {'name': 'Kathleen Armstrong', 'email': None, 'phone': None, 'url': 'http://www.lopez.com/', 'type': 'email'}
[2021-08-31 23:14:41,559: INFO/ForkPoolWorker-3] Task concurrent_dispatcher.dispatch_concurrent[fbaf6be8-6018-42b7-9090-3ef162d561f6] succeeded in 0.0003820280035142787s: 'Done'
[2021-08-31 23:14:41,559: INFO/ForkPoolWorker-16] Task concurrent_dispatcher.dispatch_concurrent[62b31bfa-d510-4a97-bcb9-6ba5ef8a8b66] succeeded in 0.00039235900476342067s: 'Done'
[2021-08-31 23:14:41,560: INFO/MainProcess] Task concurrent_dispatcher.dispatch_concurrent[84bc4cb4-61f2-48e9-8bbf-c7e14fa9dd04] received
[2021-08-31 23:14:41,565: INFO/MainProcess] Task concurrent_dispatcher.dispatch_concurrent[fc6de248-fe47-4982-a95d-eb76689199a8] received
[2021-08-31 23:14:41,566: INFO/ForkPoolWorker-3] concurrent_dispatcher.dispatch_concurrent[a216a07a-a150-4036-aa72-f2982eccb4a4]: EMAIL notifier *FAILED* [Invalid NAME or EMAIL] @ {'name': 'Amanda Lindsey', 'email': None, 'phone': '247-657-3965x213', 'url': 'http://www.hobbs.com/', 'type': 'email'}
[2021-08-31 23:14:41,566: INFO/ForkPoolWorker-3] Task concurrent_dispatcher.dispatch_concurrent[a216a07a-a150-4036-aa72-f2982eccb4a4] succeeded in 0.0006108590023359284s: 'Done'
[2021-08-31 23:14:41,566: INFO/ForkPoolWorker-4] concurrent_dispatcher.dispatch_concurrent[53dca278-a2ab-4eda-89d2-1a57169d4988]: EMAIL sent to moorebrandon@example.com. Data: {'name': 'Mark Gutierrez', 'email': 'moorebrandon@example.com', 'phone': '979.949.9070', 'url': 'http://www.hill.com/', 'type': 'email'}
[2021-08-31 23:14:41,566: INFO/ForkPoolWorker-15] concurrent_dispatcher.dispatch_concurrent[829a786f-de4a-48ae-8092-e0871b896ec8]: POST sent to https://pacheco.com/. Data: {'name': 'Diana Daugherty MD', 'email': 'williamsstephanie@example.org', 'phone': '(466)044-7116', 'url': 'https://pacheco.com/', 'type': 'post'}
[2021-08-31 23:14:41,566: INFO/ForkPoolWorker-7] concurrent_dispatcher.dispatch_concurrent[c984c1c2-6487-4a44-98ee-b4b599e30877]: POST sent to https://harvey.net/. Data: {'name': 'David Taylor', 'email': 'iallen@example.org', 'phone': '+1-648-025-5052', 'url': 'https://harvey.net/', 'type': 'post'}
[2021-08-31 23:14:41,567: INFO/ForkPoolWorker-4] Task concurrent_dispatcher.dispatch_concurrent[53dca278-a2ab-4eda-89d2-1a57169d4988] succeeded in 0.5010836939982255s: 'Done'
[2021-08-31 23:14:41,567: INFO/ForkPoolWorker-7] Task concurrent_dispatcher.dispatch_concurrent[c984c1c2-6487-4a44-98ee-b4b599e30877] succeeded in 0.5010761059966171s: 'Done'
[2021-08-31 23:14:41,567: INFO/ForkPoolWorker-15] Task concurrent_dispatcher.dispatch_concurrent[829a786f-de4a-48ae-8092-e0871b896ec8] succeeded in 0.5011049250024371s: 'Done'
[2021-08-31 23:14:41,570: INFO/MainProcess] Task concurrent_dispatcher.dispatch_concurrent[af10f544-a1ab-4ff3-b030-7a14f764dacc] received
[2021-08-31 23:14:41,570: INFO/ForkPoolWorker-5] concurrent_dispatcher.dispatch_concurrent[1fb9f45f-e40e-4f72-98fa-c11a73d7f547]: POST sent to http://www.weber.com/. Data: {'name': 'Scott Shepard', 'email': 'michael45@example.net', 'phone': '967-992-9345', 'url': 'http://www.weber.com/', 'type': 'post'}
[2021-08-31 23:14:41,570: INFO/ForkPoolWorker-5] Task concurrent_dispatcher.dispatch_concurrent[1fb9f45f-e40e-4f72-98fa-c11a73d7f547] succeeded in 0.5009040310033015s: 'Done'
[2021-08-31 23:14:41,572: INFO/MainProcess] Task concurrent_dispatcher.dispatch_concurrent[76b9500a-72a9-4edf-b41d-a11e810e59de] received
[2021-08-31 23:14:41,573: INFO/ForkPoolWorker-4] concurrent_dispatcher.dispatch_concurrent[10839cf6-4503-4757-a3d7-2a4174988a9b]: POST notifier *FAILED* [Invalid NAME or URL] @ {'name': 'Jacob Miller', 'email': 'michaelfreeman@example.net', 'phone': None, 'url': None, 'type': 'post'}
[2021-08-31 23:14:41,573: INFO/ForkPoolWorker-4] Task concurrent_dispatcher.dispatch_concurrent[10839cf6-4503-4757-a3d7-2a4174988a9b] succeeded in 0.0003366599994478747s: 'Done'
[2021-08-31 23:14:41,574: INFO/MainProcess] Task concurrent_dispatcher.dispatch_concurrent[9daf42a0-72fa-45c5-8ed2-cf061d603701] received
[2021-08-31 23:14:41,576: INFO/ForkPoolWorker-14] concurrent_dispatcher.dispatch_concurrent[3fa3a002-e5f7-45c5-8a9b-504d21eb9b2a]: POST sent to https://black.net/. Data: {'name': 'Scott Reyes', 'email': None, 'phone': '462-232-1426x299', 'url': 'https://black.net/', 'type': 'post'}
[2021-08-31 23:14:41,577: INFO/ForkPoolWorker-14] Task concurrent_dispatcher.dispatch_concurrent[3fa3a002-e5f7-45c5-8a9b-504d21eb9b2a] succeeded in 0.5009620299970265s: 'Done'
[2021-08-31 23:14:41,579: INFO/MainProcess] Task concurrent_dispatcher.dispatch_concurrent[f58b89b1-fbaf-45ec-9f35-d611fdfa4b43] received
[2021-08-31 23:14:41,582: INFO/ForkPoolWorker-14] concurrent_dispatcher.dispatch_concurrent[d5074286-f05d-4963-be56-5ba38efd813d]: POST notifier *FAILED* [Invalid NAME or URL] @ {'name': 'Kara Johnson', 'email': 'petersonmark@example.com', 'phone': '273.283.8320', 'url': None, 'type': 'post'}
[2021-08-31 23:14:41,582: INFO/ForkPoolWorker-14] Task concurrent_dispatcher.dispatch_concurrent[d5074286-f05d-4963-be56-5ba38efd813d] succeeded in 0.0005654870037687942s: 'Done'
[2021-08-31 23:14:41,583: INFO/MainProcess] Task concurrent_dispatcher.dispatch_concurrent[0ce1b741-999e-4484-aaa8-37d54b6fff8f] received
[2021-08-31 23:14:41,970: INFO/ForkPoolWorker-9] concurrent_dispatcher.dispatch_concurrent[bba11274-f13a-4417-aaf9-a2195c759c1c]: SMS sent to 158-344-6572x652. Data: {'name': 'Kenneth Green', 'email': 'stephenphelps@example.org', 'phone': '158-344-6572x652', 'url': None, 'type': 'sms'}
[2021-08-31 23:14:41,971: INFO/ForkPoolWorker-9] Task concurrent_dispatcher.dispatch_concurrent[bba11274-f13a-4417-aaf9-a2195c759c1c] succeeded in 0.5009706989949336s: 'Done'
[2021-08-31 23:14:41,974: INFO/ForkPoolWorker-9] concurrent_dispatcher.dispatch_concurrent[1eb78e6e-ecde-4142-9363-57e55c919a9a]: EMAIL notifier *FAILED* [Invalid NAME or EMAIL] @ {'name': 'Amber Middleton', 'email': None, 'phone': '+1-505-377-6757x069', 'url': 'http://perry-wood.com/', 'type': 'email'}
[2021-08-31 23:14:41,974: INFO/ForkPoolWorker-9] Task concurrent_dispatcher.dispatch_concurrent[1eb78e6e-ecde-4142-9363-57e55c919a9a] succeeded in 0.0006520719980471767s: 'Done'
[2021-08-31 23:14:41,995: INFO/ForkPoolWorker-8] concurrent_dispatcher.dispatch_concurrent[bfe06b73-c954-4b87-9773-bb5aaef5f9b0]: EMAIL sent to qcastro@example.net. Data: {'name': 'Sean Williams', 'email': 'qcastro@example.net', 'phone': '4177147365', 'url': None, 'type': 'email'}
[2021-08-31 23:14:41,997: INFO/ForkPoolWorker-8] Task concurrent_dispatcher.dispatch_concurrent[bfe06b73-c954-4b87-9773-bb5aaef5f9b0] succeeded in 0.5017691970060696s: 'Done'
[2021-08-31 23:14:42,020: INFO/ForkPoolWorker-1] concurrent_dispatcher.dispatch_concurrent[5a3b9440-9dd2-4b66-9855-f356531965e1]: POST sent to http://gray.com/. Data: {'name': 'Sherri Hill', 'email': 'todd38@example.org', 'phone': '522.492.3042x81793', 'url': 'http://gray.com/', 'type': 'post'}
[2021-08-31 23:14:42,021: INFO/ForkPoolWorker-1] Task concurrent_dispatcher.dispatch_concurrent[5a3b9440-9dd2-4b66-9855-f356531965e1] succeeded in 0.5015530759992544s: 'Done'
[2021-08-31 23:14:42,022: INFO/ForkPoolWorker-10] concurrent_dispatcher.dispatch_concurrent[2ccd3a31-abb5-40b5-8322-6a2769f93a0b]: EMAIL sent to leejeff@example.org. Data: {'name': 'Anthony Mendoza', 'email': 'leejeff@example.org', 'phone': None, 'url': None, 'type': 'email'}
[2021-08-31 23:14:42,023: INFO/ForkPoolWorker-10] Task concurrent_dispatcher.dispatch_concurrent[2ccd3a31-abb5-40b5-8322-6a2769f93a0b] succeeded in 0.5032984619974741s: 'Done'
[2021-08-31 23:14:42,024: INFO/ForkPoolWorker-1] concurrent_dispatcher.dispatch_concurrent[380bd22c-60da-4d58-997c-c829c7d6af8f]: EMAIL notifier *FAILED* [Invalid NAME or EMAIL] @ {'name': 'Samuel Carpenter', 'email': None, 'phone': '(192)891-6833x809', 'url': None, 'type': 'email'}
[2021-08-31 23:14:42,025: INFO/ForkPoolWorker-1] Task concurrent_dispatcher.dispatch_concurrent[380bd22c-60da-4d58-997c-c829c7d6af8f] succeeded in 0.0009788210008991882s: 'Done'
[2021-08-31 23:14:42,033: INFO/ForkPoolWorker-11] concurrent_dispatcher.dispatch_concurrent[c0e75fea-bb72-48d9-89f3-e2484f2e3509]: EMAIL sent to riddlerobin@example.org. Data: {'name': 'Matthew Shah', 'email': 'riddlerobin@example.org', 'phone': '(478)701-7301x3219', 'url': 'https://www.bartlett-stark.com/', 'type': 'email'}
[2021-08-31 23:14:42,034: INFO/ForkPoolWorker-11] Task concurrent_dispatcher.dispatch_concurrent[c0e75fea-bb72-48d9-89f3-e2484f2e3509] succeeded in 0.5009115799985011s: 'Done'
[2021-08-31 23:14:42,044: INFO/ForkPoolWorker-2] concurrent_dispatcher.dispatch_concurrent[7d2a4196-9067-4b0e-bfd2-3c7fab5ea2e0]: EMAIL sent to elindsey@example.net. Data: {'name': 'Julie Reynolds', 'email': 'elindsey@example.net', 'phone': '(489)132-2197', 'url': 'http://howard-ramirez.biz/', 'type': 'email'}
[2021-08-31 23:14:42,044: INFO/ForkPoolWorker-13] concurrent_dispatcher.dispatch_concurrent[4bf5ee13-770c-43cf-a9c1-d4b2bd0b4f52]: POST sent to https://christian-riddle.com/. Data: {'name': 'Juan Smith', 'email': 'chadmurphy@example.net', 'phone': '839.627.7810x821', 'url': 'https://christian-riddle.com/', 'type': 'post'}
[2021-08-31 23:14:42,045: INFO/ForkPoolWorker-13] Task concurrent_dispatcher.dispatch_concurrent[4bf5ee13-770c-43cf-a9c1-d4b2bd0b4f52] succeeded in 0.5012104410052416s: 'Done'
[2021-08-31 23:14:42,045: INFO/ForkPoolWorker-2] Task concurrent_dispatcher.dispatch_concurrent[7d2a4196-9067-4b0e-bfd2-3c7fab5ea2e0] succeeded in 0.501187216003018s: 'Done'
[2021-08-31 23:14:42,057: INFO/ForkPoolWorker-12] concurrent_dispatcher.dispatch_concurrent[1b6749bd-bc74-463b-90d1-7632cf512a3f]: EMAIL sent to salazarmelanie@example.org. Data: {'name': 'Nicole Carter', 'email': 'salazarmelanie@example.org', 'phone': '982.105.0959', 'url': 'http://www.clayton-contreras.com/', 'type': 'email'}
[2021-08-31 23:14:42,058: INFO/ForkPoolWorker-12] Task concurrent_dispatcher.dispatch_concurrent[1b6749bd-bc74-463b-90d1-7632cf512a3f] succeeded in 0.5005876340001123s: 'Done'
[2021-08-31 23:14:42,059: INFO/ForkPoolWorker-6] concurrent_dispatcher.dispatch_concurrent[cf19fb09-0a78-478c-a80e-bbf2f9f8f95b]: EMAIL sent to joseph89@example.net. Data: {'name': 'Joshua Higgins', 'email': 'joseph89@example.net', 'phone': None, 'url': None, 'type': 'email'}
[2021-08-31 23:14:42,060: INFO/ForkPoolWorker-6] Task concurrent_dispatcher.dispatch_concurrent[cf19fb09-0a78-478c-a80e-bbf2f9f8f95b] succeeded in 0.5005299029944581s: 'Done'
[2021-08-31 23:14:42,060: INFO/ForkPoolWorker-6] concurrent_dispatcher.dispatch_concurrent[a7ff89a9-74d0-4457-b8c3-ff9a3c855ff7]: EMAIL notifier *FAILED* [Invalid NAME or EMAIL] @ {'name': 'Scott Hunt', 'email': None, 'phone': '509-608-4623x7855', 'url': 'http://www.odom.com/', 'type': 'email'}
[2021-08-31 23:14:42,061: INFO/ForkPoolWorker-6] Task concurrent_dispatcher.dispatch_concurrent[a7ff89a9-74d0-4457-b8c3-ff9a3c855ff7] succeeded in 0.00026354999863542616s: 'Done'
[2021-08-31 23:14:42,066: INFO/ForkPoolWorker-16] concurrent_dispatcher.dispatch_concurrent[4fa2db1a-bd70-47d3-9eb0-74d09421dfd4]: SMS sent to 001-133-348-6621x1289. Data: {'name': 'David Ramos', 'email': 'conniehill@example.org', 'phone': '001-133-348-6621x1289', 'url': 'https://villa.com/', 'type': 'sms'}
[2021-08-31 23:14:42,067: INFO/ForkPoolWorker-16] Task concurrent_dispatcher.dispatch_concurrent[4fa2db1a-bd70-47d3-9eb0-74d09421dfd4] succeeded in 0.500867370996275s: 'Done'
[2021-08-31 23:14:42,073: INFO/ForkPoolWorker-3] concurrent_dispatcher.dispatch_concurrent[b1188bd8-2290-442d-a72d-2e430711b34d]: POST sent to https://wilson-finley.com/. Data: {'name': 'Evan Baldwin', 'email': 'idelgado@example.com', 'phone': None, 'url': 'https://wilson-finley.com/', 'type': 'post'}
[2021-08-31 23:14:42,073: INFO/ForkPoolWorker-3] Task concurrent_dispatcher.dispatch_concurrent[b1188bd8-2290-442d-a72d-2e430711b34d] succeeded in 0.5004457669929252s: 'Done'
[2021-08-31 23:14:42,073: INFO/ForkPoolWorker-5] concurrent_dispatcher.dispatch_concurrent[5e06f320-96a9-41bd-a7ea-6138a681b126]: SMS sent to 001-956-018-2484x69520. Data: {'name': 'Trevor Schultz', 'email': 'jamieward@example.com', 'phone': '001-956-018-2484x69520', 'url': 'https://www.bonilla.com/', 'type': 'sms'}
[2021-08-31 23:14:42,073: INFO/ForkPoolWorker-7] concurrent_dispatcher.dispatch_concurrent[b418bb35-1fbc-4010-96e7-18e2a11295fd]: EMAIL sent to dawn02@example.org. Data: {'name': 'Michael Jones', 'email': 'dawn02@example.org', 'phone': None, 'url': 'https://munoz-woods.net/', 'type': 'email'}
[2021-08-31 23:14:42,073: INFO/ForkPoolWorker-15] concurrent_dispatcher.dispatch_concurrent[a39f0ac7-5db8-4db5-9692-e532f91e4404]: EMAIL sent to katie90@example.com. Data: {'name': 'Pamela Kramer', 'email': 'katie90@example.com', 'phone': '(979)440-8573x03490', 'url': 'https://beck.com/', 'type': 'email'}
[2021-08-31 23:14:42,074: INFO/ForkPoolWorker-5] Task concurrent_dispatcher.dispatch_concurrent[5e06f320-96a9-41bd-a7ea-6138a681b126] succeeded in 0.5009995930013247s: 'Done'
[2021-08-31 23:14:42,074: INFO/ForkPoolWorker-7] Task concurrent_dispatcher.dispatch_concurrent[b418bb35-1fbc-4010-96e7-18e2a11295fd] succeeded in 0.5010199349999311s: 'Done'
[2021-08-31 23:14:42,074: INFO/ForkPoolWorker-15] Task concurrent_dispatcher.dispatch_concurrent[a39f0ac7-5db8-4db5-9692-e532f91e4404] succeeded in 0.5010963829990942s: 'Done'
[2021-08-31 23:14:42,082: INFO/ForkPoolWorker-4] concurrent_dispatcher.dispatch_concurrent[ae29771f-efbc-45e4-be7c-7fffbb1baf8c]: POST sent to https://www.blackwell-eaton.com/. Data: {'name': 'Chad Alexander', 'email': 'taylorcunningham@example.com', 'phone': '+1-619-781-2926x72778', 'url': 'https://www.blackwell-eaton.com/', 'type': 'post'}
[2021-08-31 23:14:42,083: INFO/ForkPoolWorker-4] Task concurrent_dispatcher.dispatch_concurrent[ae29771f-efbc-45e4-be7c-7fffbb1baf8c] succeeded in 0.5010627489973558s: 'Done'
[2021-08-31 23:14:42,084: INFO/ForkPoolWorker-4] concurrent_dispatcher.dispatch_concurrent[88a9856c-f5a4-4f99-8ac5-c605d50b3a1b]: EMAIL notifier *FAILED* [Invalid NAME or EMAIL] @ {'name': 'Yvonne Williams', 'email': None, 'phone': '001-918-819-3897x83773', 'url': None, 'type': 'email'}
[2021-08-31 23:14:42,084: INFO/ForkPoolWorker-4] Task concurrent_dispatcher.dispatch_concurrent[88a9856c-f5a4-4f99-8ac5-c605d50b3a1b] succeeded in 0.0004305890033720061s: 'Done'
[2021-08-31 23:14:42,086: INFO/ForkPoolWorker-14] concurrent_dispatcher.dispatch_concurrent[73d6d32e-3772-49fc-af6a-84f763881462]: EMAIL sent to kevincollins@example.net. Data: {'name': 'Brandi Hoover DVM', 'email': 'kevincollins@example.net', 'phone': '001-515-530-8554x188', 'url': 'http://ball.com/', 'type': 'email'}
[2021-08-31 23:14:42,087: INFO/ForkPoolWorker-14] Task concurrent_dispatcher.dispatch_concurrent[73d6d32e-3772-49fc-af6a-84f763881462] succeeded in 0.5005957230023341s: 'Done'
[2021-08-31 23:14:42,088: INFO/ForkPoolWorker-14] concurrent_dispatcher.dispatch_concurrent[43f59cab-badf-43c5-8ca3-a687889e5804]: EMAIL notifier *FAILED* [Invalid NAME or EMAIL] @ {'name': 'Gary Martin', 'email': None, 'phone': None, 'url': 'http://martinez-romero.com/', 'type': 'email'}
[2021-08-31 23:14:42,088: INFO/ForkPoolWorker-14] Task concurrent_dispatcher.dispatch_concurrent[43f59cab-badf-43c5-8ca3-a687889e5804] succeeded in 0.00029966099828016013s: 'Done'
[2021-08-31 23:14:42,480: INFO/ForkPoolWorker-9] concurrent_dispatcher.dispatch_concurrent[c25e6a22-82f5-443e-91c1-0de9be552624]: SMS sent to 535-494-1419x5239. Data: {'name': 'Bryan Watts', 'email': 'thomasjones@example.net', 'phone': '535-494-1419x5239', 'url': 'http://lewis.com/', 'type': 'sms'}
[2021-08-31 23:14:42,481: INFO/ForkPoolWorker-9] Task concurrent_dispatcher.dispatch_concurrent[c25e6a22-82f5-443e-91c1-0de9be552624] succeeded in 0.5019806299969787s: 'Done'
[2021-08-31 23:14:42,500: INFO/ForkPoolWorker-8] concurrent_dispatcher.dispatch_concurrent[009de03a-d316-44d0-987f-4145f60fd05c]: SMS sent to +1-232-718-9279x490. Data: {'name': 'Nicole Young', 'email': 'adam75@example.com', 'phone': '+1-232-718-9279x490', 'url': 'http://garza-reynolds.com/', 'type': 'sms'}
[2021-08-31 23:14:42,501: INFO/ForkPoolWorker-8] Task concurrent_dispatcher.dispatch_concurrent[009de03a-d316-44d0-987f-4145f60fd05c] succeeded in 0.5010755729963421s: 'Done'
[2021-08-31 23:14:42,528: INFO/ForkPoolWorker-1] concurrent_dispatcher.dispatch_concurrent[227098cc-b0e6-4ea8-92fb-5bbd62be570c]: POST sent to https://www.carlson-montes.net/. Data: {'name': 'Daniel Carter MD', 'email': None, 'phone': '(800)418-7220x76283', 'url': 'https://www.carlson-montes.net/', 'type': 'post'}
[2021-08-31 23:14:42,528: INFO/ForkPoolWorker-10] concurrent_dispatcher.dispatch_concurrent[bce8829b-35d1-4e30-abd4-0d5fb151e179]: POST sent to http://huang.com/. Data: {'name': 'Michael Murray', 'email': 'chadsanchez@example.org', 'phone': '(179)463-5122', 'url': 'http://huang.com/', 'type': 'post'}
[2021-08-31 23:14:42,529: INFO/ForkPoolWorker-10] Task concurrent_dispatcher.dispatch_concurrent[bce8829b-35d1-4e30-abd4-0d5fb151e179] succeeded in 0.5010057649997179s: 'Done'
[2021-08-31 23:14:42,529: INFO/ForkPoolWorker-1] Task concurrent_dispatcher.dispatch_concurrent[227098cc-b0e6-4ea8-92fb-5bbd62be570c] succeeded in 0.5010066399991047s: 'Done'
[2021-08-31 23:14:42,531: INFO/ForkPoolWorker-10] concurrent_dispatcher.dispatch_concurrent[8c6dd752-61e1-4dfe-b0b9-1a460c9723dc]: EMAIL notifier *FAILED* [Invalid NAME or EMAIL] @ {'name': 'Cindy Nichols', 'email': None, 'phone': '+1-092-326-3145', 'url': 'https://miller-young.com/', 'type': 'email'}
[2021-08-31 23:14:42,531: INFO/ForkPoolWorker-10] Task concurrent_dispatcher.dispatch_concurrent[8c6dd752-61e1-4dfe-b0b9-1a460c9723dc] succeeded in 0.00048141900333575904s: 'Done'
[2021-08-31 23:14:42,535: INFO/ForkPoolWorker-11] concurrent_dispatcher.dispatch_concurrent[2c709161-f40c-4ada-9303-2bde68f6c5f4]: POST sent to http://miller.com/. Data: {'name': 'Joy Gallagher', 'email': 'jnixon@example.com', 'phone': '5841965166', 'url': 'http://miller.com/', 'type': 'post'}
[2021-08-31 23:14:42,536: INFO/ForkPoolWorker-11] Task concurrent_dispatcher.dispatch_concurrent[2c709161-f40c-4ada-9303-2bde68f6c5f4] succeeded in 0.5005942319985479s: 'Done'
[2021-08-31 23:14:42,547: INFO/ForkPoolWorker-13] concurrent_dispatcher.dispatch_concurrent[86e71138-677f-49fe-8b9f-738cfcbe9d38]: SMS sent to 001-449-468-8104. Data: {'name': 'Mark Estrada', 'email': 'amy01@example.org', 'phone': '001-449-468-8104', 'url': 'https://landry.com/', 'type': 'sms'}
[2021-08-31 23:14:42,547: INFO/ForkPoolWorker-2] concurrent_dispatcher.dispatch_concurrent[aff5744a-e998-4823-a8a6-5785ffc45fd1]: POST sent to http://miller-rivera.com/. Data: {'name': 'Teresa Martin', 'email': None, 'phone': '193-178-5451', 'url': 'http://miller-rivera.com/', 'type': 'post'}
[2021-08-31 23:14:42,548: INFO/ForkPoolWorker-13] Task concurrent_dispatcher.dispatch_concurrent[86e71138-677f-49fe-8b9f-738cfcbe9d38] succeeded in 0.5008704810024938s: 'Done'
[2021-08-31 23:14:42,548: INFO/ForkPoolWorker-2] Task concurrent_dispatcher.dispatch_concurrent[aff5744a-e998-4823-a8a6-5785ffc45fd1] succeeded in 0.500922500003071s: 'Done'
[2021-08-31 23:14:42,549: INFO/ForkPoolWorker-13] concurrent_dispatcher.dispatch_concurrent[e0ca72d7-455a-40de-b56f-3eb1f138fdd4]: SMS notifier *FAILED*  [Invalid NAME or PHONE] @ {'name': 'Steven Walton', 'email': 'ramossharon@example.org', 'phone': None, 'url': 'https://goodman.com/', 'type': 'sms'}
[2021-08-31 23:14:42,550: INFO/ForkPoolWorker-13] Task concurrent_dispatcher.dispatch_concurrent[e0ca72d7-455a-40de-b56f-3eb1f138fdd4] succeeded in 0.00031784799648448825s: 'Done'
[2021-08-31 23:14:42,559: INFO/ForkPoolWorker-12] concurrent_dispatcher.dispatch_concurrent[f6293e41-468c-49cc-ac78-2e10084de421]: EMAIL sent to christopher93@example.net. Data: {'name': 'Jasmine Anderson', 'email': 'christopher93@example.net', 'phone': '+1-152-084-6860x0958', 'url': 'http://fernandez.info/', 'type': 'email'}
[2021-08-31 23:14:42,559: INFO/ForkPoolWorker-12] Task concurrent_dispatcher.dispatch_concurrent[f6293e41-468c-49cc-ac78-2e10084de421] succeeded in 0.5009293879993493s: 'Done'
[2021-08-31 23:14:42,560: INFO/ForkPoolWorker-12] concurrent_dispatcher.dispatch_concurrent[95c5fb26-8cb4-45ba-bebf-2835c52e62b8]: POST notifier *FAILED* [Invalid NAME or URL] @ {'name': 'Veronica Johnson', 'email': 'ssmith@example.net', 'phone': '058.357.9948x690', 'url': None, 'type': 'post'}
[2021-08-31 23:14:42,561: INFO/ForkPoolWorker-12] Task concurrent_dispatcher.dispatch_concurrent[95c5fb26-8cb4-45ba-bebf-2835c52e62b8] succeeded in 0.0004064029999426566s: 'Done'
[2021-08-31 23:14:42,563: INFO/ForkPoolWorker-6] concurrent_dispatcher.dispatch_concurrent[656ebdb4-7b61-4aa5-a468-359c245cc71e]: EMAIL sent to anthonyforbes@example.net. Data: {'name': 'Cheryl Townsend', 'email': 'anthonyforbes@example.net', 'phone': '(058)348-0291', 'url': 'http://chavez.net/', 'type': 'email'}
[2021-08-31 23:14:42,564: INFO/ForkPoolWorker-6] Task concurrent_dispatcher.dispatch_concurrent[656ebdb4-7b61-4aa5-a468-359c245cc71e] succeeded in 0.5013680410047527s: 'Done'
[2021-08-31 23:14:42,568: INFO/ForkPoolWorker-16] concurrent_dispatcher.dispatch_concurrent[f69827af-b6a3-4273-bd89-11b9e5659d48]: POST sent to http://jacobs-cruz.com/. Data: {'name': 'John Holden', 'email': 'sabrina23@example.net', 'phone': '209-682-1304x258', 'url': 'http://jacobs-cruz.com/', 'type': 'post'}
[2021-08-31 23:14:42,569: INFO/ForkPoolWorker-16] Task concurrent_dispatcher.dispatch_concurrent[f69827af-b6a3-4273-bd89-11b9e5659d48] succeeded in 0.5010426429944346s: 'Done'
[2021-08-31 23:14:42,570: INFO/ForkPoolWorker-16] concurrent_dispatcher.dispatch_concurrent[89dea827-81f9-410c-a47d-56fb74eee642]: EMAIL notifier *FAILED* [Invalid NAME or EMAIL] @ {'name': 'Erika Hunt', 'email': None, 'phone': None, 'url': None, 'type': 'email'}
[2021-08-31 23:14:42,570: INFO/ForkPoolWorker-16] Task concurrent_dispatcher.dispatch_concurrent[89dea827-81f9-410c-a47d-56fb74eee642] succeeded in 0.00036799299414269626s: 'Done'
[2021-08-31 23:14:42,575: INFO/ForkPoolWorker-5] concurrent_dispatcher.dispatch_concurrent[ea25c4ef-c433-4626-9add-8314fb4f5465]: SMS sent to (898)272-8635x9902. Data: {'name': 'Lisa Silva', 'email': 'cgray@example.net', 'phone': '(898)272-8635x9902', 'url': 'http://wilson.org/', 'type': 'sms'}
[2021-08-31 23:14:42,575: INFO/ForkPoolWorker-15] concurrent_dispatcher.dispatch_concurrent[9962dae8-f8bf-4879-ae01-09a16f8136d2]: POST sent to https://www.turner.com/. Data: {'name': 'John Goodman', 'email': None, 'phone': '+1-329-029-4680x60503', 'url': 'https://www.turner.com/', 'type': 'post'}
[2021-08-31 23:14:42,575: INFO/ForkPoolWorker-7] concurrent_dispatcher.dispatch_concurrent[4ea54b83-d006-4e30-bed1-93d222c2f7ac]: POST sent to http://case.info/. Data: {'name': 'Mr. Victor Allen II', 'email': None, 'phone': '+1-123-166-9177x3355', 'url': 'http://case.info/', 'type': 'post'}
[2021-08-31 23:14:42,575: INFO/ForkPoolWorker-3] concurrent_dispatcher.dispatch_concurrent[ec3d5684-2bad-4b3a-afb3-1502a537b84b]: EMAIL sent to vsanders@example.net. Data: {'name': 'Karen Smith', 'email': 'vsanders@example.net', 'phone': '+1-544-647-0908x94176', 'url': 'https://trujillo.info/', 'type': 'email'}
[2021-08-31 23:14:42,576: INFO/ForkPoolWorker-5] Task concurrent_dispatcher.dispatch_concurrent[ea25c4ef-c433-4626-9add-8314fb4f5465] succeeded in 0.5005559110068134s: 'Done'
[2021-08-31 23:14:42,576: INFO/ForkPoolWorker-7] Task concurrent_dispatcher.dispatch_concurrent[4ea54b83-d006-4e30-bed1-93d222c2f7ac] succeeded in 0.5005778380000265s: 'Done'
[2021-08-31 23:14:42,576: INFO/ForkPoolWorker-3] Task concurrent_dispatcher.dispatch_concurrent[ec3d5684-2bad-4b3a-afb3-1502a537b84b] succeeded in 0.5006575890001841s: 'Done'
[2021-08-31 23:14:42,576: INFO/ForkPoolWorker-15] Task concurrent_dispatcher.dispatch_concurrent[9962dae8-f8bf-4879-ae01-09a16f8136d2] succeeded in 0.5005891109976801s: 'Done'
[2021-08-31 23:14:42,577: INFO/ForkPoolWorker-3] concurrent_dispatcher.dispatch_concurrent[d37ec60e-1a4f-48e8-94d8-d35b826965bb]: POST notifier *FAILED* [Invalid NAME or URL] @ {'name': 'Samantha Bird', 'email': 'vstevens@example.org', 'phone': '+1-888-459-3938', 'url': None, 'type': 'post'}
[2021-08-31 23:14:42,577: INFO/ForkPoolWorker-3] Task concurrent_dispatcher.dispatch_concurrent[d37ec60e-1a4f-48e8-94d8-d35b826965bb] succeeded in 0.0004365900022094138s: 'Done'
[2021-08-31 23:14:42,586: INFO/ForkPoolWorker-4] concurrent_dispatcher.dispatch_concurrent[bc611030-3ae1-44dd-81c7-966623675a45]: EMAIL sent to friedmanlisa@example.org. Data: {'name': 'Diane Jacobs', 'email': 'friedmanlisa@example.org', 'phone': None, 'url': 'http://www.carpenter-wheeler.info/', 'type': 'email'}
[2021-08-31 23:14:42,587: INFO/ForkPoolWorker-4] Task concurrent_dispatcher.dispatch_concurrent[bc611030-3ae1-44dd-81c7-966623675a45] succeeded in 0.5005648470032611s: 'Done'
[2021-08-31 23:14:42,587: INFO/ForkPoolWorker-4] concurrent_dispatcher.dispatch_concurrent[8f4d852d-e394-474e-893e-0f95d12b956a]: EMAIL notifier *FAILED* [Invalid NAME or EMAIL] @ {'name': 'David White', 'email': None, 'phone': '298-577-3338x4796', 'url': 'http://vazquez.org/', 'type': 'email'}
[2021-08-31 23:14:42,587: INFO/ForkPoolWorker-4] Task concurrent_dispatcher.dispatch_concurrent[8f4d852d-e394-474e-893e-0f95d12b956a] succeeded in 0.00023515100474469364s: 'Done'
[2021-08-31 23:14:42,589: INFO/ForkPoolWorker-14] concurrent_dispatcher.dispatch_concurrent[c5752a23-f1ab-4d31-a8eb-2bf0b0246c5a]: EMAIL sent to williamhill@example.com. Data: {'name': 'Colin Cruz', 'email': 'williamhill@example.com', 'phone': None, 'url': 'https://www.henry.info/', 'type': 'email'}
[2021-08-31 23:14:42,589: INFO/ForkPoolWorker-14] Task concurrent_dispatcher.dispatch_concurrent[c5752a23-f1ab-4d31-a8eb-2bf0b0246c5a] succeeded in 0.5005882520054001s: 'Done'
[2021-08-31 23:14:42,984: INFO/ForkPoolWorker-9] concurrent_dispatcher.dispatch_concurrent[a773f7c3-fee4-494a-a661-deb1f19f9e26]: POST sent to http://www.freeman-blair.com/. Data: {'name': 'Mason Frey', 'email': None, 'phone': None, 'url': 'http://www.freeman-blair.com/', 'type': 'post'}
[2021-08-31 23:14:42,985: INFO/ForkPoolWorker-9] Task concurrent_dispatcher.dispatch_concurrent[a773f7c3-fee4-494a-a661-deb1f19f9e26] succeeded in 0.5006813470026827s: 'Done'
[2021-08-31 23:14:43,002: INFO/ForkPoolWorker-8] concurrent_dispatcher.dispatch_concurrent[becb7d67-854d-4c4d-a0ab-e16142fabfdb]: EMAIL sent to mario94@example.com. Data: {'name': 'Tara Foley', 'email': 'mario94@example.com', 'phone': None, 'url': 'https://www.richards.com/', 'type': 'email'}
[2021-08-31 23:14:43,002: INFO/ForkPoolWorker-8] Task concurrent_dispatcher.dispatch_concurrent[becb7d67-854d-4c4d-a0ab-e16142fabfdb] succeeded in 0.5008853429972078s: 'Done'
[2021-08-31 23:14:43,003: INFO/ForkPoolWorker-8] concurrent_dispatcher.dispatch_concurrent[035f18c3-6f51-4b19-a108-e8ee088db1d8]: SMS notifier *FAILED*  [Invalid NAME or PHONE] @ {'name': 'Bradley Delgado', 'email': 'darrell14@example.net', 'phone': None, 'url': 'http://www.daniels.com/', 'type': 'sms'}
[2021-08-31 23:14:43,003: INFO/ForkPoolWorker-8] Task concurrent_dispatcher.dispatch_concurrent[035f18c3-6f51-4b19-a108-e8ee088db1d8] succeeded in 0.0001875689995358698s: 'Done'
[2021-08-31 23:14:43,031: INFO/ForkPoolWorker-1] concurrent_dispatcher.dispatch_concurrent[09b389a3-7d76-4bab-989a-2f1c0887d044]: EMAIL sent to cooperkaitlyn@example.org. Data: {'name': 'Andrea Snyder', 'email': 'cooperkaitlyn@example.org', 'phone': '(766)200-2695', 'url': None, 'type': 'email'}
[2021-08-31 23:14:43,032: INFO/ForkPoolWorker-1] Task concurrent_dispatcher.dispatch_concurrent[09b389a3-7d76-4bab-989a-2f1c0887d044] succeeded in 0.5010705519962357s: 'Done'
[2021-08-31 23:14:43,034: INFO/ForkPoolWorker-10] concurrent_dispatcher.dispatch_concurrent[b8c61194-4161-4d26-a6d3-47b7b3bb4eeb]: POST sent to https://www.stevenson.com/. Data: {'name': 'Ashley Stanley', 'email': 'gdoyle@example.org', 'phone': '668-515-1218', 'url': 'https://www.stevenson.com/', 'type': 'post'}
[2021-08-31 23:14:43,035: INFO/ForkPoolWorker-10] Task concurrent_dispatcher.dispatch_concurrent[b8c61194-4161-4d26-a6d3-47b7b3bb4eeb] succeeded in 0.5008869709999999s: 'Done'
[2021-08-31 23:14:43,036: INFO/ForkPoolWorker-10] concurrent_dispatcher.dispatch_concurrent[ffc3523f-122a-405a-87d5-3490eb35aab8]: SMS notifier *FAILED*  [Invalid NAME or PHONE] @ {'name': 'Charles Franco', 'email': 'matthew33@example.com', 'phone': None, 'url': 'https://www.morris-ray.com/', 'type': 'sms'}
[2021-08-31 23:14:43,036: INFO/ForkPoolWorker-10] Task concurrent_dispatcher.dispatch_concurrent[ffc3523f-122a-405a-87d5-3490eb35aab8] succeeded in 0.00033289199927821755s: 'Done'
[2021-08-31 23:14:43,037: INFO/ForkPoolWorker-11] concurrent_dispatcher.dispatch_concurrent[ed7cdae7-aa6e-4a57-8ce1-71745147c749]: EMAIL sent to abrown@example.com. Data: {'name': 'Toni Frazier', 'email': 'abrown@example.com', 'phone': '386.666.6674x2516', 'url': None, 'type': 'email'}
[2021-08-31 23:14:43,037: INFO/ForkPoolWorker-11] Task concurrent_dispatcher.dispatch_concurrent[ed7cdae7-aa6e-4a57-8ce1-71745147c749] succeeded in 0.5009161319976556s: 'Done'
[2021-08-31 23:14:43,050: INFO/ForkPoolWorker-2] concurrent_dispatcher.dispatch_concurrent[90c15d9e-fc99-4189-823c-6d9e2139a022]: EMAIL sent to kho@example.net. Data: {'name': 'Mr. Steve Smith', 'email': 'kho@example.net', 'phone': '(798)948-9746', 'url': 'http://www.king.biz/', 'type': 'email'}
[2021-08-31 23:14:43,050: INFO/ForkPoolWorker-2] Task concurrent_dispatcher.dispatch_concurrent[90c15d9e-fc99-4189-823c-6d9e2139a022] succeeded in 0.5008921709959395s: 'Done'
[2021-08-31 23:14:43,052: INFO/ForkPoolWorker-13] concurrent_dispatcher.dispatch_concurrent[8439e1ba-b936-4f54-927e-c4d88290cc2b]: POST sent to http://miller-johnson.com/. Data: {'name': 'Lucas Love', 'email': 'connoradams@example.net', 'phone': '+1-759-301-4387', 'url': 'http://miller-johnson.com/', 'type': 'post'}
[2021-08-31 23:14:43,052: INFO/ForkPoolWorker-13] Task concurrent_dispatcher.dispatch_concurrent[8439e1ba-b936-4f54-927e-c4d88290cc2b] succeeded in 0.5008235679997597s: 'Done'
[2021-08-31 23:14:43,063: INFO/ForkPoolWorker-12] concurrent_dispatcher.dispatch_concurrent[dce3a3c0-332b-40c1-b71b-3c9b88c18936]: POST sent to http://munoz.net/. Data: {'name': 'Luis Nicholson', 'email': 'wbartlett@example.com', 'phone': None, 'url': 'http://munoz.net/', 'type': 'post'}
[2021-08-31 23:14:43,063: INFO/ForkPoolWorker-12] Task concurrent_dispatcher.dispatch_concurrent[dce3a3c0-332b-40c1-b71b-3c9b88c18936] succeeded in 0.5008328830008395s: 'Done'
[2021-08-31 23:14:43,066: INFO/ForkPoolWorker-6] concurrent_dispatcher.dispatch_concurrent[b59a6095-5e9e-4f6c-89da-0f413130e332]: EMAIL sent to hreid@example.com. Data: {'name': 'Michael Martinez', 'email': 'hreid@example.com', 'phone': '+1-257-260-0185x2878', 'url': 'http://www.davis-bowman.com/', 'type': 'email'}
[2021-08-31 23:14:43,066: INFO/ForkPoolWorker-6] Task concurrent_dispatcher.dispatch_concurrent[b59a6095-5e9e-4f6c-89da-0f413130e332] succeeded in 0.5008956669989857s: 'Done'
[2021-08-31 23:14:43,067: INFO/ForkPoolWorker-6] concurrent_dispatcher.dispatch_concurrent[76b9500a-72a9-4edf-b41d-a11e810e59de]: POST notifier *FAILED* [Invalid NAME or URL] @ {'name': 'William Fisher', 'email': None, 'phone': '802-294-0766x889', 'url': None, 'type': 'post'}
[2021-08-31 23:14:43,067: INFO/ForkPoolWorker-6] Task concurrent_dispatcher.dispatch_concurrent[76b9500a-72a9-4edf-b41d-a11e810e59de] succeeded in 0.0001523870014352724s: 'Done'
[2021-08-31 23:14:43,072: INFO/ForkPoolWorker-16] concurrent_dispatcher.dispatch_concurrent[76f396a7-2fb3-47d3-86c0-342e0c97466c]: POST sent to http://www.sanders-grant.com/. Data: {'name': 'John Delgado', 'email': 'xpatterson@example.net', 'phone': '+1-285-110-2769x181', 'url': 'http://www.sanders-grant.com/', 'type': 'post'}
[2021-08-31 23:14:43,072: INFO/ForkPoolWorker-16] Task concurrent_dispatcher.dispatch_concurrent[76f396a7-2fb3-47d3-86c0-342e0c97466c] succeeded in 0.5008220899981097s: 'Done'
[2021-08-31 23:14:43,077: INFO/ForkPoolWorker-5] concurrent_dispatcher.dispatch_concurrent[fc6428da-9972-4513-99b0-be58187a00af]: SMS sent to (961)717-9628x568. Data: {'name': 'Rachel Hall', 'email': None, 'phone': '(961)717-9628x568', 'url': 'https://www.hernandez-mayer.org/', 'type': 'sms'}
[2021-08-31 23:14:43,077: INFO/ForkPoolWorker-7] concurrent_dispatcher.dispatch_concurrent[e9e0dcad-973f-4167-a8f6-b15980a46bf9]: POST sent to http://terry.com/. Data: {'name': 'Teresa Cannon', 'email': None, 'phone': '661-852-9593', 'url': 'http://terry.com/', 'type': 'post'}
[2021-08-31 23:14:43,077: INFO/ForkPoolWorker-15] concurrent_dispatcher.dispatch_concurrent[1d0b67d0-4a8c-447b-82b4-bb52c9cf49ac]: EMAIL sent to eugene20@example.net. Data: {'name': 'Matthew Ross', 'email': 'eugene20@example.net', 'phone': '(759)657-9722x559', 'url': 'https://www.buckley.com/', 'type': 'email'}
[2021-08-31 23:14:43,077: INFO/ForkPoolWorker-7] Task concurrent_dispatcher.dispatch_concurrent[e9e0dcad-973f-4167-a8f6-b15980a46bf9] succeeded in 0.5007462080029654s: 'Done'
[2021-08-31 23:14:43,077: INFO/ForkPoolWorker-5] Task concurrent_dispatcher.dispatch_concurrent[fc6428da-9972-4513-99b0-be58187a00af] succeeded in 0.5007500800056732s: 'Done'
[2021-08-31 23:14:43,078: INFO/ForkPoolWorker-15] Task concurrent_dispatcher.dispatch_concurrent[1d0b67d0-4a8c-447b-82b4-bb52c9cf49ac] succeeded in 0.5008002719987417s: 'Done'
[2021-08-31 23:14:43,078: INFO/ForkPoolWorker-15] concurrent_dispatcher.dispatch_concurrent[0ce1b741-999e-4484-aaa8-37d54b6fff8f]: POST notifier *FAILED* [Invalid NAME or URL] @ {'name': 'Matthew Schwartz', 'email': 'geoffrey45@example.net', 'phone': None, 'url': None, 'type': 'post'}
[2021-08-31 23:14:43,079: INFO/ForkPoolWorker-15] Task concurrent_dispatcher.dispatch_concurrent[0ce1b741-999e-4484-aaa8-37d54b6fff8f] succeeded in 0.00019856200378853828s: 'Done'
[2021-08-31 23:14:43,082: INFO/ForkPoolWorker-3] concurrent_dispatcher.dispatch_concurrent[e11aa62c-603a-41e3-81ed-a0d43de1e9e3]: EMAIL sent to karenduncan@example.org. Data: {'name': 'Kristy Mathis', 'email': 'karenduncan@example.org', 'phone': '(330)873-0588x0540', 'url': 'http://murphy.com/', 'type': 'email'}
[2021-08-31 23:14:43,083: INFO/ForkPoolWorker-3] Task concurrent_dispatcher.dispatch_concurrent[e11aa62c-603a-41e3-81ed-a0d43de1e9e3] succeeded in 0.5006191389984451s: 'Done'
[2021-08-31 23:14:43,089: INFO/ForkPoolWorker-4] concurrent_dispatcher.dispatch_concurrent[3397b6ca-620d-4c8a-923c-ba9448334a03]: SMS sent to 001-179-900-1443x18130. Data: {'name': 'Rachael Guerrero', 'email': 'tbradley@example.org', 'phone': '001-179-900-1443x18130', 'url': 'http://howell.com/', 'type': 'sms'}
[2021-08-31 23:14:43,089: INFO/ForkPoolWorker-4] Task concurrent_dispatcher.dispatch_concurrent[3397b6ca-620d-4c8a-923c-ba9448334a03] succeeded in 0.5008940560001065s: 'Done'
[2021-08-31 23:14:43,090: INFO/ForkPoolWorker-14] concurrent_dispatcher.dispatch_concurrent[d877d928-74c5-457b-b436-58e3b58a08b2]: POST sent to https://www.bailey.com/. Data: {'name': 'Laura Long', 'email': 'troy68@example.com', 'phone': '001-621-192-3971x318', 'url': 'https://www.bailey.com/', 'type': 'post'}
