[2021-09-01 16:04:05,711: INFO/MainProcess] Connected to redis://guest@localhost:6379//
[2021-09-01 16:04:05,717: INFO/MainProcess] mingle: searching for neighbors
[2021-09-01 16:04:06,737: INFO/MainProcess] mingle: all alone
[2021-09-01 16:04:06,780: INFO/MainProcess] celery@habitat.net ready.
[2021-09-01 16:04:10,858: INFO/MainProcess] Task concurrent_dispatcher.dispatch_concurrent[a85d7833-d01b-497a-8c84-e74d24347431] received
[2021-09-01 16:04:10,860: INFO/MainProcess] Task concurrent_dispatcher.dispatch_concurrent[6058db8c-98c6-4c44-ac60-91f4c0a64a8b] received
[2021-09-01 16:04:10,862: INFO/MainProcess] Task concurrent_dispatcher.dispatch_concurrent[47155f53-7494-4bd0-8f3e-7a1d0ac94619] received
[2021-09-01 16:04:10,862: ERROR/ForkPoolWorker-10] concurrent_dispatcher.dispatch_concurrent[47155f53-7494-4bd0-8f3e-7a1d0ac94619]: POST notifier *FAILED* [Invalid NAME or URL] @ {'name': 'Barbara Donovan', 'email': 'richardhoffman@example.com', 'phone': '347-725-8534', 'url': None, 'type': 'post'}
[2021-09-01 16:04:10,863: INFO/ForkPoolWorker-10] Task concurrent_dispatcher.dispatch_concurrent[47155f53-7494-4bd0-8f3e-7a1d0ac94619] succeeded in 0.0005565760002355091s: 'Done'
[2021-09-01 16:04:10,864: INFO/MainProcess] Task concurrent_dispatcher.dispatch_concurrent[d54f4138-d692-4c84-8df7-377792b7ee88] received
[2021-09-01 16:04:10,866: INFO/MainProcess] Task concurrent_dispatcher.dispatch_concurrent[8941e0d5-7b9e-4d4b-a4e6-bd28ba1632e1] received
[2021-09-01 16:04:10,867: INFO/MainProcess] Task concurrent_dispatcher.dispatch_concurrent[685a3007-1213-40e4-aa50-b53e459fe897] received
[2021-09-01 16:04:10,868: ERROR/ForkPoolWorker-11] concurrent_dispatcher.dispatch_concurrent[685a3007-1213-40e4-aa50-b53e459fe897]: POST notifier *FAILED* [Invalid NAME or URL] @ {'name': 'Jesse Allen', 'email': 'meyermary@example.com', 'phone': '(822)066-7736x07441', 'url': None, 'type': 'post'}
[2021-09-01 16:04:10,868: INFO/ForkPoolWorker-11] Task concurrent_dispatcher.dispatch_concurrent[685a3007-1213-40e4-aa50-b53e459fe897] succeeded in 0.0004965890002495144s: 'Done'
[2021-09-01 16:04:10,870: INFO/MainProcess] Task concurrent_dispatcher.dispatch_concurrent[641f653d-54db-4080-8db1-91842dfe1e89] received
[2021-09-01 16:04:10,870: ERROR/ForkPoolWorker-11] concurrent_dispatcher.dispatch_concurrent[641f653d-54db-4080-8db1-91842dfe1e89]: SMS notifier *FAILED*  [Invalid NAME or PHONE] @ {'name': 'Natalie Williamson', 'email': 'johngentry@example.org', 'phone': None, 'url': 'http://mayer.net/', 'type': 'sms'}
[2021-09-01 16:04:10,870: INFO/ForkPoolWorker-11] Task concurrent_dispatcher.dispatch_concurrent[641f653d-54db-4080-8db1-91842dfe1e89] succeeded in 0.00024092800049402285s: 'Done'
[2021-09-01 16:04:10,871: INFO/MainProcess] Task concurrent_dispatcher.dispatch_concurrent[de86a2b9-a3da-40d9-a24b-6e7f0548f5ec] received
[2021-09-01 16:04:10,873: INFO/MainProcess] Task concurrent_dispatcher.dispatch_concurrent[05522712-8e3d-4649-bb47-66daafa77b7c] received
[2021-09-01 16:04:10,875: INFO/MainProcess] Task concurrent_dispatcher.dispatch_concurrent[06b1b336-2441-469f-9fa7-f0042fa08098] received
[2021-09-01 16:04:10,876: ERROR/ForkPoolWorker-12] concurrent_dispatcher.dispatch_concurrent[06b1b336-2441-469f-9fa7-f0042fa08098]: SMS notifier *FAILED*  [Invalid NAME or PHONE] @ {'name': 'Linda Garrett', 'email': None, 'phone': None, 'url': 'http://www.perkins.biz/', 'type': 'sms'}
[2021-09-01 16:04:10,876: INFO/MainProcess] Task concurrent_dispatcher.dispatch_concurrent[c50aab28-2399-4e33-9d99-7fd655fb1c3a] received
[2021-09-01 16:04:10,876: INFO/ForkPoolWorker-12] Task concurrent_dispatcher.dispatch_concurrent[06b1b336-2441-469f-9fa7-f0042fa08098] succeeded in 0.0005311610002536327s: 'Done'
[2021-09-01 16:04:10,878: INFO/MainProcess] Task concurrent_dispatcher.dispatch_concurrent[39e0a693-5b8a-4c38-bdb0-f582fe941289] received
[2021-09-01 16:04:10,880: INFO/MainProcess] Task concurrent_dispatcher.dispatch_concurrent[6f71b00c-df9f-4af7-9831-b62b4ddc1a2e] received
[2021-09-01 16:04:10,881: INFO/MainProcess] Task concurrent_dispatcher.dispatch_concurrent[15685af0-8663-40bb-8d12-78db5974a0f5] received
[2021-09-01 16:04:10,882: INFO/MainProcess] Task concurrent_dispatcher.dispatch_concurrent[4b858272-adbf-4b3e-aaec-7348e760cc77] received
[2021-09-01 16:04:10,885: INFO/MainProcess] Task concurrent_dispatcher.dispatch_concurrent[93a3dc06-8347-4f34-8222-93e30c222624] received
[2021-09-01 16:04:10,885: ERROR/ForkPoolWorker-15] concurrent_dispatcher.dispatch_concurrent[93a3dc06-8347-4f34-8222-93e30c222624]: SMS notifier *FAILED*  [Invalid NAME or PHONE] @ {'name': 'William Thompson', 'email': 'jeffrey17@example.org', 'phone': None, 'url': None, 'type': 'sms'}
[2021-09-01 16:04:10,886: INFO/MainProcess] Task concurrent_dispatcher.dispatch_concurrent[05f9d3a3-61d8-4fae-bca3-0ff69b138443] received
[2021-09-01 16:04:10,886: INFO/ForkPoolWorker-15] Task concurrent_dispatcher.dispatch_concurrent[93a3dc06-8347-4f34-8222-93e30c222624] succeeded in 0.0005849169992870884s: 'Done'
[2021-09-01 16:04:10,887: INFO/MainProcess] Task concurrent_dispatcher.dispatch_concurrent[b679b915-285f-47db-874a-87c81f613861] received
[2021-09-01 16:04:10,889: INFO/MainProcess] Task concurrent_dispatcher.dispatch_concurrent[bbdab256-1d0d-4dee-9f1f-87927fbc162c] received
[2021-09-01 16:04:10,890: INFO/MainProcess] Task concurrent_dispatcher.dispatch_concurrent[2123efdb-a09d-4c18-9382-f05bd0ee73ac] received
[2021-09-01 16:04:10,892: INFO/MainProcess] Task concurrent_dispatcher.dispatch_concurrent[1f33ddb8-208e-433a-b39a-61f6d2cf05a7] received
[2021-09-01 16:04:10,894: INFO/MainProcess] Task concurrent_dispatcher.dispatch_concurrent[2204dd8e-a8f7-4df7-b21e-4d67cd6d5b97] received
[2021-09-01 16:04:10,895: INFO/MainProcess] Task concurrent_dispatcher.dispatch_concurrent[5cc86b68-6a35-48e5-a36d-be8f46eb8233] received
[2021-09-01 16:04:10,896: INFO/MainProcess] Task concurrent_dispatcher.dispatch_concurrent[3d82049b-758c-47d2-b5c1-86ec0063475c] received
[2021-09-01 16:04:10,897: INFO/MainProcess] Task concurrent_dispatcher.dispatch_concurrent[3df26b6f-b07c-47c0-ab0d-c31374e17f8c] received
[2021-09-01 16:04:10,898: INFO/MainProcess] Task concurrent_dispatcher.dispatch_concurrent[8888d277-1280-44ad-897c-7916bfd5649f] received
[2021-09-01 16:04:10,899: INFO/MainProcess] Task concurrent_dispatcher.dispatch_concurrent[0e1e0d6b-94ff-4026-b7a8-8199a8c64dc5] received
[2021-09-01 16:04:10,900: INFO/MainProcess] Task concurrent_dispatcher.dispatch_concurrent[96f08650-ea5c-4556-be50-146515453740] received
[2021-09-01 16:04:10,900: INFO/MainProcess] Task concurrent_dispatcher.dispatch_concurrent[957aa55b-d0b8-45de-a079-9b7e317109c4] received
[2021-09-01 16:04:10,901: INFO/MainProcess] Task concurrent_dispatcher.dispatch_concurrent[df2282a3-5863-4d4c-ba31-245f343c9eb8] received
[2021-09-01 16:04:10,902: INFO/MainProcess] Task concurrent_dispatcher.dispatch_concurrent[738b7f44-32be-41a3-a760-820f63b0dab6] received
[2021-09-01 16:04:10,903: INFO/MainProcess] Task concurrent_dispatcher.dispatch_concurrent[9804f552-d438-42eb-aedd-fa69a338466a] received
[2021-09-01 16:04:10,904: INFO/MainProcess] Task concurrent_dispatcher.dispatch_concurrent[c462f59d-326f-44e6-a9b3-f56d8435fe40] received
[2021-09-01 16:04:10,905: INFO/MainProcess] Task concurrent_dispatcher.dispatch_concurrent[debf87d8-dfb7-4c2c-afcd-6bae6975c5e9] received
[2021-09-01 16:04:10,905: INFO/MainProcess] Task concurrent_dispatcher.dispatch_concurrent[60884bd7-5a10-4c26-bb09-da745b26752c] received
[2021-09-01 16:04:10,906: INFO/MainProcess] Task concurrent_dispatcher.dispatch_concurrent[af7b9879-a313-4a53-8613-8cb7ccaf4b30] received
[2021-09-01 16:04:10,907: INFO/MainProcess] Task concurrent_dispatcher.dispatch_concurrent[723dcd38-3fae-463e-8336-d9e6376f1d66] received
[2021-09-01 16:04:10,908: INFO/MainProcess] Task concurrent_dispatcher.dispatch_concurrent[bc7ac8de-af83-4067-9148-6596eaf2fb31] received
[2021-09-01 16:04:10,909: INFO/MainProcess] Task concurrent_dispatcher.dispatch_concurrent[66993048-f15a-4973-9bc3-8eedf0163343] received
[2021-09-01 16:04:10,910: INFO/MainProcess] Task concurrent_dispatcher.dispatch_concurrent[89d25c78-b290-4c3e-9ab0-79dda4bba2c6] received
[2021-09-01 16:04:10,911: INFO/MainProcess] Task concurrent_dispatcher.dispatch_concurrent[16d95fcc-9afe-4ad6-aff9-74a42d41516e] received
[2021-09-01 16:04:10,912: INFO/MainProcess] Task concurrent_dispatcher.dispatch_concurrent[e788a973-45b2-4cda-b4b2-e949b6372e31] received
[2021-09-01 16:04:10,913: INFO/MainProcess] Task concurrent_dispatcher.dispatch_concurrent[43be4d90-24c0-42f8-814e-ccf07a744313] received
[2021-09-01 16:04:10,913: INFO/MainProcess] Task concurrent_dispatcher.dispatch_concurrent[9b1bf78d-c340-44b5-be8e-25a2774ff5ef] received
[2021-09-01 16:04:10,914: INFO/MainProcess] Task concurrent_dispatcher.dispatch_concurrent[9c333e34-859f-482c-8642-32f2bf62b530] received
[2021-09-01 16:04:10,915: INFO/MainProcess] Task concurrent_dispatcher.dispatch_concurrent[ccf44dbb-ad24-4f60-8c9d-11106d0276ed] received
[2021-09-01 16:04:10,916: INFO/MainProcess] Task concurrent_dispatcher.dispatch_concurrent[8e5f5235-1537-4e1e-a692-a38d7852fa1e] received
[2021-09-01 16:04:10,917: INFO/MainProcess] Task concurrent_dispatcher.dispatch_concurrent[7f844bb7-2d72-4773-b4fe-87f821c05c2d] received
[2021-09-01 16:04:10,918: INFO/MainProcess] Task concurrent_dispatcher.dispatch_concurrent[00b5c62b-a481-43d9-8a03-1b17a77904d9] received
[2021-09-01 16:04:10,919: INFO/MainProcess] Task concurrent_dispatcher.dispatch_concurrent[0418c38b-83ad-44e4-b27a-56713cf20129] received
[2021-09-01 16:04:10,919: INFO/MainProcess] Task concurrent_dispatcher.dispatch_concurrent[7c0b120d-3f04-4f04-8228-6c32f5b438b2] received
[2021-09-01 16:04:10,920: INFO/MainProcess] Task concurrent_dispatcher.dispatch_concurrent[67355ae1-e90c-4eac-ac6d-b38c13341962] received
[2021-09-01 16:04:10,921: INFO/MainProcess] Task concurrent_dispatcher.dispatch_concurrent[b00b264e-27df-4f40-b806-91a332798d16] received
[2021-09-01 16:04:10,923: INFO/MainProcess] Task concurrent_dispatcher.dispatch_concurrent[6c2c929a-06fc-4397-bfe4-77b212f95062] received
[2021-09-01 16:04:10,924: INFO/MainProcess] Task concurrent_dispatcher.dispatch_concurrent[c5de38c9-aed5-4cd6-ad67-36f4e0d220f0] received
[2021-09-01 16:04:10,925: INFO/MainProcess] Task concurrent_dispatcher.dispatch_concurrent[7846a920-ca3d-4bf8-88e2-f79b0bdb6dc8] received
[2021-09-01 16:04:10,926: INFO/MainProcess] Task concurrent_dispatcher.dispatch_concurrent[9b09f578-4aab-418b-ac23-cac53ddee814] received
[2021-09-01 16:04:10,927: INFO/MainProcess] Task concurrent_dispatcher.dispatch_concurrent[81f4f14e-3992-477c-adda-11d1fe90509d] received
[2021-09-01 16:04:10,928: INFO/MainProcess] Task concurrent_dispatcher.dispatch_concurrent[bbcfb204-7aa8-4d32-a65c-1a953fe09cd3] received
[2021-09-01 16:04:10,929: INFO/MainProcess] Task concurrent_dispatcher.dispatch_concurrent[87b62852-04fe-44bc-8620-bbc7ce4bf570] received
[2021-09-01 16:04:10,930: INFO/MainProcess] Task concurrent_dispatcher.dispatch_concurrent[e564d29a-f34b-4dec-8d8c-ec8afac62bca] received
[2021-09-01 16:04:10,931: INFO/MainProcess] Task concurrent_dispatcher.dispatch_concurrent[e44296af-9ef7-447a-8cf5-81ddaae7b955] received
[2021-09-01 16:04:10,932: INFO/MainProcess] Task concurrent_dispatcher.dispatch_concurrent[3cd69c7f-cb5f-45e4-8840-b1a15db31599] received
[2021-09-01 16:04:10,933: INFO/MainProcess] Task concurrent_dispatcher.dispatch_concurrent[06f560ab-28dd-4112-a444-bac31ea538c7] received
[2021-09-01 16:04:10,934: INFO/MainProcess] Task concurrent_dispatcher.dispatch_concurrent[5832c78f-19ae-420b-b595-ce6ba2eeb893] received
[2021-09-01 16:04:10,935: INFO/MainProcess] Task concurrent_dispatcher.dispatch_concurrent[5ef134b3-88d4-4af9-84d3-aedcdaa1c89e] received
[2021-09-01 16:04:10,936: INFO/MainProcess] Task concurrent_dispatcher.dispatch_concurrent[84d6f00c-af3b-4ad3-b627-910b48423b00] received
[2021-09-01 16:04:10,937: INFO/MainProcess] Task concurrent_dispatcher.dispatch_concurrent[cf887f89-1a08-468b-a438-837aabb49afd] received
[2021-09-01 16:04:10,938: INFO/MainProcess] Task concurrent_dispatcher.dispatch_concurrent[53b2f3d2-cc65-4c37-b50b-4298ae50af54] received
[2021-09-01 16:04:10,939: INFO/MainProcess] Task concurrent_dispatcher.dispatch_concurrent[e8ccc0bf-28d6-4c29-a20b-745e284388f5] received
[2021-09-01 16:04:10,940: INFO/MainProcess] Task concurrent_dispatcher.dispatch_concurrent[f2d9c517-f530-4f73-a706-79875409cec9] received
[2021-09-01 16:04:10,941: INFO/MainProcess] Task concurrent_dispatcher.dispatch_concurrent[97b8ba35-75c0-42a2-b5d4-60cc90fbe18b] received
[2021-09-01 16:04:10,943: INFO/MainProcess] Task concurrent_dispatcher.dispatch_concurrent[e89a5f80-4f31-40b4-a707-d6d877aeb83e] received
[2021-09-01 16:04:10,944: INFO/MainProcess] Task concurrent_dispatcher.dispatch_concurrent[229aa655-5b0a-493e-90a9-6674842395d6] received
[2021-09-01 16:04:10,945: INFO/MainProcess] Task concurrent_dispatcher.dispatch_concurrent[d9914fe3-1b66-4367-8c17-6c7dad3b2140] received
[2021-09-01 16:04:10,946: INFO/MainProcess] Task concurrent_dispatcher.dispatch_concurrent[48479112-393e-420f-9456-36bd07944881] received
[2021-09-01 16:04:10,947: INFO/MainProcess] Task concurrent_dispatcher.dispatch_concurrent[431f9791-18cb-4db7-8372-4f25134cecc9] received
[2021-09-01 16:04:10,948: INFO/MainProcess] Task concurrent_dispatcher.dispatch_concurrent[f8c01680-8407-4869-9041-b23ec6c46d8f] received
[2021-09-01 16:04:10,949: INFO/MainProcess] Task concurrent_dispatcher.dispatch_concurrent[caebb369-0b2a-4345-a8de-14402c4a6fb4] received
[2021-09-01 16:04:10,950: INFO/MainProcess] Task concurrent_dispatcher.dispatch_concurrent[dcec4c39-addd-43b4-9d59-115d90ae51f5] received
[2021-09-01 16:04:10,951: INFO/MainProcess] Task concurrent_dispatcher.dispatch_concurrent[1fc465c5-74b5-41c8-9a7c-3322a0e6a627] received
[2021-09-01 16:04:10,953: INFO/MainProcess] Task concurrent_dispatcher.dispatch_concurrent[4c68fcef-db58-4862-a6d5-ac5d022703d6] received
[2021-09-01 16:04:10,954: INFO/MainProcess] Task concurrent_dispatcher.dispatch_concurrent[c46ca9d1-cd8b-4762-a6d6-ccdf1613c1d4] received
[2021-09-01 16:04:10,955: INFO/MainProcess] Task concurrent_dispatcher.dispatch_concurrent[3c2dffaf-0c77-491b-84dd-642545715265] received
[2021-09-01 16:04:10,956: INFO/MainProcess] Task concurrent_dispatcher.dispatch_concurrent[e2584588-2b66-42d7-95a7-ce61b4356351] received
[2021-09-01 16:04:11,361: INFO/ForkPoolWorker-8] concurrent_dispatcher.dispatch_concurrent[a85d7833-d01b-497a-8c84-e74d24347431]: EMAIL sent to annagregory@example.org. Data: {'name': 'Brent Valdez', 'email': 'annagregory@example.org', 'phone': '139.386.6589', 'url': 'https://ayers-perry.com/', 'type': 'email'}
[2021-09-01 16:04:11,363: INFO/ForkPoolWorker-8] Task concurrent_dispatcher.dispatch_concurrent[a85d7833-d01b-497a-8c84-e74d24347431] succeeded in 0.5036594500015781s: 'Done'
[2021-09-01 16:04:11,364: INFO/ForkPoolWorker-9] concurrent_dispatcher.dispatch_concurrent[6058db8c-98c6-4c44-ac60-91f4c0a64a8b]: EMAIL sent to rpope@example.com. Data: {'name': 'Jonathan Green', 'email': 'rpope@example.com', 'phone': '(245)765-5361x8165', 'url': None, 'type': 'email'}
[2021-09-01 16:04:11,365: INFO/ForkPoolWorker-10] concurrent_dispatcher.dispatch_concurrent[d54f4138-d692-4c84-8df7-377792b7ee88]: POST sent to https://www.nunez.com/. Data: {'name': 'Stephanie Martin', 'email': 'rodriguezstephanie@example.org', 'phone': '001-621-651-0995x703', 'url': 'https://www.nunez.com/', 'type': 'post'}
[2021-09-01 16:04:11,365: INFO/ForkPoolWorker-9] Task concurrent_dispatcher.dispatch_concurrent[6058db8c-98c6-4c44-ac60-91f4c0a64a8b] succeeded in 0.5033622869996179s: 'Done'
[2021-09-01 16:04:11,366: INFO/ForkPoolWorker-10] Task concurrent_dispatcher.dispatch_concurrent[d54f4138-d692-4c84-8df7-377792b7ee88] succeeded in 0.5008292659986182s: 'Done'
[2021-09-01 16:04:11,368: INFO/ForkPoolWorker-1] concurrent_dispatcher.dispatch_concurrent[8941e0d5-7b9e-4d4b-a4e6-bd28ba1632e1]: SMS sent to +1-958-907-7622x38111. Data: {'name': 'Yvonne Austin', 'email': 'zsanchez@example.com', 'phone': '+1-958-907-7622x38111', 'url': 'https://weaver.com/', 'type': 'sms'}
[2021-09-01 16:04:11,369: INFO/MainProcess] Task concurrent_dispatcher.dispatch_concurrent[da1cb495-d3bc-4ad2-acbb-eb187d35cf77] received
[2021-09-01 16:04:11,369: INFO/ForkPoolWorker-1] Task concurrent_dispatcher.dispatch_concurrent[8941e0d5-7b9e-4d4b-a4e6-bd28ba1632e1] succeeded in 0.5015722909993201s: 'Done'
[2021-09-01 16:04:11,373: INFO/MainProcess] Task concurrent_dispatcher.dispatch_concurrent[ec332a06-92ac-42a8-8402-32037caafb51] received
[2021-09-01 16:04:11,374: INFO/ForkPoolWorker-11] concurrent_dispatcher.dispatch_concurrent[de86a2b9-a3da-40d9-a24b-6e7f0548f5ec]: EMAIL sent to andreaabbott@example.net. Data: {'name': 'Annette Carrillo', 'email': 'andreaabbott@example.net', 'phone': '852-061-5883', 'url': 'https://thomas-martinez.com/', 'type': 'email'}
[2021-09-01 16:04:11,374: INFO/ForkPoolWorker-11] Task concurrent_dispatcher.dispatch_concurrent[de86a2b9-a3da-40d9-a24b-6e7f0548f5ec] succeeded in 0.5013140729988663s: 'Done'
[2021-09-01 16:04:11,374: INFO/ForkPoolWorker-2] concurrent_dispatcher.dispatch_concurrent[05522712-8e3d-4649-bb47-66daafa77b7c]: EMAIL sent to walterwilson@example.net. Data: {'name': 'Tyler Malone', 'email': 'walterwilson@example.net', 'phone': '001-808-223-5608', 'url': 'http://www.wilson.com/', 'type': 'email'}
[2021-09-01 16:04:11,375: INFO/ForkPoolWorker-2] Task concurrent_dispatcher.dispatch_concurrent[05522712-8e3d-4649-bb47-66daafa77b7c] succeeded in 0.5019753739998123s: 'Done'
[2021-09-01 16:04:11,376: INFO/MainProcess] Task concurrent_dispatcher.dispatch_concurrent[1518ec06-aab3-4ee8-a6e8-38b0366fe2d6] received
[2021-09-01 16:04:11,378: ERROR/ForkPoolWorker-2] concurrent_dispatcher.dispatch_concurrent[0e1e0d6b-94ff-4026-b7a8-8199a8c64dc5]: SMS notifier *FAILED*  [Invalid NAME or PHONE] @ {'name': 'Cameron Leon', 'email': 'smiththeresa@example.net', 'phone': None, 'url': 'https://www.owens.biz/', 'type': 'sms'}
[2021-09-01 16:04:11,379: INFO/ForkPoolWorker-2] Task concurrent_dispatcher.dispatch_concurrent[0e1e0d6b-94ff-4026-b7a8-8199a8c64dc5] succeeded in 0.00043555000047490466s: 'Done'
[2021-09-01 16:04:11,379: INFO/ForkPoolWorker-12] concurrent_dispatcher.dispatch_concurrent[c50aab28-2399-4e33-9d99-7fd655fb1c3a]: EMAIL sent to brian67@example.org. Data: {'name': 'Mary Romero', 'email': 'brian67@example.org', 'phone': '001-715-329-2795x89468', 'url': 'https://dunlap-vargas.org/', 'type': 'email'}
[2021-09-01 16:04:11,379: INFO/ForkPoolWorker-12] Task concurrent_dispatcher.dispatch_concurrent[c50aab28-2399-4e33-9d99-7fd655fb1c3a] succeeded in 0.5013827329985361s: 'Done'
[2021-09-01 16:04:11,379: INFO/ForkPoolWorker-13] concurrent_dispatcher.dispatch_concurrent[39e0a693-5b8a-4c38-bdb0-f582fe941289]: SMS sent to 1342777405. Data: {'name': 'Karen Patrick', 'email': 'gilbertdebbie@example.com', 'phone': '1342777405', 'url': 'http://spence.net/', 'type': 'sms'}
[2021-09-01 16:04:11,380: INFO/MainProcess] Task concurrent_dispatcher.dispatch_concurrent[13f79389-6f40-40d6-ac78-917ba11c2b05] received
[2021-09-01 16:04:11,380: INFO/ForkPoolWorker-13] Task concurrent_dispatcher.dispatch_concurrent[39e0a693-5b8a-4c38-bdb0-f582fe941289] succeeded in 0.5018337949986744s: 'Done'
[2021-09-01 16:04:11,381: INFO/ForkPoolWorker-3] concurrent_dispatcher.dispatch_concurrent[6f71b00c-df9f-4af7-9831-b62b4ddc1a2e]: POST sent to http://www.delacruz.net/. Data: {'name': 'Laurie White', 'email': 'jeffmckinney@example.org', 'phone': '+1-116-429-6920x5162', 'url': 'http://www.delacruz.net/', 'type': 'post'}
[2021-09-01 16:04:11,382: INFO/ForkPoolWorker-3] Task concurrent_dispatcher.dispatch_concurrent[6f71b00c-df9f-4af7-9831-b62b4ddc1a2e] succeeded in 0.5017124019996118s: 'Done'
[2021-09-01 16:04:11,383: INFO/ForkPoolWorker-4] concurrent_dispatcher.dispatch_concurrent[4b858272-adbf-4b3e-aaec-7348e760cc77]: POST sent to http://neal.info/. Data: {'name': 'Janet Ross', 'email': 'amber72@example.net', 'phone': None, 'url': 'http://neal.info/', 'type': 'post'}
[2021-09-01 16:04:11,383: INFO/ForkPoolWorker-14] concurrent_dispatcher.dispatch_concurrent[15685af0-8663-40bb-8d12-78db5974a0f5]: POST sent to https://richardson.com/. Data: {'name': 'Michael Thornton', 'email': 'angelanovak@example.net', 'phone': '+1-362-166-2771x439', 'url': 'https://richardson.com/', 'type': 'post'}
[2021-09-01 16:04:11,384: INFO/ForkPoolWorker-4] Task concurrent_dispatcher.dispatch_concurrent[4b858272-adbf-4b3e-aaec-7348e760cc77] succeeded in 0.5011409639992053s: 'Done'
[2021-09-01 16:04:11,384: INFO/ForkPoolWorker-14] Task concurrent_dispatcher.dispatch_concurrent[15685af0-8663-40bb-8d12-78db5974a0f5] succeeded in 0.5012522670003818s: 'Done'
[2021-09-01 16:04:11,385: ERROR/ForkPoolWorker-13] concurrent_dispatcher.dispatch_concurrent[df2282a3-5863-4d4c-ba31-245f343c9eb8]: SMS notifier *FAILED*  [Invalid NAME or PHONE] @ {'name': 'Mallory Cooley', 'email': 'gambleevan@example.com', 'phone': None, 'url': None, 'type': 'sms'}
[2021-09-01 16:04:11,386: INFO/ForkPoolWorker-13] Task concurrent_dispatcher.dispatch_concurrent[df2282a3-5863-4d4c-ba31-245f343c9eb8] succeeded in 0.0006096739998611156s: 'Done'
[2021-09-01 16:04:11,387: INFO/MainProcess] Task concurrent_dispatcher.dispatch_concurrent[498e6e0f-2cf8-4ee5-9cb0-0f9c40e50f53] received
[2021-09-01 16:04:11,388: INFO/ForkPoolWorker-15] concurrent_dispatcher.dispatch_concurrent[05f9d3a3-61d8-4fae-bca3-0ff69b138443]: POST sent to http://www.price-wilcox.biz/. Data: {'name': 'Stephanie Lawrence', 'email': 'jacobhaas@example.org', 'phone': '(102)411-6899x9051', 'url': 'http://www.price-wilcox.biz/', 'type': 'post'}
[2021-09-01 16:04:11,389: INFO/ForkPoolWorker-15] Task concurrent_dispatcher.dispatch_concurrent[05f9d3a3-61d8-4fae-bca3-0ff69b138443] succeeded in 0.5009978510006476s: 'Done'
[2021-09-01 16:04:11,388: INFO/ForkPoolWorker-16] concurrent_dispatcher.dispatch_concurrent[b679b915-285f-47db-874a-87c81f613861]: POST sent to https://martinez.com/. Data: {'name': 'Ian Grimes', 'email': 'robertmitchell@example.com', 'phone': '001-833-041-4443x33362', 'url': 'https://martinez.com/', 'type': 'post'}
[2021-09-01 16:04:11,389: INFO/ForkPoolWorker-16] Task concurrent_dispatcher.dispatch_concurrent[b679b915-285f-47db-874a-87c81f613861] succeeded in 0.5015720069986855s: 'Done'
[2021-09-01 16:04:11,390: INFO/ForkPoolWorker-5] concurrent_dispatcher.dispatch_concurrent[bbdab256-1d0d-4dee-9f1f-87927fbc162c]: SMS sent to (701)184-5522x920. Data: {'name': 'Roger Hardy', 'email': 'sullivanchristopher@example.org', 'phone': '(701)184-5522x920', 'url': 'https://www.archer.com/', 'type': 'sms'}
[2021-09-01 16:04:11,391: INFO/ForkPoolWorker-5] Task concurrent_dispatcher.dispatch_concurrent[bbdab256-1d0d-4dee-9f1f-87927fbc162c] succeeded in 0.5013043620001554s: 'Done'
[2021-09-01 16:04:11,393: INFO/ForkPoolWorker-6] concurrent_dispatcher.dispatch_concurrent[2123efdb-a09d-4c18-9382-f05bd0ee73ac]: POST sent to http://ford-hernandez.biz/. Data: {'name': 'Antonio Chambers', 'email': None, 'phone': '(931)911-1606', 'url': 'http://ford-hernandez.biz/', 'type': 'post'}
[2021-09-01 16:04:11,393: INFO/ForkPoolWorker-7] concurrent_dispatcher.dispatch_concurrent[1f33ddb8-208e-433a-b39a-61f6d2cf05a7]: EMAIL sent to stevencurtis@example.com. Data: {'name': 'Eric Nguyen', 'email': 'stevencurtis@example.com', 'phone': '001-328-336-5676', 'url': 'http://www.jimenez-griffith.com/', 'type': 'email'}
[2021-09-01 16:04:11,394: INFO/ForkPoolWorker-6] Task concurrent_dispatcher.dispatch_concurrent[2123efdb-a09d-4c18-9382-f05bd0ee73ac] succeeded in 0.5015540820004389s: 'Done'
[2021-09-01 16:04:11,394: INFO/ForkPoolWorker-7] Task concurrent_dispatcher.dispatch_concurrent[1f33ddb8-208e-433a-b39a-61f6d2cf05a7] succeeded in 0.5017978960004257s: 'Done'
[2021-09-01 16:04:11,394: INFO/MainProcess] Task concurrent_dispatcher.dispatch_concurrent[83a89b72-de4f-40cb-acb7-459b85a646ae] received
[2021-09-01 16:04:11,396: ERROR/ForkPoolWorker-15] concurrent_dispatcher.dispatch_concurrent[60884bd7-5a10-4c26-bb09-da745b26752c]: POST notifier *FAILED* [Invalid NAME or URL] @ {'name': 'Carolyn Smith', 'email': 'rhonda80@example.org', 'phone': '001-674-127-7112x667', 'url': None, 'type': 'post'}
[2021-09-01 16:04:11,397: INFO/ForkPoolWorker-15] Task concurrent_dispatcher.dispatch_concurrent[60884bd7-5a10-4c26-bb09-da745b26752c] succeeded in 0.00047377899863931816s: 'Done'
[2021-09-01 16:04:11,404: INFO/MainProcess] Task concurrent_dispatcher.dispatch_concurrent[5a91767c-5a1d-4ad8-8cdf-b20b4b7bee25] received
[2021-09-01 16:04:11,408: INFO/MainProcess] Task concurrent_dispatcher.dispatch_concurrent[d53e05e2-6052-438c-824e-e153f879897f] received
[2021-09-01 16:04:11,409: INFO/MainProcess] Task concurrent_dispatcher.dispatch_concurrent[b430bf0f-1d4b-401b-a74c-9a462b2e2911] received
[2021-09-01 16:04:11,410: INFO/MainProcess] Task concurrent_dispatcher.dispatch_concurrent[6337a4b0-c376-4d8a-80c3-8c5ab64f95db] received
[2021-09-01 16:04:11,412: INFO/MainProcess] Task concurrent_dispatcher.dispatch_concurrent[5c607ad7-950a-4dc2-ba3c-8fe826a15023] received
[2021-09-01 16:04:11,413: INFO/MainProcess] Task concurrent_dispatcher.dispatch_concurrent[9518ad82-f1fd-4ecb-8097-1709a33960b1] received
[2021-09-01 16:04:11,414: INFO/MainProcess] Task concurrent_dispatcher.dispatch_concurrent[1c2ca537-b813-41aa-9f03-8cef00c00b5d] received
[2021-09-01 16:04:11,415: INFO/MainProcess] Task concurrent_dispatcher.dispatch_concurrent[23a8057c-d129-4576-8923-de1a02b0484f] received
[2021-09-01 16:04:11,416: INFO/MainProcess] Task concurrent_dispatcher.dispatch_concurrent[c9ac1586-efa4-4aa4-bc18-6778d2a424e6] received
[2021-09-01 16:04:11,417: INFO/MainProcess] Task concurrent_dispatcher.dispatch_concurrent[4106bac8-137f-4477-bfa0-9d719420e766] received
[2021-09-01 16:04:11,418: INFO/MainProcess] Task concurrent_dispatcher.dispatch_concurrent[3533a683-e306-46a8-bbf9-7a5efbaf75e9] received
[2021-09-01 16:04:11,419: INFO/MainProcess] Task concurrent_dispatcher.dispatch_concurrent[73198792-5643-420e-9a1d-998143bd0bcb] received
[2021-09-01 16:04:11,420: INFO/MainProcess] Task concurrent_dispatcher.dispatch_concurrent[ccfbb21e-d7c4-47db-b39b-de564c688526] received
[2021-09-01 16:04:11,867: INFO/ForkPoolWorker-8] concurrent_dispatcher.dispatch_concurrent[2204dd8e-a8f7-4df7-b21e-4d67cd6d5b97]: POST sent to http://hamilton.info/. Data: {'name': 'Ann Ramirez', 'email': 'sescobar@example.net', 'phone': '+1-293-028-6866', 'url': 'http://hamilton.info/', 'type': 'post'}
[2021-09-01 16:04:11,868: INFO/ForkPoolWorker-8] Task concurrent_dispatcher.dispatch_concurrent[2204dd8e-a8f7-4df7-b21e-4d67cd6d5b97] succeeded in 0.5018804329993145s: 'Done'
[2021-09-01 16:04:11,868: INFO/ForkPoolWorker-10] concurrent_dispatcher.dispatch_concurrent[3d82049b-758c-47d2-b5c1-86ec0063475c]: SMS sent to (222)754-9143. Data: {'name': 'Christina Cooke DDS', 'email': 'candice50@example.net', 'phone': '(222)754-9143', 'url': 'https://www.villa-hernandez.com/', 'type': 'sms'}
[2021-09-01 16:04:11,869: INFO/ForkPoolWorker-9] concurrent_dispatcher.dispatch_concurrent[5cc86b68-6a35-48e5-a36d-be8f46eb8233]: SMS sent to (884)919-6815. Data: {'name': 'Kaitlyn Smith', 'email': None, 'phone': '(884)919-6815', 'url': None, 'type': 'sms'}
[2021-09-01 16:04:11,869: INFO/ForkPoolWorker-10] Task concurrent_dispatcher.dispatch_concurrent[3d82049b-758c-47d2-b5c1-86ec0063475c] succeeded in 0.5012648860010813s: 'Done'
[2021-09-01 16:04:11,870: INFO/ForkPoolWorker-9] Task concurrent_dispatcher.dispatch_concurrent[5cc86b68-6a35-48e5-a36d-be8f46eb8233] succeeded in 0.5018281619995832s: 'Done'
[2021-09-01 16:04:11,872: INFO/ForkPoolWorker-1] concurrent_dispatcher.dispatch_concurrent[3df26b6f-b07c-47c0-ab0d-c31374e17f8c]: POST sent to https://www.barber.com/. Data: {'name': 'Kevin Acevedo', 'email': 'kingmary@example.net', 'phone': '839.573.5815x8362', 'url': 'https://www.barber.com/', 'type': 'post'}
[2021-09-01 16:04:11,874: INFO/ForkPoolWorker-1] Task concurrent_dispatcher.dispatch_concurrent[3df26b6f-b07c-47c0-ab0d-c31374e17f8c] succeeded in 0.5013843229990016s: 'Done'
[2021-09-01 16:04:11,874: ERROR/ForkPoolWorker-8] concurrent_dispatcher.dispatch_concurrent[16d95fcc-9afe-4ad6-aff9-74a42d41516e]: SMS notifier *FAILED*  [Invalid NAME or PHONE] @ {'name': 'Stephanie Kramer', 'email': 'justinrios@example.org', 'phone': None, 'url': 'http://shaw-gilbert.com/', 'type': 'sms'}
[2021-09-01 16:04:11,875: INFO/ForkPoolWorker-8] Task concurrent_dispatcher.dispatch_concurrent[16d95fcc-9afe-4ad6-aff9-74a42d41516e] succeeded in 0.0014116019992798101s: 'Done'
[2021-09-01 16:04:11,878: INFO/ForkPoolWorker-11] concurrent_dispatcher.dispatch_concurrent[8888d277-1280-44ad-897c-7916bfd5649f]: POST sent to https://www.davenport.info/. Data: {'name': 'Alicia Tyler', 'email': 'ojones@example.net', 'phone': '+1-839-434-9458x4838', 'url': 'https://www.davenport.info/', 'type': 'post'}
[2021-09-01 16:04:11,879: INFO/ForkPoolWorker-11] Task concurrent_dispatcher.dispatch_concurrent[8888d277-1280-44ad-897c-7916bfd5649f] succeeded in 0.5012548279992188s: 'Done'
[2021-09-01 16:04:11,885: INFO/ForkPoolWorker-12] concurrent_dispatcher.dispatch_concurrent[957aa55b-d0b8-45de-a079-9b7e317109c4]: SMS sent to 638.149.0369x330. Data: {'name': 'Janet Mckee', 'email': 'derekduncan@example.org', 'phone': '638.149.0369x330', 'url': 'http://scott.com/', 'type': 'sms'}
[2021-09-01 16:04:11,886: INFO/ForkPoolWorker-2] concurrent_dispatcher.dispatch_concurrent[96f08650-ea5c-4556-be50-146515453740]: EMAIL sent to fraziercynthia@example.com. Data: {'name': 'Caroline Brown', 'email': 'fraziercynthia@example.com', 'phone': '+1-862-968-1276x1696', 'url': 'https://jensen-johnson.net/', 'type': 'email'}
[2021-09-01 16:04:11,886: INFO/ForkPoolWorker-3] concurrent_dispatcher.dispatch_concurrent[738b7f44-32be-41a3-a760-820f63b0dab6]: POST sent to http://www.taylor-miller.com/. Data: {'name': 'Steven Ruiz', 'email': 'chad32@example.org', 'phone': '001-968-595-1926x86351', 'url': 'http://www.taylor-miller.com/', 'type': 'post'}
[2021-09-01 16:04:11,886: INFO/ForkPoolWorker-12] Task concurrent_dispatcher.dispatch_concurrent[957aa55b-d0b8-45de-a079-9b7e317109c4] succeeded in 0.5012092959987058s: 'Done'
[2021-09-01 16:04:11,887: INFO/ForkPoolWorker-2] Task concurrent_dispatcher.dispatch_concurrent[96f08650-ea5c-4556-be50-146515453740] succeeded in 0.5016756309996708s: 'Done'
[2021-09-01 16:04:11,887: INFO/ForkPoolWorker-3] Task concurrent_dispatcher.dispatch_concurrent[738b7f44-32be-41a3-a760-820f63b0dab6] succeeded in 0.5017041780010913s: 'Done'
[2021-09-01 16:04:11,892: ERROR/ForkPoolWorker-2] concurrent_dispatcher.dispatch_concurrent[8e5f5235-1537-4e1e-a692-a38d7852fa1e]: EMAIL notifier *FAILED* [Invalid NAME or EMAIL] @ {'name': 'Laura Johnston', 'email': None, 'phone': '(432)616-4576', 'url': 'http://peterson.biz/', 'type': 'email'}
[2021-09-01 16:04:11,892: INFO/ForkPoolWorker-2] Task concurrent_dispatcher.dispatch_concurrent[8e5f5235-1537-4e1e-a692-a38d7852fa1e] succeeded in 0.0010325389994250145s: 'Done'
[2021-09-01 16:04:11,896: INFO/ForkPoolWorker-13] concurrent_dispatcher.dispatch_concurrent[9804f552-d438-42eb-aedd-fa69a338466a]: SMS sent to +1-057-729-1980x6236. Data: {'name': 'Sharon Knapp', 'email': 'vjohnson@example.com', 'phone': '+1-057-729-1980x6236', 'url': 'https://roberts-blair.net/', 'type': 'sms'}
[2021-09-01 16:04:11,897: INFO/MainProcess] Task concurrent_dispatcher.dispatch_concurrent[aa06e8b6-5bb9-41ae-8fd2-7fd434a01a4d] received
[2021-09-01 16:04:11,897: INFO/ForkPoolWorker-14] concurrent_dispatcher.dispatch_concurrent[c462f59d-326f-44e6-a9b3-f56d8435fe40]: POST sent to https://www.parker.com/. Data: {'name': 'Cynthia Salazar', 'email': 'jonathankaufman@example.net', 'phone': '3132813760', 'url': 'https://www.parker.com/', 'type': 'post'}
[2021-09-01 16:04:11,897: INFO/ForkPoolWorker-5] concurrent_dispatcher.dispatch_concurrent[723dcd38-3fae-463e-8336-d9e6376f1d66]: SMS sent to (344)656-0882. Data: {'name': 'Deborah Dickson', 'email': 'hopkinsjasmine@example.net', 'phone': '(344)656-0882', 'url': 'http://massey-wood.com/', 'type': 'sms'}
[2021-09-01 16:04:11,897: INFO/ForkPoolWorker-4] concurrent_dispatcher.dispatch_concurrent[debf87d8-dfb7-4c2c-afcd-6bae6975c5e9]: POST sent to https://johnson.biz/. Data: {'name': 'Emily Mitchell', 'email': 'james41@example.com', 'phone': '578.073.8049', 'url': 'https://johnson.biz/', 'type': 'post'}
[2021-09-01 16:04:11,897: INFO/ForkPoolWorker-13] Task concurrent_dispatcher.dispatch_concurrent[9804f552-d438-42eb-aedd-fa69a338466a] succeeded in 0.501264041999093s: 'Done'
[2021-09-01 16:04:11,897: INFO/ForkPoolWorker-16] concurrent_dispatcher.dispatch_concurrent[af7b9879-a313-4a53-8613-8cb7ccaf4b30]: EMAIL sent to luke15@example.net. Data: {'name': 'Joshua Rojas', 'email': 'luke15@example.net', 'phone': '(291)891-1409x95795', 'url': 'http://www.oconnor.com/', 'type': 'email'}
[2021-09-01 16:04:11,898: INFO/ForkPoolWorker-5] Task concurrent_dispatcher.dispatch_concurrent[723dcd38-3fae-463e-8336-d9e6376f1d66] succeeded in 0.5016163020009117s: 'Done'
[2021-09-01 16:04:11,898: INFO/ForkPoolWorker-14] Task concurrent_dispatcher.dispatch_concurrent[c462f59d-326f-44e6-a9b3-f56d8435fe40] succeeded in 0.5017531609992147s: 'Done'
[2021-09-01 16:04:11,898: INFO/ForkPoolWorker-4] Task concurrent_dispatcher.dispatch_concurrent[debf87d8-dfb7-4c2c-afcd-6bae6975c5e9] succeeded in 0.5017453979999118s: 'Done'
[2021-09-01 16:04:11,898: INFO/ForkPoolWorker-16] Task concurrent_dispatcher.dispatch_concurrent[af7b9879-a313-4a53-8613-8cb7ccaf4b30] succeeded in 0.5018960039997182s: 'Done'
[2021-09-01 16:04:11,905: INFO/ForkPoolWorker-15] concurrent_dispatcher.dispatch_concurrent[bc7ac8de-af83-4067-9148-6596eaf2fb31]: SMS sent to (459)767-6066x8308. Data: {'name': 'Laura Simmons', 'email': 'catherine19@example.org', 'phone': '(459)767-6066x8308', 'url': None, 'type': 'sms'}
[2021-09-01 16:04:11,905: INFO/ForkPoolWorker-6] concurrent_dispatcher.dispatch_concurrent[66993048-f15a-4973-9bc3-8eedf0163343]: POST sent to http://lawrence.com/. Data: {'name': 'Julia Petty', 'email': 'mcgeeshirley@example.net', 'phone': '652-489-3628x0577', 'url': 'http://lawrence.com/', 'type': 'post'}
[2021-09-01 16:04:11,905: INFO/ForkPoolWorker-7] concurrent_dispatcher.dispatch_concurrent[89d25c78-b290-4c3e-9ab0-79dda4bba2c6]: SMS sent to 0476580650. Data: {'name': 'Michelle Wilson', 'email': 'jsutton@example.net', 'phone': '0476580650', 'url': 'https://allen.com/', 'type': 'sms'}
[2021-09-01 16:04:11,906: INFO/ForkPoolWorker-15] Task concurrent_dispatcher.dispatch_concurrent[bc7ac8de-af83-4067-9148-6596eaf2fb31] succeeded in 0.5015813329991943s: 'Done'
[2021-09-01 16:04:11,906: INFO/ForkPoolWorker-6] Task concurrent_dispatcher.dispatch_concurrent[66993048-f15a-4973-9bc3-8eedf0163343] succeeded in 0.5015411360000144s: 'Done'
[2021-09-01 16:04:11,906: INFO/ForkPoolWorker-7] Task concurrent_dispatcher.dispatch_concurrent[89d25c78-b290-4c3e-9ab0-79dda4bba2c6] succeeded in 0.5016921750011534s: 'Done'
[2021-09-01 16:04:11,913: INFO/MainProcess] Task concurrent_dispatcher.dispatch_concurrent[88f7b075-c711-435b-beac-9fa097910441] received
[2021-09-01 16:04:11,916: ERROR/ForkPoolWorker-4] concurrent_dispatcher.dispatch_concurrent[b00b264e-27df-4f40-b806-91a332798d16]: POST notifier *FAILED* [Invalid NAME or URL] @ {'name': 'Nicole Alexander', 'email': 'sheltontodd@example.net', 'phone': '779-752-5518', 'url': None, 'type': 'post'}
[2021-09-01 16:04:11,916: ERROR/ForkPoolWorker-5] concurrent_dispatcher.dispatch_concurrent[7846a920-ca3d-4bf8-88e2-f79b0bdb6dc8]: SMS notifier *FAILED*  [Invalid NAME or PHONE] @ {'name': 'David Johnson', 'email': 'kimberly47@example.net', 'phone': None, 'url': 'https://harrison-fowler.org/', 'type': 'sms'}
[2021-09-01 16:04:11,916: INFO/ForkPoolWorker-4] Task concurrent_dispatcher.dispatch_concurrent[b00b264e-27df-4f40-b806-91a332798d16] succeeded in 0.00045865200081607327s: 'Done'
[2021-09-01 16:04:11,916: INFO/ForkPoolWorker-5] Task concurrent_dispatcher.dispatch_concurrent[7846a920-ca3d-4bf8-88e2-f79b0bdb6dc8] succeeded in 0.0005561930011026561s: 'Done'
[2021-09-01 16:04:11,919: INFO/MainProcess] Task concurrent_dispatcher.dispatch_concurrent[bc28ce50-7dae-4cf8-a9b5-9fb43c9011b8] received
[2021-09-01 16:04:11,927: INFO/MainProcess] Task concurrent_dispatcher.dispatch_concurrent[56457bdc-b5d5-4040-a22d-81a0eeaf899d] received
[2021-09-01 16:04:11,929: INFO/MainProcess] Task concurrent_dispatcher.dispatch_concurrent[3f659602-55f6-45c5-b2d5-e47f77f57800] received
[2021-09-01 16:04:11,931: INFO/MainProcess] Task concurrent_dispatcher.dispatch_concurrent[2f01bdca-523b-4bea-ac9f-48ea9dfdc111] received
[2021-09-01 16:04:11,932: INFO/MainProcess] Task concurrent_dispatcher.dispatch_concurrent[5d46916d-22c2-4339-bf35-699175515fde] received
[2021-09-01 16:04:11,933: INFO/MainProcess] Task concurrent_dispatcher.dispatch_concurrent[8179139b-9cf0-4240-9b25-516d51c4ccfb] received
[2021-09-01 16:04:11,934: INFO/MainProcess] Task concurrent_dispatcher.dispatch_concurrent[74ac6e80-931c-43f5-b04e-e1a70360b76a] received
[2021-09-01 16:04:11,935: INFO/MainProcess] Task concurrent_dispatcher.dispatch_concurrent[9c74ef10-eedd-41f0-abe2-3440de3556d4] received
[2021-09-01 16:04:11,936: INFO/MainProcess] Task concurrent_dispatcher.dispatch_concurrent[7c5796b4-959d-4159-ab8d-419b3a8c25d3] received
[2021-09-01 16:04:11,937: INFO/MainProcess] Task concurrent_dispatcher.dispatch_concurrent[997797a0-acc2-4cd5-9986-13a92d67b5bd] received
[2021-09-01 16:04:11,938: INFO/MainProcess] Task concurrent_dispatcher.dispatch_concurrent[9087dc9b-af2d-430e-aa6a-5d2363606b68] received
[2021-09-01 16:04:11,939: INFO/MainProcess] Task concurrent_dispatcher.dispatch_concurrent[189fe27e-2490-48cf-b6f1-0ec26a63f009] received
[2021-09-01 16:04:11,940: INFO/MainProcess] Task concurrent_dispatcher.dispatch_concurrent[3865a6c5-69b5-4143-bddc-b5895ee04595] received
[2021-09-01 16:04:11,941: INFO/MainProcess] Task concurrent_dispatcher.dispatch_concurrent[b80224bf-67f9-4864-9184-5c6232d5692c] received
[2021-09-01 16:04:11,941: INFO/MainProcess] Task concurrent_dispatcher.dispatch_concurrent[e572756b-e0af-44cf-8ee1-9585a9d57095] received
[2021-09-01 16:04:11,942: INFO/MainProcess] Task concurrent_dispatcher.dispatch_concurrent[37a373a3-1a0e-4c30-8c96-405cfc653116] received
[2021-09-01 16:04:11,943: INFO/MainProcess] Task concurrent_dispatcher.dispatch_concurrent[b0363fb6-3831-474b-92a8-b5a27476684c] received
[2021-09-01 16:04:11,944: INFO/MainProcess] Task concurrent_dispatcher.dispatch_concurrent[bb42269d-5748-4edb-9fea-57d4c01af851] received
[2021-09-01 16:04:12,374: INFO/ForkPoolWorker-10] concurrent_dispatcher.dispatch_concurrent[43be4d90-24c0-42f8-814e-ccf07a744313]: SMS sent to (088)166-1663x7165. Data: {'name': 'Jessica Bowers', 'email': 'shane77@example.net', 'phone': '(088)166-1663x7165', 'url': 'http://www.taylor.biz/', 'type': 'sms'}
[2021-09-01 16:04:12,374: INFO/ForkPoolWorker-9] concurrent_dispatcher.dispatch_concurrent[e788a973-45b2-4cda-b4b2-e949b6372e31]: SMS sent to +1-219-693-0240x7842. Data: {'name': 'Dennis Stephens', 'email': 'travis56@example.net', 'phone': '+1-219-693-0240x7842', 'url': 'https://www.brown-dickerson.com/', 'type': 'sms'}
[2021-09-01 16:04:12,375: INFO/ForkPoolWorker-9] Task concurrent_dispatcher.dispatch_concurrent[e788a973-45b2-4cda-b4b2-e949b6372e31] succeeded in 0.501637897999899s: 'Done'
[2021-09-01 16:04:12,375: INFO/ForkPoolWorker-10] Task concurrent_dispatcher.dispatch_concurrent[43be4d90-24c0-42f8-814e-ccf07a744313] succeeded in 0.5014221490000637s: 'Done'
[2021-09-01 16:04:12,392: INFO/ForkPoolWorker-1] concurrent_dispatcher.dispatch_concurrent[9c333e34-859f-482c-8642-32f2bf62b530]: SMS sent to 0967704570. Data: {'name': 'Traci Morrison MD', 'email': 'derrickwheeler@example.net', 'phone': '0967704570', 'url': 'http://lawrence-torres.info/', 'type': 'sms'}
[2021-09-01 16:04:12,392: INFO/ForkPoolWorker-8] concurrent_dispatcher.dispatch_concurrent[9b1bf78d-c340-44b5-be8e-25a2774ff5ef]: EMAIL sent to brownmichelle@example.net. Data: {'name': 'Donna Kelly', 'email': 'brownmichelle@example.net', 'phone': None, 'url': 'https://www.robinson.com/', 'type': 'email'}
[2021-09-01 16:04:12,392: INFO/ForkPoolWorker-12] concurrent_dispatcher.dispatch_concurrent[7f844bb7-2d72-4773-b4fe-87f821c05c2d]: EMAIL sent to joshua84@example.org. Data: {'name': 'Donna Smith', 'email': 'joshua84@example.org', 'phone': '439-561-7806', 'url': 'https://hayes.org/', 'type': 'email'}
[2021-09-01 16:04:12,392: INFO/ForkPoolWorker-3] concurrent_dispatcher.dispatch_concurrent[00b5c62b-a481-43d9-8a03-1b17a77904d9]: POST sent to http://www.shepard-jones.com/. Data: {'name': 'Ashley Russell', 'email': 'juansmith@example.org', 'phone': '079-300-1426', 'url': 'http://www.shepard-jones.com/', 'type': 'post'}
[2021-09-01 16:04:12,392: INFO/ForkPoolWorker-11] concurrent_dispatcher.dispatch_concurrent[ccf44dbb-ad24-4f60-8c9d-11106d0276ed]: POST sent to http://www.cobb.org/. Data: {'name': 'Tina Young', 'email': 'perryjose@example.net', 'phone': '(162)131-5512', 'url': 'http://www.cobb.org/', 'type': 'post'}
[2021-09-01 16:04:12,393: INFO/ForkPoolWorker-8] Task concurrent_dispatcher.dispatch_concurrent[9b1bf78d-c340-44b5-be8e-25a2774ff5ef] succeeded in 0.5018997799998033s: 'Done'
[2021-09-01 16:04:12,393: INFO/ForkPoolWorker-1] Task concurrent_dispatcher.dispatch_concurrent[9c333e34-859f-482c-8642-32f2bf62b530] succeeded in 0.5016772060007497s: 'Done'
[2021-09-01 16:04:12,393: INFO/ForkPoolWorker-12] Task concurrent_dispatcher.dispatch_concurrent[7f844bb7-2d72-4773-b4fe-87f821c05c2d] succeeded in 0.5014784809991397s: 'Done'
[2021-09-01 16:04:12,393: INFO/ForkPoolWorker-11] Task concurrent_dispatcher.dispatch_concurrent[ccf44dbb-ad24-4f60-8c9d-11106d0276ed] succeeded in 0.5017279670009884s: 'Done'
[2021-09-01 16:04:12,393: INFO/ForkPoolWorker-3] Task concurrent_dispatcher.dispatch_concurrent[00b5c62b-a481-43d9-8a03-1b17a77904d9] succeeded in 0.5011775640014093s: 'Done'
[2021-09-01 16:04:12,398: ERROR/ForkPoolWorker-11] concurrent_dispatcher.dispatch_concurrent[5832c78f-19ae-420b-b595-ce6ba2eeb893]: SMS notifier *FAILED*  [Invalid NAME or PHONE] @ {'name': 'Steven Foster', 'email': 'ndawson@example.org', 'phone': None, 'url': 'http://davis.biz/', 'type': 'sms'}
[2021-09-01 16:04:12,398: ERROR/ForkPoolWorker-1] concurrent_dispatcher.dispatch_concurrent[06f560ab-28dd-4112-a444-bac31ea538c7]: EMAIL notifier *FAILED* [Invalid NAME or EMAIL] @ {'name': 'Kaitlin Miles', 'email': None, 'phone': None, 'url': 'http://banks-atkins.info/', 'type': 'email'}
[2021-09-01 16:04:12,398: ERROR/ForkPoolWorker-8] concurrent_dispatcher.dispatch_concurrent[3cd69c7f-cb5f-45e4-8840-b1a15db31599]: POST notifier *FAILED* [Invalid NAME or URL] @ {'name': 'Patricia Vincent', 'email': None, 'phone': '(021)107-2739x24514', 'url': None, 'type': 'post'}
[2021-09-01 16:04:12,398: INFO/ForkPoolWorker-11] Task concurrent_dispatcher.dispatch_concurrent[5832c78f-19ae-420b-b595-ce6ba2eeb893] succeeded in 0.0006735739989380818s: 'Done'
[2021-09-01 16:04:12,398: INFO/ForkPoolWorker-8] Task concurrent_dispatcher.dispatch_concurrent[3cd69c7f-cb5f-45e4-8840-b1a15db31599] succeeded in 0.0008087810001597973s: 'Done'
[2021-09-01 16:04:12,398: INFO/ForkPoolWorker-1] Task concurrent_dispatcher.dispatch_concurrent[06f560ab-28dd-4112-a444-bac31ea538c7] succeeded in 0.0007668599992030067s: 'Done'
[2021-09-01 16:04:12,401: INFO/MainProcess] Task concurrent_dispatcher.dispatch_concurrent[27de1b18-d465-4b73-aaed-b85b0a4bb2d5] received
[2021-09-01 16:04:12,416: INFO/MainProcess] Task concurrent_dispatcher.dispatch_concurrent[af1ca7d2-f8d2-400e-aa4c-53d19035aa25] received
[2021-09-01 16:04:12,416: INFO/ForkPoolWorker-16] concurrent_dispatcher.dispatch_concurrent[c5de38c9-aed5-4cd6-ad67-36f4e0d220f0]: POST sent to https://www.wilson.biz/. Data: {'name': 'Edgar Fletcher', 'email': 'yhill@example.net', 'phone': '001-806-037-8167x3780', 'url': 'https://www.wilson.biz/', 'type': 'post'}
[2021-09-01 16:04:12,416: INFO/ForkPoolWorker-14] concurrent_dispatcher.dispatch_concurrent[67355ae1-e90c-4eac-ac6d-b38c13341962]: POST sent to https://www.stout-bruce.com/. Data: {'name': 'Kenneth Wilkerson', 'email': 'logangray@example.org', 'phone': '315-445-5777x199', 'url': 'https://www.stout-bruce.com/', 'type': 'post'}
[2021-09-01 16:04:12,416: INFO/ForkPoolWorker-2] concurrent_dispatcher.dispatch_concurrent[0418c38b-83ad-44e4-b27a-56713cf20129]: EMAIL sent to millerrobert@example.net. Data: {'name': 'Elizabeth Miller', 'email': 'millerrobert@example.net', 'phone': '+1-267-037-3647x7380', 'url': 'http://www.page.com/', 'type': 'email'}
[2021-09-01 16:04:12,417: INFO/ForkPoolWorker-14] Task concurrent_dispatcher.dispatch_concurrent[67355ae1-e90c-4eac-ac6d-b38c13341962] succeeded in 0.5013453489991662s: 'Done'
[2021-09-01 16:04:12,417: INFO/ForkPoolWorker-2] Task concurrent_dispatcher.dispatch_concurrent[0418c38b-83ad-44e4-b27a-56713cf20129] succeeded in 0.5014938160002202s: 'Done'
[2021-09-01 16:04:12,417: INFO/ForkPoolWorker-16] Task concurrent_dispatcher.dispatch_concurrent[c5de38c9-aed5-4cd6-ad67-36f4e0d220f0] succeeded in 0.5012712129991996s: 'Done'
[2021-09-01 16:04:12,417: INFO/ForkPoolWorker-7] concurrent_dispatcher.dispatch_concurrent[81f4f14e-3992-477c-adda-11d1fe90509d]: SMS sent to 227.650.1484. Data: {'name': 'Kelly Rasmussen', 'email': 'walkernathan@example.com', 'phone': '227.650.1484', 'url': None, 'type': 'sms'}
[2021-09-01 16:04:12,417: INFO/ForkPoolWorker-6] concurrent_dispatcher.dispatch_concurrent[9b09f578-4aab-418b-ac23-cac53ddee814]: EMAIL sent to tamarareid@example.org. Data: {'name': 'Sarah Hernandez', 'email': 'tamarareid@example.org', 'phone': None, 'url': 'http://colon.com/', 'type': 'email'}
[2021-09-01 16:04:12,418: INFO/ForkPoolWorker-15] concurrent_dispatcher.dispatch_concurrent[6c2c929a-06fc-4397-bfe4-77b212f95062]: EMAIL sent to scottashley@example.net. Data: {'name': 'Desiree Alexander', 'email': 'scottashley@example.net', 'phone': None, 'url': None, 'type': 'email'}
[2021-09-01 16:04:12,417: INFO/ForkPoolWorker-13] concurrent_dispatcher.dispatch_concurrent[7c0b120d-3f04-4f04-8228-6c32f5b438b2]: EMAIL sent to franklinheather@example.net. Data: {'name': 'Jeffrey Rice', 'email': 'franklinheather@example.net', 'phone': '074.829.0298x071', 'url': 'https://robbins.net/', 'type': 'email'}
[2021-09-01 16:04:12,418: INFO/ForkPoolWorker-6] Task concurrent_dispatcher.dispatch_concurrent[9b09f578-4aab-418b-ac23-cac53ddee814] succeeded in 0.5021611500014842s: 'Done'
[2021-09-01 16:04:12,418: INFO/ForkPoolWorker-7] Task concurrent_dispatcher.dispatch_concurrent[81f4f14e-3992-477c-adda-11d1fe90509d] succeeded in 0.5013755500003754s: 'Done'
[2021-09-01 16:04:12,419: INFO/ForkPoolWorker-15] Task concurrent_dispatcher.dispatch_concurrent[6c2c929a-06fc-4397-bfe4-77b212f95062] succeeded in 0.5027503750006872s: 'Done'
[2021-09-01 16:04:12,419: INFO/ForkPoolWorker-13] Task concurrent_dispatcher.dispatch_concurrent[7c0b120d-3f04-4f04-8228-6c32f5b438b2] succeeded in 0.5028152949998912s: 'Done'
[2021-09-01 16:04:12,420: ERROR/ForkPoolWorker-14] concurrent_dispatcher.dispatch_concurrent[97b8ba35-75c0-42a2-b5d4-60cc90fbe18b]: EMAIL notifier *FAILED* [Invalid NAME or EMAIL] @ {'name': 'Timothy Washington', 'email': None, 'phone': '(756)846-0489x073', 'url': 'https://www.wong.com/', 'type': 'email'}
[2021-09-01 16:04:12,421: INFO/ForkPoolWorker-14] Task concurrent_dispatcher.dispatch_concurrent[97b8ba35-75c0-42a2-b5d4-60cc90fbe18b] succeeded in 0.000574997000512667s: 'Done'
[2021-09-01 16:04:12,423: INFO/MainProcess] Task concurrent_dispatcher.dispatch_concurrent[49276457-fd45-49a1-9075-4953d0824e7a] received
[2021-09-01 16:04:12,428: INFO/ForkPoolWorker-5] concurrent_dispatcher.dispatch_concurrent[87b62852-04fe-44bc-8620-bbc7ce4bf570]: SMS sent to 001-446-754-7336x944. Data: {'name': 'Dustin Wilcox', 'email': 'zking@example.net', 'phone': '001-446-754-7336x944', 'url': 'https://www.escobar.com/', 'type': 'sms'}
[2021-09-01 16:04:12,428: INFO/ForkPoolWorker-4] concurrent_dispatcher.dispatch_concurrent[bbcfb204-7aa8-4d32-a65c-1a953fe09cd3]: POST sent to http://gomez.com/. Data: {'name': 'Colton Howell', 'email': 'millercarlos@example.org', 'phone': '001-608-654-2526x7604', 'url': 'http://gomez.com/', 'type': 'post'}
[2021-09-01 16:04:12,429: INFO/ForkPoolWorker-5] Task concurrent_dispatcher.dispatch_concurrent[87b62852-04fe-44bc-8620-bbc7ce4bf570] succeeded in 0.5007653440006834s: 'Done'
[2021-09-01 16:04:12,429: INFO/ForkPoolWorker-4] Task concurrent_dispatcher.dispatch_concurrent[bbcfb204-7aa8-4d32-a65c-1a953fe09cd3] succeeded in 0.500823357999252s: 'Done'
[2021-09-01 16:04:12,432: INFO/MainProcess] Task concurrent_dispatcher.dispatch_concurrent[4067c628-ea18-41a6-b229-4af2e79d4c4d] received
[2021-09-01 16:04:12,441: INFO/MainProcess] Task concurrent_dispatcher.dispatch_concurrent[cf5d9a7f-c852-4b57-b0f8-4c3bec9190cd] received
[2021-09-01 16:04:12,442: INFO/MainProcess] Task concurrent_dispatcher.dispatch_concurrent[f6700910-d116-40b5-aa56-4830d5030655] received
[2021-09-01 16:04:12,443: INFO/MainProcess] Task concurrent_dispatcher.dispatch_concurrent[22687a5b-b587-4fcb-b58d-571b80b84ec1] received
[2021-09-01 16:04:12,445: INFO/MainProcess] Task concurrent_dispatcher.dispatch_concurrent[62492970-4825-4cd1-8522-7e01640b40b5] received
[2021-09-01 16:04:12,446: INFO/MainProcess] Task concurrent_dispatcher.dispatch_concurrent[92ef8ee6-4741-4578-927b-0674c29efd78] received
[2021-09-01 16:04:12,447: INFO/MainProcess] Task concurrent_dispatcher.dispatch_concurrent[cfff226b-2775-493e-87d2-7ef07d342915] received
[2021-09-01 16:04:12,448: INFO/MainProcess] Task concurrent_dispatcher.dispatch_concurrent[9d48864b-2b20-4ead-8f4b-862379c0d800] received
[2021-09-01 16:04:12,449: INFO/MainProcess] Task concurrent_dispatcher.dispatch_concurrent[2de19793-5a7d-4309-a960-20d8c71d88f4] received
