[2021-09-01 16:04:12,450: INFO/MainProcess] Task concurrent_dispatcher.dispatch_concurrent[30ca1281-ed85-491d-b2ce-fa64bf7fcbaf] received
[2021-09-01 16:04:12,451: INFO/MainProcess] Task concurrent_dispatcher.dispatch_concurrent[6f0332b5-4897-455e-b6fc-e3ca709d221c] received
[2021-09-01 16:04:12,452: INFO/MainProcess] Task concurrent_dispatcher.dispatch_concurrent[bd123e35-821e-42e6-90de-0aa141173e35] received
[2021-09-01 16:04:12,453: INFO/MainProcess] Task concurrent_dispatcher.dispatch_concurrent[07d1d828-937c-45b1-aa10-004d326ed362] received
[2021-09-01 16:04:12,454: INFO/MainProcess] Task concurrent_dispatcher.dispatch_concurrent[b88572d7-cc4a-44c3-ba6b-d7635a9bc871] received
[2021-09-01 16:04:12,455: INFO/MainProcess] Task concurrent_dispatcher.dispatch_concurrent[d017801a-9497-4b9e-932e-3b5f1cc5c2e4] received
[2021-09-01 16:04:12,456: INFO/MainProcess] Task concurrent_dispatcher.dispatch_concurrent[437ef4f1-307f-43d9-8a67-009f20c46624] received
[2021-09-01 16:04:12,456: INFO/MainProcess] Task concurrent_dispatcher.dispatch_concurrent[882cf02a-d70a-4ac5-9e7c-c7d8754444d6] received
[2021-09-01 16:04:12,879: INFO/ForkPoolWorker-9] concurrent_dispatcher.dispatch_concurrent[e564d29a-f34b-4dec-8d8c-ec8afac62bca]: SMS sent to 255.587.1340x576. Data: {'name': 'Frank Monroe', 'email': 'wilsonbrett@example.net', 'phone': '255.587.1340x576', 'url': None, 'type': 'sms'}
[2021-09-01 16:04:12,880: INFO/ForkPoolWorker-9] Task concurrent_dispatcher.dispatch_concurrent[e564d29a-f34b-4dec-8d8c-ec8afac62bca] succeeded in 0.5017413699988538s: 'Done'
[2021-09-01 16:04:12,880: INFO/ForkPoolWorker-10] concurrent_dispatcher.dispatch_concurrent[e44296af-9ef7-447a-8cf5-81ddaae7b955]: EMAIL sent to johnsonstacy@example.com. Data: {'name': 'Jonathan Harrington Jr.', 'email': 'johnsonstacy@example.com', 'phone': '907-324-6170', 'url': None, 'type': 'email'}
[2021-09-01 16:04:12,881: INFO/ForkPoolWorker-10] Task concurrent_dispatcher.dispatch_concurrent[e44296af-9ef7-447a-8cf5-81ddaae7b955] succeeded in 0.5026791139989655s: 'Done'
[2021-09-01 16:04:12,898: INFO/ForkPoolWorker-12] concurrent_dispatcher.dispatch_concurrent[5ef134b3-88d4-4af9-84d3-aedcdaa1c89e]: SMS sent to +1-846-542-6635x0987. Data: {'name': 'Matthew Bush', 'email': 'rlopez@example.org', 'phone': '+1-846-542-6635x0987', 'url': None, 'type': 'sms'}
[2021-09-01 16:04:12,898: INFO/ForkPoolWorker-3] concurrent_dispatcher.dispatch_concurrent[84d6f00c-af3b-4ad3-b627-910b48423b00]: SMS sent to 717-483-1971x25939. Data: {'name': 'Kayla Molina', 'email': None, 'phone': '717-483-1971x25939', 'url': 'http://www.keller.com/', 'type': 'sms'}
[2021-09-01 16:04:12,899: INFO/ForkPoolWorker-12] Task concurrent_dispatcher.dispatch_concurrent[5ef134b3-88d4-4af9-84d3-aedcdaa1c89e] succeeded in 0.5013847700010956s: 'Done'
[2021-09-01 16:04:12,899: INFO/ForkPoolWorker-3] Task concurrent_dispatcher.dispatch_concurrent[84d6f00c-af3b-4ad3-b627-910b48423b00] succeeded in 0.5013616099986393s: 'Done'
[2021-09-01 16:04:12,907: INFO/MainProcess] Task concurrent_dispatcher.dispatch_concurrent[20903738-f1b6-4583-9b44-1b2133bfa328] received
[2021-09-01 16:04:12,914: INFO/MainProcess] Task concurrent_dispatcher.dispatch_concurrent[99f78d2c-419f-4a65-a719-afa28aa366a2] received
[2021-09-01 16:04:12,919: INFO/MainProcess] Task concurrent_dispatcher.dispatch_concurrent[7d7a5104-3379-4a0a-bd9d-6e32d436441c] received
[2021-09-01 16:04:12,920: INFO/ForkPoolWorker-1] concurrent_dispatcher.dispatch_concurrent[53b2f3d2-cc65-4c37-b50b-4298ae50af54]: POST sent to https://nguyen-moore.com/. Data: {'name': 'Christian Gibson', 'email': 'johnmeadows@example.com', 'phone': None, 'url': 'https://nguyen-moore.com/', 'type': 'post'}
[2021-09-01 16:04:12,920: INFO/ForkPoolWorker-8] concurrent_dispatcher.dispatch_concurrent[cf887f89-1a08-468b-a438-837aabb49afd]: EMAIL sent to nicole48@example.com. Data: {'name': 'Kimberly Hancock', 'email': 'nicole48@example.com', 'phone': '+1-381-661-9545', 'url': 'https://www.meyer-miller.info/', 'type': 'email'}
[2021-09-01 16:04:12,921: INFO/ForkPoolWorker-2] concurrent_dispatcher.dispatch_concurrent[f2d9c517-f530-4f73-a706-79875409cec9]: SMS sent to 097.246.1175x40643. Data: {'name': 'Julia Andrews', 'email': 'angeladean@example.com', 'phone': '097.246.1175x40643', 'url': 'http://www.thompson.com/', 'type': 'sms'}
[2021-09-01 16:04:12,921: INFO/ForkPoolWorker-1] Task concurrent_dispatcher.dispatch_concurrent[53b2f3d2-cc65-4c37-b50b-4298ae50af54] succeeded in 0.5010378059996583s: 'Done'
[2021-09-01 16:04:12,921: INFO/ForkPoolWorker-8] Task concurrent_dispatcher.dispatch_concurrent[cf887f89-1a08-468b-a438-837aabb49afd] succeeded in 0.5011448629993538s: 'Done'
[2021-09-01 16:04:12,921: INFO/ForkPoolWorker-16] concurrent_dispatcher.dispatch_concurrent[e89a5f80-4f31-40b4-a707-d6d877aeb83e]: SMS sent to 001-230-693-0574x1732. Data: {'name': 'Catherine Park', 'email': 'gouldalbert@example.com', 'phone': '001-230-693-0574x1732', 'url': 'http://lucas-adkins.com/', 'type': 'sms'}
[2021-09-01 16:04:12,922: INFO/ForkPoolWorker-2] Task concurrent_dispatcher.dispatch_concurrent[f2d9c517-f530-4f73-a706-79875409cec9] succeeded in 0.5014515059992846s: 'Done'
[2021-09-01 16:04:12,922: INFO/ForkPoolWorker-16] Task concurrent_dispatcher.dispatch_concurrent[e89a5f80-4f31-40b4-a707-d6d877aeb83e] succeeded in 0.5015087550000317s: 'Done'
[2021-09-01 16:04:12,922: INFO/ForkPoolWorker-11] concurrent_dispatcher.dispatch_concurrent[e8ccc0bf-28d6-4c29-a20b-745e284388f5]: SMS sent to 373-597-8239x7927. Data: {'name': 'Barbara Anderson', 'email': 'alexandracollins@example.com', 'phone': '373-597-8239x7927', 'url': 'https://gonzalez.info/', 'type': 'sms'}
[2021-09-01 16:04:12,923: INFO/ForkPoolWorker-11] Task concurrent_dispatcher.dispatch_concurrent[e8ccc0bf-28d6-4c29-a20b-745e284388f5] succeeded in 0.5016487730008521s: 'Done'
[2021-09-01 16:04:12,927: INFO/MainProcess] Task concurrent_dispatcher.dispatch_concurrent[e37836f3-e974-4a95-b8f9-bb3662b13d81] received
[2021-09-01 16:04:12,931: ERROR/ForkPoolWorker-11] concurrent_dispatcher.dispatch_concurrent[ec332a06-92ac-42a8-8402-32037caafb51]: POST notifier *FAILED* [Invalid NAME or URL] @ {'name': 'Troy Harris', 'email': 'hollandjames@example.net', 'phone': '(016)343-1826x371', 'url': None, 'type': 'post'}
[2021-09-01 16:04:12,931: ERROR/ForkPoolWorker-16] concurrent_dispatcher.dispatch_concurrent[13f79389-6f40-40d6-ac78-917ba11c2b05]: SMS notifier *FAILED*  [Invalid NAME or PHONE] @ {'name': 'Alan Palmer', 'email': 'andrewjones@example.com', 'phone': None, 'url': 'http://www.russo.com/', 'type': 'sms'}
[2021-09-01 16:04:12,932: INFO/ForkPoolWorker-16] Task concurrent_dispatcher.dispatch_concurrent[13f79389-6f40-40d6-ac78-917ba11c2b05] succeeded in 0.001885956999103655s: 'Done'
[2021-09-01 16:04:12,932: INFO/ForkPoolWorker-11] Task concurrent_dispatcher.dispatch_concurrent[ec332a06-92ac-42a8-8402-32037caafb51] succeeded in 0.0018563810008345172s: 'Done'
[2021-09-01 16:04:12,934: INFO/ForkPoolWorker-5] concurrent_dispatcher.dispatch_concurrent[f8c01680-8407-4869-9041-b23ec6c46d8f]: SMS sent to 001-175-297-5762. Data: {'name': 'Stephen Frey', 'email': 'gonzalesnicholas@example.org', 'phone': '001-175-297-5762', 'url': 'https://www.donaldson.com/', 'type': 'sms'}
[2021-09-01 16:04:12,934: INFO/ForkPoolWorker-4] concurrent_dispatcher.dispatch_concurrent[48479112-393e-420f-9456-36bd07944881]: SMS sent to (306)900-9310x8128. Data: {'name': 'Ricky Thomas', 'email': 'dianasimmons@example.com', 'phone': '(306)900-9310x8128', 'url': 'http://www.thompson.com/', 'type': 'sms'}
[2021-09-01 16:04:12,934: INFO/ForkPoolWorker-14] concurrent_dispatcher.dispatch_concurrent[d9914fe3-1b66-4367-8c17-6c7dad3b2140]: POST sent to http://obrien-clark.com/. Data: {'name': 'Michelle Cox', 'email': 'kvang@example.org', 'phone': None, 'url': 'http://obrien-clark.com/', 'type': 'post'}
[2021-09-01 16:04:12,934: INFO/ForkPoolWorker-6] concurrent_dispatcher.dispatch_concurrent[caebb369-0b2a-4345-a8de-14402c4a6fb4]: SMS sent to (670)401-9158. Data: {'name': 'Vickie Brady', 'email': 'cunninghamheather@example.org', 'phone': '(670)401-9158', 'url': 'http://johnson.com/', 'type': 'sms'}
[2021-09-01 16:04:12,934: INFO/ForkPoolWorker-15] concurrent_dispatcher.dispatch_concurrent[431f9791-18cb-4db7-8372-4f25134cecc9]: EMAIL sent to casey65@example.net. Data: {'name': 'Alicia Chen', 'email': 'casey65@example.net', 'phone': '649-014-8311x03192', 'url': 'https://www.williams-bell.com/', 'type': 'email'}
[2021-09-01 16:04:12,935: INFO/ForkPoolWorker-13] concurrent_dispatcher.dispatch_concurrent[229aa655-5b0a-493e-90a9-6674842395d6]: POST sent to http://www.ramirez.net/. Data: {'name': 'Joseph Strickland', 'email': 'yadams@example.com', 'phone': None, 'url': 'http://www.ramirez.net/', 'type': 'post'}
[2021-09-01 16:04:12,935: INFO/ForkPoolWorker-5] Task concurrent_dispatcher.dispatch_concurrent[f8c01680-8407-4869-9041-b23ec6c46d8f] succeeded in 0.5018971910012624s: 'Done'
[2021-09-01 16:04:12,935: INFO/ForkPoolWorker-4] Task concurrent_dispatcher.dispatch_concurrent[48479112-393e-420f-9456-36bd07944881] succeeded in 0.5019465980003588s: 'Done'
[2021-09-01 16:04:12,936: INFO/ForkPoolWorker-14] Task concurrent_dispatcher.dispatch_concurrent[d9914fe3-1b66-4367-8c17-6c7dad3b2140] succeeded in 0.502060907001578s: 'Done'
[2021-09-01 16:04:12,936: INFO/ForkPoolWorker-6] Task concurrent_dispatcher.dispatch_concurrent[caebb369-0b2a-4345-a8de-14402c4a6fb4] succeeded in 0.5019012720003957s: 'Done'
[2021-09-01 16:04:12,936: INFO/ForkPoolWorker-15] Task concurrent_dispatcher.dispatch_concurrent[431f9791-18cb-4db7-8372-4f25134cecc9] succeeded in 0.5020040670005983s: 'Done'
[2021-09-01 16:04:12,936: INFO/ForkPoolWorker-13] Task concurrent_dispatcher.dispatch_concurrent[229aa655-5b0a-493e-90a9-6674842395d6] succeeded in 0.5023716729992884s: 'Done'
[2021-09-01 16:04:12,936: INFO/ForkPoolWorker-7] concurrent_dispatcher.dispatch_concurrent[dcec4c39-addd-43b4-9d59-115d90ae51f5]: POST sent to http://peterson-morgan.com/. Data: {'name': 'Lisa Knight', 'email': 'pamela54@example.org', 'phone': None, 'url': 'http://peterson-morgan.com/', 'type': 'post'}
[2021-09-01 16:04:12,937: INFO/ForkPoolWorker-7] Task concurrent_dispatcher.dispatch_concurrent[dcec4c39-addd-43b4-9d59-115d90ae51f5] succeeded in 0.5030111099986243s: 'Done'
[2021-09-01 16:04:12,944: ERROR/ForkPoolWorker-14] concurrent_dispatcher.dispatch_concurrent[5a91767c-5a1d-4ad8-8cdf-b20b4b7bee25]: EMAIL notifier *FAILED* [Invalid NAME or EMAIL] @ {'name': 'Brad Miller', 'email': None, 'phone': '001-855-504-9048', 'url': 'http://rowe-thomas.com/', 'type': 'email'}
[2021-09-01 16:04:12,944: ERROR/ForkPoolWorker-15] concurrent_dispatcher.dispatch_concurrent[b430bf0f-1d4b-401b-a74c-9a462b2e2911]: EMAIL notifier *FAILED* [Invalid NAME or EMAIL] @ {'name': 'Joshua Fischer', 'email': None, 'phone': '001-664-852-0142x28765', 'url': 'https://navarro.biz/', 'type': 'email'}
[2021-09-01 16:04:12,944: ERROR/ForkPoolWorker-16] concurrent_dispatcher.dispatch_concurrent[6337a4b0-c376-4d8a-80c3-8c5ab64f95db]: SMS notifier *FAILED*  [Invalid NAME or PHONE] @ {'name': 'Ashley Willis', 'email': None, 'phone': None, 'url': 'https://www.johnson-santana.com/', 'type': 'sms'}
[2021-09-01 16:04:12,944: ERROR/ForkPoolWorker-5] concurrent_dispatcher.dispatch_concurrent[5c607ad7-950a-4dc2-ba3c-8fe826a15023]: EMAIL notifier *FAILED* [Invalid NAME or EMAIL] @ {'name': 'Robin Roberts', 'email': None, 'phone': '(137)215-7845x41324', 'url': 'https://young.com/', 'type': 'email'}
[2021-09-01 16:04:12,944: INFO/ForkPoolWorker-14] Task concurrent_dispatcher.dispatch_concurrent[5a91767c-5a1d-4ad8-8cdf-b20b4b7bee25] succeeded in 0.00038866899922140874s: 'Done'
[2021-09-01 16:04:12,944: INFO/ForkPoolWorker-15] Task concurrent_dispatcher.dispatch_concurrent[b430bf0f-1d4b-401b-a74c-9a462b2e2911] succeeded in 0.00032876700061024167s: 'Done'
[2021-09-01 16:04:12,944: INFO/ForkPoolWorker-5] Task concurrent_dispatcher.dispatch_concurrent[5c607ad7-950a-4dc2-ba3c-8fe826a15023] succeeded in 0.00041057000089494977s: 'Done'
[2021-09-01 16:04:12,944: INFO/ForkPoolWorker-16] Task concurrent_dispatcher.dispatch_concurrent[6337a4b0-c376-4d8a-80c3-8c5ab64f95db] succeeded in 0.00040159400123229716s: 'Done'
[2021-09-01 16:04:12,945: ERROR/ForkPoolWorker-6] concurrent_dispatcher.dispatch_concurrent[9518ad82-f1fd-4ecb-8097-1709a33960b1]: EMAIL notifier *FAILED* [Invalid NAME or EMAIL] @ {'name': 'Joel West', 'email': None, 'phone': None, 'url': 'http://bell.com/', 'type': 'email'}
[2021-09-01 16:04:12,945: INFO/ForkPoolWorker-6] Task concurrent_dispatcher.dispatch_concurrent[9518ad82-f1fd-4ecb-8097-1709a33960b1] succeeded in 0.00030612100090365857s: 'Done'
[2021-09-01 16:04:12,946: INFO/MainProcess] Task concurrent_dispatcher.dispatch_concurrent[ec3e5a44-b435-4998-b863-e5c94282f932] received
[2021-09-01 16:04:12,953: INFO/MainProcess] Task concurrent_dispatcher.dispatch_concurrent[503b320d-ee41-438e-9bf0-6874498afa1d] received
[2021-09-01 16:04:12,955: INFO/MainProcess] Task concurrent_dispatcher.dispatch_concurrent[a0283e14-b194-402d-83cd-5d08c00cf477] received
[2021-09-01 16:04:12,959: INFO/MainProcess] Task concurrent_dispatcher.dispatch_concurrent[b13fee03-08be-4397-9e4c-f9f265a64262] received
[2021-09-01 16:04:12,960: INFO/MainProcess] Task concurrent_dispatcher.dispatch_concurrent[564ca7b4-52d2-42a8-a950-35b9a10ce34d] received
[2021-09-01 16:04:12,961: INFO/MainProcess] Task concurrent_dispatcher.dispatch_concurrent[eba089b5-9831-4f3f-a7c7-15c712bf90c1] received
[2021-09-01 16:04:12,962: INFO/MainProcess] Task concurrent_dispatcher.dispatch_concurrent[0fe576a9-ad5a-4e74-91ce-16fcf45ff2ce] received
[2021-09-01 16:04:12,963: INFO/MainProcess] Task concurrent_dispatcher.dispatch_concurrent[1f42dba9-3bfd-45e1-b01a-f31a738887fb] received
[2021-09-01 16:04:12,965: INFO/MainProcess] Task concurrent_dispatcher.dispatch_concurrent[aa286752-1a85-454a-9db9-c306c3d52493] received
[2021-09-01 16:04:12,966: INFO/MainProcess] Task concurrent_dispatcher.dispatch_concurrent[407d5eeb-d661-487a-a857-fb04bea13939] received
[2021-09-01 16:04:12,967: INFO/MainProcess] Task concurrent_dispatcher.dispatch_concurrent[a532cc61-0334-4509-af32-05a1916c4cdc] received
[2021-09-01 16:04:12,968: INFO/MainProcess] Task concurrent_dispatcher.dispatch_concurrent[8da59d12-98f6-4b42-a4f8-41e809e99449] received
[2021-09-01 16:04:12,970: INFO/MainProcess] Task concurrent_dispatcher.dispatch_concurrent[2b545bbc-15cf-4b72-9469-6ff007ee7fea] received
[2021-09-01 16:04:12,971: INFO/MainProcess] Task concurrent_dispatcher.dispatch_concurrent[0a6b8778-7e3e-4772-8d4e-e6fb9f2d0297] received
[2021-09-01 16:04:12,972: INFO/MainProcess] Task concurrent_dispatcher.dispatch_concurrent[458ad888-4c00-4ea4-b0c3-87678ae8d012] received
[2021-09-01 16:04:12,973: INFO/MainProcess] Task concurrent_dispatcher.dispatch_concurrent[3933a5a3-8895-423f-afda-a4b01a4005b8] received
[2021-09-01 16:04:12,974: INFO/MainProcess] Task concurrent_dispatcher.dispatch_concurrent[b77e5da2-f410-417f-8ed3-ac4ebdc1390e] received
[2021-09-01 16:04:12,975: INFO/MainProcess] Task concurrent_dispatcher.dispatch_concurrent[2968c5d0-925e-433f-af78-33f1d84820a4] received
[2021-09-01 16:04:12,977: INFO/MainProcess] Task concurrent_dispatcher.dispatch_concurrent[d2dfb599-02a7-4669-85df-1c4d69ef3b97] received
[2021-09-01 16:04:13,384: INFO/ForkPoolWorker-10] concurrent_dispatcher.dispatch_concurrent[4c68fcef-db58-4862-a6d5-ac5d022703d6]: POST sent to http://www.gomez.com/. Data: {'name': 'Melissa Gray', 'email': 'denisewolf@example.com', 'phone': None, 'url': 'http://www.gomez.com/', 'type': 'post'}
[2021-09-01 16:04:13,384: INFO/ForkPoolWorker-9] concurrent_dispatcher.dispatch_concurrent[1fc465c5-74b5-41c8-9a7c-3322a0e6a627]: POST sent to http://smith.org/. Data: {'name': 'Anne Edwards', 'email': 'john39@example.com', 'phone': '001-897-090-7828x69704', 'url': 'http://smith.org/', 'type': 'post'}
[2021-09-01 16:04:13,385: INFO/ForkPoolWorker-10] Task concurrent_dispatcher.dispatch_concurrent[4c68fcef-db58-4862-a6d5-ac5d022703d6] succeeded in 0.5012724119987979s: 'Done'
[2021-09-01 16:04:13,385: INFO/ForkPoolWorker-9] Task concurrent_dispatcher.dispatch_concurrent[1fc465c5-74b5-41c8-9a7c-3322a0e6a627] succeeded in 0.501272642000913s: 'Done'
[2021-09-01 16:04:13,404: INFO/ForkPoolWorker-3] concurrent_dispatcher.dispatch_concurrent[3c2dffaf-0c77-491b-84dd-642545715265]: POST sent to http://www.williams.com/. Data: {'name': 'Edward Robinson', 'email': 'yhall@example.net', 'phone': '+1-094-013-6499x5055', 'url': 'http://www.williams.com/', 'type': 'post'}
[2021-09-01 16:04:13,404: INFO/ForkPoolWorker-12] concurrent_dispatcher.dispatch_concurrent[c46ca9d1-cd8b-4762-a6d6-ccdf1613c1d4]: EMAIL sent to thompsonchristopher@example.net. Data: {'name': 'Philip Lewis', 'email': 'thompsonchristopher@example.net', 'phone': '001-814-382-3269x005', 'url': 'https://gallagher.com/', 'type': 'email'}
[2021-09-01 16:04:13,405: INFO/ForkPoolWorker-3] Task concurrent_dispatcher.dispatch_concurrent[3c2dffaf-0c77-491b-84dd-642545715265] succeeded in 0.5018693660003919s: 'Done'
[2021-09-01 16:04:13,405: INFO/ForkPoolWorker-12] Task concurrent_dispatcher.dispatch_concurrent[c46ca9d1-cd8b-4762-a6d6-ccdf1613c1d4] succeeded in 0.5020090649995836s: 'Done'
[2021-09-01 16:04:13,411: INFO/MainProcess] Task concurrent_dispatcher.dispatch_concurrent[bec9b63d-030e-4cc3-aa89-8826495a13d0] received
[2021-09-01 16:04:13,418: INFO/MainProcess] Task concurrent_dispatcher.dispatch_concurrent[791a2cf0-7b08-48a6-a134-5250730adf76] received
[2021-09-01 16:04:13,426: INFO/MainProcess] Task concurrent_dispatcher.dispatch_concurrent[089f14bd-e694-4206-97da-466dd93ce37b] received
[2021-09-01 16:04:13,431: INFO/ForkPoolWorker-8] concurrent_dispatcher.dispatch_concurrent[e2584588-2b66-42d7-95a7-ce61b4356351]: POST sent to http://www.hudson.com/. Data: {'name': 'Kyle Coffey DDS', 'email': 'nlane@example.org', 'phone': '001-521-977-5129x686', 'url': 'http://www.hudson.com/', 'type': 'post'}
[2021-09-01 16:04:13,431: INFO/ForkPoolWorker-2] concurrent_dispatcher.dispatch_concurrent[1518ec06-aab3-4ee8-a6e8-38b0366fe2d6]: EMAIL sent to patrickstafford@example.com. Data: {'name': 'James Luna', 'email': 'patrickstafford@example.com', 'phone': None, 'url': 'https://mathis.com/', 'type': 'email'}
[2021-09-01 16:04:13,432: INFO/ForkPoolWorker-8] Task concurrent_dispatcher.dispatch_concurrent[e2584588-2b66-42d7-95a7-ce61b4356351] succeeded in 0.5019164660006936s: 'Done'
[2021-09-01 16:04:13,432: INFO/ForkPoolWorker-2] Task concurrent_dispatcher.dispatch_concurrent[1518ec06-aab3-4ee8-a6e8-38b0366fe2d6] succeeded in 0.5017436990001443s: 'Done'
[2021-09-01 16:04:13,432: INFO/MainProcess] Task concurrent_dispatcher.dispatch_concurrent[dd90d0b5-0b8d-4c47-a71e-ad85aa3a6bcd] received
[2021-09-01 16:04:13,433: INFO/ForkPoolWorker-1] concurrent_dispatcher.dispatch_concurrent[da1cb495-d3bc-4ad2-acbb-eb187d35cf77]: EMAIL sent to john57@example.org. Data: {'name': 'Paula Mcdonald', 'email': 'john57@example.org', 'phone': '(582)317-7435x14647', 'url': 'https://russell.com/', 'type': 'email'}
[2021-09-01 16:04:13,434: INFO/ForkPoolWorker-1] Task concurrent_dispatcher.dispatch_concurrent[da1cb495-d3bc-4ad2-acbb-eb187d35cf77] succeeded in 0.5033784120005294s: 'Done'
[2021-09-01 16:04:13,444: INFO/ForkPoolWorker-13] concurrent_dispatcher.dispatch_concurrent[83a89b72-de4f-40cb-acb7-459b85a646ae]: POST sent to https://lee.biz/. Data: {'name': 'Tracey Morgan', 'email': 'mhudson@example.org', 'phone': None, 'url': 'https://lee.biz/', 'type': 'post'}
[2021-09-01 16:04:13,444: INFO/ForkPoolWorker-11] concurrent_dispatcher.dispatch_concurrent[498e6e0f-2cf8-4ee5-9cb0-0f9c40e50f53]: EMAIL sent to stacyrobinson@example.net. Data: {'name': 'Shannon Woodward', 'email': 'stacyrobinson@example.net', 'phone': '(374)566-8953', 'url': None, 'type': 'email'}
[2021-09-01 16:04:13,445: INFO/ForkPoolWorker-13] Task concurrent_dispatcher.dispatch_concurrent[83a89b72-de4f-40cb-acb7-459b85a646ae] succeeded in 0.5009953359985957s: 'Done'
[2021-09-01 16:04:13,445: INFO/ForkPoolWorker-11] Task concurrent_dispatcher.dispatch_concurrent[498e6e0f-2cf8-4ee5-9cb0-0f9c40e50f53] succeeded in 0.5010447179993207s: 'Done'
[2021-09-01 16:04:13,445: INFO/ForkPoolWorker-4] concurrent_dispatcher.dispatch_concurrent[d53e05e2-6052-438c-824e-e153f879897f]: EMAIL sent to kennethyoung@example.org. Data: {'name': 'Douglas Mann', 'email': 'kennethyoung@example.org', 'phone': None, 'url': 'http://www.medina.com/', 'type': 'email'}
[2021-09-01 16:04:13,446: INFO/ForkPoolWorker-4] Task concurrent_dispatcher.dispatch_concurrent[d53e05e2-6052-438c-824e-e153f879897f] succeeded in 0.5021766509998997s: 'Done'
[2021-09-01 16:04:13,446: INFO/ForkPoolWorker-7] concurrent_dispatcher.dispatch_concurrent[1c2ca537-b813-41aa-9f03-8cef00c00b5d]: EMAIL sent to maria29@example.org. Data: {'name': 'Trevor Cook', 'email': 'maria29@example.org', 'phone': '+1-256-335-9826', 'url': 'https://www.rodriguez-hansen.biz/', 'type': 'email'}
[2021-09-01 16:04:13,447: INFO/ForkPoolWorker-7] Task concurrent_dispatcher.dispatch_concurrent[1c2ca537-b813-41aa-9f03-8cef00c00b5d] succeeded in 0.5014831950011285s: 'Done'
[2021-09-01 16:04:13,449: ERROR/ForkPoolWorker-13] concurrent_dispatcher.dispatch_concurrent[8179139b-9cf0-4240-9b25-516d51c4ccfb]: POST notifier *FAILED* [Invalid NAME or URL] @ {'name': 'Lisa Cohen', 'email': 'nicholasaustin@example.com', 'phone': '880-354-7115', 'url': None, 'type': 'post'}
[2021-09-01 16:04:13,449: ERROR/ForkPoolWorker-11] concurrent_dispatcher.dispatch_concurrent[5d46916d-22c2-4339-bf35-699175515fde]: SMS notifier *FAILED*  [Invalid NAME or PHONE] @ {'name': 'Emma Robertson', 'email': 'garnerheather@example.com', 'phone': None, 'url': 'https://french.com/', 'type': 'sms'}
[2021-09-01 16:04:13,449: INFO/ForkPoolWorker-11] Task concurrent_dispatcher.dispatch_concurrent[5d46916d-22c2-4339-bf35-699175515fde] succeeded in 0.0008144559997163014s: 'Done'
[2021-09-01 16:04:13,449: INFO/ForkPoolWorker-13] Task concurrent_dispatcher.dispatch_concurrent[8179139b-9cf0-4240-9b25-516d51c4ccfb] succeeded in 0.0008145020001393277s: 'Done'
[2021-09-01 16:04:13,454: INFO/MainProcess] Task concurrent_dispatcher.dispatch_concurrent[526310d4-2dbb-44d5-bb6a-71634293e983] received
[2021-09-01 16:04:13,455: INFO/ForkPoolWorker-15] concurrent_dispatcher.dispatch_concurrent[c9ac1586-efa4-4aa4-bc18-6778d2a424e6]: EMAIL sent to iking@example.com. Data: {'name': 'Stephanie Le', 'email': 'iking@example.com', 'phone': '819-611-8478x0929', 'url': 'https://www.moran-mckee.com/', 'type': 'email'}
[2021-09-01 16:04:13,455: INFO/ForkPoolWorker-14] concurrent_dispatcher.dispatch_concurrent[23a8057c-d129-4576-8923-de1a02b0484f]: POST sent to https://walters.com/. Data: {'name': 'Lisa Hall', 'email': 'leenathan@example.com', 'phone': '941-888-4029x862', 'url': 'https://walters.com/', 'type': 'post'}
[2021-09-01 16:04:13,455: INFO/ForkPoolWorker-16] concurrent_dispatcher.dispatch_concurrent[4106bac8-137f-4477-bfa0-9d719420e766]: EMAIL sent to bretthopkins@example.org. Data: {'name': 'Kevin Crawford', 'email': 'bretthopkins@example.org', 'phone': '577-015-3139', 'url': None, 'type': 'email'}
[2021-09-01 16:04:13,455: INFO/ForkPoolWorker-5] concurrent_dispatcher.dispatch_concurrent[3533a683-e306-46a8-bbf9-7a5efbaf75e9]: EMAIL sent to smithmatthew@example.org. Data: {'name': 'Julia Martinez', 'email': 'smithmatthew@example.org', 'phone': '001-352-976-2828x97135', 'url': None, 'type': 'email'}
[2021-09-01 16:04:13,456: INFO/ForkPoolWorker-15] Task concurrent_dispatcher.dispatch_concurrent[c9ac1586-efa4-4aa4-bc18-6778d2a424e6] succeeded in 0.5013039479999861s: 'Done'
[2021-09-01 16:04:13,456: INFO/ForkPoolWorker-14] Task concurrent_dispatcher.dispatch_concurrent[23a8057c-d129-4576-8923-de1a02b0484f] succeeded in 0.5013267080012156s: 'Done'
[2021-09-01 16:04:13,456: INFO/ForkPoolWorker-16] Task concurrent_dispatcher.dispatch_concurrent[4106bac8-137f-4477-bfa0-9d719420e766] succeeded in 0.501293381999858s: 'Done'
[2021-09-01 16:04:13,456: INFO/ForkPoolWorker-5] Task concurrent_dispatcher.dispatch_concurrent[3533a683-e306-46a8-bbf9-7a5efbaf75e9] succeeded in 0.5014660359993286s: 'Done'
[2021-09-01 16:04:13,456: INFO/ForkPoolWorker-6] concurrent_dispatcher.dispatch_concurrent[73198792-5643-420e-9a1d-998143bd0bcb]: SMS sent to 812-766-5349. Data: {'name': 'Karen Craig', 'email': 'hharris@example.net', 'phone': '812-766-5349', 'url': 'http://www.walter.com/', 'type': 'sms'}
[2021-09-01 16:04:13,457: INFO/ForkPoolWorker-6] Task concurrent_dispatcher.dispatch_concurrent[73198792-5643-420e-9a1d-998143bd0bcb] succeeded in 0.5021975870004098s: 'Done'
[2021-09-01 16:04:13,460: INFO/MainProcess] Task concurrent_dispatcher.dispatch_concurrent[78eebb75-db56-4b14-a1f0-7d2ff15c1bac] received
[2021-09-01 16:04:13,463: ERROR/ForkPoolWorker-11] concurrent_dispatcher.dispatch_concurrent[9c74ef10-eedd-41f0-abe2-3440de3556d4]: POST notifier *FAILED* [Invalid NAME or URL] @ {'name': 'Joshua Clark', 'email': 'richardsonemily@example.net', 'phone': '614.587.3472x03151', 'url': None, 'type': 'post'}
[2021-09-01 16:04:13,464: INFO/ForkPoolWorker-11] Task concurrent_dispatcher.dispatch_concurrent[9c74ef10-eedd-41f0-abe2-3440de3556d4] succeeded in 0.000680389999615727s: 'Done'
[2021-09-01 16:04:13,464: ERROR/ForkPoolWorker-13] concurrent_dispatcher.dispatch_concurrent[7c5796b4-959d-4159-ab8d-419b3a8c25d3]: POST notifier *FAILED* [Invalid NAME or URL] @ {'name': 'Alexandra Scott', 'email': 'elizabeth24@example.org', 'phone': '761.865.4169', 'url': None, 'type': 'post'}
[2021-09-01 16:04:13,465: INFO/ForkPoolWorker-13] Task concurrent_dispatcher.dispatch_concurrent[7c5796b4-959d-4159-ab8d-419b3a8c25d3] succeeded in 0.00041331099964736495s: 'Done'
[2021-09-01 16:04:13,466: ERROR/ForkPoolWorker-15] concurrent_dispatcher.dispatch_concurrent[9087dc9b-af2d-430e-aa6a-5d2363606b68]: POST notifier *FAILED* [Invalid NAME or URL] @ {'name': 'Alexis Jones', 'email': 'vhale@example.org', 'phone': '(098)595-5535x98984', 'url': None, 'type': 'post'}
[2021-09-01 16:04:13,466: INFO/ForkPoolWorker-15] Task concurrent_dispatcher.dispatch_concurrent[9087dc9b-af2d-430e-aa6a-5d2363606b68] succeeded in 0.00048150600014196243s: 'Done'
[2021-09-01 16:04:13,467: ERROR/ForkPoolWorker-7] concurrent_dispatcher.dispatch_concurrent[e572756b-e0af-44cf-8ee1-9585a9d57095]: SMS notifier *FAILED*  [Invalid NAME or PHONE] @ {'name': 'Ashley Friedman', 'email': 'jhanson@example.net', 'phone': None, 'url': None, 'type': 'sms'}
[2021-09-01 16:04:13,467: INFO/ForkPoolWorker-7] Task concurrent_dispatcher.dispatch_concurrent[e572756b-e0af-44cf-8ee1-9585a9d57095] succeeded in 0.00047607200031052344s: 'Done'
[2021-09-01 16:04:13,484: INFO/MainProcess] Task concurrent_dispatcher.dispatch_concurrent[559691d4-dc64-49a7-bd8d-bec17ee00997] received
[2021-09-01 16:04:13,495: INFO/MainProcess] Task concurrent_dispatcher.dispatch_concurrent[8901d0c3-24ee-4bcd-8c57-d366746e0af0] received
[2021-09-01 16:04:13,499: INFO/MainProcess] Task concurrent_dispatcher.dispatch_concurrent[61c1bdc3-157e-433a-b68a-c141257bf3e7] received
[2021-09-01 16:04:13,502: INFO/MainProcess] Task concurrent_dispatcher.dispatch_concurrent[c9f25c27-f46d-442d-82b7-f2cc00bd32c0] received
[2021-09-01 16:04:13,507: INFO/MainProcess] Task concurrent_dispatcher.dispatch_concurrent[22bfdbed-af5a-4f3a-b403-6f7fa7666e84] received
[2021-09-01 16:04:13,511: INFO/MainProcess] Task concurrent_dispatcher.dispatch_concurrent[24f9a5dc-edf7-42f6-8d11-ede76f3846be] received
[2021-09-01 16:04:13,512: INFO/MainProcess] Task concurrent_dispatcher.dispatch_concurrent[84c1ebda-83f4-449b-911b-1a346eb19294] received
[2021-09-01 16:04:13,514: INFO/MainProcess] Task concurrent_dispatcher.dispatch_concurrent[f8761e4c-a9f6-4cd3-abdd-293d1de0a2cc] received
[2021-09-01 16:04:13,516: INFO/MainProcess] Task concurrent_dispatcher.dispatch_concurrent[5f6b52ba-3c7d-45b8-9cd2-25b6e33a685c] received
[2021-09-01 16:04:13,517: INFO/MainProcess] Task concurrent_dispatcher.dispatch_concurrent[857293f3-5a9b-4042-b32a-09f13f9601c0] received
[2021-09-01 16:04:13,525: INFO/MainProcess] Task concurrent_dispatcher.dispatch_concurrent[0a609434-afa9-4a92-8f6d-ee44219c3294] received
[2021-09-01 16:04:13,530: INFO/MainProcess] Task concurrent_dispatcher.dispatch_concurrent[653b22b4-f4de-4a74-b41c-d689a3b98399] received
[2021-09-01 16:04:13,533: INFO/MainProcess] Task concurrent_dispatcher.dispatch_concurrent[3e06acb1-1c10-4a42-ab1c-727b5e4f2ce4] received
[2021-09-01 16:04:13,538: INFO/MainProcess] Task concurrent_dispatcher.dispatch_concurrent[cd948b08-0579-43ed-860f-8693e1f1c00a] received
[2021-09-01 16:04:13,544: INFO/MainProcess] Task concurrent_dispatcher.dispatch_concurrent[f51c4c75-57b2-4ffc-93b5-ea5291c73133] received
[2021-09-01 16:04:13,549: INFO/MainProcess] Task concurrent_dispatcher.dispatch_concurrent[e0a27fb3-56c1-4ccc-83a6-989da6fb9aaf] received
[2021-09-01 16:04:13,888: INFO/ForkPoolWorker-9] concurrent_dispatcher.dispatch_concurrent[ccfbb21e-d7c4-47db-b39b-de564c688526]: SMS sent to 684-818-4749. Data: {'name': 'Michael Adkins', 'email': 'gwise@example.net', 'phone': '684-818-4749', 'url': 'https://www.woods.com/', 'type': 'sms'}
[2021-09-01 16:04:13,888: INFO/ForkPoolWorker-10] concurrent_dispatcher.dispatch_concurrent[aa06e8b6-5bb9-41ae-8fd2-7fd434a01a4d]: EMAIL sent to winterssandy@example.org. Data: {'name': 'Courtney Wolfe', 'email': 'winterssandy@example.org', 'phone': '558-357-0565x011', 'url': 'http://clark.org/', 'type': 'email'}
[2021-09-01 16:04:13,889: INFO/ForkPoolWorker-9] Task concurrent_dispatcher.dispatch_concurrent[ccfbb21e-d7c4-47db-b39b-de564c688526] succeeded in 0.5021432169996842s: 'Done'
[2021-09-01 16:04:13,889: INFO/ForkPoolWorker-10] Task concurrent_dispatcher.dispatch_concurrent[aa06e8b6-5bb9-41ae-8fd2-7fd434a01a4d] succeeded in 0.5021427029987535s: 'Done'
[2021-09-01 16:04:13,893: ERROR/ForkPoolWorker-9] concurrent_dispatcher.dispatch_concurrent[af1ca7d2-f8d2-400e-aa4c-53d19035aa25]: POST notifier *FAILED* [Invalid NAME or URL] @ {'name': 'Melissa Green', 'email': 'lisa01@example.com', 'phone': '777-189-6275', 'url': None, 'type': 'post'}
[2021-09-01 16:04:13,893: INFO/ForkPoolWorker-9] Task concurrent_dispatcher.dispatch_concurrent[af1ca7d2-f8d2-400e-aa4c-53d19035aa25] succeeded in 0.0005357909994927468s: 'Done'
[2021-09-01 16:04:13,897: ERROR/ForkPoolWorker-9] concurrent_dispatcher.dispatch_concurrent[4067c628-ea18-41a6-b229-4af2e79d4c4d]: EMAIL notifier *FAILED* [Invalid NAME or EMAIL] @ {'name': 'Alexandra Anderson', 'email': None, 'phone': '349.473.5503x35325', 'url': 'http://manning.com/', 'type': 'email'}
[2021-09-01 16:04:13,897: INFO/ForkPoolWorker-9] Task concurrent_dispatcher.dispatch_concurrent[4067c628-ea18-41a6-b229-4af2e79d4c4d] succeeded in 0.00045581099948321935s: 'Done'
[2021-09-01 16:04:13,899: INFO/MainProcess] Task concurrent_dispatcher.dispatch_concurrent[360a4770-ac3b-4324-b942-26fee35df42d] received
[2021-09-01 16:04:13,904: INFO/MainProcess] Task concurrent_dispatcher.dispatch_concurrent[e5689f56-1001-452c-9526-e6c782561856] received
[2021-09-01 16:04:13,909: INFO/ForkPoolWorker-12] concurrent_dispatcher.dispatch_concurrent[88f7b075-c711-435b-beac-9fa097910441]: EMAIL sent to joshua25@example.net. Data: {'name': 'Terry Floyd', 'email': 'joshua25@example.net', 'phone': None, 'url': 'https://www.patterson.net/', 'type': 'email'}
[2021-09-01 16:04:13,909: INFO/ForkPoolWorker-3] concurrent_dispatcher.dispatch_concurrent[bc28ce50-7dae-4cf8-a9b5-9fb43c9011b8]: POST sent to http://olsen.com/. Data: {'name': 'Amanda Cardenas', 'email': None, 'phone': '5322204528', 'url': 'http://olsen.com/', 'type': 'post'}
[2021-09-01 16:04:13,910: INFO/ForkPoolWorker-12] Task concurrent_dispatcher.dispatch_concurrent[88f7b075-c711-435b-beac-9fa097910441] succeeded in 0.5012411710013112s: 'Done'
[2021-09-01 16:04:13,910: INFO/ForkPoolWorker-3] Task concurrent_dispatcher.dispatch_concurrent[bc28ce50-7dae-4cf8-a9b5-9fb43c9011b8] succeeded in 0.501257052001165s: 'Done'
[2021-09-01 16:04:13,910: INFO/MainProcess] Task concurrent_dispatcher.dispatch_concurrent[d635dfb1-beab-4c63-b302-dffce60fba53] received
[2021-09-01 16:04:13,914: ERROR/ForkPoolWorker-12] concurrent_dispatcher.dispatch_concurrent[f6700910-d116-40b5-aa56-4830d5030655]: POST notifier *FAILED* [Invalid NAME or URL] @ {'name': 'James Allen', 'email': 'swilliams@example.org', 'phone': '001-374-812-9089x448', 'url': None, 'type': 'post'}
[2021-09-01 16:04:13,915: INFO/ForkPoolWorker-12] Task concurrent_dispatcher.dispatch_concurrent[f6700910-d116-40b5-aa56-4830d5030655] succeeded in 0.0005361509993235813s: 'Done'
[2021-09-01 16:04:13,916: INFO/MainProcess] Task concurrent_dispatcher.dispatch_concurrent[7d7c9a11-f06a-4a3c-83d4-9045327aef50] received
[2021-09-01 16:04:13,926: INFO/MainProcess] Task concurrent_dispatcher.dispatch_concurrent[0c2ca8b1-f28a-4f61-8929-00d6a011aa10] received
[2021-09-01 16:04:13,930: INFO/MainProcess] Task concurrent_dispatcher.dispatch_concurrent[7508a31f-242a-4035-986d-6434f1a2562d] received
[2021-09-01 16:04:13,933: INFO/MainProcess] Task concurrent_dispatcher.dispatch_concurrent[bd6533f0-f037-4c25-8a41-93710f0245d4] received
[2021-09-01 16:04:13,935: INFO/ForkPoolWorker-8] concurrent_dispatcher.dispatch_concurrent[56457bdc-b5d5-4040-a22d-81a0eeaf899d]: SMS sent to 4881960772. Data: {'name': 'Jerry Lamb', 'email': None, 'phone': '4881960772', 'url': 'https://www.holmes.com/', 'type': 'sms'}
[2021-09-01 16:04:13,936: INFO/ForkPoolWorker-1] concurrent_dispatcher.dispatch_concurrent[3f659602-55f6-45c5-b2d5-e47f77f57800]: POST sent to http://knight.com/. Data: {'name': 'Christine Brown', 'email': 'qsmith@example.net', 'phone': '001-445-257-7123x751', 'url': 'http://knight.com/', 'type': 'post'}
[2021-09-01 16:04:13,936: INFO/ForkPoolWorker-2] concurrent_dispatcher.dispatch_concurrent[2f01bdca-523b-4bea-ac9f-48ea9dfdc111]: POST sent to https://baxter.com/. Data: {'name': 'Nathan Logan', 'email': 'cassidy54@example.com', 'phone': '618.390.2676', 'url': 'https://baxter.com/', 'type': 'post'}
[2021-09-01 16:04:13,937: INFO/ForkPoolWorker-8] Task concurrent_dispatcher.dispatch_concurrent[56457bdc-b5d5-4040-a22d-81a0eeaf899d] succeeded in 0.5014073959991947s: 'Done'
[2021-09-01 16:04:13,937: INFO/ForkPoolWorker-1] Task concurrent_dispatcher.dispatch_concurrent[3f659602-55f6-45c5-b2d5-e47f77f57800] succeeded in 0.5017791770005715s: 'Done'
[2021-09-01 16:04:13,937: INFO/ForkPoolWorker-2] Task concurrent_dispatcher.dispatch_concurrent[2f01bdca-523b-4bea-ac9f-48ea9dfdc111] succeeded in 0.5017762399984349s: 'Done'
[2021-09-01 16:04:13,949: INFO/ForkPoolWorker-4] concurrent_dispatcher.dispatch_concurrent[74ac6e80-931c-43f5-b04e-e1a70360b76a]: SMS sent to +1-362-123-4418. Data: {'name': 'Juan Curtis', 'email': 'josephdalton@example.com', 'phone': '+1-362-123-4418', 'url': 'http://henry.com/', 'type': 'sms'}
[2021-09-01 16:04:13,950: INFO/ForkPoolWorker-4] Task concurrent_dispatcher.dispatch_concurrent[74ac6e80-931c-43f5-b04e-e1a70360b76a] succeeded in 0.501099155000702s: 'Done'
[2021-09-01 16:04:13,953: INFO/MainProcess] Task concurrent_dispatcher.dispatch_concurrent[2570ac6a-c711-4afb-809b-1493c563d927] received
[2021-09-01 16:04:13,957: INFO/MainProcess] Task concurrent_dispatcher.dispatch_concurrent[139bb071-01c6-49e9-8bdd-bf048ae350c5] received
[2021-09-01 16:04:13,959: INFO/MainProcess] Task concurrent_dispatcher.dispatch_concurrent[66df775d-d873-4e68-877e-3a87a9b0f003] received
[2021-09-01 16:04:13,961: INFO/MainProcess] Task concurrent_dispatcher.dispatch_concurrent[eb1c7670-e949-4115-96de-323086751490] received
[2021-09-01 16:04:13,966: INFO/ForkPoolWorker-14] concurrent_dispatcher.dispatch_concurrent[997797a0-acc2-4cd5-9986-13a92d67b5bd]: SMS sent to (380)655-0917. Data: {'name': 'Tom Mack', 'email': 'michelerodgers@example.org', 'phone': '(380)655-0917', 'url': 'http://www.scott.com/', 'type': 'sms'}
[2021-09-01 16:04:13,966: INFO/ForkPoolWorker-5] concurrent_dispatcher.dispatch_concurrent[3865a6c5-69b5-4143-bddc-b5895ee04595]: SMS sent to +1-257-877-9974x374. Data: {'name': 'Anna Harmon', 'email': None, 'phone': '+1-257-877-9974x374', 'url': 'https://ray.com/', 'type': 'sms'}
[2021-09-01 16:04:13,966: INFO/ForkPoolWorker-6] concurrent_dispatcher.dispatch_concurrent[b80224bf-67f9-4864-9184-5c6232d5692c]: POST sent to http://butler.biz/. Data: {'name': 'Brandon Barr', 'email': 'barnesjason@example.net', 'phone': '(204)139-6823x0072', 'url': 'http://butler.biz/', 'type': 'post'}
[2021-09-01 16:04:13,966: INFO/ForkPoolWorker-16] concurrent_dispatcher.dispatch_concurrent[189fe27e-2490-48cf-b6f1-0ec26a63f009]: EMAIL sent to amacias@example.org. Data: {'name': 'Patrick Morris', 'email': 'amacias@example.org', 'phone': '566.961.4152x6299', 'url': 'http://leonard.com/', 'type': 'email'}
[2021-09-01 16:04:13,967: INFO/ForkPoolWorker-14] Task concurrent_dispatcher.dispatch_concurrent[997797a0-acc2-4cd5-9986-13a92d67b5bd] succeeded in 0.5010810940002557s: 'Done'
[2021-09-01 16:04:13,967: INFO/ForkPoolWorker-6] Task concurrent_dispatcher.dispatch_concurrent[b80224bf-67f9-4864-9184-5c6232d5692c] succeeded in 0.5004963309984305s: 'Done'
[2021-09-01 16:04:13,967: INFO/ForkPoolWorker-16] Task concurrent_dispatcher.dispatch_concurrent[189fe27e-2490-48cf-b6f1-0ec26a63f009] succeeded in 0.5010513649995119s: 'Done'
[2021-09-01 16:04:13,967: INFO/ForkPoolWorker-5] Task concurrent_dispatcher.dispatch_concurrent[3865a6c5-69b5-4143-bddc-b5895ee04595] succeeded in 0.500591126998188s: 'Done'
[2021-09-01 16:04:13,968: ERROR/ForkPoolWorker-16] concurrent_dispatcher.dispatch_concurrent[6f0332b5-4897-455e-b6fc-e3ca709d221c]: POST notifier *FAILED* [Invalid NAME or URL] @ {'name': 'Nicole Dorsey', 'email': 'andreaandrews@example.com', 'phone': '028-809-2254', 'url': None, 'type': 'post'}
[2021-09-01 16:04:13,969: ERROR/ForkPoolWorker-5] concurrent_dispatcher.dispatch_concurrent[bd123e35-821e-42e6-90de-0aa141173e35]: POST notifier *FAILED* [Invalid NAME or URL] @ {'name': 'Joshua Rasmussen', 'email': 'harrisonmaria@example.net', 'phone': '001-195-972-1787x123', 'url': None, 'type': 'post'}
[2021-09-01 16:04:13,969: INFO/ForkPoolWorker-16] Task concurrent_dispatcher.dispatch_concurrent[6f0332b5-4897-455e-b6fc-e3ca709d221c] succeeded in 0.0007904739995865384s: 'Done'
[2021-09-01 16:04:13,969: INFO/ForkPoolWorker-5] Task concurrent_dispatcher.dispatch_concurrent[bd123e35-821e-42e6-90de-0aa141173e35] succeeded in 0.0007727550000709016s: 'Done'
[2021-09-01 16:04:13,976: ERROR/ForkPoolWorker-5] concurrent_dispatcher.dispatch_concurrent[d017801a-9497-4b9e-932e-3b5f1cc5c2e4]: EMAIL notifier *FAILED* [Invalid NAME or EMAIL] @ {'name': 'Mark Sawyer', 'email': None, 'phone': '+1-748-076-3210', 'url': None, 'type': 'email'}
[2021-09-01 16:04:13,976: INFO/ForkPoolWorker-5] Task concurrent_dispatcher.dispatch_concurrent[d017801a-9497-4b9e-932e-3b5f1cc5c2e4] succeeded in 0.0003461279993643984s: 'Done'
[2021-09-01 16:04:13,977: INFO/MainProcess] Task concurrent_dispatcher.dispatch_concurrent[29428dff-acc6-4318-80a4-42c2d6b081b9] received
[2021-09-01 16:04:13,980: INFO/MainProcess] Task concurrent_dispatcher.dispatch_concurrent[d7c41a6f-bf4e-4414-8098-e1427efc0b51] received
[2021-09-01 16:04:13,981: ERROR/ForkPoolWorker-5] concurrent_dispatcher.dispatch_concurrent[437ef4f1-307f-43d9-8a67-009f20c46624]: SMS notifier *FAILED*  [Invalid NAME or PHONE] @ {'name': 'Jeffrey King', 'email': 'gturner@example.com', 'phone': None, 'url': 'https://www.wilson.com/', 'type': 'sms'}
[2021-09-01 16:04:13,981: INFO/ForkPoolWorker-5] Task concurrent_dispatcher.dispatch_concurrent[437ef4f1-307f-43d9-8a67-009f20c46624] succeeded in 0.0002868449992092792s: 'Done'
[2021-09-01 16:04:13,982: INFO/MainProcess] Task concurrent_dispatcher.dispatch_concurrent[546aadbd-d05d-4a75-b8f5-b6a23e3cbc1c] received
[2021-09-01 16:04:13,984: INFO/MainProcess] Task concurrent_dispatcher.dispatch_concurrent[aab10166-ba01-4421-84a8-561ef680a44c] received
[2021-09-01 16:04:13,985: ERROR/ForkPoolWorker-5] concurrent_dispatcher.dispatch_concurrent[882cf02a-d70a-4ac5-9e7c-c7d8754444d6]: EMAIL notifier *FAILED* [Invalid NAME or EMAIL] @ {'name': 'Robert Burnett', 'email': None, 'phone': '778-582-2106x76076', 'url': 'https://ellis.com/', 'type': 'email'}
[2021-09-01 16:04:13,986: INFO/ForkPoolWorker-5] Task concurrent_dispatcher.dispatch_concurrent[882cf02a-d70a-4ac5-9e7c-c7d8754444d6] succeeded in 0.0007958139995025704s: 'Done'
[2021-09-01 16:04:13,988: INFO/MainProcess] Task concurrent_dispatcher.dispatch_concurrent[f3ead2bc-3981-4f67-b2d6-c749a092817f] received
[2021-09-01 16:04:13,988: INFO/ForkPoolWorker-11] concurrent_dispatcher.dispatch_concurrent[37a373a3-1a0e-4c30-8c96-405cfc653116]: SMS sent to 001-937-375-3753. Data: {'name': 'Ms. Brenda Rios', 'email': 'fsaunders@example.org', 'phone': '001-937-375-3753', 'url': 'https://www.barker.biz/', 'type': 'sms'}
[2021-09-01 16:04:13,989: INFO/ForkPoolWorker-11] Task concurrent_dispatcher.dispatch_concurrent[37a373a3-1a0e-4c30-8c96-405cfc653116] succeeded in 0.5013130899988028s: 'Done'
[2021-09-01 16:04:13,989: INFO/ForkPoolWorker-13] concurrent_dispatcher.dispatch_concurrent[b0363fb6-3831-474b-92a8-b5a27476684c]: POST sent to https://www.spencer.com/. Data: {'name': 'Mary Reynolds', 'email': 'michellerice@example.com', 'phone': '222-551-3906x77041', 'url': 'https://www.spencer.com/', 'type': 'post'}
[2021-09-01 16:04:13,990: INFO/ForkPoolWorker-13] Task concurrent_dispatcher.dispatch_concurrent[b0363fb6-3831-474b-92a8-b5a27476684c] succeeded in 0.5007016299987299s: 'Done'
[2021-09-01 16:04:13,990: INFO/ForkPoolWorker-15] concurrent_dispatcher.dispatch_concurrent[bb42269d-5748-4edb-9fea-57d4c01af851]: EMAIL sent to andrew60@example.net. Data: {'name': 'Anthony Simpson', 'email': 'andrew60@example.net', 'phone': None, 'url': 'https://www.howell.com/', 'type': 'email'}
[2021-09-01 16:04:13,990: INFO/ForkPoolWorker-7] concurrent_dispatcher.dispatch_concurrent[27de1b18-d465-4b73-aaed-b85b0a4bb2d5]: EMAIL sent to sherriwilliams@example.com. Data: {'name': 'Paul Moore', 'email': 'sherriwilliams@example.com', 'phone': '001-231-702-0660x136', 'url': 'http://www.thompson.com/', 'type': 'email'}
[2021-09-01 16:04:13,990: INFO/ForkPoolWorker-15] Task concurrent_dispatcher.dispatch_concurrent[bb42269d-5748-4edb-9fea-57d4c01af851] succeeded in 0.5010861579994526s: 'Done'
[2021-09-01 16:04:13,990: INFO/ForkPoolWorker-7] Task concurrent_dispatcher.dispatch_concurrent[27de1b18-d465-4b73-aaed-b85b0a4bb2d5] succeeded in 0.5011334749997332s: 'Done'
[2021-09-01 16:04:13,992: INFO/MainProcess] Task concurrent_dispatcher.dispatch_concurrent[4bfd9f0b-5d90-40a3-9c4b-6d9c67ed3ffa] received
[2021-09-01 16:04:13,994: INFO/MainProcess] Task concurrent_dispatcher.dispatch_concurrent[4fd75d98-0c21-420a-ad02-5fe794ede592] received
[2021-09-01 16:04:13,999: INFO/MainProcess] Task concurrent_dispatcher.dispatch_concurrent[c8b807b6-99ab-4a4f-876a-a716fcca1412] received
[2021-09-01 16:04:14,001: INFO/MainProcess] Task concurrent_dispatcher.dispatch_concurrent[62637933-0d13-4f3a-a4ca-817990db3fef] received
[2021-09-01 16:04:14,006: INFO/MainProcess] Task concurrent_dispatcher.dispatch_concurrent[8bca284d-ee82-427e-ac14-359736d004d4] received
[2021-09-01 16:04:14,008: INFO/MainProcess] Task concurrent_dispatcher.dispatch_concurrent[4b6f85cc-ca9d-405f-851c-d7ea9e1376ac] received
[2021-09-01 16:04:14,010: INFO/MainProcess] Task concurrent_dispatcher.dispatch_concurrent[be47bf38-d242-441c-bc75-01c9abc124f5] received
[2021-09-01 16:04:14,012: INFO/MainProcess] Task concurrent_dispatcher.dispatch_concurrent[09882be4-d721-449e-9e03-d590cbe88f82] received
[2021-09-01 16:04:14,393: INFO/ForkPoolWorker-10] concurrent_dispatcher.dispatch_concurrent[49276457-fd45-49a1-9075-4953d0824e7a]: EMAIL sent to stephanie56@example.org. Data: {'name': 'Kristin Perry', 'email': 'stephanie56@example.org', 'phone': '499.276.1780x469', 'url': 'http://tran.net/', 'type': 'email'}
[2021-09-01 16:04:14,394: INFO/ForkPoolWorker-10] Task concurrent_dispatcher.dispatch_concurrent[49276457-fd45-49a1-9075-4953d0824e7a] succeeded in 0.501116869998441s: 'Done'
[2021-09-01 16:04:14,407: INFO/ForkPoolWorker-9] concurrent_dispatcher.dispatch_concurrent[cf5d9a7f-c852-4b57-b0f8-4c3bec9190cd]: POST sent to https://www.barton.com/. Data: {'name': 'Ryan Potts', 'email': 'tanyawilson@example.net', 'phone': '643-902-2422x785', 'url': 'https://www.barton.com/', 'type': 'post'}
[2021-09-01 16:04:14,408: INFO/ForkPoolWorker-9] Task concurrent_dispatcher.dispatch_concurrent[cf5d9a7f-c852-4b57-b0f8-4c3bec9190cd] succeeded in 0.5008336779992533s: 'Done'
[2021-09-01 16:04:14,411: INFO/MainProcess] Task concurrent_dispatcher.dispatch_concurrent[b3387d8c-c44f-4ea7-ab5e-232e67e82868] received
[2021-09-01 16:04:14,415: INFO/ForkPoolWorker-3] concurrent_dispatcher.dispatch_concurrent[22687a5b-b587-4fcb-b58d-571b80b84ec1]: SMS sent to 1037450231. Data: {'name': 'Elijah Richardson', 'email': 'rmcclure@example.org', 'phone': '1037450231', 'url': 'https://www.howard.com/', 'type': 'sms'}
[2021-09-01 16:04:14,416: INFO/ForkPoolWorker-3] Task concurrent_dispatcher.dispatch_concurrent[22687a5b-b587-4fcb-b58d-571b80b84ec1] succeeded in 0.5014091189987084s: 'Done'
[2021-09-01 16:04:14,419: INFO/MainProcess] Task concurrent_dispatcher.dispatch_concurrent[236148e3-a884-41b3-942b-f15fdd9b7d09] received
[2021-09-01 16:04:14,424: INFO/ForkPoolWorker-12] concurrent_dispatcher.dispatch_concurrent[62492970-4825-4cd1-8522-7e01640b40b5]: POST sent to https://www.gray.com/. Data: {'name': 'James Young', 'email': 'kwilliams@example.com', 'phone': '384.450.3619x8103', 'url': 'https://www.gray.com/', 'type': 'post'}
[2021-09-01 16:04:14,425: INFO/ForkPoolWorker-12] Task concurrent_dispatcher.dispatch_concurrent[62492970-4825-4cd1-8522-7e01640b40b5] succeeded in 0.5010733279996202s: 'Done'
[2021-09-01 16:04:14,428: INFO/MainProcess] Task concurrent_dispatcher.dispatch_concurrent[398714b5-9bbc-415e-9240-fedc34fbd8c6] received
[2021-09-01 16:04:14,441: INFO/ForkPoolWorker-2] concurrent_dispatcher.dispatch_concurrent[9d48864b-2b20-4ead-8f4b-862379c0d800]: POST sent to https://gray.com/. Data: {'name': 'Jessica Fields', 'email': 'maysjessica@example.org', 'phone': '+1-244-005-6573x9019', 'url': 'https://gray.com/', 'type': 'post'}
[2021-09-01 16:04:14,441: INFO/ForkPoolWorker-1] concurrent_dispatcher.dispatch_concurrent[cfff226b-2775-493e-87d2-7ef07d342915]: SMS sent to +1-907-749-4772x932. Data: {'name': 'Jill Cunningham', 'email': None, 'phone': '+1-907-749-4772x932', 'url': None, 'type': 'sms'}
[2021-09-01 16:04:14,441: INFO/ForkPoolWorker-8] concurrent_dispatcher.dispatch_concurrent[92ef8ee6-4741-4578-927b-0674c29efd78]: POST sent to http://www.oliver-gill.net/. Data: {'name': 'Steven Dixon', 'email': 'ruizkayla@example.net', 'phone': '4071341118', 'url': 'http://www.oliver-gill.net/', 'type': 'post'}
[2021-09-01 16:04:14,442: INFO/ForkPoolWorker-1] Task concurrent_dispatcher.dispatch_concurrent[cfff226b-2775-493e-87d2-7ef07d342915] succeeded in 0.5009587950007699s: 'Done'
[2021-09-01 16:04:14,442: INFO/ForkPoolWorker-2] Task concurrent_dispatcher.dispatch_concurrent[9d48864b-2b20-4ead-8f4b-862379c0d800] succeeded in 0.5009099569997488s: 'Done'
[2021-09-01 16:04:14,442: INFO/ForkPoolWorker-8] Task concurrent_dispatcher.dispatch_concurrent[92ef8ee6-4741-4578-927b-0674c29efd78] succeeded in 0.5010133249998034s: 'Done'
[2021-09-01 16:04:14,446: ERROR/ForkPoolWorker-8] concurrent_dispatcher.dispatch_concurrent[eba089b5-9831-4f3f-a7c7-15c712bf90c1]: POST notifier *FAILED* [Invalid NAME or URL] @ {'name': 'John Fry', 'email': None, 'phone': '755-034-7552x9369', 'url': None, 'type': 'post'}
[2021-09-01 16:04:14,446: INFO/ForkPoolWorker-8] Task concurrent_dispatcher.dispatch_concurrent[eba089b5-9831-4f3f-a7c7-15c712bf90c1] succeeded in 0.0005060610001237364s: 'Done'
[2021-09-01 16:04:14,451: INFO/ForkPoolWorker-4] concurrent_dispatcher.dispatch_concurrent[2de19793-5a7d-4309-a960-20d8c71d88f4]: SMS sent to 227-321-8918x454. Data: {'name': 'Felicia Walker', 'email': 'mercedes62@example.net', 'phone': '227-321-8918x454', 'url': 'http://fitzgerald-cameron.org/', 'type': 'sms'}
[2021-09-01 16:04:14,452: INFO/ForkPoolWorker-4] Task concurrent_dispatcher.dispatch_concurrent[2de19793-5a7d-4309-a960-20d8c71d88f4] succeeded in 0.5012525620004453s: 'Done'
[2021-09-01 16:04:14,454: INFO/MainProcess] Task concurrent_dispatcher.dispatch_concurrent[cbfb2c6f-b1a6-4030-aac2-9726d7f29ca5] received
[2021-09-01 16:04:14,463: INFO/MainProcess] Task concurrent_dispatcher.dispatch_concurrent[1dd51202-d29d-4890-99af-419bfc7e1b4a] received
[2021-09-01 16:04:14,466: INFO/MainProcess] Task concurrent_dispatcher.dispatch_concurrent[874f36bc-00c7-474c-8370-0bd71cd2845a] received
[2021-09-01 16:04:14,468: INFO/MainProcess] Task concurrent_dispatcher.dispatch_concurrent[97de6880-6563-4571-8bd7-e786492779b7] received
[2021-09-01 16:04:14,469: INFO/ForkPoolWorker-6] concurrent_dispatcher.dispatch_concurrent[07d1d828-937c-45b1-aa10-004d326ed362]: POST sent to http://www.cruz.com/. Data: {'name': 'Julie Coleman', 'email': 'glenpowell@example.net', 'phone': '(955)310-0370x0967', 'url': 'http://www.cruz.com/', 'type': 'post'}
[2021-09-01 16:04:14,470: INFO/ForkPoolWorker-14] concurrent_dispatcher.dispatch_concurrent[30ca1281-ed85-491d-b2ce-fa64bf7fcbaf]: EMAIL sent to wmoore@example.org. Data: {'name': 'Michelle Mills', 'email': 'wmoore@example.org', 'phone': '(080)162-8976x37458', 'url': 'https://lee.biz/', 'type': 'email'}
[2021-09-01 16:04:14,471: INFO/ForkPoolWorker-6] Task concurrent_dispatcher.dispatch_concurrent[07d1d828-937c-45b1-aa10-004d326ed362] succeeded in 0.502158180999686s: 'Done'
[2021-09-01 16:04:14,471: INFO/ForkPoolWorker-14] Task concurrent_dispatcher.dispatch_concurrent[30ca1281-ed85-491d-b2ce-fa64bf7fcbaf] succeeded in 0.5027624750000541s: 'Done'
[2021-09-01 16:04:14,476: INFO/MainProcess] Task concurrent_dispatcher.dispatch_concurrent[7db9fa07-f478-435c-ad1f-b3e441720d7f] received
