[2021-09-01 16:14:02,914: INFO/ForkPoolWorker-10] concurrent_dispatcher.dispatch_concurrent[f27e142c-2822-4e5c-8871-ae2773d94e02]: POST sent to https://esparza-alvarez.com/. Data: {'name': 'Todd Rhodes', 'email': 'matthew30@example.org', 'phone': '2775242607', 'url': 'https://esparza-alvarez.com/', 'type': 'post'}
[2021-09-01 16:14:02,914: INFO/ForkPoolWorker-10] Task concurrent_dispatcher.dispatch_concurrent[f27e142c-2822-4e5c-8871-ae2773d94e02] succeeded in 0.5012601700000232s: 'Done'
[2021-09-01 16:14:02,931: INFO/ForkPoolWorker-9] concurrent_dispatcher.dispatch_concurrent[bca9305f-b448-451d-ab53-981acbc32976]: POST sent to https://www.yang.com/. Data: {'name': 'Victoria Perry', 'email': 'ffernandez@example.net', 'phone': '484.263.0547x26924', 'url': 'https://www.yang.com/', 'type': 'post'}
[2021-09-01 16:14:02,932: INFO/ForkPoolWorker-9] Task concurrent_dispatcher.dispatch_concurrent[bca9305f-b448-451d-ab53-981acbc32976] succeeded in 0.5017284279983869s: 'Done'
[2021-09-01 16:14:02,964: INFO/ForkPoolWorker-3] concurrent_dispatcher.dispatch_concurrent[f6e13c9c-7b33-4962-aeab-72760ec2a438]: SMS sent to +1-089-080-9224x470. Data: {'name': 'James Baker', 'email': 'gabriellazamora@example.org', 'phone': '+1-089-080-9224x470', 'url': 'https://www.taylor.info/', 'type': 'sms'}
[2021-09-01 16:14:02,965: INFO/ForkPoolWorker-3] Task concurrent_dispatcher.dispatch_concurrent[f6e13c9c-7b33-4962-aeab-72760ec2a438] succeeded in 0.5014948820007703s: 'Done'
[2021-09-01 16:14:02,973: INFO/ForkPoolWorker-11] concurrent_dispatcher.dispatch_concurrent[1d85cb70-2521-45e9-850e-b3df7686138c]: EMAIL sent to martinezwalter@example.com. Data: {'name': 'Joseph Williams', 'email': 'martinezwalter@example.com', 'phone': '001-020-720-3103x3311', 'url': None, 'type': 'email'}
[2021-09-01 16:14:02,974: INFO/ForkPoolWorker-11] Task concurrent_dispatcher.dispatch_concurrent[1d85cb70-2521-45e9-850e-b3df7686138c] succeeded in 0.5016734279997763s: 'Done'
[2021-09-01 16:14:02,980: INFO/ForkPoolWorker-1] concurrent_dispatcher.dispatch_concurrent[ac64ecee-e282-4bf8-b09c-ad0a47c008bb]: SMS sent to 001-521-512-7582. Data: {'name': 'Tara Jones', 'email': 'vmoreno@example.com', 'phone': '001-521-512-7582', 'url': 'https://www.richard.com/', 'type': 'sms'}
[2021-09-01 16:14:02,981: INFO/ForkPoolWorker-1] Task concurrent_dispatcher.dispatch_concurrent[ac64ecee-e282-4bf8-b09c-ad0a47c008bb] succeeded in 0.501765663999322s: 'Done'
[2021-09-01 16:14:02,988: INFO/ForkPoolWorker-8] concurrent_dispatcher.dispatch_concurrent[767b40ff-7fa5-45fd-9c15-31910e3938ad]: POST sent to http://www.hardin.com/. Data: {'name': 'Julie Fisher', 'email': None, 'phone': None, 'url': 'http://www.hardin.com/', 'type': 'post'}
[2021-09-01 16:14:02,989: INFO/ForkPoolWorker-8] Task concurrent_dispatcher.dispatch_concurrent[767b40ff-7fa5-45fd-9c15-31910e3938ad] succeeded in 0.5006566859992745s: 'Done'
[2021-09-01 16:14:02,995: INFO/ForkPoolWorker-12] concurrent_dispatcher.dispatch_concurrent[c9d3c236-52d7-437a-940e-bd65f1f211bb]: SMS sent to 275-107-4543. Data: {'name': 'Mark Diaz', 'email': 'twilliams@example.com', 'phone': '275-107-4543', 'url': 'https://www.scott.info/', 'type': 'sms'}
[2021-09-01 16:14:02,995: INFO/ForkPoolWorker-12] Task concurrent_dispatcher.dispatch_concurrent[c9d3c236-52d7-437a-940e-bd65f1f211bb] succeeded in 0.5010335599999962s: 'Done'
[2021-09-01 16:14:03,007: INFO/ForkPoolWorker-16] concurrent_dispatcher.dispatch_concurrent[14f569be-6b5f-49ff-b681-8e4fe2082d6d]: SMS sent to (163)263-1751x6543. Data: {'name': 'Douglas Smith', 'email': 'patrickcruz@example.com', 'phone': '(163)263-1751x6543', 'url': 'http://arnold.com/', 'type': 'sms'}
[2021-09-01 16:14:03,008: INFO/ForkPoolWorker-16] Task concurrent_dispatcher.dispatch_concurrent[14f569be-6b5f-49ff-b681-8e4fe2082d6d] succeeded in 0.5005917440012126s: 'Done'
[2021-09-01 16:14:03,019: INFO/ForkPoolWorker-5] concurrent_dispatcher.dispatch_concurrent[634f9761-ff0d-449a-9302-d93d46512e48]: EMAIL sent to jacksonjohn@example.com. Data: {'name': 'Aaron Hayes', 'email': 'jacksonjohn@example.com', 'phone': '001-854-025-8085x42533', 'url': None, 'type': 'email'}
[2021-09-01 16:14:03,019: INFO/ForkPoolWorker-5] Task concurrent_dispatcher.dispatch_concurrent[634f9761-ff0d-449a-9302-d93d46512e48] succeeded in 0.5009180849992845s: 'Done'
[2021-09-01 16:14:03,024: INFO/ForkPoolWorker-13] concurrent_dispatcher.dispatch_concurrent[33548c35-e944-406d-a28f-17f72647d13e]: EMAIL sent to ronaldclark@example.com. Data: {'name': 'Thomas Taylor', 'email': 'ronaldclark@example.com', 'phone': None, 'url': 'http://gonzalez.info/', 'type': 'email'}
[2021-09-01 16:14:03,025: INFO/ForkPoolWorker-13] Task concurrent_dispatcher.dispatch_concurrent[33548c35-e944-406d-a28f-17f72647d13e] succeeded in 0.5014754299991182s: 'Done'
[2021-09-01 16:36:50,393: INFO/MainProcess] Connected to redis://guest@localhost:6379//
[2021-09-01 16:36:50,399: INFO/MainProcess] mingle: searching for neighbors
[2021-09-01 16:36:51,416: INFO/MainProcess] mingle: all alone
[2021-09-01 16:36:51,457: INFO/MainProcess] celery@habitat.net ready.
[2021-09-01 16:36:58,399: INFO/MainProcess] Task concurrent_dispatcher.dispatch_concurrent[934bbfb7-e932-4a07-9a65-bd2e7494500e] received
[2021-09-01 16:36:58,400: INFO/MainProcess] Task concurrent_dispatcher.dispatch_concurrent[71e88261-8618-4ec6-b8b1-179371a39d2b] received
[2021-09-01 16:36:58,402: INFO/MainProcess] Task concurrent_dispatcher.dispatch_concurrent[794fc1f2-3795-4ed7-b782-c10d25df0469] received
[2021-09-01 16:36:58,403: ERROR/ForkPoolWorker-11] concurrent_dispatcher.dispatch_concurrent[794fc1f2-3795-4ed7-b782-c10d25df0469]: POST notifier *FAILED* [Invalid NAME or URL] @ {'name': 'Barbara Donovan', 'email': 'richardhoffman@example.com', 'phone': '347-725-8534', 'url': None, 'type': 'post'}
[2021-09-01 16:36:58,403: INFO/ForkPoolWorker-11] Task concurrent_dispatcher.dispatch_concurrent[794fc1f2-3795-4ed7-b782-c10d25df0469] succeeded in 0.00060872200083395s: 'Done'
[2021-09-01 16:36:58,404: INFO/MainProcess] Task concurrent_dispatcher.dispatch_concurrent[c1448de1-611c-4544-8b6f-23eeeae3bb1c] received
[2021-09-01 16:36:58,406: INFO/MainProcess] Task concurrent_dispatcher.dispatch_concurrent[3d73ba11-36c4-4601-b81b-6521de7cfe29] received
[2021-09-01 16:36:58,407: INFO/MainProcess] Task concurrent_dispatcher.dispatch_concurrent[46005612-94d3-496b-a662-0169a91b0312] received
[2021-09-01 16:36:58,408: ERROR/ForkPoolWorker-12] concurrent_dispatcher.dispatch_concurrent[46005612-94d3-496b-a662-0169a91b0312]: POST notifier *FAILED* [Invalid NAME or URL] @ {'name': 'Jesse Allen', 'email': 'meyermary@example.com', 'phone': '(822)066-7736x07441', 'url': None, 'type': 'post'}
[2021-09-01 16:36:58,409: INFO/ForkPoolWorker-12] Task concurrent_dispatcher.dispatch_concurrent[46005612-94d3-496b-a662-0169a91b0312] succeeded in 0.000734208000721992s: 'Done'
[2021-09-01 16:36:58,410: INFO/MainProcess] Task concurrent_dispatcher.dispatch_concurrent[fbdae0b2-3119-45ae-be82-4ac55f53e073] received
[2021-09-01 16:36:58,411: ERROR/ForkPoolWorker-12] concurrent_dispatcher.dispatch_concurrent[fbdae0b2-3119-45ae-be82-4ac55f53e073]: SMS notifier *FAILED*  [Invalid NAME or PHONE] @ {'name': 'Natalie Williamson', 'email': 'johngentry@example.org', 'phone': None, 'url': 'http://mayer.net/', 'type': 'sms'}
[2021-09-01 16:36:58,411: INFO/ForkPoolWorker-12] Task concurrent_dispatcher.dispatch_concurrent[fbdae0b2-3119-45ae-be82-4ac55f53e073] succeeded in 0.00028227299844729714s: 'Done'
[2021-09-01 16:36:58,412: INFO/MainProcess] Task concurrent_dispatcher.dispatch_concurrent[230b9b07-257a-4189-a46a-9a557fba3605] received
[2021-09-01 16:36:58,413: INFO/MainProcess] Task concurrent_dispatcher.dispatch_concurrent[2a54da93-64cb-46ca-be21-86e269d13459] received
[2021-09-01 16:36:58,415: INFO/MainProcess] Task concurrent_dispatcher.dispatch_concurrent[90793100-148b-4dfa-b898-bfe3c0087356] received
[2021-09-01 16:36:58,416: ERROR/ForkPoolWorker-13] concurrent_dispatcher.dispatch_concurrent[90793100-148b-4dfa-b898-bfe3c0087356]: SMS notifier *FAILED*  [Invalid NAME or PHONE] @ {'name': 'Linda Garrett', 'email': None, 'phone': None, 'url': 'http://www.perkins.biz/', 'type': 'sms'}
[2021-09-01 16:36:58,416: INFO/MainProcess] Task concurrent_dispatcher.dispatch_concurrent[ef54185d-cd78-45a1-a6c8-ad001d1a4305] received
[2021-09-01 16:36:58,416: INFO/ForkPoolWorker-13] Task concurrent_dispatcher.dispatch_concurrent[90793100-148b-4dfa-b898-bfe3c0087356] succeeded in 0.000560870999834151s: 'Done'
[2021-09-01 16:36:58,417: INFO/MainProcess] Task concurrent_dispatcher.dispatch_concurrent[298c2e61-bc2d-4fef-a6b4-eec4e708536f] received
[2021-09-01 16:36:58,420: INFO/MainProcess] Task concurrent_dispatcher.dispatch_concurrent[793a851c-c8e1-4cb8-a9d9-c81e74b1f96e] received
[2021-09-01 16:36:58,421: INFO/MainProcess] Task concurrent_dispatcher.dispatch_concurrent[65ecf1fa-08b8-42d2-9940-de87ccd247dd] received
[2021-09-01 16:36:58,422: INFO/MainProcess] Task concurrent_dispatcher.dispatch_concurrent[aec818bb-3d5b-4e32-bafc-1838cf711642] received
[2021-09-01 16:36:58,424: INFO/MainProcess] Task concurrent_dispatcher.dispatch_concurrent[ab983ca2-5de3-4334-8be0-6274db4facc3] received
[2021-09-01 16:36:58,425: ERROR/ForkPoolWorker-5] concurrent_dispatcher.dispatch_concurrent[ab983ca2-5de3-4334-8be0-6274db4facc3]: SMS notifier *FAILED*  [Invalid NAME or PHONE] @ {'name': 'William Thompson', 'email': 'jeffrey17@example.org', 'phone': None, 'url': None, 'type': 'sms'}
[2021-09-01 16:36:58,425: INFO/MainProcess] Task concurrent_dispatcher.dispatch_concurrent[bf06aac4-f113-4883-a500-09bc6c0dff30] received
[2021-09-01 16:36:58,425: INFO/ForkPoolWorker-5] Task concurrent_dispatcher.dispatch_concurrent[ab983ca2-5de3-4334-8be0-6274db4facc3] succeeded in 0.0005500150000443682s: 'Done'
[2021-09-01 16:36:58,427: INFO/MainProcess] Task concurrent_dispatcher.dispatch_concurrent[f713d490-361e-43cc-924b-80144e4c01ee] received
[2021-09-01 16:36:58,430: INFO/MainProcess] Task concurrent_dispatcher.dispatch_concurrent[0983df8f-27e0-47a1-bafe-84815a7fe854] received
[2021-09-01 16:36:58,431: INFO/MainProcess] Task concurrent_dispatcher.dispatch_concurrent[fd9b2c9c-e5d3-4d5c-99d8-e3fe5e78d0e2] received
[2021-09-01 16:36:58,433: INFO/MainProcess] Task concurrent_dispatcher.dispatch_concurrent[12611f02-991a-406b-8818-8529ce51d241] received
[2021-09-01 16:36:58,435: INFO/MainProcess] Task concurrent_dispatcher.dispatch_concurrent[fcb85e43-4c27-40a6-b91a-328a62223090] received
[2021-09-01 16:36:58,436: INFO/MainProcess] Task concurrent_dispatcher.dispatch_concurrent[9f7e24ca-e000-438b-bfc2-efdad1c93144] received
[2021-09-01 16:36:58,437: INFO/MainProcess] Task concurrent_dispatcher.dispatch_concurrent[d451281d-6b67-485c-a882-5a7edabfc8dd] received
[2021-09-01 16:36:58,438: INFO/MainProcess] Task concurrent_dispatcher.dispatch_concurrent[065cd56d-eb80-4d1c-baaa-4a9cb7223b3d] received
[2021-09-01 16:36:58,440: INFO/MainProcess] Task concurrent_dispatcher.dispatch_concurrent[1482cfb5-ae95-473a-a729-7c72f4d73fcf] received
[2021-09-01 16:36:58,441: INFO/MainProcess] Task concurrent_dispatcher.dispatch_concurrent[4e11488a-4de0-4638-825e-b5f983277f6b] received
[2021-09-01 16:36:58,442: INFO/MainProcess] Task concurrent_dispatcher.dispatch_concurrent[b2fc91a5-4882-4b31-93eb-e1d978fa65d7] received
[2021-09-01 16:36:58,443: INFO/MainProcess] Task concurrent_dispatcher.dispatch_concurrent[44038348-b77f-454e-bcff-aa288cbb983b] received
[2021-09-01 16:36:58,445: INFO/MainProcess] Task concurrent_dispatcher.dispatch_concurrent[ec1e8955-646d-44d4-ac14-de794905229e] received
[2021-09-01 16:36:58,446: INFO/MainProcess] Task concurrent_dispatcher.dispatch_concurrent[c320e41d-5c7c-41f1-a45b-d260aa48cb87] received
[2021-09-01 16:36:58,447: INFO/MainProcess] Task concurrent_dispatcher.dispatch_concurrent[f303fa51-de58-49c2-b865-267497799520] received
[2021-09-01 16:36:58,448: INFO/MainProcess] Task concurrent_dispatcher.dispatch_concurrent[d5cb23d3-8b74-48d6-abf4-7b03a15acc23] received
[2021-09-01 16:36:58,449: INFO/MainProcess] Task concurrent_dispatcher.dispatch_concurrent[3dbefe68-490b-49a4-ac1e-fac1816d111d] received
[2021-09-01 16:36:58,450: INFO/MainProcess] Task concurrent_dispatcher.dispatch_concurrent[9b0aa063-3a16-4a0b-b6b5-7b6eec30d81b] received
[2021-09-01 16:36:58,452: INFO/MainProcess] Task concurrent_dispatcher.dispatch_concurrent[13e2427e-485f-46dc-b67e-064acb4b755a] received
[2021-09-01 16:36:58,453: INFO/MainProcess] Task concurrent_dispatcher.dispatch_concurrent[3624a8d3-c799-4255-8beb-025d0a301e65] received
[2021-09-01 16:36:58,454: INFO/MainProcess] Task concurrent_dispatcher.dispatch_concurrent[952c39f1-0361-468e-bcd5-a0b4d4be1f1f] received
[2021-09-01 16:36:58,455: INFO/MainProcess] Task concurrent_dispatcher.dispatch_concurrent[ccd953b3-fb82-46dc-a100-f07d8ed4f29d] received
[2021-09-01 16:36:58,456: INFO/MainProcess] Task concurrent_dispatcher.dispatch_concurrent[d90def77-f6db-4414-823c-f3f06c6c0a12] received
[2021-09-01 16:36:58,458: INFO/MainProcess] Task concurrent_dispatcher.dispatch_concurrent[c0999eb9-2278-4c73-8f32-17823c7e4397] received
[2021-09-01 16:36:58,459: INFO/MainProcess] Task concurrent_dispatcher.dispatch_concurrent[fcea2d3a-7aa7-42f7-b59a-cb27ddd69f29] received
[2021-09-01 16:36:58,460: INFO/MainProcess] Task concurrent_dispatcher.dispatch_concurrent[c34c65a1-3502-40d7-8678-7676cfe06dea] received
[2021-09-01 16:36:58,461: INFO/MainProcess] Task concurrent_dispatcher.dispatch_concurrent[92e04fa8-5bd7-4655-85b9-8dc1f4149188] received
[2021-09-01 16:36:58,462: INFO/MainProcess] Task concurrent_dispatcher.dispatch_concurrent[de3d38d2-656d-4e9c-9ef3-8dce27c2f39b] received
[2021-09-01 16:36:58,464: INFO/MainProcess] Task concurrent_dispatcher.dispatch_concurrent[5279b538-d09e-405b-bf36-c74135fa347f] received
[2021-09-01 16:36:58,465: INFO/MainProcess] Task concurrent_dispatcher.dispatch_concurrent[c376b21a-dc5e-4a1e-bec0-6b511ce99a9b] received
[2021-09-01 16:36:58,466: INFO/MainProcess] Task concurrent_dispatcher.dispatch_concurrent[64d751d7-92d5-4e12-b41b-8aa37bb64dbe] received
[2021-09-01 16:36:58,467: INFO/MainProcess] Task concurrent_dispatcher.dispatch_concurrent[f493a3c1-400a-4fd6-9555-7497987fe6d6] received
[2021-09-01 16:36:58,468: INFO/MainProcess] Task concurrent_dispatcher.dispatch_concurrent[f17f18bb-722b-45b7-8b2b-18efafc5c556] received
[2021-09-01 16:36:58,470: INFO/MainProcess] Task concurrent_dispatcher.dispatch_concurrent[9dab44b9-c856-4b20-8e9a-e583a9a79a11] received
[2021-09-01 16:36:58,471: INFO/MainProcess] Task concurrent_dispatcher.dispatch_concurrent[3b52a02f-c436-42d4-8468-1176fad25bc3] received
[2021-09-01 16:36:58,472: INFO/MainProcess] Task concurrent_dispatcher.dispatch_concurrent[2bb785ed-75ee-4873-8754-ceda1d4d0be2] received
[2021-09-01 16:36:58,473: INFO/MainProcess] Task concurrent_dispatcher.dispatch_concurrent[1d6bfe96-92bb-4e90-8990-dd7e7dbc9073] received
[2021-09-01 16:36:58,474: INFO/MainProcess] Task concurrent_dispatcher.dispatch_concurrent[02156e94-438f-4501-bd33-f81fa69a3fac] received
[2021-09-01 16:36:58,475: INFO/MainProcess] Task concurrent_dispatcher.dispatch_concurrent[eaaabcb6-e4e3-4d26-a9e2-a5a366cc6be4] received
[2021-09-01 16:36:58,476: INFO/MainProcess] Task concurrent_dispatcher.dispatch_concurrent[42d82c29-8d26-404b-8980-44406ef08168] received
[2021-09-01 16:36:58,480: INFO/MainProcess] Task concurrent_dispatcher.dispatch_concurrent[1e33fdd5-a5e1-4ea1-b283-5f94102604bc] received
[2021-09-01 16:36:58,482: INFO/MainProcess] Task concurrent_dispatcher.dispatch_concurrent[0b04f4f8-7877-47dd-b76a-7d7401f14472] received
[2021-09-01 16:36:58,483: INFO/MainProcess] Task concurrent_dispatcher.dispatch_concurrent[bba0993c-0773-4e0c-b7cb-14361376aa50] received
[2021-09-01 16:36:58,484: INFO/MainProcess] Task concurrent_dispatcher.dispatch_concurrent[81a31b20-1a17-4d2b-94f3-10f14b8c680f] received
[2021-09-01 16:36:58,485: INFO/MainProcess] Task concurrent_dispatcher.dispatch_concurrent[840602f4-2196-4dad-ae26-4da7477b5620] received
[2021-09-01 16:36:58,486: INFO/MainProcess] Task concurrent_dispatcher.dispatch_concurrent[0dce499b-6e7b-4270-8e6e-7cc7c20547a2] received
[2021-09-01 16:36:58,487: INFO/MainProcess] Task concurrent_dispatcher.dispatch_concurrent[e8d7e481-9b3e-4129-a314-af3a11ace32f] received
[2021-09-01 16:36:58,488: INFO/MainProcess] Task concurrent_dispatcher.dispatch_concurrent[96f3c6bf-c3db-438b-87c1-4436ae7c0442] received
[2021-09-01 16:36:58,489: INFO/MainProcess] Task concurrent_dispatcher.dispatch_concurrent[a5eb661e-ade5-44fc-9c7d-f603dd412770] received
[2021-09-01 16:36:58,491: INFO/MainProcess] Task concurrent_dispatcher.dispatch_concurrent[809d63fc-9b12-4b56-a059-53614cee7581] received
[2021-09-01 16:36:58,492: INFO/MainProcess] Task concurrent_dispatcher.dispatch_concurrent[8e737854-0615-4633-84c9-c4ce46393fd8] received
[2021-09-01 16:36:58,493: INFO/MainProcess] Task concurrent_dispatcher.dispatch_concurrent[930f6e85-b70a-4207-98e0-5852a70b8a5f] received
[2021-09-01 16:36:58,494: INFO/MainProcess] Task concurrent_dispatcher.dispatch_concurrent[2bcc2ba5-0fb9-4be9-870c-97805271aed5] received
[2021-09-01 16:36:58,495: INFO/MainProcess] Task concurrent_dispatcher.dispatch_concurrent[6d113d2d-4fcd-4617-81f2-c4f92ed2ba54] received
[2021-09-01 16:36:58,496: INFO/MainProcess] Task concurrent_dispatcher.dispatch_concurrent[68a6119f-24f8-48b5-a5a0-714b4ef59d66] received
[2021-09-01 16:36:58,497: INFO/MainProcess] Task concurrent_dispatcher.dispatch_concurrent[4a2c909b-58aa-4b20-ad83-dee742ac2b38] received
[2021-09-01 16:36:58,498: INFO/MainProcess] Task concurrent_dispatcher.dispatch_concurrent[8bf225a8-7eb6-47e4-b3df-cd6ece303f10] received
[2021-09-01 16:36:58,499: INFO/MainProcess] Task concurrent_dispatcher.dispatch_concurrent[ebfce400-e16a-4795-ae29-23a08014dc74] received
[2021-09-01 16:36:58,500: INFO/MainProcess] Task concurrent_dispatcher.dispatch_concurrent[4278b064-b7fb-4e31-8d42-6cbef829183b] received
[2021-09-01 16:36:58,502: INFO/MainProcess] Task concurrent_dispatcher.dispatch_concurrent[782f6e24-4977-4473-9191-6a2222ade315] received
[2021-09-01 16:36:58,503: INFO/MainProcess] Task concurrent_dispatcher.dispatch_concurrent[56e1eddc-7c0d-40c1-9a9b-e4e2bdb0106f] received
[2021-09-01 16:36:58,504: INFO/MainProcess] Task concurrent_dispatcher.dispatch_concurrent[176d988d-1ac1-477b-a6b9-c94237a3b02b] received
[2021-09-01 16:36:58,505: INFO/MainProcess] Task concurrent_dispatcher.dispatch_concurrent[beb47fc9-2fe0-4560-95e8-31bb70c507cd] received
[2021-09-01 16:36:58,506: INFO/MainProcess] Task concurrent_dispatcher.dispatch_concurrent[4d56b176-2632-4c6d-bb12-b2f37540bafc] received
[2021-09-01 16:36:58,507: INFO/MainProcess] Task concurrent_dispatcher.dispatch_concurrent[7b85bee8-f3c3-486a-83c8-6725f2acf0ae] received
[2021-09-01 16:36:58,508: INFO/MainProcess] Task concurrent_dispatcher.dispatch_concurrent[daa6d089-57ea-45bb-a573-dcd2df4c280b] received
[2021-09-01 16:36:58,510: INFO/MainProcess] Task concurrent_dispatcher.dispatch_concurrent[e770c47d-b032-4862-813b-e99db0e71b85] received
[2021-09-01 16:36:58,511: INFO/MainProcess] Task concurrent_dispatcher.dispatch_concurrent[1c120986-0317-49b6-be9d-a298eab3edd2] received
[2021-09-01 16:36:58,901: INFO/ForkPoolWorker-9] concurrent_dispatcher.dispatch_concurrent[934bbfb7-e932-4a07-9a65-bd2e7494500e]: EMAIL sent to annagregory@example.org. Data: {'name': 'Brent Valdez', 'email': 'annagregory@example.org', 'phone': '139.386.6589', 'url': 'https://ayers-perry.com/', 'type': 'email'}
[2021-09-01 16:36:58,903: INFO/ForkPoolWorker-9] Task concurrent_dispatcher.dispatch_concurrent[934bbfb7-e932-4a07-9a65-bd2e7494500e] succeeded in 0.5028823829998146s: 'Done'
[2021-09-01 16:36:58,904: INFO/ForkPoolWorker-10] concurrent_dispatcher.dispatch_concurrent[71e88261-8618-4ec6-b8b1-179371a39d2b]: EMAIL sent to rpope@example.com. Data: {'name': 'Jonathan Green', 'email': 'rpope@example.com', 'phone': '(245)765-5361x8165', 'url': None, 'type': 'email'}
[2021-09-01 16:36:58,905: INFO/ForkPoolWorker-11] concurrent_dispatcher.dispatch_concurrent[c1448de1-611c-4544-8b6f-23eeeae3bb1c]: POST sent to https://www.nunez.com/. Data: {'name': 'Stephanie Martin', 'email': 'rodriguezstephanie@example.org', 'phone': '001-621-651-0995x703', 'url': 'https://www.nunez.com/', 'type': 'post'}
[2021-09-01 16:36:58,905: INFO/ForkPoolWorker-10] Task concurrent_dispatcher.dispatch_concurrent[71e88261-8618-4ec6-b8b1-179371a39d2b] succeeded in 0.5027550459999475s: 'Done'
[2021-09-01 16:36:58,906: INFO/ForkPoolWorker-11] Task concurrent_dispatcher.dispatch_concurrent[c1448de1-611c-4544-8b6f-23eeeae3bb1c] succeeded in 0.5011845999997604s: 'Done'
[2021-09-01 16:36:58,909: INFO/ForkPoolWorker-1] concurrent_dispatcher.dispatch_concurrent[3d73ba11-36c4-4601-b81b-6521de7cfe29]: SMS sent to +1-958-907-7622x38111. Data: {'name': 'Yvonne Austin', 'email': 'zsanchez@example.com', 'phone': '+1-958-907-7622x38111', 'url': 'https://weaver.com/', 'type': 'sms'}
[2021-09-01 16:36:58,911: INFO/ForkPoolWorker-1] Task concurrent_dispatcher.dispatch_concurrent[3d73ba11-36c4-4601-b81b-6521de7cfe29] succeeded in 0.5027326090003044s: 'Done'
[2021-09-01 16:36:58,915: INFO/ForkPoolWorker-12] concurrent_dispatcher.dispatch_concurrent[230b9b07-257a-4189-a46a-9a557fba3605]: EMAIL sent to andreaabbott@example.net. Data: {'name': 'Annette Carrillo', 'email': 'andreaabbott@example.net', 'phone': '852-061-5883', 'url': 'https://thomas-martinez.com/', 'type': 'email'}
[2021-09-01 16:36:58,915: INFO/ForkPoolWorker-12] Task concurrent_dispatcher.dispatch_concurrent[230b9b07-257a-4189-a46a-9a557fba3605] succeeded in 0.5021238779991108s: 'Done'
[2021-09-01 16:36:58,915: INFO/ForkPoolWorker-2] concurrent_dispatcher.dispatch_concurrent[2a54da93-64cb-46ca-be21-86e269d13459]: EMAIL sent to walterwilson@example.net. Data: {'name': 'Tyler Malone', 'email': 'walterwilson@example.net', 'phone': '001-808-223-5608', 'url': 'http://www.wilson.com/', 'type': 'email'}
[2021-09-01 16:36:58,916: INFO/ForkPoolWorker-2] Task concurrent_dispatcher.dispatch_concurrent[2a54da93-64cb-46ca-be21-86e269d13459] succeeded in 0.5030220980006561s: 'Done'
[2021-09-01 16:36:58,918: INFO/ForkPoolWorker-13] concurrent_dispatcher.dispatch_concurrent[ef54185d-cd78-45a1-a6c8-ad001d1a4305]: EMAIL sent to brian67@example.org. Data: {'name': 'Mary Romero', 'email': 'brian67@example.org', 'phone': '001-715-329-2795x89468', 'url': 'https://dunlap-vargas.org/', 'type': 'email'}
[2021-09-01 16:36:58,919: INFO/ForkPoolWorker-13] Task concurrent_dispatcher.dispatch_concurrent[ef54185d-cd78-45a1-a6c8-ad001d1a4305] succeeded in 0.5012483129994507s: 'Done'
[2021-09-01 16:36:58,919: INFO/ForkPoolWorker-3] concurrent_dispatcher.dispatch_concurrent[298c2e61-bc2d-4fef-a6b4-eec4e708536f]: SMS sent to 1342777405. Data: {'name': 'Karen Patrick', 'email': 'gilbertdebbie@example.com', 'phone': '1342777405', 'url': 'http://spence.net/', 'type': 'sms'}
[2021-09-01 16:36:58,921: INFO/ForkPoolWorker-3] Task concurrent_dispatcher.dispatch_concurrent[298c2e61-bc2d-4fef-a6b4-eec4e708536f] succeeded in 0.5028006430002279s: 'Done'
[2021-09-01 16:36:58,922: INFO/MainProcess] Task concurrent_dispatcher.dispatch_concurrent[e72cf6f5-4dd9-4f9e-9717-377039cb6881] received
[2021-09-01 16:36:58,921: INFO/ForkPoolWorker-14] concurrent_dispatcher.dispatch_concurrent[793a851c-c8e1-4cb8-a9d9-c81e74b1f96e]: POST sent to http://www.delacruz.net/. Data: {'name': 'Laurie White', 'email': 'jeffmckinney@example.org', 'phone': '+1-116-429-6920x5162', 'url': 'http://www.delacruz.net/', 'type': 'post'}
[2021-09-01 16:36:58,923: INFO/ForkPoolWorker-14] Task concurrent_dispatcher.dispatch_concurrent[793a851c-c8e1-4cb8-a9d9-c81e74b1f96e] succeeded in 0.5026146090003749s: 'Done'
[2021-09-01 16:36:58,923: INFO/ForkPoolWorker-4] concurrent_dispatcher.dispatch_concurrent[65ecf1fa-08b8-42d2-9940-de87ccd247dd]: POST sent to https://richardson.com/. Data: {'name': 'Michael Thornton', 'email': 'angelanovak@example.net', 'phone': '+1-362-166-2771x439', 'url': 'https://richardson.com/', 'type': 'post'}
[2021-09-01 16:36:58,924: INFO/ForkPoolWorker-15] concurrent_dispatcher.dispatch_concurrent[aec818bb-3d5b-4e32-bafc-1838cf711642]: POST sent to http://neal.info/. Data: {'name': 'Janet Ross', 'email': 'amber72@example.net', 'phone': None, 'url': 'http://neal.info/', 'type': 'post'}
[2021-09-01 16:36:58,925: INFO/ForkPoolWorker-4] Task concurrent_dispatcher.dispatch_concurrent[65ecf1fa-08b8-42d2-9940-de87ccd247dd] succeeded in 0.5027648129998852s: 'Done'
[2021-09-01 16:36:58,926: ERROR/ForkPoolWorker-2] concurrent_dispatcher.dispatch_concurrent[4e11488a-4de0-4638-825e-b5f983277f6b]: SMS notifier *FAILED*  [Invalid NAME or PHONE] @ {'name': 'Cameron Leon', 'email': 'smiththeresa@example.net', 'phone': None, 'url': 'https://www.owens.biz/', 'type': 'sms'}
[2021-09-01 16:36:58,925: INFO/ForkPoolWorker-15] Task concurrent_dispatcher.dispatch_concurrent[aec818bb-3d5b-4e32-bafc-1838cf711642] succeeded in 0.502979670998684s: 'Done'
[2021-09-01 16:36:58,926: INFO/ForkPoolWorker-2] Task concurrent_dispatcher.dispatch_concurrent[4e11488a-4de0-4638-825e-b5f983277f6b] succeeded in 0.001272485000299639s: 'Done'
[2021-09-01 16:36:58,928: INFO/ForkPoolWorker-5] concurrent_dispatcher.dispatch_concurrent[bf06aac4-f113-4883-a500-09bc6c0dff30]: POST sent to http://www.price-wilcox.biz/. Data: {'name': 'Stephanie Lawrence', 'email': 'jacobhaas@example.org', 'phone': '(102)411-6899x9051', 'url': 'http://www.price-wilcox.biz/', 'type': 'post'}
[2021-09-01 16:36:58,929: INFO/ForkPoolWorker-5] Task concurrent_dispatcher.dispatch_concurrent[bf06aac4-f113-4883-a500-09bc6c0dff30] succeeded in 0.5014636350006185s: 'Done'
[2021-09-01 16:36:58,929: INFO/ForkPoolWorker-16] concurrent_dispatcher.dispatch_concurrent[f713d490-361e-43cc-924b-80144e4c01ee]: POST sent to https://martinez.com/. Data: {'name': 'Ian Grimes', 'email': 'robertmitchell@example.com', 'phone': '001-833-041-4443x33362', 'url': 'https://martinez.com/', 'type': 'post'}
[2021-09-01 16:36:58,930: INFO/ForkPoolWorker-16] Task concurrent_dispatcher.dispatch_concurrent[f713d490-361e-43cc-924b-80144e4c01ee] succeeded in 0.5026038550004159s: 'Done'
[2021-09-01 16:36:58,932: INFO/ForkPoolWorker-6] concurrent_dispatcher.dispatch_concurrent[0983df8f-27e0-47a1-bafe-84815a7fe854]: SMS sent to (701)184-5522x920. Data: {'name': 'Roger Hardy', 'email': 'sullivanchristopher@example.org', 'phone': '(701)184-5522x920', 'url': 'https://www.archer.com/', 'type': 'sms'}
[2021-09-01 16:36:58,933: INFO/ForkPoolWorker-7] concurrent_dispatcher.dispatch_concurrent[fd9b2c9c-e5d3-4d5c-99d8-e3fe5e78d0e2]: POST sent to http://ford-hernandez.biz/. Data: {'name': 'Antonio Chambers', 'email': None, 'phone': '(931)911-1606', 'url': 'http://ford-hernandez.biz/', 'type': 'post'}
[2021-09-01 16:36:58,934: INFO/ForkPoolWorker-6] Task concurrent_dispatcher.dispatch_concurrent[0983df8f-27e0-47a1-bafe-84815a7fe854] succeeded in 0.502653454999745s: 'Done'
[2021-09-01 16:36:58,934: INFO/ForkPoolWorker-7] Task concurrent_dispatcher.dispatch_concurrent[fd9b2c9c-e5d3-4d5c-99d8-e3fe5e78d0e2] succeeded in 0.5028830359988206s: 'Done'
[2021-09-01 16:36:58,935: INFO/ForkPoolWorker-8] concurrent_dispatcher.dispatch_concurrent[12611f02-991a-406b-8818-8529ce51d241]: EMAIL sent to stevencurtis@example.com. Data: {'name': 'Eric Nguyen', 'email': 'stevencurtis@example.com', 'phone': '001-328-336-5676', 'url': 'http://www.jimenez-griffith.com/', 'type': 'email'}
[2021-09-01 16:36:58,936: INFO/ForkPoolWorker-8] Task concurrent_dispatcher.dispatch_concurrent[12611f02-991a-406b-8818-8529ce51d241] succeeded in 0.5024290130004374s: 'Done'
[2021-09-01 16:36:58,940: INFO/MainProcess] Task concurrent_dispatcher.dispatch_concurrent[02d1db19-0b65-4312-a80f-6d1cb58571b6] received
[2021-09-01 16:36:58,943: ERROR/ForkPoolWorker-3] concurrent_dispatcher.dispatch_concurrent[ec1e8955-646d-44d4-ac14-de794905229e]: SMS notifier *FAILED*  [Invalid NAME or PHONE] @ {'name': 'Mallory Cooley', 'email': 'gambleevan@example.com', 'phone': None, 'url': None, 'type': 'sms'}
[2021-09-01 16:36:58,944: INFO/ForkPoolWorker-3] Task concurrent_dispatcher.dispatch_concurrent[ec1e8955-646d-44d4-ac14-de794905229e] succeeded in 0.0008353819994226797s: 'Done'
[2021-09-01 16:36:58,944: ERROR/ForkPoolWorker-16] concurrent_dispatcher.dispatch_concurrent[9b0aa063-3a16-4a0b-b6b5-7b6eec30d81b]: POST notifier *FAILED* [Invalid NAME or URL] @ {'name': 'Carolyn Smith', 'email': 'rhonda80@example.org', 'phone': '001-674-127-7112x667', 'url': None, 'type': 'post'}
[2021-09-01 16:36:58,944: INFO/ForkPoolWorker-16] Task concurrent_dispatcher.dispatch_concurrent[9b0aa063-3a16-4a0b-b6b5-7b6eec30d81b] succeeded in 0.0005665450007654727s: 'Done'
[2021-09-01 16:36:58,954: INFO/MainProcess] Task concurrent_dispatcher.dispatch_concurrent[bd50423e-af6f-4bf5-a5ed-0cccef462ce5] received
[2021-09-01 16:36:58,959: INFO/MainProcess] Task concurrent_dispatcher.dispatch_concurrent[915518c4-ddca-4808-95c1-1909a7d34d14] received
[2021-09-01 16:36:58,961: INFO/MainProcess] Task concurrent_dispatcher.dispatch_concurrent[ec53fc21-dfb3-4803-ac4b-01325b8c0baf] received
[2021-09-01 16:36:58,962: INFO/MainProcess] Task concurrent_dispatcher.dispatch_concurrent[88adc0dd-6339-4456-8f4c-6f367879374c] received
[2021-09-01 16:36:58,963: INFO/MainProcess] Task concurrent_dispatcher.dispatch_concurrent[22bdb52c-9293-4473-941d-a891caf1566d] received
[2021-09-01 16:36:58,964: INFO/MainProcess] Task concurrent_dispatcher.dispatch_concurrent[a885e78c-a24c-4ce5-8ef0-a83ce50f55a6] received
[2021-09-01 16:36:58,965: INFO/MainProcess] Task concurrent_dispatcher.dispatch_concurrent[21f7f60d-820d-47ce-9ffd-0dcabe0486c8] received
[2021-09-01 16:36:58,967: INFO/MainProcess] Task concurrent_dispatcher.dispatch_concurrent[ac4ba3d6-d226-41ff-9e1d-25ff8c29c47d] received
[2021-09-01 16:36:58,968: INFO/MainProcess] Task concurrent_dispatcher.dispatch_concurrent[5197bb64-f1d8-45f9-bf8d-bf8b08301129] received
[2021-09-01 16:36:58,969: INFO/MainProcess] Task concurrent_dispatcher.dispatch_concurrent[f0e9e36c-5eca-4a6f-acc8-b5f888443f06] received
[2021-09-01 16:36:58,970: INFO/MainProcess] Task concurrent_dispatcher.dispatch_concurrent[4390d2f3-e32f-4113-8cc4-86b217d0936b] received
[2021-09-01 16:36:58,971: INFO/MainProcess] Task concurrent_dispatcher.dispatch_concurrent[a5803c13-378f-411e-a31e-7bba137d3c49] received
[2021-09-01 16:36:58,971: INFO/MainProcess] Task concurrent_dispatcher.dispatch_concurrent[1735bf4d-1d00-4dc3-bcd0-cbf205d88641] received
[2021-09-01 16:36:58,972: INFO/MainProcess] Task concurrent_dispatcher.dispatch_concurrent[be28e774-8127-4c74-90d3-4ad8d956ece9] received
[2021-09-01 16:36:58,973: INFO/MainProcess] Task concurrent_dispatcher.dispatch_concurrent[4ab72b53-8361-492f-88eb-68d6b9b77825] received
[2021-09-01 16:36:58,974: INFO/MainProcess] Task concurrent_dispatcher.dispatch_concurrent[2bb217d5-62f2-4670-8b8a-63d5c55f4469] received
[2021-09-01 16:36:58,975: INFO/MainProcess] Task concurrent_dispatcher.dispatch_concurrent[c2ef56df-9e90-4eb7-9cc8-3d11509b4055] received
[2021-09-01 16:36:59,407: INFO/ForkPoolWorker-9] concurrent_dispatcher.dispatch_concurrent[fcb85e43-4c27-40a6-b91a-328a62223090]: POST sent to http://hamilton.info/. Data: {'name': 'Ann Ramirez', 'email': 'sescobar@example.net', 'phone': '+1-293-028-6866', 'url': 'http://hamilton.info/', 'type': 'post'}
[2021-09-01 16:36:59,408: INFO/ForkPoolWorker-9] Task concurrent_dispatcher.dispatch_concurrent[fcb85e43-4c27-40a6-b91a-328a62223090] succeeded in 0.5017899790000229s: 'Done'
[2021-09-01 16:36:59,411: ERROR/ForkPoolWorker-9] concurrent_dispatcher.dispatch_concurrent[c0999eb9-2278-4c73-8f32-17823c7e4397]: SMS notifier *FAILED*  [Invalid NAME or PHONE] @ {'name': 'Stephanie Kramer', 'email': 'justinrios@example.org', 'phone': None, 'url': 'http://shaw-gilbert.com/', 'type': 'sms'}
[2021-09-01 16:36:59,412: INFO/ForkPoolWorker-9] Task concurrent_dispatcher.dispatch_concurrent[c0999eb9-2278-4c73-8f32-17823c7e4397] succeeded in 0.0008276089993159985s: 'Done'
[2021-09-01 16:36:59,412: INFO/ForkPoolWorker-11] concurrent_dispatcher.dispatch_concurrent[d451281d-6b67-485c-a882-5a7edabfc8dd]: SMS sent to (222)754-9143. Data: {'name': 'Christina Cooke DDS', 'email': 'candice50@example.net', 'phone': '(222)754-9143', 'url': 'https://www.villa-hernandez.com/', 'type': 'sms'}
[2021-09-01 16:36:59,412: INFO/ForkPoolWorker-10] concurrent_dispatcher.dispatch_concurrent[9f7e24ca-e000-438b-bfc2-efdad1c93144]: SMS sent to (884)919-6815. Data: {'name': 'Kaitlyn Smith', 'email': None, 'phone': '(884)919-6815', 'url': None, 'type': 'sms'}
[2021-09-01 16:36:59,413: INFO/ForkPoolWorker-11] Task concurrent_dispatcher.dispatch_concurrent[d451281d-6b67-485c-a882-5a7edabfc8dd] succeeded in 0.501389492999806s: 'Done'
[2021-09-01 16:36:59,413: INFO/ForkPoolWorker-10] Task concurrent_dispatcher.dispatch_concurrent[9f7e24ca-e000-438b-bfc2-efdad1c93144] succeeded in 0.5016631140006211s: 'Done'
[2021-09-01 16:36:59,418: INFO/MainProcess] Task concurrent_dispatcher.dispatch_concurrent[f7eab8ca-40b2-4177-b808-f2bb6629d438] received
[2021-09-01 16:36:59,425: INFO/ForkPoolWorker-12] concurrent_dispatcher.dispatch_concurrent[1482cfb5-ae95-473a-a729-7c72f4d73fcf]: POST sent to https://www.davenport.info/. Data: {'name': 'Alicia Tyler', 'email': 'ojones@example.net', 'phone': '+1-839-434-9458x4838', 'url': 'https://www.davenport.info/', 'type': 'post'}
[2021-09-01 16:36:59,426: INFO/ForkPoolWorker-12] Task concurrent_dispatcher.dispatch_concurrent[1482cfb5-ae95-473a-a729-7c72f4d73fcf] succeeded in 0.5010269180002069s: 'Done'
[2021-09-01 16:36:59,426: INFO/ForkPoolWorker-1] concurrent_dispatcher.dispatch_concurrent[065cd56d-eb80-4d1c-baaa-4a9cb7223b3d]: POST sent to https://www.barber.com/. Data: {'name': 'Kevin Acevedo', 'email': 'kingmary@example.net', 'phone': '839.573.5815x8362', 'url': 'https://www.barber.com/', 'type': 'post'}
[2021-09-01 16:36:59,427: INFO/ForkPoolWorker-1] Task concurrent_dispatcher.dispatch_concurrent[065cd56d-eb80-4d1c-baaa-4a9cb7223b3d] succeeded in 0.5020017010010633s: 'Done'
[2021-09-01 16:36:59,433: INFO/MainProcess] Task concurrent_dispatcher.dispatch_concurrent[ca7cecb7-b7a4-49ce-8f71-9f767154e04e] received
[2021-09-01 16:36:59,441: INFO/MainProcess] Task concurrent_dispatcher.dispatch_concurrent[a22d0e73-937d-4407-9cc7-43b57a2d5214] received
[2021-09-01 16:36:59,443: INFO/ForkPoolWorker-14] concurrent_dispatcher.dispatch_concurrent[c320e41d-5c7c-41f1-a45b-d260aa48cb87]: POST sent to http://www.taylor-miller.com/. Data: {'name': 'Steven Ruiz', 'email': 'chad32@example.org', 'phone': '001-968-595-1926x86351', 'url': 'http://www.taylor-miller.com/', 'type': 'post'}
[2021-09-01 16:36:59,443: INFO/ForkPoolWorker-13] concurrent_dispatcher.dispatch_concurrent[44038348-b77f-454e-bcff-aa288cbb983b]: SMS sent to 638.149.0369x330. Data: {'name': 'Janet Mckee', 'email': 'derekduncan@example.org', 'phone': '638.149.0369x330', 'url': 'http://scott.com/', 'type': 'sms'}
[2021-09-01 16:36:59,443: INFO/ForkPoolWorker-2] concurrent_dispatcher.dispatch_concurrent[b2fc91a5-4882-4b31-93eb-e1d978fa65d7]: EMAIL sent to fraziercynthia@example.com. Data: {'name': 'Caroline Brown', 'email': 'fraziercynthia@example.com', 'phone': '+1-862-968-1276x1696', 'url': 'https://jensen-johnson.net/', 'type': 'email'}
[2021-09-01 16:36:59,443: INFO/ForkPoolWorker-15] concurrent_dispatcher.dispatch_concurrent[d5cb23d3-8b74-48d6-abf4-7b03a15acc23]: POST sent to https://www.parker.com/. Data: {'name': 'Cynthia Salazar', 'email': 'jonathankaufman@example.net', 'phone': '3132813760', 'url': 'https://www.parker.com/', 'type': 'post'}
[2021-09-01 16:36:59,443: INFO/ForkPoolWorker-4] concurrent_dispatcher.dispatch_concurrent[f303fa51-de58-49c2-b865-267497799520]: SMS sent to +1-057-729-1980x6236. Data: {'name': 'Sharon Knapp', 'email': 'vjohnson@example.com', 'phone': '+1-057-729-1980x6236', 'url': 'https://roberts-blair.net/', 'type': 'sms'}
[2021-09-01 16:36:59,444: INFO/ForkPoolWorker-13] Task concurrent_dispatcher.dispatch_concurrent[44038348-b77f-454e-bcff-aa288cbb983b] succeeded in 0.5012521689986897s: 'Done'
[2021-09-01 16:36:59,444: INFO/ForkPoolWorker-2] Task concurrent_dispatcher.dispatch_concurrent[b2fc91a5-4882-4b31-93eb-e1d978fa65d7] succeeded in 0.5014802919995418s: 'Done'
[2021-09-01 16:36:59,444: INFO/ForkPoolWorker-14] Task concurrent_dispatcher.dispatch_concurrent[c320e41d-5c7c-41f1-a45b-d260aa48cb87] succeeded in 0.5011478209999041s: 'Done'
[2021-09-01 16:36:59,444: INFO/ForkPoolWorker-4] Task concurrent_dispatcher.dispatch_concurrent[f303fa51-de58-49c2-b865-267497799520] succeeded in 0.5012172120004834s: 'Done'
[2021-09-01 16:36:59,444: INFO/ForkPoolWorker-15] Task concurrent_dispatcher.dispatch_concurrent[d5cb23d3-8b74-48d6-abf4-7b03a15acc23] succeeded in 0.5010923010013357s: 'Done'
[2021-09-01 16:36:59,444: INFO/ForkPoolWorker-5] concurrent_dispatcher.dispatch_concurrent[3dbefe68-490b-49a4-ac1e-fac1816d111d]: POST sent to https://johnson.biz/. Data: {'name': 'Emily Mitchell', 'email': 'james41@example.com', 'phone': '578.073.8049', 'url': 'https://johnson.biz/', 'type': 'post'}
[2021-09-01 16:36:59,445: INFO/ForkPoolWorker-5] Task concurrent_dispatcher.dispatch_concurrent[3dbefe68-490b-49a4-ac1e-fac1816d111d] succeeded in 0.5014174899988575s: 'Done'
[2021-09-01 16:36:59,446: INFO/MainProcess] Task concurrent_dispatcher.dispatch_concurrent[f3c9b4e0-35bd-4d15-9bf0-40e6c9ec5bf3] received
[2021-09-01 16:36:59,454: INFO/MainProcess] Task concurrent_dispatcher.dispatch_concurrent[aaa48b96-66fb-4b16-9b0a-5c7d7f9b7131] received
[2021-09-01 16:36:59,455: ERROR/ForkPoolWorker-2] concurrent_dispatcher.dispatch_concurrent[c376b21a-dc5e-4a1e-bec0-6b511ce99a9b]: EMAIL notifier *FAILED* [Invalid NAME or EMAIL] @ {'name': 'Laura Johnston', 'email': None, 'phone': '(432)616-4576', 'url': 'http://peterson.biz/', 'type': 'email'}
[2021-09-01 16:36:59,455: INFO/ForkPoolWorker-6] concurrent_dispatcher.dispatch_concurrent[952c39f1-0361-468e-bcd5-a0b4d4be1f1f]: SMS sent to (459)767-6066x8308. Data: {'name': 'Laura Simmons', 'email': 'catherine19@example.org', 'phone': '(459)767-6066x8308', 'url': None, 'type': 'sms'}
[2021-09-01 16:36:59,455: INFO/ForkPoolWorker-16] concurrent_dispatcher.dispatch_concurrent[3624a8d3-c799-4255-8beb-025d0a301e65]: SMS sent to (344)656-0882. Data: {'name': 'Deborah Dickson', 'email': 'hopkinsjasmine@example.net', 'phone': '(344)656-0882', 'url': 'http://massey-wood.com/', 'type': 'sms'}
[2021-09-01 16:36:59,456: INFO/ForkPoolWorker-7] concurrent_dispatcher.dispatch_concurrent[ccd953b3-fb82-46dc-a100-f07d8ed4f29d]: POST sent to http://lawrence.com/. Data: {'name': 'Julia Petty', 'email': 'mcgeeshirley@example.net', 'phone': '652-489-3628x0577', 'url': 'http://lawrence.com/', 'type': 'post'}
[2021-09-01 16:36:59,456: INFO/ForkPoolWorker-2] Task concurrent_dispatcher.dispatch_concurrent[c376b21a-dc5e-4a1e-bec0-6b511ce99a9b] succeeded in 0.0009311009998782538s: 'Done'
[2021-09-01 16:36:59,456: INFO/ForkPoolWorker-16] Task concurrent_dispatcher.dispatch_concurrent[3624a8d3-c799-4255-8beb-025d0a301e65] succeeded in 0.501399852000759s: 'Done'
[2021-09-01 16:36:59,456: INFO/ForkPoolWorker-6] Task concurrent_dispatcher.dispatch_concurrent[952c39f1-0361-468e-bcd5-a0b4d4be1f1f] succeeded in 0.5013394550005614s: 'Done'
[2021-09-01 16:36:59,456: INFO/ForkPoolWorker-3] concurrent_dispatcher.dispatch_concurrent[13e2427e-485f-46dc-b67e-064acb4b755a]: EMAIL sent to luke15@example.net. Data: {'name': 'Joshua Rojas', 'email': 'luke15@example.net', 'phone': '(291)891-1409x95795', 'url': 'http://www.oconnor.com/', 'type': 'email'}
[2021-09-01 16:36:59,456: INFO/ForkPoolWorker-8] concurrent_dispatcher.dispatch_concurrent[d90def77-f6db-4414-823c-f3f06c6c0a12]: SMS sent to 0476580650. Data: {'name': 'Michelle Wilson', 'email': 'jsutton@example.net', 'phone': '0476580650', 'url': 'https://allen.com/', 'type': 'sms'}
[2021-09-01 16:36:59,456: INFO/ForkPoolWorker-7] Task concurrent_dispatcher.dispatch_concurrent[ccd953b3-fb82-46dc-a100-f07d8ed4f29d] succeeded in 0.5013571480012615s: 'Done'
[2021-09-01 16:36:59,457: INFO/ForkPoolWorker-8] Task concurrent_dispatcher.dispatch_concurrent[d90def77-f6db-4414-823c-f3f06c6c0a12] succeeded in 0.5017587230013305s: 'Done'
[2021-09-01 16:36:59,457: INFO/ForkPoolWorker-3] Task concurrent_dispatcher.dispatch_concurrent[13e2427e-485f-46dc-b67e-064acb4b755a] succeeded in 0.5020899010014546s: 'Done'
[2021-09-01 16:36:59,468: INFO/MainProcess] Task concurrent_dispatcher.dispatch_concurrent[db818506-94c4-4cc6-92ca-42ed36036d83] received
[2021-09-01 16:36:59,469: ERROR/ForkPoolWorker-2] concurrent_dispatcher.dispatch_concurrent[2bb785ed-75ee-4873-8754-ceda1d4d0be2]: POST notifier *FAILED* [Invalid NAME or URL] @ {'name': 'Nicole Alexander', 'email': 'sheltontodd@example.net', 'phone': '779-752-5518', 'url': None, 'type': 'post'}
[2021-09-01 16:36:59,469: ERROR/ForkPoolWorker-6] concurrent_dispatcher.dispatch_concurrent[eaaabcb6-e4e3-4d26-a9e2-a5a366cc6be4]: SMS notifier *FAILED*  [Invalid NAME or PHONE] @ {'name': 'David Johnson', 'email': 'kimberly47@example.net', 'phone': None, 'url': 'https://harrison-fowler.org/', 'type': 'sms'}
[2021-09-01 16:36:59,470: INFO/ForkPoolWorker-2] Task concurrent_dispatcher.dispatch_concurrent[2bb785ed-75ee-4873-8754-ceda1d4d0be2] succeeded in 0.0006054870009393198s: 'Done'
[2021-09-01 16:36:59,470: INFO/ForkPoolWorker-6] Task concurrent_dispatcher.dispatch_concurrent[eaaabcb6-e4e3-4d26-a9e2-a5a366cc6be4] succeeded in 0.0006560570000146981s: 'Done'
[2021-09-01 16:36:59,473: INFO/MainProcess] Task concurrent_dispatcher.dispatch_concurrent[68347db7-4e6d-436e-9f48-1c59d8d8a418] received
[2021-09-01 16:36:59,483: INFO/MainProcess] Task concurrent_dispatcher.dispatch_concurrent[3e64f256-64ce-4a4c-b100-d7cb8a59d039] received
[2021-09-01 16:36:59,485: INFO/MainProcess] Task concurrent_dispatcher.dispatch_concurrent[c53ad128-c784-45b9-b444-488b8897b02f] received
[2021-09-01 16:36:59,488: INFO/MainProcess] Task concurrent_dispatcher.dispatch_concurrent[0d789660-06ff-4006-bd14-7d753e28135f] received
[2021-09-01 16:36:59,489: INFO/MainProcess] Task concurrent_dispatcher.dispatch_concurrent[78e3ec42-13ac-4913-ab6e-f5b5fe8fea3a] received
[2021-09-01 16:36:59,490: INFO/MainProcess] Task concurrent_dispatcher.dispatch_concurrent[7119b7e1-1689-4506-a8b8-428451060733] received
[2021-09-01 16:36:59,492: INFO/MainProcess] Task concurrent_dispatcher.dispatch_concurrent[e84ded88-57d2-4529-badc-1f2a44da4ba6] received
[2021-09-01 16:36:59,493: INFO/MainProcess] Task concurrent_dispatcher.dispatch_concurrent[b966cc95-6514-4cdd-8b3e-df9c9d5fba8a] received
[2021-09-01 16:36:59,494: INFO/MainProcess] Task concurrent_dispatcher.dispatch_concurrent[99bb0f0d-375e-4c51-9fc1-b47487cd0a25] received
[2021-09-01 16:36:59,495: INFO/MainProcess] Task concurrent_dispatcher.dispatch_concurrent[d8147445-029d-46f7-8332-6b6a818333d2] received
[2021-09-01 16:36:59,496: INFO/MainProcess] Task concurrent_dispatcher.dispatch_concurrent[d4368abf-2e79-419c-84c5-9db7cd768308] received
[2021-09-01 16:36:59,497: INFO/MainProcess] Task concurrent_dispatcher.dispatch_concurrent[440f3786-2713-438b-bff0-1de60584d71a] received
[2021-09-01 16:36:59,498: INFO/MainProcess] Task concurrent_dispatcher.dispatch_concurrent[1120a827-793a-4eb5-aef4-5416ac873fdf] received
[2021-09-01 16:36:59,499: INFO/MainProcess] Task concurrent_dispatcher.dispatch_concurrent[9348c6ab-0eba-49ba-9e95-e208e9e7ba29] received
[2021-09-01 16:36:59,917: INFO/ForkPoolWorker-9] concurrent_dispatcher.dispatch_concurrent[fcea2d3a-7aa7-42f7-b59a-cb27ddd69f29]: SMS sent to +1-219-693-0240x7842. Data: {'name': 'Dennis Stephens', 'email': 'travis56@example.net', 'phone': '+1-219-693-0240x7842', 'url': 'https://www.brown-dickerson.com/', 'type': 'sms'}
[2021-09-01 16:36:59,918: INFO/ForkPoolWorker-10] concurrent_dispatcher.dispatch_concurrent[c34c65a1-3502-40d7-8678-7676cfe06dea]: SMS sent to (088)166-1663x7165. Data: {'name': 'Jessica Bowers', 'email': 'shane77@example.net', 'phone': '(088)166-1663x7165', 'url': 'http://www.taylor.biz/', 'type': 'sms'}
[2021-09-01 16:36:59,918: INFO/ForkPoolWorker-11] concurrent_dispatcher.dispatch_concurrent[92e04fa8-5bd7-4655-85b9-8dc1f4149188]: EMAIL sent to brownmichelle@example.net. Data: {'name': 'Donna Kelly', 'email': 'brownmichelle@example.net', 'phone': None, 'url': 'https://www.robinson.com/', 'type': 'email'}
[2021-09-01 16:36:59,919: INFO/ForkPoolWorker-9] Task concurrent_dispatcher.dispatch_concurrent[fcea2d3a-7aa7-42f7-b59a-cb27ddd69f29] succeeded in 0.5013376620008785s: 'Done'
[2021-09-01 16:36:59,919: INFO/ForkPoolWorker-10] Task concurrent_dispatcher.dispatch_concurrent[c34c65a1-3502-40d7-8678-7676cfe06dea] succeeded in 0.5016232060006587s: 'Done'
[2021-09-01 16:36:59,919: INFO/ForkPoolWorker-11] Task concurrent_dispatcher.dispatch_concurrent[92e04fa8-5bd7-4655-85b9-8dc1f4149188] succeeded in 0.5018859080009861s: 'Done'
[2021-09-01 16:36:59,923: ERROR/ForkPoolWorker-11] concurrent_dispatcher.dispatch_concurrent[0dce499b-6e7b-4270-8e6e-7cc7c20547a2]: POST notifier *FAILED* [Invalid NAME or URL] @ {'name': 'Patricia Vincent', 'email': None, 'phone': '(021)107-2739x24514', 'url': None, 'type': 'post'}
[2021-09-01 16:36:59,924: INFO/ForkPoolWorker-11] Task concurrent_dispatcher.dispatch_concurrent[0dce499b-6e7b-4270-8e6e-7cc7c20547a2] succeeded in 0.0008084490000328515s: 'Done'
[2021-09-01 16:36:59,931: INFO/ForkPoolWorker-12] concurrent_dispatcher.dispatch_concurrent[5279b538-d09e-405b-bf36-c74135fa347f]: POST sent to http://www.cobb.org/. Data: {'name': 'Tina Young', 'email': 'perryjose@example.net', 'phone': '(162)131-5512', 'url': 'http://www.cobb.org/', 'type': 'post'}
[2021-09-01 16:36:59,931: INFO/ForkPoolWorker-1] concurrent_dispatcher.dispatch_concurrent[de3d38d2-656d-4e9c-9ef3-8dce27c2f39b]: SMS sent to 0967704570. Data: {'name': 'Traci Morrison MD', 'email': 'derrickwheeler@example.net', 'phone': '0967704570', 'url': 'http://lawrence-torres.info/', 'type': 'sms'}
[2021-09-01 16:36:59,932: INFO/ForkPoolWorker-12] Task concurrent_dispatcher.dispatch_concurrent[5279b538-d09e-405b-bf36-c74135fa347f] succeeded in 0.50183453200043s: 'Done'
[2021-09-01 16:36:59,932: INFO/ForkPoolWorker-1] Task concurrent_dispatcher.dispatch_concurrent[de3d38d2-656d-4e9c-9ef3-8dce27c2f39b] succeeded in 0.5018345850003243s: 'Done'
[2021-09-01 16:36:59,933: ERROR/ForkPoolWorker-11] concurrent_dispatcher.dispatch_concurrent[e8d7e481-9b3e-4129-a314-af3a11ace32f]: EMAIL notifier *FAILED* [Invalid NAME or EMAIL] @ {'name': 'Kaitlin Miles', 'email': None, 'phone': None, 'url': 'http://banks-atkins.info/', 'type': 'email'}
[2021-09-01 16:36:59,934: INFO/ForkPoolWorker-11] Task concurrent_dispatcher.dispatch_concurrent[e8d7e481-9b3e-4129-a314-af3a11ace32f] succeeded in 0.0010966459994961042s: 'Done'
[2021-09-01 16:36:59,936: INFO/MainProcess] Task concurrent_dispatcher.dispatch_concurrent[11c7c98e-c76a-4188-b890-2a7e90888144] received
[2021-09-01 16:36:59,945: INFO/MainProcess] Task concurrent_dispatcher.dispatch_concurrent[c3d39996-bbd2-4f49-9d93-d689b582ef88] received
[2021-09-01 16:36:59,947: ERROR/ForkPoolWorker-11] concurrent_dispatcher.dispatch_concurrent[96f3c6bf-c3db-438b-87c1-4436ae7c0442]: SMS notifier *FAILED*  [Invalid NAME or PHONE] @ {'name': 'Steven Foster', 'email': 'ndawson@example.org', 'phone': None, 'url': 'http://davis.biz/', 'type': 'sms'}
[2021-09-01 16:36:59,948: INFO/ForkPoolWorker-11] Task concurrent_dispatcher.dispatch_concurrent[96f3c6bf-c3db-438b-87c1-4436ae7c0442] succeeded in 0.0010139349997189129s: 'Done'
[2021-09-01 16:36:59,955: INFO/ForkPoolWorker-13] concurrent_dispatcher.dispatch_concurrent[64d751d7-92d5-4e12-b41b-8aa37bb64dbe]: EMAIL sent to joshua84@example.org. Data: {'name': 'Donna Smith', 'email': 'joshua84@example.org', 'phone': '439-561-7806', 'url': 'https://hayes.org/', 'type': 'email'}
[2021-09-01 16:36:59,956: INFO/ForkPoolWorker-13] Task concurrent_dispatcher.dispatch_concurrent[64d751d7-92d5-4e12-b41b-8aa37bb64dbe] succeeded in 0.5008231750016421s: 'Done'
[2021-09-01 16:36:59,956: INFO/ForkPoolWorker-14] concurrent_dispatcher.dispatch_concurrent[f493a3c1-400a-4fd6-9555-7497987fe6d6]: POST sent to http://www.shepard-jones.com/. Data: {'name': 'Ashley Russell', 'email': 'juansmith@example.org', 'phone': '079-300-1426', 'url': 'http://www.shepard-jones.com/', 'type': 'post'}
[2021-09-01 16:36:59,957: INFO/ForkPoolWorker-14] Task concurrent_dispatcher.dispatch_concurrent[f493a3c1-400a-4fd6-9555-7497987fe6d6] succeeded in 0.5014612100003433s: 'Done'
[2021-09-01 16:36:59,957: INFO/ForkPoolWorker-4] concurrent_dispatcher.dispatch_concurrent[f17f18bb-722b-45b7-8b2b-18efafc5c556]: EMAIL sent to millerrobert@example.net. Data: {'name': 'Elizabeth Miller', 'email': 'millerrobert@example.net', 'phone': '+1-267-037-3647x7380', 'url': 'http://www.page.com/', 'type': 'email'}
[2021-09-01 16:36:59,958: INFO/ForkPoolWorker-15] concurrent_dispatcher.dispatch_concurrent[9dab44b9-c856-4b20-8e9a-e583a9a79a11]: EMAIL sent to franklinheather@example.net. Data: {'name': 'Jeffrey Rice', 'email': 'franklinheather@example.net', 'phone': '074.829.0298x071', 'url': 'https://robbins.net/', 'type': 'email'}
[2021-09-01 16:36:59,958: INFO/MainProcess] Task concurrent_dispatcher.dispatch_concurrent[9b941dd9-678c-43b8-aecf-66ae17eb782a] received
[2021-09-01 16:36:59,958: INFO/ForkPoolWorker-4] Task concurrent_dispatcher.dispatch_concurrent[f17f18bb-722b-45b7-8b2b-18efafc5c556] succeeded in 0.5028750530000252s: 'Done'
[2021-09-01 16:36:59,958: INFO/ForkPoolWorker-5] concurrent_dispatcher.dispatch_concurrent[3b52a02f-c436-42d4-8468-1176fad25bc3]: POST sent to https://www.stout-bruce.com/. Data: {'name': 'Kenneth Wilkerson', 'email': 'logangray@example.org', 'phone': '315-445-5777x199', 'url': 'https://www.stout-bruce.com/', 'type': 'post'}
[2021-09-01 16:36:59,958: INFO/ForkPoolWorker-15] Task concurrent_dispatcher.dispatch_concurrent[9dab44b9-c856-4b20-8e9a-e583a9a79a11] succeeded in 0.5031437529996765s: 'Done'
