[2021-08-31 23:14:39,029: INFO/MainProcess] Task concurrent_dispatcher.dispatch_concurrent[d637c51d-9f10-4204-96dc-55c8080e42be] received
[2021-08-31 23:14:39,030: INFO/MainProcess] Task concurrent_dispatcher.dispatch_concurrent[fc99a236-0c66-4ec9-8bf3-69b7c5ef80ca] received
[2021-08-31 23:14:39,031: INFO/MainProcess] Task concurrent_dispatcher.dispatch_concurrent[e4ac6c3f-4aed-433f-b41a-dd5992cfb5ef] received
[2021-08-31 23:14:39,033: INFO/MainProcess] Task concurrent_dispatcher.dispatch_concurrent[80228447-b30d-47a8-b749-78a42aef652f] received
[2021-08-31 23:14:39,034: INFO/MainProcess] Task concurrent_dispatcher.dispatch_concurrent[e0bef0db-dc6d-4f38-a143-0e3fec2a7c19] received
[2021-08-31 23:14:39,035: INFO/MainProcess] Task concurrent_dispatcher.dispatch_concurrent[a33c7e97-c676-4f12-a844-ad95eedb34bb] received
[2021-08-31 23:14:39,036: INFO/MainProcess] Task concurrent_dispatcher.dispatch_concurrent[57c59689-a03a-47a0-8aac-faf6dd93a7b9] received
[2021-08-31 23:14:39,037: INFO/MainProcess] Task concurrent_dispatcher.dispatch_concurrent[7d3f9ebf-e639-43ca-94f0-914967ded376] received
[2021-08-31 23:14:39,441: INFO/ForkPoolWorker-9] concurrent_dispatcher.dispatch_concurrent[787121e8-fb7e-44b2-b181-9e4a8a841987]: SMS sent to 255.587.1340x576. Data: {'name': 'Frank Monroe', 'email': 'wilsonbrett@example.net', 'phone': '255.587.1340x576', 'url': None, 'type': 'sms'}
[2021-08-31 23:14:39,442: INFO/ForkPoolWorker-9] Task concurrent_dispatcher.dispatch_concurrent[787121e8-fb7e-44b2-b181-9e4a8a841987] succeeded in 0.5016925370000536s: 'Done'
[2021-08-31 23:14:39,455: INFO/ForkPoolWorker-8] concurrent_dispatcher.dispatch_concurrent[510aed09-23a7-4685-8973-d1f67ed632a6]: EMAIL sent to johnsonstacy@example.com. Data: {'name': 'Jonathan Harrington Jr.', 'email': 'johnsonstacy@example.com', 'phone': '907-324-6170', 'url': None, 'type': 'email'}
[2021-08-31 23:14:39,456: INFO/ForkPoolWorker-8] Task concurrent_dispatcher.dispatch_concurrent[510aed09-23a7-4685-8973-d1f67ed632a6] succeeded in 0.5016664990034769s: 'Done'
[2021-08-31 23:14:39,463: INFO/MainProcess] Task concurrent_dispatcher.dispatch_concurrent[e7677ca1-584f-4b75-bf45-3f33d141005d] received
[2021-08-31 23:14:39,474: INFO/ForkPoolWorker-11] concurrent_dispatcher.dispatch_concurrent[61d7c8b7-5e58-4521-9559-8cc5674f6f08]: SMS sent to +1-846-542-6635x0987. Data: {'name': 'Matthew Bush', 'email': 'rlopez@example.org', 'phone': '+1-846-542-6635x0987', 'url': None, 'type': 'sms'}
[2021-08-31 23:14:39,475: INFO/ForkPoolWorker-11] Task concurrent_dispatcher.dispatch_concurrent[61d7c8b7-5e58-4521-9559-8cc5674f6f08] succeeded in 0.5016166040004464s: 'Done'
[2021-08-31 23:14:39,481: INFO/MainProcess] Task concurrent_dispatcher.dispatch_concurrent[df456be0-4a7e-41b0-9054-cee7fbafb40a] received
[2021-08-31 23:14:39,488: INFO/ForkPoolWorker-10] concurrent_dispatcher.dispatch_concurrent[e9e69592-e409-49e4-8b12-23a0d85ba70c]: SMS sent to 717-483-1971x25939. Data: {'name': 'Kayla Molina', 'email': None, 'phone': '717-483-1971x25939', 'url': 'http://www.keller.com/', 'type': 'sms'}
[2021-08-31 23:14:39,488: INFO/ForkPoolWorker-1] concurrent_dispatcher.dispatch_concurrent[3929c45f-29a1-4d6c-8a7d-ed7faab1186b]: EMAIL sent to nicole48@example.com. Data: {'name': 'Kimberly Hancock', 'email': 'nicole48@example.com', 'phone': '+1-381-661-9545', 'url': 'https://www.meyer-miller.info/', 'type': 'email'}
[2021-08-31 23:14:39,489: INFO/ForkPoolWorker-10] Task concurrent_dispatcher.dispatch_concurrent[e9e69592-e409-49e4-8b12-23a0d85ba70c] succeeded in 0.5015718799986644s: 'Done'
[2021-08-31 23:14:39,489: INFO/ForkPoolWorker-1] Task concurrent_dispatcher.dispatch_concurrent[3929c45f-29a1-4d6c-8a7d-ed7faab1186b] succeeded in 0.501585451005667s: 'Done'
[2021-08-31 23:14:39,497: INFO/MainProcess] Task concurrent_dispatcher.dispatch_concurrent[815cc6d8-ad3c-47af-a800-98bd75a580e0] received
[2021-08-31 23:14:39,505: INFO/ForkPoolWorker-2] concurrent_dispatcher.dispatch_concurrent[1b0f3672-2c3b-4cc2-975e-bcd3120bd9bf]: POST sent to https://nguyen-moore.com/. Data: {'name': 'Christian Gibson', 'email': 'johnmeadows@example.com', 'phone': None, 'url': 'https://nguyen-moore.com/', 'type': 'post'}
[2021-08-31 23:14:39,505: INFO/ForkPoolWorker-13] concurrent_dispatcher.dispatch_concurrent[8ffc75b5-8472-4654-9691-c7f4de4549ad]: SMS sent to 097.246.1175x40643. Data: {'name': 'Julia Andrews', 'email': 'angeladean@example.com', 'phone': '097.246.1175x40643', 'url': 'http://www.thompson.com/', 'type': 'sms'}
[2021-08-31 23:14:39,505: INFO/ForkPoolWorker-12] concurrent_dispatcher.dispatch_concurrent[87325944-7336-4461-9805-596747bee55f]: SMS sent to 373-597-8239x7927. Data: {'name': 'Barbara Anderson', 'email': 'alexandracollins@example.com', 'phone': '373-597-8239x7927', 'url': 'https://gonzalez.info/', 'type': 'sms'}
[2021-08-31 23:14:39,506: INFO/ForkPoolWorker-14] concurrent_dispatcher.dispatch_concurrent[984722c9-970b-4247-bb8e-a8ae7cfe2a0a]: SMS sent to 001-230-693-0574x1732. Data: {'name': 'Catherine Park', 'email': 'gouldalbert@example.com', 'phone': '001-230-693-0574x1732', 'url': 'http://lucas-adkins.com/', 'type': 'sms'}
[2021-08-31 23:14:39,506: INFO/ForkPoolWorker-2] Task concurrent_dispatcher.dispatch_concurrent[1b0f3672-2c3b-4cc2-975e-bcd3120bd9bf] succeeded in 0.501630999999179s: 'Done'
[2021-08-31 23:14:39,506: INFO/ForkPoolWorker-13] Task concurrent_dispatcher.dispatch_concurrent[8ffc75b5-8472-4654-9691-c7f4de4549ad] succeeded in 0.5015824009969947s: 'Done'
[2021-08-31 23:14:39,506: INFO/ForkPoolWorker-12] Task concurrent_dispatcher.dispatch_concurrent[87325944-7336-4461-9805-596747bee55f] succeeded in 0.50168993799889s: 'Done'
[2021-08-31 23:14:39,506: INFO/ForkPoolWorker-14] Task concurrent_dispatcher.dispatch_concurrent[984722c9-970b-4247-bb8e-a8ae7cfe2a0a] succeeded in 0.501348918005533s: 'Done'
[2021-08-31 23:14:39,512: INFO/MainProcess] Task concurrent_dispatcher.dispatch_concurrent[d70aa073-8012-4d9e-9fc4-a8308ab1d8a1] received
[2021-08-31 23:14:39,513: INFO/ForkPoolWorker-12] concurrent_dispatcher.dispatch_concurrent[62885391-39bb-449e-a4e5-42198a175644]: POST notifier *FAILED* [Invalid NAME or URL] @ {'name': 'Troy Harris', 'email': 'hollandjames@example.net', 'phone': '(016)343-1826x371', 'url': None, 'type': 'post'}
[2021-08-31 23:14:39,513: INFO/ForkPoolWorker-14] concurrent_dispatcher.dispatch_concurrent[0d2958d4-c837-4937-8ea7-7d7711fabfe1]: SMS notifier *FAILED*  [Invalid NAME or PHONE] @ {'name': 'Alan Palmer', 'email': 'andrewjones@example.com', 'phone': None, 'url': 'http://www.russo.com/', 'type': 'sms'}
[2021-08-31 23:14:39,513: INFO/ForkPoolWorker-12] Task concurrent_dispatcher.dispatch_concurrent[62885391-39bb-449e-a4e5-42198a175644] succeeded in 0.0007581269965157844s: 'Done'
[2021-08-31 23:14:39,513: INFO/ForkPoolWorker-14] Task concurrent_dispatcher.dispatch_concurrent[0d2958d4-c837-4937-8ea7-7d7711fabfe1] succeeded in 0.0008470070024486631s: 'Done'
[2021-08-31 23:14:39,515: INFO/ForkPoolWorker-16] concurrent_dispatcher.dispatch_concurrent[8696997d-ca4b-4ff7-8fa2-1dc46f45b7cc]: SMS sent to (306)900-9310x8128. Data: {'name': 'Ricky Thomas', 'email': 'dianasimmons@example.com', 'phone': '(306)900-9310x8128', 'url': 'http://www.thompson.com/', 'type': 'sms'}
[2021-08-31 23:14:39,515: INFO/ForkPoolWorker-3] concurrent_dispatcher.dispatch_concurrent[63543349-9ce8-4268-b82b-6d66d305b004]: POST sent to http://www.ramirez.net/. Data: {'name': 'Joseph Strickland', 'email': 'yadams@example.com', 'phone': None, 'url': 'http://www.ramirez.net/', 'type': 'post'}
[2021-08-31 23:14:39,515: INFO/ForkPoolWorker-4] concurrent_dispatcher.dispatch_concurrent[a702de45-8109-4038-8351-e9e5d3000548]: POST sent to http://obrien-clark.com/. Data: {'name': 'Michelle Cox', 'email': 'kvang@example.org', 'phone': None, 'url': 'http://obrien-clark.com/', 'type': 'post'}
[2021-08-31 23:14:39,516: INFO/ForkPoolWorker-16] Task concurrent_dispatcher.dispatch_concurrent[8696997d-ca4b-4ff7-8fa2-1dc46f45b7cc] succeeded in 0.5012526040009107s: 'Done'
[2021-08-31 23:14:39,516: INFO/ForkPoolWorker-3] Task concurrent_dispatcher.dispatch_concurrent[63543349-9ce8-4268-b82b-6d66d305b004] succeeded in 0.5015908870045678s: 'Done'
[2021-08-31 23:14:39,516: INFO/ForkPoolWorker-4] Task concurrent_dispatcher.dispatch_concurrent[a702de45-8109-4038-8351-e9e5d3000548] succeeded in 0.5016480920021422s: 'Done'
[2021-08-31 23:14:39,521: INFO/ForkPoolWorker-5] concurrent_dispatcher.dispatch_concurrent[c6fc7f1d-8845-453d-a29c-6b82606a083e]: EMAIL sent to casey65@example.net. Data: {'name': 'Alicia Chen', 'email': 'casey65@example.net', 'phone': '649-014-8311x03192', 'url': 'https://www.williams-bell.com/', 'type': 'email'}
[2021-08-31 23:14:39,522: INFO/ForkPoolWorker-5] Task concurrent_dispatcher.dispatch_concurrent[c6fc7f1d-8845-453d-a29c-6b82606a083e] succeeded in 0.5006261129965424s: 'Done'
[2021-08-31 23:14:39,522: INFO/ForkPoolWorker-7] concurrent_dispatcher.dispatch_concurrent[e0ef188a-b027-450c-a0ec-567d8a6dbedd]: SMS sent to (670)401-9158. Data: {'name': 'Vickie Brady', 'email': 'cunninghamheather@example.org', 'phone': '(670)401-9158', 'url': 'http://johnson.com/', 'type': 'sms'}
[2021-08-31 23:14:39,522: INFO/ForkPoolWorker-7] Task concurrent_dispatcher.dispatch_concurrent[e0ef188a-b027-450c-a0ec-567d8a6dbedd] succeeded in 0.5010045559974969s: 'Done'
[2021-08-31 23:14:39,523: INFO/ForkPoolWorker-6] concurrent_dispatcher.dispatch_concurrent[bddcbab7-129b-47ac-a24f-9f18e7e8761a]: SMS sent to 001-175-297-5762. Data: {'name': 'Stephen Frey', 'email': 'gonzalesnicholas@example.org', 'phone': '001-175-297-5762', 'url': 'https://www.donaldson.com/', 'type': 'sms'}
[2021-08-31 23:14:39,523: INFO/ForkPoolWorker-6] Task concurrent_dispatcher.dispatch_concurrent[bddcbab7-129b-47ac-a24f-9f18e7e8761a] succeeded in 0.5015999930037651s: 'Done'
[2021-08-31 23:14:39,523: INFO/MainProcess] Task concurrent_dispatcher.dispatch_concurrent[c520e28e-2f67-42dc-9e4c-3c2668c99780] received
[2021-08-31 23:14:39,525: INFO/ForkPoolWorker-15] concurrent_dispatcher.dispatch_concurrent[2e10b19a-aa8f-4b48-b76c-b17e30b1f9a1]: POST sent to http://peterson-morgan.com/. Data: {'name': 'Lisa Knight', 'email': 'pamela54@example.org', 'phone': None, 'url': 'http://peterson-morgan.com/', 'type': 'post'}
[2021-08-31 23:14:39,525: INFO/ForkPoolWorker-15] Task concurrent_dispatcher.dispatch_concurrent[2e10b19a-aa8f-4b48-b76c-b17e30b1f9a1] succeeded in 0.5009496239945292s: 'Done'
[2021-08-31 23:14:39,526: INFO/MainProcess] Task concurrent_dispatcher.dispatch_concurrent[500fd095-db23-4cd3-9fee-7c4ef4ae64ba] received
[2021-08-31 23:14:39,530: INFO/ForkPoolWorker-14] concurrent_dispatcher.dispatch_concurrent[57497f21-bf2b-4235-9fa7-e981efe368f6]: EMAIL notifier *FAILED* [Invalid NAME or EMAIL] @ {'name': 'Brad Miller', 'email': None, 'phone': '001-855-504-9048', 'url': 'http://rowe-thomas.com/', 'type': 'email'}
[2021-08-31 23:14:39,531: INFO/ForkPoolWorker-14] Task concurrent_dispatcher.dispatch_concurrent[57497f21-bf2b-4235-9fa7-e981efe368f6] succeeded in 0.000664409002638422s: 'Done'
[2021-08-31 23:14:39,531: INFO/ForkPoolWorker-7] concurrent_dispatcher.dispatch_concurrent[61e941bb-91a3-4110-87a0-33558b5cd15e]: EMAIL notifier *FAILED* [Invalid NAME or EMAIL] @ {'name': 'Joel West', 'email': None, 'phone': None, 'url': 'http://bell.com/', 'type': 'email'}
[2021-08-31 23:14:39,531: INFO/ForkPoolWorker-6] concurrent_dispatcher.dispatch_concurrent[159735a5-7e92-46cb-9c67-7acd2f2ec2e2]: EMAIL notifier *FAILED* [Invalid NAME or EMAIL] @ {'name': 'Robin Roberts', 'email': None, 'phone': '(137)215-7845x41324', 'url': 'https://young.com/', 'type': 'email'}
[2021-08-31 23:14:39,531: INFO/ForkPoolWorker-16] concurrent_dispatcher.dispatch_concurrent[cf2218be-a972-4c83-addb-b5e786a42e73]: EMAIL notifier *FAILED* [Invalid NAME or EMAIL] @ {'name': 'Joshua Fischer', 'email': None, 'phone': '001-664-852-0142x28765', 'url': 'https://navarro.biz/', 'type': 'email'}
[2021-08-31 23:14:39,531: INFO/ForkPoolWorker-5] concurrent_dispatcher.dispatch_concurrent[a45a8758-f791-4bc3-8412-05ef13476a75]: SMS notifier *FAILED*  [Invalid NAME or PHONE] @ {'name': 'Ashley Willis', 'email': None, 'phone': None, 'url': 'https://www.johnson-santana.com/', 'type': 'sms'}
[2021-08-31 23:14:39,531: INFO/ForkPoolWorker-6] Task concurrent_dispatcher.dispatch_concurrent[159735a5-7e92-46cb-9c67-7acd2f2ec2e2] succeeded in 0.0004255239982740022s: 'Done'
[2021-08-31 23:14:39,531: INFO/ForkPoolWorker-7] Task concurrent_dispatcher.dispatch_concurrent[61e941bb-91a3-4110-87a0-33558b5cd15e] succeeded in 0.0004018300023744814s: 'Done'
[2021-08-31 23:14:39,531: INFO/ForkPoolWorker-16] Task concurrent_dispatcher.dispatch_concurrent[cf2218be-a972-4c83-addb-b5e786a42e73] succeeded in 0.00047119300143094733s: 'Done'
[2021-08-31 23:14:39,531: INFO/ForkPoolWorker-5] Task concurrent_dispatcher.dispatch_concurrent[a45a8758-f791-4bc3-8412-05ef13476a75] succeeded in 0.00045825899724150077s: 'Done'
[2021-08-31 23:14:39,533: INFO/MainProcess] Task concurrent_dispatcher.dispatch_concurrent[57ee4d98-6cfe-49d8-8d51-80e24d4dc5e9] received
[2021-08-31 23:14:39,541: INFO/MainProcess] Task concurrent_dispatcher.dispatch_concurrent[15144cd8-47b0-4453-9149-6c6bdd04adb8] received
[2021-08-31 23:14:39,550: INFO/MainProcess] Task concurrent_dispatcher.dispatch_concurrent[ad9570fe-409e-4fd5-8388-64d8511eec6f] received
[2021-08-31 23:14:39,551: INFO/MainProcess] Task concurrent_dispatcher.dispatch_concurrent[de3a66e8-0de3-463d-a164-060fe5ccb24c] received
[2021-08-31 23:14:39,552: INFO/MainProcess] Task concurrent_dispatcher.dispatch_concurrent[1249322e-4059-419a-9ee7-082a1d3aee6a] received
[2021-08-31 23:14:39,554: INFO/MainProcess] Task concurrent_dispatcher.dispatch_concurrent[d23153e6-a42a-4f44-817e-7299d3b502d0] received
[2021-08-31 23:14:39,556: INFO/MainProcess] Task concurrent_dispatcher.dispatch_concurrent[751352f3-6a77-46e1-a40d-9f9a12b66192] received
[2021-08-31 23:14:39,558: INFO/MainProcess] Task concurrent_dispatcher.dispatch_concurrent[cf4aa718-8233-4de4-b2a8-144a4e36fb7d] received
[2021-08-31 23:14:39,560: INFO/MainProcess] Task concurrent_dispatcher.dispatch_concurrent[76eb945b-2162-42bc-a6d0-22120dbf56cc] received
[2021-08-31 23:14:39,562: INFO/MainProcess] Task concurrent_dispatcher.dispatch_concurrent[77a7693c-098c-4de8-b7fd-965e8fd05979] received
[2021-08-31 23:14:39,565: INFO/MainProcess] Task concurrent_dispatcher.dispatch_concurrent[c5564c13-70b1-43a2-819d-85b6c774d2a5] received
[2021-08-31 23:14:39,566: INFO/MainProcess] Task concurrent_dispatcher.dispatch_concurrent[4732c1e6-a786-46c0-8a7a-393eeced6001] received
[2021-08-31 23:14:39,568: INFO/MainProcess] Task concurrent_dispatcher.dispatch_concurrent[53dca278-a2ab-4eda-89d2-1a57169d4988] received
[2021-08-31 23:14:39,569: INFO/MainProcess] Task concurrent_dispatcher.dispatch_concurrent[829a786f-de4a-48ae-8092-e0871b896ec8] received
[2021-08-31 23:14:39,571: INFO/MainProcess] Task concurrent_dispatcher.dispatch_concurrent[c984c1c2-6487-4a44-98ee-b4b599e30877] received
[2021-08-31 23:14:39,572: INFO/MainProcess] Task concurrent_dispatcher.dispatch_concurrent[afe0265e-2c95-46c3-9960-082c73030355] received
[2021-08-31 23:14:39,573: INFO/MainProcess] Task concurrent_dispatcher.dispatch_concurrent[1fb9f45f-e40e-4f72-98fa-c11a73d7f547] received
[2021-08-31 23:14:39,946: INFO/ForkPoolWorker-9] concurrent_dispatcher.dispatch_concurrent[bbfa6bfd-60bd-4c94-b478-5098f6673269]: POST sent to http://smith.org/. Data: {'name': 'Anne Edwards', 'email': 'john39@example.com', 'phone': '001-897-090-7828x69704', 'url': 'http://smith.org/', 'type': 'post'}
[2021-08-31 23:14:39,947: INFO/ForkPoolWorker-9] Task concurrent_dispatcher.dispatch_concurrent[bbfa6bfd-60bd-4c94-b478-5098f6673269] succeeded in 0.5019019479950657s: 'Done'
[2021-08-31 23:14:39,960: INFO/ForkPoolWorker-8] concurrent_dispatcher.dispatch_concurrent[121cb322-b326-48a7-84be-cc7f2d7bee8e]: POST sent to http://www.gomez.com/. Data: {'name': 'Melissa Gray', 'email': 'denisewolf@example.com', 'phone': None, 'url': 'http://www.gomez.com/', 'type': 'post'}
[2021-08-31 23:14:39,961: INFO/ForkPoolWorker-8] Task concurrent_dispatcher.dispatch_concurrent[121cb322-b326-48a7-84be-cc7f2d7bee8e] succeeded in 0.5015223080044962s: 'Done'
[2021-08-31 23:14:39,967: INFO/MainProcess] Task concurrent_dispatcher.dispatch_concurrent[3587f407-8d15-4d40-9a3e-efcf8bb8a303] received
[2021-08-31 23:14:39,983: INFO/ForkPoolWorker-11] concurrent_dispatcher.dispatch_concurrent[9be16822-5e2f-4df7-97e9-b29755c14c94]: EMAIL sent to thompsonchristopher@example.net. Data: {'name': 'Philip Lewis', 'email': 'thompsonchristopher@example.net', 'phone': '001-814-382-3269x005', 'url': 'https://gallagher.com/', 'type': 'email'}
[2021-08-31 23:14:39,984: INFO/ForkPoolWorker-11] Task concurrent_dispatcher.dispatch_concurrent[9be16822-5e2f-4df7-97e9-b29755c14c94] succeeded in 0.5016174070042325s: 'Done'
[2021-08-31 23:14:39,988: INFO/MainProcess] Task concurrent_dispatcher.dispatch_concurrent[3fa3a002-e5f7-45c5-8a9b-504d21eb9b2a] received
[2021-08-31 23:14:39,993: INFO/ForkPoolWorker-10] concurrent_dispatcher.dispatch_concurrent[35c06eaa-88d7-430c-808e-0ee16254f9af]: POST sent to http://www.williams.com/. Data: {'name': 'Edward Robinson', 'email': 'yhall@example.net', 'phone': '+1-094-013-6499x5055', 'url': 'http://www.williams.com/', 'type': 'post'}
[2021-08-31 23:14:39,993: INFO/ForkPoolWorker-1] concurrent_dispatcher.dispatch_concurrent[8139c1bc-a109-4343-8a4c-66fae41423d5]: POST sent to http://www.hudson.com/. Data: {'name': 'Kyle Coffey DDS', 'email': 'nlane@example.org', 'phone': '001-521-977-5129x686', 'url': 'http://www.hudson.com/', 'type': 'post'}
[2021-08-31 23:14:39,994: INFO/ForkPoolWorker-10] Task concurrent_dispatcher.dispatch_concurrent[35c06eaa-88d7-430c-808e-0ee16254f9af] succeeded in 0.5010903009970207s: 'Done'
[2021-08-31 23:14:39,994: INFO/ForkPoolWorker-1] Task concurrent_dispatcher.dispatch_concurrent[8139c1bc-a109-4343-8a4c-66fae41423d5] succeeded in 0.501126381001086s: 'Done'
[2021-08-31 23:14:40,000: INFO/MainProcess] Task concurrent_dispatcher.dispatch_concurrent[bba11274-f13a-4417-aaf9-a2195c759c1c] received
[2021-08-31 23:14:40,013: INFO/ForkPoolWorker-2] concurrent_dispatcher.dispatch_concurrent[1bcf7e83-7b4e-4ecc-ac62-b183c3ff9242]: EMAIL sent to john57@example.org. Data: {'name': 'Paula Mcdonald', 'email': 'john57@example.org', 'phone': '(582)317-7435x14647', 'url': 'https://russell.com/', 'type': 'email'}
[2021-08-31 23:14:40,014: INFO/ForkPoolWorker-13] concurrent_dispatcher.dispatch_concurrent[8314c418-d74c-4d87-968c-66ed861d424d]: EMAIL sent to patrickstafford@example.com. Data: {'name': 'James Luna', 'email': 'patrickstafford@example.com', 'phone': None, 'url': 'https://mathis.com/', 'type': 'email'}
[2021-08-31 23:14:40,015: INFO/ForkPoolWorker-13] Task concurrent_dispatcher.dispatch_concurrent[8314c418-d74c-4d87-968c-66ed861d424d] succeeded in 0.5025826420023805s: 'Done'
[2021-08-31 23:14:40,015: INFO/ForkPoolWorker-2] Task concurrent_dispatcher.dispatch_concurrent[1bcf7e83-7b4e-4ecc-ac62-b183c3ff9242] succeeded in 0.5024291109948535s: 'Done'
[2021-08-31 23:14:40,021: INFO/MainProcess] Task concurrent_dispatcher.dispatch_concurrent[bfe06b73-c954-4b87-9773-bb5aaef5f9b0] received
[2021-08-31 23:14:40,025: INFO/MainProcess] Task concurrent_dispatcher.dispatch_concurrent[2ccd3a31-abb5-40b5-8322-6a2769f93a0b] received
[2021-08-31 23:14:40,028: INFO/MainProcess] Task concurrent_dispatcher.dispatch_concurrent[5a3b9440-9dd2-4b66-9855-f356531965e1] received
[2021-08-31 23:14:40,030: INFO/MainProcess] Task concurrent_dispatcher.dispatch_concurrent[c0e75fea-bb72-48d9-89f3-e2484f2e3509] received
[2021-08-31 23:14:40,030: INFO/ForkPoolWorker-4] concurrent_dispatcher.dispatch_concurrent[0825deb9-5f09-4759-b501-13867ef879fa]: EMAIL sent to kennethyoung@example.org. Data: {'name': 'Douglas Mann', 'email': 'kennethyoung@example.org', 'phone': None, 'url': 'http://www.medina.com/', 'type': 'email'}
[2021-08-31 23:14:40,030: INFO/ForkPoolWorker-12] concurrent_dispatcher.dispatch_concurrent[2d742757-e190-44e2-9fd3-4fe30eceeab9]: EMAIL sent to stacyrobinson@example.net. Data: {'name': 'Shannon Woodward', 'email': 'stacyrobinson@example.net', 'phone': '(374)566-8953', 'url': None, 'type': 'email'}
[2021-08-31 23:14:40,031: INFO/ForkPoolWorker-4] Task concurrent_dispatcher.dispatch_concurrent[0825deb9-5f09-4759-b501-13867ef879fa] succeeded in 0.5005766859976575s: 'Done'
[2021-08-31 23:14:40,031: INFO/ForkPoolWorker-12] Task concurrent_dispatcher.dispatch_concurrent[2d742757-e190-44e2-9fd3-4fe30eceeab9] succeeded in 0.5008681210019859s: 'Done'
[2021-08-31 23:14:40,030: INFO/ForkPoolWorker-3] concurrent_dispatcher.dispatch_concurrent[b8da9794-58be-40fd-86a9-eab9848824c3]: POST sent to https://lee.biz/. Data: {'name': 'Tracey Morgan', 'email': 'mhudson@example.org', 'phone': None, 'url': 'https://lee.biz/', 'type': 'post'}
[2021-08-31 23:14:40,032: INFO/ForkPoolWorker-4] concurrent_dispatcher.dispatch_concurrent[8f39eef0-87ce-4e49-854b-7861d6ffe777]: POST notifier *FAILED* [Invalid NAME or URL] @ {'name': 'Lisa Cohen', 'email': 'nicholasaustin@example.com', 'phone': '880-354-7115', 'url': None, 'type': 'post'}
[2021-08-31 23:14:40,032: INFO/ForkPoolWorker-12] concurrent_dispatcher.dispatch_concurrent[534344c0-0559-48e3-8cb3-6e8674d392c4]: SMS notifier *FAILED*  [Invalid NAME or PHONE] @ {'name': 'Emma Robertson', 'email': 'garnerheather@example.com', 'phone': None, 'url': 'https://french.com/', 'type': 'sms'}
[2021-08-31 23:14:40,031: INFO/ForkPoolWorker-3] Task concurrent_dispatcher.dispatch_concurrent[b8da9794-58be-40fd-86a9-eab9848824c3] succeeded in 0.5016369569930248s: 'Done'
[2021-08-31 23:14:40,032: INFO/ForkPoolWorker-4] Task concurrent_dispatcher.dispatch_concurrent[8f39eef0-87ce-4e49-854b-7861d6ffe777] succeeded in 0.00026787900424096733s: 'Done'
[2021-08-31 23:14:40,032: INFO/ForkPoolWorker-12] Task concurrent_dispatcher.dispatch_concurrent[534344c0-0559-48e3-8cb3-6e8674d392c4] succeeded in 0.0003149859985569492s: 'Done'
[2021-08-31 23:14:40,035: INFO/ForkPoolWorker-4] concurrent_dispatcher.dispatch_concurrent[44267561-fd17-402c-8d51-ddcfcb9f0707]: POST notifier *FAILED* [Invalid NAME or URL] @ {'name': 'Alexandra Scott', 'email': 'elizabeth24@example.org', 'phone': '761.865.4169', 'url': None, 'type': 'post'}
[2021-08-31 23:14:40,035: INFO/ForkPoolWorker-4] Task concurrent_dispatcher.dispatch_concurrent[44267561-fd17-402c-8d51-ddcfcb9f0707] succeeded in 0.00037593700108118355s: 'Done'
[2021-08-31 23:14:40,036: INFO/ForkPoolWorker-3] concurrent_dispatcher.dispatch_concurrent[2c1b1e85-c09a-40f9-acb0-37e86c8a60a2]: POST notifier *FAILED* [Invalid NAME or URL] @ {'name': 'Joshua Clark', 'email': 'richardsonemily@example.net', 'phone': '614.587.3472x03151', 'url': None, 'type': 'post'}
[2021-08-31 23:14:40,036: INFO/MainProcess] Task concurrent_dispatcher.dispatch_concurrent[352b2dbb-b04a-4941-920e-12eb9b756d50] received
[2021-08-31 23:14:40,036: INFO/ForkPoolWorker-3] Task concurrent_dispatcher.dispatch_concurrent[2c1b1e85-c09a-40f9-acb0-37e86c8a60a2] succeeded in 0.0010492059955140576s: 'Done'
[2021-08-31 23:14:40,040: INFO/MainProcess] Task concurrent_dispatcher.dispatch_concurrent[0f211459-3216-4ad5-ab7a-f36389bf2390] received
[2021-08-31 23:14:40,043: INFO/ForkPoolWorker-7] concurrent_dispatcher.dispatch_concurrent[294acc53-e1bb-44b9-bdba-bf2481780e53]: SMS sent to 812-766-5349. Data: {'name': 'Karen Craig', 'email': 'hharris@example.net', 'phone': '812-766-5349', 'url': 'http://www.walter.com/', 'type': 'sms'}
[2021-08-31 23:14:40,043: INFO/ForkPoolWorker-5] concurrent_dispatcher.dispatch_concurrent[9123912b-31dd-478c-8f9d-3a1c5a36decd]: EMAIL sent to bretthopkins@example.org. Data: {'name': 'Kevin Crawford', 'email': 'bretthopkins@example.org', 'phone': '577-015-3139', 'url': None, 'type': 'email'}
[2021-08-31 23:14:40,043: INFO/ForkPoolWorker-14] concurrent_dispatcher.dispatch_concurrent[55432114-e823-4ba5-85e5-39080a6fe140]: EMAIL sent to maria29@example.org. Data: {'name': 'Trevor Cook', 'email': 'maria29@example.org', 'phone': '+1-256-335-9826', 'url': 'https://www.rodriguez-hansen.biz/', 'type': 'email'}
[2021-08-31 23:14:40,043: INFO/ForkPoolWorker-15] concurrent_dispatcher.dispatch_concurrent[1d50d880-ba4d-49df-99cc-0e9230755fad]: POST sent to https://walters.com/. Data: {'name': 'Lisa Hall', 'email': 'leenathan@example.com', 'phone': '941-888-4029x862', 'url': 'https://walters.com/', 'type': 'post'}
[2021-08-31 23:14:40,043: INFO/ForkPoolWorker-16] concurrent_dispatcher.dispatch_concurrent[4eea798a-d77f-4ea9-81a3-f6f36eee0dfd]: EMAIL sent to iking@example.com. Data: {'name': 'Stephanie Le', 'email': 'iking@example.com', 'phone': '819-611-8478x0929', 'url': 'https://www.moran-mckee.com/', 'type': 'email'}
[2021-08-31 23:14:40,043: INFO/ForkPoolWorker-6] concurrent_dispatcher.dispatch_concurrent[ef51c816-6667-4ad0-bb47-0b417ff826b0]: EMAIL sent to smithmatthew@example.org. Data: {'name': 'Julia Martinez', 'email': 'smithmatthew@example.org', 'phone': '001-352-976-2828x97135', 'url': None, 'type': 'email'}
[2021-08-31 23:14:40,044: INFO/ForkPoolWorker-7] Task concurrent_dispatcher.dispatch_concurrent[294acc53-e1bb-44b9-bdba-bf2481780e53] succeeded in 0.5017652829992585s: 'Done'
[2021-08-31 23:14:40,044: INFO/ForkPoolWorker-14] Task concurrent_dispatcher.dispatch_concurrent[55432114-e823-4ba5-85e5-39080a6fe140] succeeded in 0.5018761989995255s: 'Done'
[2021-08-31 23:14:40,044: INFO/ForkPoolWorker-5] Task concurrent_dispatcher.dispatch_concurrent[9123912b-31dd-478c-8f9d-3a1c5a36decd] succeeded in 0.5018600170005811s: 'Done'
[2021-08-31 23:14:40,044: INFO/ForkPoolWorker-15] Task concurrent_dispatcher.dispatch_concurrent[1d50d880-ba4d-49df-99cc-0e9230755fad] succeeded in 0.5018776180004352s: 'Done'
[2021-08-31 23:14:40,044: INFO/ForkPoolWorker-16] Task concurrent_dispatcher.dispatch_concurrent[4eea798a-d77f-4ea9-81a3-f6f36eee0dfd] succeeded in 0.5018677929983824s: 'Done'
[2021-08-31 23:14:40,044: INFO/ForkPoolWorker-6] Task concurrent_dispatcher.dispatch_concurrent[ef51c816-6667-4ad0-bb47-0b417ff826b0] succeeded in 0.5021872900033486s: 'Done'
[2021-08-31 23:14:40,048: INFO/MainProcess] Task concurrent_dispatcher.dispatch_concurrent[7d2a4196-9067-4b0e-bfd2-3c7fab5ea2e0] received
[2021-08-31 23:14:40,051: INFO/ForkPoolWorker-14] concurrent_dispatcher.dispatch_concurrent[71f7a97c-e8d8-489d-b194-8e7965e00b11]: POST notifier *FAILED* [Invalid NAME or URL] @ {'name': 'Alexis Jones', 'email': 'vhale@example.org', 'phone': '(098)595-5535x98984', 'url': None, 'type': 'post'}
[2021-08-31 23:14:40,051: INFO/ForkPoolWorker-5] concurrent_dispatcher.dispatch_concurrent[9f3ebe9e-ffcd-41bd-a32a-0c40cca2191d]: SMS notifier *FAILED*  [Invalid NAME or PHONE] @ {'name': 'Ashley Friedman', 'email': 'jhanson@example.net', 'phone': None, 'url': None, 'type': 'sms'}
[2021-08-31 23:14:40,051: INFO/ForkPoolWorker-14] Task concurrent_dispatcher.dispatch_concurrent[71f7a97c-e8d8-489d-b194-8e7965e00b11] succeeded in 0.00044938400242244825s: 'Done'
[2021-08-31 23:14:40,051: INFO/ForkPoolWorker-5] Task concurrent_dispatcher.dispatch_concurrent[9f3ebe9e-ffcd-41bd-a32a-0c40cca2191d] succeeded in 0.0003281030003563501s: 'Done'
[2021-08-31 23:14:40,060: INFO/MainProcess] Task concurrent_dispatcher.dispatch_concurrent[4bf5ee13-770c-43cf-a9c1-d4b2bd0b4f52] received
[2021-08-31 23:14:40,062: INFO/MainProcess] Task concurrent_dispatcher.dispatch_concurrent[ee8af064-8f5d-42ae-bff9-42a6b5cfb43d] received
[2021-08-31 23:14:40,064: INFO/MainProcess] Task concurrent_dispatcher.dispatch_concurrent[1b6749bd-bc74-463b-90d1-7632cf512a3f] received
[2021-08-31 23:14:40,066: INFO/MainProcess] Task concurrent_dispatcher.dispatch_concurrent[fbaf6be8-6018-42b7-9090-3ef162d561f6] received
[2021-08-31 23:14:40,067: INFO/MainProcess] Task concurrent_dispatcher.dispatch_concurrent[62b31bfa-d510-4a97-bcb9-6ba5ef8a8b66] received
[2021-08-31 23:14:40,068: INFO/MainProcess] Task concurrent_dispatcher.dispatch_concurrent[cf19fb09-0a78-478c-a80e-bbf2f9f8f95b] received
[2021-08-31 23:14:40,070: INFO/MainProcess] Task concurrent_dispatcher.dispatch_concurrent[a216a07a-a150-4036-aa72-f2982eccb4a4] received
[2021-08-31 23:14:40,071: INFO/MainProcess] Task concurrent_dispatcher.dispatch_concurrent[4fa2db1a-bd70-47d3-9eb0-74d09421dfd4] received
[2021-08-31 23:14:40,072: INFO/MainProcess] Task concurrent_dispatcher.dispatch_concurrent[b1188bd8-2290-442d-a72d-2e430711b34d] received
[2021-08-31 23:14:40,074: INFO/MainProcess] Task concurrent_dispatcher.dispatch_concurrent[10839cf6-4503-4757-a3d7-2a4174988a9b] received
[2021-08-31 23:14:40,075: INFO/MainProcess] Task concurrent_dispatcher.dispatch_concurrent[a39f0ac7-5db8-4db5-9692-e532f91e4404] received
[2021-08-31 23:14:40,078: INFO/MainProcess] Task concurrent_dispatcher.dispatch_concurrent[5e06f320-96a9-41bd-a7ea-6138a681b126] received
[2021-08-31 23:14:40,451: INFO/ForkPoolWorker-9] concurrent_dispatcher.dispatch_concurrent[40bd9f59-51e4-4f41-b0e6-ecffaecf85ba]: SMS sent to 684-818-4749. Data: {'name': 'Michael Adkins', 'email': 'gwise@example.net', 'phone': '684-818-4749', 'url': 'https://www.woods.com/', 'type': 'sms'}
[2021-08-31 23:14:40,452: INFO/ForkPoolWorker-9] Task concurrent_dispatcher.dispatch_concurrent[40bd9f59-51e4-4f41-b0e6-ecffaecf85ba] succeeded in 0.5018384190043435s: 'Done'
[2021-08-31 23:14:40,455: INFO/ForkPoolWorker-9] concurrent_dispatcher.dispatch_concurrent[450c06e4-f8aa-4162-87fb-ace30b404415]: POST notifier *FAILED* [Invalid NAME or URL] @ {'name': 'Melissa Green', 'email': 'lisa01@example.com', 'phone': '777-189-6275', 'url': None, 'type': 'post'}
[2021-08-31 23:14:40,455: INFO/ForkPoolWorker-9] Task concurrent_dispatcher.dispatch_concurrent[450c06e4-f8aa-4162-87fb-ace30b404415] succeeded in 0.0008610180011601187s: 'Done'
[2021-08-31 23:14:40,463: INFO/MainProcess] Task concurrent_dispatcher.dispatch_concurrent[b418bb35-1fbc-4010-96e7-18e2a11295fd] received
[2021-08-31 23:14:40,468: INFO/ForkPoolWorker-8] concurrent_dispatcher.dispatch_concurrent[cd907a94-1cbd-4f3c-b9df-c4a5c938d4ee]: EMAIL sent to winterssandy@example.org. Data: {'name': 'Courtney Wolfe', 'email': 'winterssandy@example.org', 'phone': '558-357-0565x011', 'url': 'http://clark.org/', 'type': 'email'}
[2021-08-31 23:14:40,469: INFO/ForkPoolWorker-8] Task concurrent_dispatcher.dispatch_concurrent[cd907a94-1cbd-4f3c-b9df-c4a5c938d4ee] succeeded in 0.5011983130025328s: 'Done'
[2021-08-31 23:14:40,472: INFO/ForkPoolWorker-8] concurrent_dispatcher.dispatch_concurrent[fcb65ab9-c1e2-4eec-95c3-597afd0c327c]: EMAIL notifier *FAILED* [Invalid NAME or EMAIL] @ {'name': 'Alexandra Anderson', 'email': None, 'phone': '349.473.5503x35325', 'url': 'http://manning.com/', 'type': 'email'}
[2021-08-31 23:14:40,473: INFO/ForkPoolWorker-8] Task concurrent_dispatcher.dispatch_concurrent[fcb65ab9-c1e2-4eec-95c3-597afd0c327c] succeeded in 0.0008360950014321133s: 'Done'
[2021-08-31 23:14:40,475: INFO/MainProcess] Task concurrent_dispatcher.dispatch_concurrent[d5074286-f05d-4963-be56-5ba38efd813d] received
[2021-08-31 23:14:40,482: INFO/MainProcess] Task concurrent_dispatcher.dispatch_concurrent[ae29771f-efbc-45e4-be7c-7fffbb1baf8c] received
[2021-08-31 23:14:40,490: INFO/ForkPoolWorker-11] concurrent_dispatcher.dispatch_concurrent[18729b3a-2024-4f88-8f4b-a055c8204893]: EMAIL sent to joshua25@example.net. Data: {'name': 'Terry Floyd', 'email': 'joshua25@example.net', 'phone': None, 'url': 'https://www.patterson.net/', 'type': 'email'}
[2021-08-31 23:14:40,491: INFO/ForkPoolWorker-11] Task concurrent_dispatcher.dispatch_concurrent[18729b3a-2024-4f88-8f4b-a055c8204893] succeeded in 0.5013352290043258s: 'Done'
[2021-08-31 23:14:40,493: INFO/ForkPoolWorker-11] concurrent_dispatcher.dispatch_concurrent[67f76d97-5465-4c3a-a13e-85fb7a941a3c]: POST notifier *FAILED* [Invalid NAME or URL] @ {'name': 'James Allen', 'email': 'swilliams@example.org', 'phone': '001-374-812-9089x448', 'url': None, 'type': 'post'}
[2021-08-31 23:14:40,494: INFO/ForkPoolWorker-11] Task concurrent_dispatcher.dispatch_concurrent[67f76d97-5465-4c3a-a13e-85fb7a941a3c] succeeded in 0.0006104979984229431s: 'Done'
[2021-08-31 23:14:40,496: INFO/MainProcess] Task concurrent_dispatcher.dispatch_concurrent[73d6d32e-3772-49fc-af6a-84f763881462] received
[2021-08-31 23:14:40,497: INFO/ForkPoolWorker-10] concurrent_dispatcher.dispatch_concurrent[e848386f-b043-44cd-a850-f3c2ec8bc0e4]: POST sent to http://olsen.com/. Data: {'name': 'Amanda Cardenas', 'email': None, 'phone': '5322204528', 'url': 'http://olsen.com/', 'type': 'post'}
[2021-08-31 23:14:40,497: INFO/ForkPoolWorker-1] concurrent_dispatcher.dispatch_concurrent[4439bc2d-d4a6-44e5-8ac9-3d7e601ca996]: SMS sent to 4881960772. Data: {'name': 'Jerry Lamb', 'email': None, 'phone': '4881960772', 'url': 'https://www.holmes.com/', 'type': 'sms'}
[2021-08-31 23:14:40,498: INFO/ForkPoolWorker-10] Task concurrent_dispatcher.dispatch_concurrent[e848386f-b043-44cd-a850-f3c2ec8bc0e4] succeeded in 0.5011183580063516s: 'Done'
[2021-08-31 23:14:40,498: INFO/ForkPoolWorker-1] Task concurrent_dispatcher.dispatch_concurrent[4439bc2d-d4a6-44e5-8ac9-3d7e601ca996] succeeded in 0.5011163910021423s: 'Done'
[2021-08-31 23:14:40,504: INFO/MainProcess] Task concurrent_dispatcher.dispatch_concurrent[1eb78e6e-ecde-4142-9363-57e55c919a9a] received
[2021-08-31 23:14:40,519: INFO/ForkPoolWorker-13] concurrent_dispatcher.dispatch_concurrent[9404a7d6-12fe-45ec-8f2d-739e535f4242]: POST sent to https://baxter.com/. Data: {'name': 'Nathan Logan', 'email': 'cassidy54@example.com', 'phone': '618.390.2676', 'url': 'https://baxter.com/', 'type': 'post'}
[2021-08-31 23:14:40,520: INFO/ForkPoolWorker-13] Task concurrent_dispatcher.dispatch_concurrent[9404a7d6-12fe-45ec-8f2d-739e535f4242] succeeded in 0.5009859040001174s: 'Done'
[2021-08-31 23:14:40,520: INFO/ForkPoolWorker-2] concurrent_dispatcher.dispatch_concurrent[dd151084-39ee-418f-a107-0300a07e5a54]: POST sent to http://knight.com/. Data: {'name': 'Christine Brown', 'email': 'qsmith@example.net', 'phone': '001-445-257-7123x751', 'url': 'http://knight.com/', 'type': 'post'}
[2021-08-31 23:14:40,520: INFO/ForkPoolWorker-2] Task concurrent_dispatcher.dispatch_concurrent[dd151084-39ee-418f-a107-0300a07e5a54] succeeded in 0.5012580400070874s: 'Done'
[2021-08-31 23:14:40,523: INFO/MainProcess] Task concurrent_dispatcher.dispatch_concurrent[c25e6a22-82f5-443e-91c1-0de9be552624] received
[2021-08-31 23:14:40,525: INFO/MainProcess] Task concurrent_dispatcher.dispatch_concurrent[009de03a-d316-44d0-987f-4145f60fd05c] received
[2021-08-31 23:14:40,529: INFO/MainProcess] Task concurrent_dispatcher.dispatch_concurrent[380bd22c-60da-4d58-997c-c829c7d6af8f] received
[2021-08-31 23:14:40,530: INFO/MainProcess] Task concurrent_dispatcher.dispatch_concurrent[bce8829b-35d1-4e30-abd4-0d5fb151e179] received
[2021-08-31 23:14:40,532: INFO/MainProcess] Task concurrent_dispatcher.dispatch_concurrent[227098cc-b0e6-4ea8-92fb-5bbd62be570c] received
[2021-08-31 23:14:40,535: INFO/ForkPoolWorker-12] concurrent_dispatcher.dispatch_concurrent[d713a334-f09b-4c14-baf2-c3b25e2fa3b3]: SMS sent to +1-362-123-4418. Data: {'name': 'Juan Curtis', 'email': 'josephdalton@example.com', 'phone': '+1-362-123-4418', 'url': 'http://henry.com/', 'type': 'sms'}
[2021-08-31 23:14:40,536: INFO/ForkPoolWorker-12] Task concurrent_dispatcher.dispatch_concurrent[d713a334-f09b-4c14-baf2-c3b25e2fa3b3] succeeded in 0.5007007499953033s: 'Done'
[2021-08-31 23:14:40,551: INFO/ForkPoolWorker-3] concurrent_dispatcher.dispatch_concurrent[dda56585-5cac-4915-b442-9cb8710d93d3]: SMS sent to (380)655-0917. Data: {'name': 'Tom Mack', 'email': 'michelerodgers@example.org', 'phone': '(380)655-0917', 'url': 'http://www.scott.com/', 'type': 'sms'}
[2021-08-31 23:14:40,551: INFO/ForkPoolWorker-4] concurrent_dispatcher.dispatch_concurrent[ad0c4dbf-bd0a-48a1-92b8-bfd357917095]: EMAIL sent to amacias@example.org. Data: {'name': 'Patrick Morris', 'email': 'amacias@example.org', 'phone': '566.961.4152x6299', 'url': 'http://leonard.com/', 'type': 'email'}
[2021-08-31 23:14:40,551: INFO/ForkPoolWorker-3] Task concurrent_dispatcher.dispatch_concurrent[dda56585-5cac-4915-b442-9cb8710d93d3] succeeded in 0.500955947994953s: 'Done'
[2021-08-31 23:14:40,551: INFO/ForkPoolWorker-6] concurrent_dispatcher.dispatch_concurrent[2d17eed9-31be-4ae6-a570-f87290934bd1]: SMS sent to 001-937-375-3753. Data: {'name': 'Ms. Brenda Rios', 'email': 'fsaunders@example.org', 'phone': '001-937-375-3753', 'url': 'https://www.barker.biz/', 'type': 'sms'}
[2021-08-31 23:14:40,551: INFO/ForkPoolWorker-15] concurrent_dispatcher.dispatch_concurrent[430210c1-6a51-4134-b7bf-2a36cb5061a9]: SMS sent to +1-257-877-9974x374. Data: {'name': 'Anna Harmon', 'email': None, 'phone': '+1-257-877-9974x374', 'url': 'https://ray.com/', 'type': 'sms'}
[2021-08-31 23:14:40,551: INFO/ForkPoolWorker-16] concurrent_dispatcher.dispatch_concurrent[321a35c2-aa3c-4399-a391-754ac2026787]: POST sent to http://butler.biz/. Data: {'name': 'Brandon Barr', 'email': 'barnesjason@example.net', 'phone': '(204)139-6823x0072', 'url': 'http://butler.biz/', 'type': 'post'}
[2021-08-31 23:14:40,552: INFO/ForkPoolWorker-4] Task concurrent_dispatcher.dispatch_concurrent[ad0c4dbf-bd0a-48a1-92b8-bfd357917095] succeeded in 0.5009805779991439s: 'Done'
[2021-08-31 23:14:40,552: INFO/ForkPoolWorker-7] concurrent_dispatcher.dispatch_concurrent[145461c3-acb5-4f96-ac29-95f3049e7fc6]: POST sent to https://www.spencer.com/. Data: {'name': 'Mary Reynolds', 'email': 'michellerice@example.com', 'phone': '222-551-3906x77041', 'url': 'https://www.spencer.com/', 'type': 'post'}
[2021-08-31 23:14:40,552: INFO/ForkPoolWorker-15] Task concurrent_dispatcher.dispatch_concurrent[430210c1-6a51-4134-b7bf-2a36cb5061a9] succeeded in 0.5009394949956913s: 'Done'
[2021-08-31 23:14:40,552: INFO/ForkPoolWorker-16] Task concurrent_dispatcher.dispatch_concurrent[321a35c2-aa3c-4399-a391-754ac2026787] succeeded in 0.5009752260011737s: 'Done'
[2021-08-31 23:14:40,552: INFO/ForkPoolWorker-6] Task concurrent_dispatcher.dispatch_concurrent[2d17eed9-31be-4ae6-a570-f87290934bd1] succeeded in 0.5008093360011117s: 'Done'
[2021-08-31 23:14:40,552: INFO/ForkPoolWorker-7] Task concurrent_dispatcher.dispatch_concurrent[145461c3-acb5-4f96-ac29-95f3049e7fc6] succeeded in 0.5008829790021991s: 'Done'
[2021-08-31 23:14:40,553: INFO/ForkPoolWorker-4] concurrent_dispatcher.dispatch_concurrent[fc99a236-0c66-4ec9-8bf3-69b7c5ef80ca]: POST notifier *FAILED* [Invalid NAME or URL] @ {'name': 'Nicole Dorsey', 'email': 'andreaandrews@example.com', 'phone': '028-809-2254', 'url': None, 'type': 'post'}
[2021-08-31 23:14:40,553: INFO/ForkPoolWorker-7] concurrent_dispatcher.dispatch_concurrent[a33c7e97-c676-4f12-a844-ad95eedb34bb]: EMAIL notifier *FAILED* [Invalid NAME or EMAIL] @ {'name': 'Mark Sawyer', 'email': None, 'phone': '+1-748-076-3210', 'url': None, 'type': 'email'}
[2021-08-31 23:14:40,553: INFO/ForkPoolWorker-15] concurrent_dispatcher.dispatch_concurrent[e4ac6c3f-4aed-433f-b41a-dd5992cfb5ef]: POST notifier *FAILED* [Invalid NAME or URL] @ {'name': 'Joshua Rasmussen', 'email': 'harrisonmaria@example.net', 'phone': '001-195-972-1787x123', 'url': None, 'type': 'post'}
[2021-08-31 23:14:40,553: INFO/ForkPoolWorker-4] Task concurrent_dispatcher.dispatch_concurrent[fc99a236-0c66-4ec9-8bf3-69b7c5ef80ca] succeeded in 0.0002579119973233901s: 'Done'
[2021-08-31 23:14:40,553: INFO/ForkPoolWorker-7] Task concurrent_dispatcher.dispatch_concurrent[a33c7e97-c676-4f12-a844-ad95eedb34bb] succeeded in 0.00019855500431731343s: 'Done'
[2021-08-31 23:14:40,553: INFO/ForkPoolWorker-15] Task concurrent_dispatcher.dispatch_concurrent[e4ac6c3f-4aed-433f-b41a-dd5992cfb5ef] succeeded in 0.0002686890002223663s: 'Done'
[2021-08-31 23:14:40,554: INFO/MainProcess] Task concurrent_dispatcher.dispatch_concurrent[2c709161-f40c-4ada-9303-2bde68f6c5f4] received
[2021-08-31 23:14:40,558: INFO/MainProcess] Task concurrent_dispatcher.dispatch_concurrent[aff5744a-e998-4823-a8a6-5785ffc45fd1] received
[2021-08-31 23:14:40,558: INFO/ForkPoolWorker-4] concurrent_dispatcher.dispatch_concurrent[57c59689-a03a-47a0-8aac-faf6dd93a7b9]: SMS notifier *FAILED*  [Invalid NAME or PHONE] @ {'name': 'Jeffrey King', 'email': 'gturner@example.com', 'phone': None, 'url': 'https://www.wilson.com/', 'type': 'sms'}
[2021-08-31 23:14:40,558: INFO/ForkPoolWorker-15] concurrent_dispatcher.dispatch_concurrent[7d3f9ebf-e639-43ca-94f0-914967ded376]: EMAIL notifier *FAILED* [Invalid NAME or EMAIL] @ {'name': 'Robert Burnett', 'email': None, 'phone': '778-582-2106x76076', 'url': 'https://ellis.com/', 'type': 'email'}
[2021-08-31 23:14:40,558: INFO/ForkPoolWorker-15] Task concurrent_dispatcher.dispatch_concurrent[7d3f9ebf-e639-43ca-94f0-914967ded376] succeeded in 0.0002968970002257265s: 'Done'
[2021-08-31 23:14:40,558: INFO/ForkPoolWorker-4] Task concurrent_dispatcher.dispatch_concurrent[57c59689-a03a-47a0-8aac-faf6dd93a7b9] succeeded in 0.00031401200249092653s: 'Done'
[2021-08-31 23:14:40,559: INFO/MainProcess] Task concurrent_dispatcher.dispatch_concurrent[86e71138-677f-49fe-8b9f-738cfcbe9d38] received
[2021-08-31 23:14:40,561: INFO/MainProcess] Task concurrent_dispatcher.dispatch_concurrent[f6293e41-468c-49cc-ac78-2e10084de421] received
[2021-08-31 23:14:40,561: INFO/ForkPoolWorker-5] concurrent_dispatcher.dispatch_concurrent[1a931686-0f5e-48c6-ab2e-2c96e5ae9969]: EMAIL sent to sherriwilliams@example.com. Data: {'name': 'Paul Moore', 'email': 'sherriwilliams@example.com', 'phone': '001-231-702-0660x136', 'url': 'http://www.thompson.com/', 'type': 'email'}
[2021-08-31 23:14:40,561: INFO/ForkPoolWorker-14] concurrent_dispatcher.dispatch_concurrent[ff2bf710-879f-4803-b5b5-0a707e5ac2b6]: EMAIL sent to andrew60@example.net. Data: {'name': 'Anthony Simpson', 'email': 'andrew60@example.net', 'phone': None, 'url': 'https://www.howell.com/', 'type': 'email'}
[2021-08-31 23:14:40,562: INFO/ForkPoolWorker-5] Task concurrent_dispatcher.dispatch_concurrent[1a931686-0f5e-48c6-ab2e-2c96e5ae9969] succeeded in 0.5005031960026827s: 'Done'
[2021-08-31 23:14:40,562: INFO/ForkPoolWorker-14] Task concurrent_dispatcher.dispatch_concurrent[ff2bf710-879f-4803-b5b5-0a707e5ac2b6] succeeded in 0.5005478040038724s: 'Done'
[2021-08-31 23:14:40,562: INFO/MainProcess] Task concurrent_dispatcher.dispatch_concurrent[a7ff89a9-74d0-4457-b8c3-ff9a3c855ff7] received
[2021-08-31 23:14:40,563: INFO/MainProcess] Task concurrent_dispatcher.dispatch_concurrent[656ebdb4-7b61-4aa5-a468-359c245cc71e] received
[2021-08-31 23:14:40,565: INFO/MainProcess] Task concurrent_dispatcher.dispatch_concurrent[f69827af-b6a3-4273-bd89-11b9e5659d48] received
[2021-08-31 23:14:40,566: INFO/MainProcess] Task concurrent_dispatcher.dispatch_concurrent[ec3d5684-2bad-4b3a-afb3-1502a537b84b] received
[2021-08-31 23:14:40,567: INFO/MainProcess] Task concurrent_dispatcher.dispatch_concurrent[9962dae8-f8bf-4879-ae01-09a16f8136d2] received
[2021-08-31 23:14:40,569: INFO/MainProcess] Task concurrent_dispatcher.dispatch_concurrent[ea25c4ef-c433-4626-9add-8314fb4f5465] received
[2021-08-31 23:14:40,570: INFO/MainProcess] Task concurrent_dispatcher.dispatch_concurrent[4ea54b83-d006-4e30-bed1-93d222c2f7ac] received
[2021-08-31 23:14:40,571: INFO/MainProcess] Task concurrent_dispatcher.dispatch_concurrent[88a9856c-f5a4-4f99-8ac5-c605d50b3a1b] received
[2021-08-31 23:14:40,572: INFO/MainProcess] Task concurrent_dispatcher.dispatch_concurrent[bc611030-3ae1-44dd-81c7-966623675a45] received
[2021-08-31 23:14:40,573: INFO/MainProcess] Task concurrent_dispatcher.dispatch_concurrent[43f59cab-badf-43c5-8ca3-a687889e5804] received
[2021-08-31 23:14:40,964: INFO/ForkPoolWorker-9] concurrent_dispatcher.dispatch_concurrent[c448d2e3-eb27-4ed4-b57c-03bfe799b5d8]: EMAIL sent to stephanie56@example.org. Data: {'name': 'Kristin Perry', 'email': 'stephanie56@example.org', 'phone': '499.276.1780x469', 'url': 'http://tran.net/', 'type': 'email'}
[2021-08-31 23:14:40,965: INFO/ForkPoolWorker-9] Task concurrent_dispatcher.dispatch_concurrent[c448d2e3-eb27-4ed4-b57c-03bfe799b5d8] succeeded in 0.5013188169978093s: 'Done'
[2021-08-31 23:14:40,983: INFO/ForkPoolWorker-8] concurrent_dispatcher.dispatch_concurrent[c9b653b9-035c-4359-82b3-633fcd0b62fa]: POST sent to https://www.barton.com/. Data: {'name': 'Ryan Potts', 'email': 'tanyawilson@example.net', 'phone': '643-902-2422x785', 'url': 'https://www.barton.com/', 'type': 'post'}
[2021-08-31 23:14:40,984: INFO/ForkPoolWorker-8] Task concurrent_dispatcher.dispatch_concurrent[c9b653b9-035c-4359-82b3-633fcd0b62fa] succeeded in 0.501174324999738s: 'Done'
[2021-08-31 23:14:40,991: INFO/MainProcess] Task concurrent_dispatcher.dispatch_concurrent[c5752a23-f1ab-4d31-a8eb-2bf0b0246c5a] received
[2021-08-31 23:14:41,002: INFO/ForkPoolWorker-10] concurrent_dispatcher.dispatch_concurrent[936c9256-8c42-4f5e-be19-3586b482b4b4]: SMS sent to 1037450231. Data: {'name': 'Elijah Richardson', 'email': 'rmcclure@example.org', 'phone': '1037450231', 'url': 'https://www.howard.com/', 'type': 'sms'}
[2021-08-31 23:14:41,002: INFO/ForkPoolWorker-1] concurrent_dispatcher.dispatch_concurrent[64707910-8c3f-4cd4-b44f-ad947e4d8b95]: POST sent to https://www.gray.com/. Data: {'name': 'James Young', 'email': 'kwilliams@example.com', 'phone': '384.450.3619x8103', 'url': 'https://www.gray.com/', 'type': 'post'}
[2021-08-31 23:14:41,002: INFO/ForkPoolWorker-11] concurrent_dispatcher.dispatch_concurrent[da839ae8-397b-4caa-a06a-3d9ec9d0ff64]: POST sent to http://www.oliver-gill.net/. Data: {'name': 'Steven Dixon', 'email': 'ruizkayla@example.net', 'phone': '4071341118', 'url': 'http://www.oliver-gill.net/', 'type': 'post'}
[2021-08-31 23:14:41,003: INFO/ForkPoolWorker-10] Task concurrent_dispatcher.dispatch_concurrent[936c9256-8c42-4f5e-be19-3586b482b4b4] succeeded in 0.5015457180052181s: 'Done'
[2021-08-31 23:14:41,003: INFO/ForkPoolWorker-11] Task concurrent_dispatcher.dispatch_concurrent[da839ae8-397b-4caa-a06a-3d9ec9d0ff64] succeeded in 0.501440077998268s: 'Done'
[2021-08-31 23:14:41,003: INFO/ForkPoolWorker-1] Task concurrent_dispatcher.dispatch_concurrent[64707910-8c3f-4cd4-b44f-ad947e4d8b95] succeeded in 0.5014984079971327s: 'Done'
[2021-08-31 23:14:41,010: INFO/MainProcess] Task concurrent_dispatcher.dispatch_concurrent[a773f7c3-fee4-494a-a661-deb1f19f9e26] received
[2021-08-31 23:14:41,012: INFO/ForkPoolWorker-11] concurrent_dispatcher.dispatch_concurrent[de3a66e8-0de3-463d-a164-060fe5ccb24c]: POST notifier *FAILED* [Invalid NAME or URL] @ {'name': 'John Fry', 'email': None, 'phone': '755-034-7552x9369', 'url': None, 'type': 'post'}
[2021-08-31 23:14:41,012: INFO/ForkPoolWorker-11] Task concurrent_dispatcher.dispatch_concurrent[de3a66e8-0de3-463d-a164-060fe5ccb24c] succeeded in 0.0010583490002318285s: 'Done'
[2021-08-31 23:14:41,024: INFO/ForkPoolWorker-13] concurrent_dispatcher.dispatch_concurrent[69839a0e-650b-4ba2-9b43-0f5e00fbaf22]: POST sent to https://gray.com/. Data: {'name': 'Jessica Fields', 'email': 'maysjessica@example.org', 'phone': '+1-244-005-6573x9019', 'url': 'https://gray.com/', 'type': 'post'}
[2021-08-31 23:14:41,024: INFO/ForkPoolWorker-2] concurrent_dispatcher.dispatch_concurrent[f7a46f18-afea-4388-b881-c93b11fd6cac]: SMS sent to +1-907-749-4772x932. Data: {'name': 'Jill Cunningham', 'email': None, 'phone': '+1-907-749-4772x932', 'url': None, 'type': 'sms'}
[2021-08-31 23:14:41,025: INFO/ForkPoolWorker-13] Task concurrent_dispatcher.dispatch_concurrent[69839a0e-650b-4ba2-9b43-0f5e00fbaf22] succeeded in 0.5012240349969943s: 'Done'
[2021-08-31 23:14:41,025: INFO/ForkPoolWorker-2] Task concurrent_dispatcher.dispatch_concurrent[f7a46f18-afea-4388-b881-c93b11fd6cac] succeeded in 0.501324005999777s: 'Done'
[2021-08-31 23:14:41,025: INFO/MainProcess] Task concurrent_dispatcher.dispatch_concurrent[becb7d67-854d-4c4d-a0ab-e16142fabfdb] received
[2021-08-31 23:14:41,033: INFO/MainProcess] Task concurrent_dispatcher.dispatch_concurrent[8c6dd752-61e1-4dfe-b0b9-1a460c9723dc] received
[2021-08-31 23:14:41,037: INFO/ForkPoolWorker-12] concurrent_dispatcher.dispatch_concurrent[7fd373c5-7a08-44b7-b4a4-60b184ff6892]: SMS sent to 227-321-8918x454. Data: {'name': 'Felicia Walker', 'email': 'mercedes62@example.net', 'phone': '227-321-8918x454', 'url': 'http://fitzgerald-cameron.org/', 'type': 'sms'}
[2021-08-31 23:14:41,038: INFO/ForkPoolWorker-12] Task concurrent_dispatcher.dispatch_concurrent[7fd373c5-7a08-44b7-b4a4-60b184ff6892] succeeded in 0.5011468520024209s: 'Done'
[2021-08-31 23:14:41,038: INFO/MainProcess] Task concurrent_dispatcher.dispatch_concurrent[09b389a3-7d76-4bab-989a-2f1c0887d044] received
[2021-08-31 23:14:41,043: INFO/MainProcess] Task concurrent_dispatcher.dispatch_concurrent[b8c61194-4161-4d26-a6d3-47b7b3bb4eeb] received
[2021-08-31 23:14:41,046: INFO/MainProcess] Task concurrent_dispatcher.dispatch_concurrent[ed7cdae7-aa6e-4a57-8ce1-71745147c749] received
[2021-08-31 23:14:41,048: INFO/MainProcess] Task concurrent_dispatcher.dispatch_concurrent[90c15d9e-fc99-4189-823c-6d9e2139a022] received
[2021-08-31 23:14:41,050: INFO/MainProcess] Task concurrent_dispatcher.dispatch_concurrent[e0ca72d7-455a-40de-b56f-3eb1f138fdd4] received
[2021-08-31 23:14:41,053: INFO/ForkPoolWorker-6] concurrent_dispatcher.dispatch_concurrent[e0bef0db-dc6d-4f38-a143-0e3fec2a7c19]: EMAIL sent to wardjames@example.com. Data: {'name': 'Michelle Allison', 'email': 'wardjames@example.com', 'phone': '(732)214-0948', 'url': 'https://miller.com/', 'type': 'email'}
[2021-08-31 23:14:41,053: INFO/ForkPoolWorker-16] concurrent_dispatcher.dispatch_concurrent[80228447-b30d-47a8-b749-78a42aef652f]: POST sent to http://www.cruz.com/. Data: {'name': 'Julie Coleman', 'email': 'glenpowell@example.net', 'phone': '(955)310-0370x0967', 'url': 'http://www.cruz.com/', 'type': 'post'}
