[2021-09-01 16:13:52,513: INFO/MainProcess] Connected to redis://guest@localhost:6379//
[2021-09-01 16:13:52,519: INFO/MainProcess] mingle: searching for neighbors
[2021-09-01 16:13:53,535: INFO/MainProcess] mingle: all alone
[2021-09-01 16:13:53,553: INFO/MainProcess] celery@habitat.net ready.
[2021-09-01 16:13:56,864: INFO/MainProcess] Task concurrent_dispatcher.dispatch_concurrent[361cfad1-c4ca-4b6d-9664-cc1a44f8b8c9] received
[2021-09-01 16:13:56,865: INFO/MainProcess] Task concurrent_dispatcher.dispatch_concurrent[fa1ec456-7df8-4894-9353-d6c38e3b85a4] received
[2021-09-01 16:13:56,867: INFO/MainProcess] Task concurrent_dispatcher.dispatch_concurrent[8b95e64a-2ab5-4305-b5db-8493d127f122] received
[2021-09-01 16:13:56,867: ERROR/ForkPoolWorker-10] concurrent_dispatcher.dispatch_concurrent[8b95e64a-2ab5-4305-b5db-8493d127f122]: POST notifier *FAILED* [Invalid NAME or URL] @ {'name': 'Barbara Donovan', 'email': 'richardhoffman@example.com', 'phone': '347-725-8534', 'url': None, 'type': 'post'}
[2021-09-01 16:13:56,868: INFO/ForkPoolWorker-10] Task concurrent_dispatcher.dispatch_concurrent[8b95e64a-2ab5-4305-b5db-8493d127f122] succeeded in 0.0005732030003855471s: 'Done'
[2021-09-01 16:13:56,869: INFO/MainProcess] Task concurrent_dispatcher.dispatch_concurrent[82653ad3-bf4f-4b9a-a4d3-889459d754b5] received
[2021-09-01 16:13:56,870: INFO/MainProcess] Task concurrent_dispatcher.dispatch_concurrent[c6b280e3-4e28-4787-bc37-650e03308d8d] received
[2021-09-01 16:13:56,871: INFO/MainProcess] Task concurrent_dispatcher.dispatch_concurrent[37777b5a-8125-4ea2-ae10-0404dd0d51ee] received
[2021-09-01 16:13:56,872: ERROR/ForkPoolWorker-11] concurrent_dispatcher.dispatch_concurrent[37777b5a-8125-4ea2-ae10-0404dd0d51ee]: POST notifier *FAILED* [Invalid NAME or URL] @ {'name': 'Jesse Allen', 'email': 'meyermary@example.com', 'phone': '(822)066-7736x07441', 'url': None, 'type': 'post'}
[2021-09-01 16:13:56,872: INFO/ForkPoolWorker-11] Task concurrent_dispatcher.dispatch_concurrent[37777b5a-8125-4ea2-ae10-0404dd0d51ee] succeeded in 0.0007120229984138859s: 'Done'
[2021-09-01 16:13:56,874: INFO/MainProcess] Task concurrent_dispatcher.dispatch_concurrent[4361551d-9344-4674-96af-7eb03c95447f] received
[2021-09-01 16:13:56,874: ERROR/ForkPoolWorker-11] concurrent_dispatcher.dispatch_concurrent[4361551d-9344-4674-96af-7eb03c95447f]: SMS notifier *FAILED*  [Invalid NAME or PHONE] @ {'name': 'Natalie Williamson', 'email': 'johngentry@example.org', 'phone': None, 'url': 'http://mayer.net/', 'type': 'sms'}
[2021-09-01 16:13:56,874: INFO/ForkPoolWorker-11] Task concurrent_dispatcher.dispatch_concurrent[4361551d-9344-4674-96af-7eb03c95447f] succeeded in 0.0002754420002020197s: 'Done'
[2021-09-01 16:13:56,875: INFO/MainProcess] Task concurrent_dispatcher.dispatch_concurrent[e2446d49-9d65-46ac-b9ad-66831c5fcd72] received
[2021-09-01 16:13:56,877: INFO/MainProcess] Task concurrent_dispatcher.dispatch_concurrent[69b05976-1fa1-41db-8e50-3f81ab1e2b10] received
[2021-09-01 16:13:56,879: INFO/MainProcess] Task concurrent_dispatcher.dispatch_concurrent[c3ae958c-0c32-4734-9dea-67c7fed2a37f] received
[2021-09-01 16:13:56,880: ERROR/ForkPoolWorker-12] concurrent_dispatcher.dispatch_concurrent[c3ae958c-0c32-4734-9dea-67c7fed2a37f]: SMS notifier *FAILED*  [Invalid NAME or PHONE] @ {'name': 'Linda Garrett', 'email': None, 'phone': None, 'url': 'http://www.perkins.biz/', 'type': 'sms'}
[2021-09-01 16:13:56,880: INFO/MainProcess] Task concurrent_dispatcher.dispatch_concurrent[be6c4867-9fcc-46cd-9140-3cbab3f56e66] received
[2021-09-01 16:13:56,881: INFO/ForkPoolWorker-12] Task concurrent_dispatcher.dispatch_concurrent[c3ae958c-0c32-4734-9dea-67c7fed2a37f] succeeded in 0.0006885750008223113s: 'Done'
[2021-09-01 16:13:56,882: INFO/MainProcess] Task concurrent_dispatcher.dispatch_concurrent[f47a1aee-6dfb-411a-b63c-156c69b6570d] received
[2021-09-01 16:13:56,884: INFO/MainProcess] Task concurrent_dispatcher.dispatch_concurrent[c160cca2-19ec-4448-96e8-0ae6edf1e6d5] received
[2021-09-01 16:13:56,885: INFO/MainProcess] Task concurrent_dispatcher.dispatch_concurrent[8acf77ef-f033-4f0d-8f33-4358219dd42f] received
[2021-09-01 16:13:56,887: INFO/MainProcess] Task concurrent_dispatcher.dispatch_concurrent[846036e4-c641-42ec-8fa1-ab8b2a51e1d5] received
[2021-09-01 16:13:56,889: INFO/MainProcess] Task concurrent_dispatcher.dispatch_concurrent[7efc576a-6760-4580-8225-7f7a376e5bbe] received
[2021-09-01 16:13:56,890: ERROR/ForkPoolWorker-15] concurrent_dispatcher.dispatch_concurrent[7efc576a-6760-4580-8225-7f7a376e5bbe]: SMS notifier *FAILED*  [Invalid NAME or PHONE] @ {'name': 'William Thompson', 'email': 'jeffrey17@example.org', 'phone': None, 'url': None, 'type': 'sms'}
[2021-09-01 16:13:56,890: INFO/MainProcess] Task concurrent_dispatcher.dispatch_concurrent[53313d8e-8c3a-4116-8e3c-eb83344d440a] received
[2021-09-01 16:13:56,890: INFO/ForkPoolWorker-15] Task concurrent_dispatcher.dispatch_concurrent[7efc576a-6760-4580-8225-7f7a376e5bbe] succeeded in 0.0005975090007268591s: 'Done'
[2021-09-01 16:13:56,892: INFO/MainProcess] Task concurrent_dispatcher.dispatch_concurrent[909b813d-7ec8-4fa2-b00d-9a755e92cf57] received
[2021-09-01 16:13:56,894: INFO/MainProcess] Task concurrent_dispatcher.dispatch_concurrent[61bbb2c8-8b63-4fba-9a94-77e157f254c1] received
[2021-09-01 16:13:56,895: INFO/MainProcess] Task concurrent_dispatcher.dispatch_concurrent[94d78ffa-8570-4ecf-997c-e27a95b48bdb] received
[2021-09-01 16:13:56,896: INFO/MainProcess] Task concurrent_dispatcher.dispatch_concurrent[3272e278-9c64-4812-bc2d-f51e4ca628ec] received
[2021-09-01 16:13:56,898: INFO/MainProcess] Task concurrent_dispatcher.dispatch_concurrent[3b5f357f-508e-49e9-a01d-218f98bfd072] received
[2021-09-01 16:13:56,899: INFO/MainProcess] Task concurrent_dispatcher.dispatch_concurrent[bc08da9f-b981-4811-8887-44bad77f3cbf] received
[2021-09-01 16:13:56,900: INFO/MainProcess] Task concurrent_dispatcher.dispatch_concurrent[ff8ee844-8f37-4fbd-9c88-5132f30665ec] received
[2021-09-01 16:13:56,901: INFO/MainProcess] Task concurrent_dispatcher.dispatch_concurrent[8f8eb8f3-18e6-46bf-a223-7c9763202f32] received
[2021-09-01 16:13:56,902: INFO/MainProcess] Task concurrent_dispatcher.dispatch_concurrent[71a82ffe-585f-4bd4-879f-d6611e5ae7b1] received
[2021-09-01 16:13:56,903: INFO/MainProcess] Task concurrent_dispatcher.dispatch_concurrent[5d6dc158-2c1d-47dc-9853-3443d3a1ff4f] received
[2021-09-01 16:13:56,904: INFO/MainProcess] Task concurrent_dispatcher.dispatch_concurrent[72ee3c9b-dd50-419c-8acd-50d0a05cc191] received
[2021-09-01 16:13:56,905: INFO/MainProcess] Task concurrent_dispatcher.dispatch_concurrent[bb21b996-b574-4f0a-8a7f-654aa128ffa0] received
[2021-09-01 16:13:56,906: INFO/MainProcess] Task concurrent_dispatcher.dispatch_concurrent[9aa72af2-ad05-4519-8630-e39fc8a7d0f6] received
[2021-09-01 16:13:56,907: INFO/MainProcess] Task concurrent_dispatcher.dispatch_concurrent[f8f24c0f-c0b1-4db8-aa3b-76c3b4febeaa] received
[2021-09-01 16:13:56,907: INFO/MainProcess] Task concurrent_dispatcher.dispatch_concurrent[ee4cf948-5a7b-4c20-a7e4-4fe8443888bf] received
[2021-09-01 16:13:56,909: INFO/MainProcess] Task concurrent_dispatcher.dispatch_concurrent[caf20304-8dfb-45b0-a487-7023cd91379d] received
[2021-09-01 16:13:56,910: INFO/MainProcess] Task concurrent_dispatcher.dispatch_concurrent[cba943a3-e4a0-4fc9-9c16-ab91b1efa61f] received
[2021-09-01 16:13:56,911: INFO/MainProcess] Task concurrent_dispatcher.dispatch_concurrent[98effe22-bcab-4533-8d4e-49f3b388020a] received
[2021-09-01 16:13:56,911: INFO/MainProcess] Task concurrent_dispatcher.dispatch_concurrent[2a5e208a-e5ec-44a0-a79f-cfdac4e88f78] received
[2021-09-01 16:13:56,912: INFO/MainProcess] Task concurrent_dispatcher.dispatch_concurrent[39535ea8-cef9-4d62-a295-2d136ad2270f] received
[2021-09-01 16:13:56,913: INFO/MainProcess] Task concurrent_dispatcher.dispatch_concurrent[2d0cb284-eab8-41ed-a1a1-ebf3c19568ec] received
[2021-09-01 16:13:56,914: INFO/MainProcess] Task concurrent_dispatcher.dispatch_concurrent[71c8da9a-4b33-4f6d-9469-ddfac69bc01c] received
[2021-09-01 16:13:56,915: INFO/MainProcess] Task concurrent_dispatcher.dispatch_concurrent[a4a5b33c-8619-4009-896b-c991d194cb56] received
[2021-09-01 16:13:56,916: INFO/MainProcess] Task concurrent_dispatcher.dispatch_concurrent[ae8a237a-1b2b-4745-9982-a556b7a926ff] received
[2021-09-01 16:13:56,917: INFO/MainProcess] Task concurrent_dispatcher.dispatch_concurrent[0b1dbdb5-bad2-45dd-9993-5963297b8fc7] received
[2021-09-01 16:13:56,918: INFO/MainProcess] Task concurrent_dispatcher.dispatch_concurrent[511968d9-58ff-4ca9-9ce8-43a0ede1f6a6] received
[2021-09-01 16:13:56,918: INFO/MainProcess] Task concurrent_dispatcher.dispatch_concurrent[382bd766-cbb4-4155-b3b6-0ac8b38332ee] received
[2021-09-01 16:13:56,919: INFO/MainProcess] Task concurrent_dispatcher.dispatch_concurrent[dd10a619-3642-47d1-adb6-c4bd2af9e9ff] received
[2021-09-01 16:13:56,920: INFO/MainProcess] Task concurrent_dispatcher.dispatch_concurrent[366201d1-13c2-421d-88c0-12960c88af38] received
[2021-09-01 16:13:56,921: INFO/MainProcess] Task concurrent_dispatcher.dispatch_concurrent[a21b59c1-021f-44ce-bade-19a3ac5a040c] received
[2021-09-01 16:13:56,922: INFO/MainProcess] Task concurrent_dispatcher.dispatch_concurrent[465fc127-39ae-47f6-8b3a-a991e459e68b] received
[2021-09-01 16:13:56,923: INFO/MainProcess] Task concurrent_dispatcher.dispatch_concurrent[1cef4981-e5a0-438e-9fb8-4125814a38c3] received
[2021-09-01 16:13:56,924: INFO/MainProcess] Task concurrent_dispatcher.dispatch_concurrent[da3b7106-c91d-48ed-a171-b9f4fe4f0003] received
[2021-09-01 16:13:56,925: INFO/MainProcess] Task concurrent_dispatcher.dispatch_concurrent[17e78279-a244-4eaf-bf05-2014172cd91e] received
[2021-09-01 16:13:56,926: INFO/MainProcess] Task concurrent_dispatcher.dispatch_concurrent[6d5addb1-2caa-4dd5-a472-a2a14fd8f8fc] received
[2021-09-01 16:13:56,927: INFO/MainProcess] Task concurrent_dispatcher.dispatch_concurrent[71837f91-1487-4820-899e-b7753fe37514] received
[2021-09-01 16:13:56,928: INFO/MainProcess] Task concurrent_dispatcher.dispatch_concurrent[0b0012f7-3657-4f73-a7da-8fc8825a7c2b] received
[2021-09-01 16:13:56,929: INFO/MainProcess] Task concurrent_dispatcher.dispatch_concurrent[9035a616-a9d4-4a8a-b8c1-cda3e99452fa] received
[2021-09-01 16:13:56,930: INFO/MainProcess] Task concurrent_dispatcher.dispatch_concurrent[441b77f8-6471-4711-a821-eda1d625f674] received
[2021-09-01 16:13:56,931: INFO/MainProcess] Task concurrent_dispatcher.dispatch_concurrent[eeec0587-aeaf-4704-a9e7-96c2f6bec0ef] received
[2021-09-01 16:13:56,932: INFO/MainProcess] Task concurrent_dispatcher.dispatch_concurrent[f8f33aa4-82e4-42db-93e7-0befc2505804] received
[2021-09-01 16:13:56,933: INFO/MainProcess] Task concurrent_dispatcher.dispatch_concurrent[141985e5-f4f6-4a8e-a94f-1ed2cb8889fa] received
[2021-09-01 16:13:56,934: INFO/MainProcess] Task concurrent_dispatcher.dispatch_concurrent[08c1b297-b9ab-4430-a654-ed32bf703e90] received
[2021-09-01 16:13:56,935: INFO/MainProcess] Task concurrent_dispatcher.dispatch_concurrent[1cbf0ed6-7a1c-4f04-8cfa-6455ac7cde60] received
[2021-09-01 16:13:56,936: INFO/MainProcess] Task concurrent_dispatcher.dispatch_concurrent[cdc7ba4f-5016-47f1-a85c-18b0ee73f1ab] received
[2021-09-01 16:13:56,937: INFO/MainProcess] Task concurrent_dispatcher.dispatch_concurrent[1adaa688-ad71-4b9b-9ae5-6f010c4e9f62] received
[2021-09-01 16:13:56,938: INFO/MainProcess] Task concurrent_dispatcher.dispatch_concurrent[dcb97daa-4e60-4ecf-8270-688ce472a105] received
[2021-09-01 16:13:56,939: INFO/MainProcess] Task concurrent_dispatcher.dispatch_concurrent[61354de9-a60e-4e21-bf4b-f07033071f50] received
[2021-09-01 16:13:56,939: INFO/MainProcess] Task concurrent_dispatcher.dispatch_concurrent[cc4f6d36-dbfc-493e-878b-124439ab81e3] received
[2021-09-01 16:13:56,940: INFO/MainProcess] Task concurrent_dispatcher.dispatch_concurrent[38ce711c-adf8-43a7-b395-a2be99b51ba6] received
[2021-09-01 16:13:56,941: INFO/MainProcess] Task concurrent_dispatcher.dispatch_concurrent[abd465a7-cdee-4140-a7a0-da683dfa3c73] received
[2021-09-01 16:13:56,942: INFO/MainProcess] Task concurrent_dispatcher.dispatch_concurrent[b5ad29e9-78ce-4d93-bbc5-f2b2555a1da1] received
[2021-09-01 16:13:56,943: INFO/MainProcess] Task concurrent_dispatcher.dispatch_concurrent[5e089d84-f5ba-45c1-afee-93625838e35a] received
[2021-09-01 16:13:56,944: INFO/MainProcess] Task concurrent_dispatcher.dispatch_concurrent[d5785219-d453-44c0-89b8-0e4f593c0a0b] received
[2021-09-01 16:13:56,945: INFO/MainProcess] Task concurrent_dispatcher.dispatch_concurrent[4e01c24f-376b-4020-86e6-2ebaa36be443] received
[2021-09-01 16:13:56,946: INFO/MainProcess] Task concurrent_dispatcher.dispatch_concurrent[0d4291c3-2903-4340-8cc0-81823e9fae6d] received
[2021-09-01 16:13:56,946: INFO/MainProcess] Task concurrent_dispatcher.dispatch_concurrent[64264f8c-3ba7-448b-9ac9-2667af730071] received
[2021-09-01 16:13:56,947: INFO/MainProcess] Task concurrent_dispatcher.dispatch_concurrent[193b191c-b9fb-4c4e-9ea2-68cdcf24ba6c] received
[2021-09-01 16:13:56,948: INFO/MainProcess] Task concurrent_dispatcher.dispatch_concurrent[46c55ee9-23e1-41eb-b454-162e51272546] received
[2021-09-01 16:13:56,950: INFO/MainProcess] Task concurrent_dispatcher.dispatch_concurrent[b2ab8200-a44d-46b1-8b3f-e8ec01486d53] received
[2021-09-01 16:13:56,951: INFO/MainProcess] Task concurrent_dispatcher.dispatch_concurrent[fa269a17-ab2d-4edc-98c7-40ebace16eb5] received
[2021-09-01 16:13:56,952: INFO/MainProcess] Task concurrent_dispatcher.dispatch_concurrent[9978eb4c-18cd-48b2-aeaf-2c42ee5edc5a] received
[2021-09-01 16:13:56,953: INFO/MainProcess] Task concurrent_dispatcher.dispatch_concurrent[822c5b07-6e27-4860-bdec-1448075b4b53] received
[2021-09-01 16:13:56,954: INFO/MainProcess] Task concurrent_dispatcher.dispatch_concurrent[2aa8b922-ddf1-40d1-81a2-faaf3aedffc7] received
[2021-09-01 16:13:56,955: INFO/MainProcess] Task concurrent_dispatcher.dispatch_concurrent[4b03d08b-0aa2-4ec6-8bfb-b56a8008a8c3] received
[2021-09-01 16:13:56,956: INFO/MainProcess] Task concurrent_dispatcher.dispatch_concurrent[e9ab6853-1632-4ba6-80af-00173c21b447] received
[2021-09-01 16:13:56,957: INFO/MainProcess] Task concurrent_dispatcher.dispatch_concurrent[4c3d5f12-3662-48a0-82aa-cc3ec2aa68ad] received
[2021-09-01 16:13:56,958: INFO/MainProcess] Task concurrent_dispatcher.dispatch_concurrent[5899e0aa-9fe8-4c2a-8087-d2c863006a35] received
[2021-09-01 16:13:57,367: INFO/ForkPoolWorker-8] concurrent_dispatcher.dispatch_concurrent[361cfad1-c4ca-4b6d-9664-cc1a44f8b8c9]: EMAIL sent to annagregory@example.org. Data: {'name': 'Brent Valdez', 'email': 'annagregory@example.org', 'phone': '139.386.6589', 'url': 'https://ayers-perry.com/', 'type': 'email'}
[2021-09-01 16:13:57,369: INFO/ForkPoolWorker-8] Task concurrent_dispatcher.dispatch_concurrent[361cfad1-c4ca-4b6d-9664-cc1a44f8b8c9] succeeded in 0.5041983270002675s: 'Done'
[2021-09-01 16:13:57,369: INFO/ForkPoolWorker-9] concurrent_dispatcher.dispatch_concurrent[fa1ec456-7df8-4894-9353-d6c38e3b85a4]: EMAIL sent to rpope@example.com. Data: {'name': 'Jonathan Green', 'email': 'rpope@example.com', 'phone': '(245)765-5361x8165', 'url': None, 'type': 'email'}
[2021-09-01 16:13:57,370: INFO/ForkPoolWorker-10] concurrent_dispatcher.dispatch_concurrent[82653ad3-bf4f-4b9a-a4d3-889459d754b5]: POST sent to https://www.nunez.com/. Data: {'name': 'Stephanie Martin', 'email': 'rodriguezstephanie@example.org', 'phone': '001-621-651-0995x703', 'url': 'https://www.nunez.com/', 'type': 'post'}
[2021-09-01 16:13:57,371: INFO/ForkPoolWorker-10] Task concurrent_dispatcher.dispatch_concurrent[82653ad3-bf4f-4b9a-a4d3-889459d754b5] succeeded in 0.5014647859989054s: 'Done'
[2021-09-01 16:13:57,371: INFO/ForkPoolWorker-9] Task concurrent_dispatcher.dispatch_concurrent[fa1ec456-7df8-4894-9353-d6c38e3b85a4] succeeded in 0.5035069959994871s: 'Done'
[2021-09-01 16:13:57,373: INFO/ForkPoolWorker-1] concurrent_dispatcher.dispatch_concurrent[c6b280e3-4e28-4787-bc37-650e03308d8d]: SMS sent to +1-958-907-7622x38111. Data: {'name': 'Yvonne Austin', 'email': 'zsanchez@example.com', 'phone': '+1-958-907-7622x38111', 'url': 'https://weaver.com/', 'type': 'sms'}
[2021-09-01 16:13:57,376: INFO/ForkPoolWorker-1] Task concurrent_dispatcher.dispatch_concurrent[c6b280e3-4e28-4787-bc37-650e03308d8d] succeeded in 0.5039622830008739s: 'Done'
[2021-09-01 16:13:57,378: INFO/ForkPoolWorker-11] concurrent_dispatcher.dispatch_concurrent[e2446d49-9d65-46ac-b9ad-66831c5fcd72]: EMAIL sent to andreaabbott@example.net. Data: {'name': 'Annette Carrillo', 'email': 'andreaabbott@example.net', 'phone': '852-061-5883', 'url': 'https://thomas-martinez.com/', 'type': 'email'}
[2021-09-01 16:13:57,378: INFO/ForkPoolWorker-2] concurrent_dispatcher.dispatch_concurrent[69b05976-1fa1-41db-8e50-3f81ab1e2b10]: EMAIL sent to walterwilson@example.net. Data: {'name': 'Tyler Malone', 'email': 'walterwilson@example.net', 'phone': '001-808-223-5608', 'url': 'http://www.wilson.com/', 'type': 'email'}
[2021-09-01 16:13:57,378: INFO/ForkPoolWorker-11] Task concurrent_dispatcher.dispatch_concurrent[e2446d49-9d65-46ac-b9ad-66831c5fcd72] succeeded in 0.5014332979990286s: 'Done'
[2021-09-01 16:13:57,379: INFO/ForkPoolWorker-2] Task concurrent_dispatcher.dispatch_concurrent[69b05976-1fa1-41db-8e50-3f81ab1e2b10] succeeded in 0.5015422039996338s: 'Done'
[2021-09-01 16:13:57,381: INFO/MainProcess] Task concurrent_dispatcher.dispatch_concurrent[de40bfeb-0ec0-4d80-a88c-0943545ae48d] received
[2021-09-01 16:13:57,383: INFO/ForkPoolWorker-12] concurrent_dispatcher.dispatch_concurrent[be6c4867-9fcc-46cd-9140-3cbab3f56e66]: EMAIL sent to brian67@example.org. Data: {'name': 'Mary Romero', 'email': 'brian67@example.org', 'phone': '001-715-329-2795x89468', 'url': 'https://dunlap-vargas.org/', 'type': 'email'}
[2021-09-01 16:13:57,383: INFO/ForkPoolWorker-13] concurrent_dispatcher.dispatch_concurrent[f47a1aee-6dfb-411a-b63c-156c69b6570d]: SMS sent to 1342777405. Data: {'name': 'Karen Patrick', 'email': 'gilbertdebbie@example.com', 'phone': '1342777405', 'url': 'http://spence.net/', 'type': 'sms'}
[2021-09-01 16:13:57,384: INFO/ForkPoolWorker-12] Task concurrent_dispatcher.dispatch_concurrent[be6c4867-9fcc-46cd-9140-3cbab3f56e66] succeeded in 0.5013578620000771s: 'Done'
[2021-09-01 16:13:57,384: INFO/ForkPoolWorker-13] Task concurrent_dispatcher.dispatch_concurrent[f47a1aee-6dfb-411a-b63c-156c69b6570d] succeeded in 0.5014452679988608s: 'Done'
[2021-09-01 16:13:57,384: INFO/MainProcess] Task concurrent_dispatcher.dispatch_concurrent[9cba5be9-b11e-471f-af60-6ce920d7484a] received
[2021-09-01 16:13:57,385: ERROR/ForkPoolWorker-2] concurrent_dispatcher.dispatch_concurrent[5d6dc158-2c1d-47dc-9853-3443d3a1ff4f]: SMS notifier *FAILED*  [Invalid NAME or PHONE] @ {'name': 'Cameron Leon', 'email': 'smiththeresa@example.net', 'phone': None, 'url': 'https://www.owens.biz/', 'type': 'sms'}
[2021-09-01 16:13:57,385: INFO/ForkPoolWorker-2] Task concurrent_dispatcher.dispatch_concurrent[5d6dc158-2c1d-47dc-9853-3443d3a1ff4f] succeeded in 0.0003699490007420536s: 'Done'
[2021-09-01 16:13:57,385: INFO/ForkPoolWorker-3] concurrent_dispatcher.dispatch_concurrent[c160cca2-19ec-4448-96e8-0ae6edf1e6d5]: POST sent to http://www.delacruz.net/. Data: {'name': 'Laurie White', 'email': 'jeffmckinney@example.org', 'phone': '+1-116-429-6920x5162', 'url': 'http://www.delacruz.net/', 'type': 'post'}
[2021-09-01 16:13:57,386: INFO/ForkPoolWorker-3] Task concurrent_dispatcher.dispatch_concurrent[c160cca2-19ec-4448-96e8-0ae6edf1e6d5] succeeded in 0.5014423339998757s: 'Done'
[2021-09-01 16:13:57,387: INFO/ForkPoolWorker-14] concurrent_dispatcher.dispatch_concurrent[8acf77ef-f033-4f0d-8f33-4358219dd42f]: POST sent to https://richardson.com/. Data: {'name': 'Michael Thornton', 'email': 'angelanovak@example.net', 'phone': '+1-362-166-2771x439', 'url': 'https://richardson.com/', 'type': 'post'}
[2021-09-01 16:13:57,388: INFO/ForkPoolWorker-14] Task concurrent_dispatcher.dispatch_concurrent[8acf77ef-f033-4f0d-8f33-4358219dd42f] succeeded in 0.5010394049986644s: 'Done'
[2021-09-01 16:13:57,388: INFO/ForkPoolWorker-4] concurrent_dispatcher.dispatch_concurrent[846036e4-c641-42ec-8fa1-ab8b2a51e1d5]: POST sent to http://neal.info/. Data: {'name': 'Janet Ross', 'email': 'amber72@example.net', 'phone': None, 'url': 'http://neal.info/', 'type': 'post'}
[2021-09-01 16:13:57,388: INFO/MainProcess] Task concurrent_dispatcher.dispatch_concurrent[9b7d6689-945a-4dc5-adcc-d81c8b5ffd80] received
[2021-09-01 16:13:57,389: INFO/ForkPoolWorker-4] Task concurrent_dispatcher.dispatch_concurrent[846036e4-c641-42ec-8fa1-ab8b2a51e1d5] succeeded in 0.5015009760008979s: 'Done'
[2021-09-01 16:13:57,390: ERROR/ForkPoolWorker-13] concurrent_dispatcher.dispatch_concurrent[9aa72af2-ad05-4519-8630-e39fc8a7d0f6]: SMS notifier *FAILED*  [Invalid NAME or PHONE] @ {'name': 'Mallory Cooley', 'email': 'gambleevan@example.com', 'phone': None, 'url': None, 'type': 'sms'}
[2021-09-01 16:13:57,390: INFO/ForkPoolWorker-13] Task concurrent_dispatcher.dispatch_concurrent[9aa72af2-ad05-4519-8630-e39fc8a7d0f6] succeeded in 0.0004924179993395228s: 'Done'
[2021-09-01 16:13:57,392: INFO/ForkPoolWorker-15] concurrent_dispatcher.dispatch_concurrent[53313d8e-8c3a-4116-8e3c-eb83344d440a]: POST sent to http://www.price-wilcox.biz/. Data: {'name': 'Stephanie Lawrence', 'email': 'jacobhaas@example.org', 'phone': '(102)411-6899x9051', 'url': 'http://www.price-wilcox.biz/', 'type': 'post'}
[2021-09-01 16:13:57,393: INFO/ForkPoolWorker-15] Task concurrent_dispatcher.dispatch_concurrent[53313d8e-8c3a-4116-8e3c-eb83344d440a] succeeded in 0.5005577890005952s: 'Done'
[2021-09-01 16:13:57,393: INFO/ForkPoolWorker-16] concurrent_dispatcher.dispatch_concurrent[909b813d-7ec8-4fa2-b00d-9a755e92cf57]: POST sent to https://martinez.com/. Data: {'name': 'Ian Grimes', 'email': 'robertmitchell@example.com', 'phone': '001-833-041-4443x33362', 'url': 'https://martinez.com/', 'type': 'post'}
[2021-09-01 16:13:57,394: INFO/ForkPoolWorker-16] Task concurrent_dispatcher.dispatch_concurrent[909b813d-7ec8-4fa2-b00d-9a755e92cf57] succeeded in 0.501265984001293s: 'Done'
[2021-09-01 16:13:57,395: INFO/ForkPoolWorker-5] concurrent_dispatcher.dispatch_concurrent[61bbb2c8-8b63-4fba-9a94-77e157f254c1]: SMS sent to (701)184-5522x920. Data: {'name': 'Roger Hardy', 'email': 'sullivanchristopher@example.org', 'phone': '(701)184-5522x920', 'url': 'https://www.archer.com/', 'type': 'sms'}
[2021-09-01 16:13:57,396: INFO/ForkPoolWorker-5] Task concurrent_dispatcher.dispatch_concurrent[61bbb2c8-8b63-4fba-9a94-77e157f254c1] succeeded in 0.501138097999501s: 'Done'
[2021-09-01 16:13:57,397: INFO/MainProcess] Task concurrent_dispatcher.dispatch_concurrent[8e7009c5-7ff9-4b8d-9c4c-a5404445052d] received
[2021-09-01 16:13:57,397: INFO/ForkPoolWorker-6] concurrent_dispatcher.dispatch_concurrent[94d78ffa-8570-4ecf-997c-e27a95b48bdb]: POST sent to http://ford-hernandez.biz/. Data: {'name': 'Antonio Chambers', 'email': None, 'phone': '(931)911-1606', 'url': 'http://ford-hernandez.biz/', 'type': 'post'}
[2021-09-01 16:13:57,398: INFO/ForkPoolWorker-6] Task concurrent_dispatcher.dispatch_concurrent[94d78ffa-8570-4ecf-997c-e27a95b48bdb] succeeded in 0.5012388340001053s: 'Done'
[2021-09-01 16:13:57,398: ERROR/ForkPoolWorker-15] concurrent_dispatcher.dispatch_concurrent[98effe22-bcab-4533-8d4e-49f3b388020a]: POST notifier *FAILED* [Invalid NAME or URL] @ {'name': 'Carolyn Smith', 'email': 'rhonda80@example.org', 'phone': '001-674-127-7112x667', 'url': None, 'type': 'post'}
[2021-09-01 16:13:57,399: INFO/ForkPoolWorker-15] Task concurrent_dispatcher.dispatch_concurrent[98effe22-bcab-4533-8d4e-49f3b388020a] succeeded in 0.00038937200042710174s: 'Done'
[2021-09-01 16:13:57,398: INFO/ForkPoolWorker-7] concurrent_dispatcher.dispatch_concurrent[3272e278-9c64-4812-bc2d-f51e4ca628ec]: EMAIL sent to stevencurtis@example.com. Data: {'name': 'Eric Nguyen', 'email': 'stevencurtis@example.com', 'phone': '001-328-336-5676', 'url': 'http://www.jimenez-griffith.com/', 'type': 'email'}
[2021-09-01 16:13:57,399: INFO/ForkPoolWorker-7] Task concurrent_dispatcher.dispatch_concurrent[3272e278-9c64-4812-bc2d-f51e4ca628ec] succeeded in 0.5023347579990514s: 'Done'
[2021-09-01 16:13:57,405: INFO/MainProcess] Task concurrent_dispatcher.dispatch_concurrent[50c2c152-f06c-4c80-a318-2008f86043ab] received
[2021-09-01 16:13:57,410: INFO/MainProcess] Task concurrent_dispatcher.dispatch_concurrent[99fa3353-8d71-4ade-9efa-efa60766b418] received
[2021-09-01 16:13:57,411: INFO/MainProcess] Task concurrent_dispatcher.dispatch_concurrent[ebce4b2b-d3ca-4ecb-912a-146d4f9c049d] received
[2021-09-01 16:13:57,413: INFO/MainProcess] Task concurrent_dispatcher.dispatch_concurrent[40297383-1bd3-4613-891c-16297048209b] received
[2021-09-01 16:13:57,414: INFO/MainProcess] Task concurrent_dispatcher.dispatch_concurrent[b944e4c4-bfb1-405b-8124-833658ffe17e] received
[2021-09-01 16:13:57,415: INFO/MainProcess] Task concurrent_dispatcher.dispatch_concurrent[7b4ced40-a26b-4ad7-9393-045886bbe7ef] received
[2021-09-01 16:13:57,416: INFO/MainProcess] Task concurrent_dispatcher.dispatch_concurrent[b46bbfef-f360-49e0-8e7a-0b8f25516636] received
[2021-09-01 16:13:57,417: INFO/MainProcess] Task concurrent_dispatcher.dispatch_concurrent[ab30d661-ecb5-4eb3-bcb1-7ad0d1485ceb] received
[2021-09-01 16:13:57,418: INFO/MainProcess] Task concurrent_dispatcher.dispatch_concurrent[91077bdc-b9cd-4b2c-bc52-14c8e9c7c983] received
[2021-09-01 16:13:57,419: INFO/MainProcess] Task concurrent_dispatcher.dispatch_concurrent[6fd0f7cc-5463-46b2-bf08-9e5d2bad8a8b] received
[2021-09-01 16:13:57,420: INFO/MainProcess] Task concurrent_dispatcher.dispatch_concurrent[fc1b54ef-83c6-4156-b3ec-b2fcb73bb8ff] received
[2021-09-01 16:13:57,421: INFO/MainProcess] Task concurrent_dispatcher.dispatch_concurrent[181afbf4-af8f-4553-82f8-6ea76ad1033a] received
[2021-09-01 16:13:57,422: INFO/MainProcess] Task concurrent_dispatcher.dispatch_concurrent[74ef8920-8140-47a6-9bfb-65e30931fe43] received
[2021-09-01 16:13:57,423: INFO/MainProcess] Task concurrent_dispatcher.dispatch_concurrent[92893e66-c10f-4ba4-8064-cc8f965d544e] received
[2021-09-01 16:13:57,424: INFO/MainProcess] Task concurrent_dispatcher.dispatch_concurrent[18129752-9e69-47fd-8a98-b8c53cfceee8] received
[2021-09-01 16:13:57,875: INFO/ForkPoolWorker-8] concurrent_dispatcher.dispatch_concurrent[3b5f357f-508e-49e9-a01d-218f98bfd072]: POST sent to http://hamilton.info/. Data: {'name': 'Ann Ramirez', 'email': 'sescobar@example.net', 'phone': '+1-293-028-6866', 'url': 'http://hamilton.info/', 'type': 'post'}
[2021-09-01 16:13:57,875: INFO/ForkPoolWorker-9] concurrent_dispatcher.dispatch_concurrent[bc08da9f-b981-4811-8887-44bad77f3cbf]: SMS sent to (884)919-6815. Data: {'name': 'Kaitlyn Smith', 'email': None, 'phone': '(884)919-6815', 'url': None, 'type': 'sms'}
[2021-09-01 16:13:57,876: INFO/ForkPoolWorker-10] concurrent_dispatcher.dispatch_concurrent[ff8ee844-8f37-4fbd-9c88-5132f30665ec]: SMS sent to (222)754-9143. Data: {'name': 'Christina Cooke DDS', 'email': 'candice50@example.net', 'phone': '(222)754-9143', 'url': 'https://www.villa-hernandez.com/', 'type': 'sms'}
[2021-09-01 16:13:57,876: INFO/ForkPoolWorker-9] Task concurrent_dispatcher.dispatch_concurrent[bc08da9f-b981-4811-8887-44bad77f3cbf] succeeded in 0.501627310000913s: 'Done'
[2021-09-01 16:13:57,876: INFO/ForkPoolWorker-8] Task concurrent_dispatcher.dispatch_concurrent[3b5f357f-508e-49e9-a01d-218f98bfd072] succeeded in 0.5019164089990227s: 'Done'
[2021-09-01 16:13:57,876: INFO/ForkPoolWorker-10] Task concurrent_dispatcher.dispatch_concurrent[ff8ee844-8f37-4fbd-9c88-5132f30665ec] succeeded in 0.5017349770005239s: 'Done'
[2021-09-01 16:13:57,880: ERROR/ForkPoolWorker-8] concurrent_dispatcher.dispatch_concurrent[ae8a237a-1b2b-4745-9982-a556b7a926ff]: SMS notifier *FAILED*  [Invalid NAME or PHONE] @ {'name': 'Stephanie Kramer', 'email': 'justinrios@example.org', 'phone': None, 'url': 'http://shaw-gilbert.com/', 'type': 'sms'}
[2021-09-01 16:13:57,880: INFO/ForkPoolWorker-11] concurrent_dispatcher.dispatch_concurrent[71a82ffe-585f-4bd4-879f-d6611e5ae7b1]: POST sent to https://www.davenport.info/. Data: {'name': 'Alicia Tyler', 'email': 'ojones@example.net', 'phone': '+1-839-434-9458x4838', 'url': 'https://www.davenport.info/', 'type': 'post'}
[2021-09-01 16:13:57,880: INFO/ForkPoolWorker-1] concurrent_dispatcher.dispatch_concurrent[8f8eb8f3-18e6-46bf-a223-7c9763202f32]: POST sent to https://www.barber.com/. Data: {'name': 'Kevin Acevedo', 'email': 'kingmary@example.net', 'phone': '839.573.5815x8362', 'url': 'https://www.barber.com/', 'type': 'post'}
[2021-09-01 16:13:57,881: INFO/ForkPoolWorker-8] Task concurrent_dispatcher.dispatch_concurrent[ae8a237a-1b2b-4745-9982-a556b7a926ff] succeeded in 0.0008658259994263062s: 'Done'
[2021-09-01 16:13:57,881: INFO/ForkPoolWorker-11] Task concurrent_dispatcher.dispatch_concurrent[71a82ffe-585f-4bd4-879f-d6611e5ae7b1] succeeded in 0.5013912609992985s: 'Done'
[2021-09-01 16:13:57,881: INFO/ForkPoolWorker-1] Task concurrent_dispatcher.dispatch_concurrent[8f8eb8f3-18e6-46bf-a223-7c9763202f32] succeeded in 0.5015370529999927s: 'Done'
[2021-09-01 16:13:57,890: INFO/ForkPoolWorker-2] concurrent_dispatcher.dispatch_concurrent[72ee3c9b-dd50-419c-8acd-50d0a05cc191]: EMAIL sent to fraziercynthia@example.com. Data: {'name': 'Caroline Brown', 'email': 'fraziercynthia@example.com', 'phone': '+1-862-968-1276x1696', 'url': 'https://jensen-johnson.net/', 'type': 'email'}
[2021-09-01 16:13:57,890: INFO/ForkPoolWorker-12] concurrent_dispatcher.dispatch_concurrent[bb21b996-b574-4f0a-8a7f-654aa128ffa0]: SMS sent to 638.149.0369x330. Data: {'name': 'Janet Mckee', 'email': 'derekduncan@example.org', 'phone': '638.149.0369x330', 'url': 'http://scott.com/', 'type': 'sms'}
[2021-09-01 16:13:57,890: INFO/ForkPoolWorker-3] concurrent_dispatcher.dispatch_concurrent[f8f24c0f-c0b1-4db8-aa3b-76c3b4febeaa]: POST sent to http://www.taylor-miller.com/. Data: {'name': 'Steven Ruiz', 'email': 'chad32@example.org', 'phone': '001-968-595-1926x86351', 'url': 'http://www.taylor-miller.com/', 'type': 'post'}
[2021-09-01 16:13:57,891: INFO/ForkPoolWorker-2] Task concurrent_dispatcher.dispatch_concurrent[72ee3c9b-dd50-419c-8acd-50d0a05cc191] succeeded in 0.5014798040010646s: 'Done'
[2021-09-01 16:13:57,891: INFO/ForkPoolWorker-12] Task concurrent_dispatcher.dispatch_concurrent[bb21b996-b574-4f0a-8a7f-654aa128ffa0] succeeded in 0.5014527260009345s: 'Done'
[2021-09-01 16:13:57,891: INFO/ForkPoolWorker-3] Task concurrent_dispatcher.dispatch_concurrent[f8f24c0f-c0b1-4db8-aa3b-76c3b4febeaa] succeeded in 0.5013813549994666s: 'Done'
[2021-09-01 16:13:57,894: INFO/MainProcess] Task concurrent_dispatcher.dispatch_concurrent[2b55c66a-8ff4-46f6-9f5a-36fbbb9429ba] received
[2021-09-01 16:13:57,898: INFO/ForkPoolWorker-13] concurrent_dispatcher.dispatch_concurrent[ee4cf948-5a7b-4c20-a7e4-4fe8443888bf]: SMS sent to +1-057-729-1980x6236. Data: {'name': 'Sharon Knapp', 'email': 'vjohnson@example.com', 'phone': '+1-057-729-1980x6236', 'url': 'https://roberts-blair.net/', 'type': 'sms'}
[2021-09-01 16:13:57,899: INFO/ForkPoolWorker-4] concurrent_dispatcher.dispatch_concurrent[cba943a3-e4a0-4fc9-9c16-ab91b1efa61f]: POST sent to https://johnson.biz/. Data: {'name': 'Emily Mitchell', 'email': 'james41@example.com', 'phone': '578.073.8049', 'url': 'https://johnson.biz/', 'type': 'post'}
[2021-09-01 16:13:57,899: INFO/ForkPoolWorker-13] Task concurrent_dispatcher.dispatch_concurrent[ee4cf948-5a7b-4c20-a7e4-4fe8443888bf] succeeded in 0.5009159929995803s: 'Done'
[2021-09-01 16:13:57,899: INFO/ForkPoolWorker-14] concurrent_dispatcher.dispatch_concurrent[caf20304-8dfb-45b0-a487-7023cd91379d]: POST sent to https://www.parker.com/. Data: {'name': 'Cynthia Salazar', 'email': 'jonathankaufman@example.net', 'phone': '3132813760', 'url': 'https://www.parker.com/', 'type': 'post'}
[2021-09-01 16:13:57,900: INFO/ForkPoolWorker-4] Task concurrent_dispatcher.dispatch_concurrent[cba943a3-e4a0-4fc9-9c16-ab91b1efa61f] succeeded in 0.5013761449990852s: 'Done'
[2021-09-01 16:13:57,900: INFO/ForkPoolWorker-14] Task concurrent_dispatcher.dispatch_concurrent[caf20304-8dfb-45b0-a487-7023cd91379d] succeeded in 0.5014692780005134s: 'Done'
[2021-09-01 16:13:57,900: INFO/ForkPoolWorker-16] concurrent_dispatcher.dispatch_concurrent[2a5e208a-e5ec-44a0-a79f-cfdac4e88f78]: EMAIL sent to luke15@example.net. Data: {'name': 'Joshua Rojas', 'email': 'luke15@example.net', 'phone': '(291)891-1409x95795', 'url': 'http://www.oconnor.com/', 'type': 'email'}
[2021-09-01 16:13:57,901: INFO/ForkPoolWorker-16] Task concurrent_dispatcher.dispatch_concurrent[2a5e208a-e5ec-44a0-a79f-cfdac4e88f78] succeeded in 0.5019189600006939s: 'Done'
[2021-09-01 16:13:57,904: INFO/MainProcess] Task concurrent_dispatcher.dispatch_concurrent[2860625d-e533-4fbe-b343-92eb0a962cc4] received
[2021-09-01 16:13:57,906: INFO/ForkPoolWorker-15] concurrent_dispatcher.dispatch_concurrent[39535ea8-cef9-4d62-a295-2d136ad2270f]: SMS sent to (344)656-0882. Data: {'name': 'Deborah Dickson', 'email': 'hopkinsjasmine@example.net', 'phone': '(344)656-0882', 'url': 'http://massey-wood.com/', 'type': 'sms'}
[2021-09-01 16:13:57,906: INFO/ForkPoolWorker-5] concurrent_dispatcher.dispatch_concurrent[2d0cb284-eab8-41ed-a1a1-ebf3c19568ec]: SMS sent to (459)767-6066x8308. Data: {'name': 'Laura Simmons', 'email': 'catherine19@example.org', 'phone': '(459)767-6066x8308', 'url': None, 'type': 'sms'}
[2021-09-01 16:13:57,907: INFO/ForkPoolWorker-15] Task concurrent_dispatcher.dispatch_concurrent[39535ea8-cef9-4d62-a295-2d136ad2270f] succeeded in 0.5008392979998462s: 'Done'
[2021-09-01 16:13:57,907: INFO/ForkPoolWorker-6] concurrent_dispatcher.dispatch_concurrent[71c8da9a-4b33-4f6d-9469-ddfac69bc01c]: POST sent to http://lawrence.com/. Data: {'name': 'Julia Petty', 'email': 'mcgeeshirley@example.net', 'phone': '652-489-3628x0577', 'url': 'http://lawrence.com/', 'type': 'post'}
[2021-09-01 16:13:57,907: INFO/ForkPoolWorker-5] Task concurrent_dispatcher.dispatch_concurrent[2d0cb284-eab8-41ed-a1a1-ebf3c19568ec] succeeded in 0.5008320300003106s: 'Done'
[2021-09-01 16:13:57,907: INFO/ForkPoolWorker-7] concurrent_dispatcher.dispatch_concurrent[a4a5b33c-8619-4009-896b-c991d194cb56]: SMS sent to 0476580650. Data: {'name': 'Michelle Wilson', 'email': 'jsutton@example.net', 'phone': '0476580650', 'url': 'https://allen.com/', 'type': 'sms'}
[2021-09-01 16:13:57,908: INFO/ForkPoolWorker-7] Task concurrent_dispatcher.dispatch_concurrent[a4a5b33c-8619-4009-896b-c991d194cb56] succeeded in 0.5013598519999505s: 'Done'
[2021-09-01 16:13:57,908: INFO/ForkPoolWorker-6] Task concurrent_dispatcher.dispatch_concurrent[71c8da9a-4b33-4f6d-9469-ddfac69bc01c] succeeded in 0.501423468998837s: 'Done'
[2021-09-01 16:13:57,911: ERROR/ForkPoolWorker-2] concurrent_dispatcher.dispatch_concurrent[a21b59c1-021f-44ce-bade-19a3ac5a040c]: EMAIL notifier *FAILED* [Invalid NAME or EMAIL] @ {'name': 'Laura Johnston', 'email': None, 'phone': '(432)616-4576', 'url': 'http://peterson.biz/', 'type': 'email'}
[2021-09-01 16:13:57,911: ERROR/ForkPoolWorker-15] concurrent_dispatcher.dispatch_concurrent[71837f91-1487-4820-899e-b7753fe37514]: POST notifier *FAILED* [Invalid NAME or URL] @ {'name': 'Nicole Alexander', 'email': 'sheltontodd@example.net', 'phone': '779-752-5518', 'url': None, 'type': 'post'}
[2021-09-01 16:13:57,912: INFO/ForkPoolWorker-2] Task concurrent_dispatcher.dispatch_concurrent[a21b59c1-021f-44ce-bade-19a3ac5a040c] succeeded in 0.0006380429986165836s: 'Done'
[2021-09-01 16:13:57,912: INFO/ForkPoolWorker-15] Task concurrent_dispatcher.dispatch_concurrent[71837f91-1487-4820-899e-b7753fe37514] succeeded in 0.0005530519993044436s: 'Done'
[2021-09-01 16:13:57,912: ERROR/ForkPoolWorker-6] concurrent_dispatcher.dispatch_concurrent[441b77f8-6471-4711-a821-eda1d625f674]: SMS notifier *FAILED*  [Invalid NAME or PHONE] @ {'name': 'David Johnson', 'email': 'kimberly47@example.net', 'phone': None, 'url': 'https://harrison-fowler.org/', 'type': 'sms'}
[2021-09-01 16:13:57,912: INFO/ForkPoolWorker-6] Task concurrent_dispatcher.dispatch_concurrent[441b77f8-6471-4711-a821-eda1d625f674] succeeded in 0.0005557830008910969s: 'Done'
[2021-09-01 16:13:57,914: INFO/MainProcess] Task concurrent_dispatcher.dispatch_concurrent[0d681a1c-1f2a-4f4d-a449-ba0ae31303c3] received
[2021-09-01 16:13:57,923: INFO/MainProcess] Task concurrent_dispatcher.dispatch_concurrent[e572fa63-5de0-4ca7-9b45-011524030a26] received
[2021-09-01 16:13:57,926: INFO/MainProcess] Task concurrent_dispatcher.dispatch_concurrent[1ea8e949-40f0-4b1c-a30b-5b35b3ff431f] received
[2021-09-01 16:13:57,929: INFO/MainProcess] Task concurrent_dispatcher.dispatch_concurrent[0628d842-93ea-4059-984f-0a29700366b3] received
[2021-09-01 16:13:57,931: INFO/MainProcess] Task concurrent_dispatcher.dispatch_concurrent[c85da8d7-ae48-43cd-961e-fd3b9742f73b] received
[2021-09-01 16:13:57,932: INFO/MainProcess] Task concurrent_dispatcher.dispatch_concurrent[470a9725-c56e-4c89-a688-5ee6b1d07b6b] received
[2021-09-01 16:13:57,933: INFO/MainProcess] Task concurrent_dispatcher.dispatch_concurrent[39cb745c-63d0-43f2-a686-9c597cb8c919] received
[2021-09-01 16:13:57,934: INFO/MainProcess] Task concurrent_dispatcher.dispatch_concurrent[0c1dfbf8-6d6b-40c0-a8bc-334f3576f93e] received
[2021-09-01 16:13:57,935: INFO/MainProcess] Task concurrent_dispatcher.dispatch_concurrent[695268ab-7649-4ea0-be9c-2f618da25c96] received
[2021-09-01 16:13:57,936: INFO/MainProcess] Task concurrent_dispatcher.dispatch_concurrent[f19fe85a-8273-44b7-ba76-0bf31064141b] received
[2021-09-01 16:13:57,937: INFO/MainProcess] Task concurrent_dispatcher.dispatch_concurrent[cf129a10-6966-4b47-904f-b516cd144385] received
[2021-09-01 16:13:57,938: INFO/MainProcess] Task concurrent_dispatcher.dispatch_concurrent[39cb75c5-3996-4e24-b666-77a97e985973] received
[2021-09-01 16:13:57,939: INFO/MainProcess] Task concurrent_dispatcher.dispatch_concurrent[96427350-e670-470d-a610-77295175a668] received
[2021-09-01 16:13:57,940: INFO/MainProcess] Task concurrent_dispatcher.dispatch_concurrent[ca1f5b74-c982-4fa1-b8e2-b9547cf4b146] received
[2021-09-01 16:13:57,941: INFO/MainProcess] Task concurrent_dispatcher.dispatch_concurrent[db9b6eda-0ce9-42bd-99f8-62b47f7ed54f] received
[2021-09-01 16:13:57,942: INFO/MainProcess] Task concurrent_dispatcher.dispatch_concurrent[9e1b4bbe-4f89-4164-921a-4f26d8601b65] received
[2021-09-01 16:13:57,943: INFO/MainProcess] Task concurrent_dispatcher.dispatch_concurrent[1f56ec04-4363-4d3b-affd-510ff5e57c9d] received
[2021-09-01 16:13:57,943: INFO/MainProcess] Task concurrent_dispatcher.dispatch_concurrent[20c29c68-7434-4cb2-b35d-0327ed094e5c] received
[2021-09-01 16:13:58,380: INFO/ForkPoolWorker-9] concurrent_dispatcher.dispatch_concurrent[0b1dbdb5-bad2-45dd-9993-5963297b8fc7]: SMS sent to +1-219-693-0240x7842. Data: {'name': 'Dennis Stephens', 'email': 'travis56@example.net', 'phone': '+1-219-693-0240x7842', 'url': 'https://www.brown-dickerson.com/', 'type': 'sms'}
[2021-09-01 16:13:58,380: INFO/ForkPoolWorker-10] concurrent_dispatcher.dispatch_concurrent[511968d9-58ff-4ca9-9ce8-43a0ede1f6a6]: SMS sent to (088)166-1663x7165. Data: {'name': 'Jessica Bowers', 'email': 'shane77@example.net', 'phone': '(088)166-1663x7165', 'url': 'http://www.taylor.biz/', 'type': 'sms'}
[2021-09-01 16:13:58,381: INFO/ForkPoolWorker-9] Task concurrent_dispatcher.dispatch_concurrent[0b1dbdb5-bad2-45dd-9993-5963297b8fc7] succeeded in 0.501417338000465s: 'Done'
[2021-09-01 16:13:58,381: INFO/ForkPoolWorker-10] Task concurrent_dispatcher.dispatch_concurrent[511968d9-58ff-4ca9-9ce8-43a0ede1f6a6] succeeded in 0.5014519650012517s: 'Done'
[2021-09-01 16:13:58,391: INFO/ForkPoolWorker-1] concurrent_dispatcher.dispatch_concurrent[dd10a619-3642-47d1-adb6-c4bd2af9e9ff]: SMS sent to 0967704570. Data: {'name': 'Traci Morrison MD', 'email': 'derrickwheeler@example.net', 'phone': '0967704570', 'url': 'http://lawrence-torres.info/', 'type': 'sms'}
[2021-09-01 16:13:58,391: INFO/ForkPoolWorker-8] concurrent_dispatcher.dispatch_concurrent[382bd766-cbb4-4155-b3b6-0ac8b38332ee]: EMAIL sent to brownmichelle@example.net. Data: {'name': 'Donna Kelly', 'email': 'brownmichelle@example.net', 'phone': None, 'url': 'https://www.robinson.com/', 'type': 'email'}
[2021-09-01 16:13:58,391: INFO/ForkPoolWorker-11] concurrent_dispatcher.dispatch_concurrent[366201d1-13c2-421d-88c0-12960c88af38]: POST sent to http://www.cobb.org/. Data: {'name': 'Tina Young', 'email': 'perryjose@example.net', 'phone': '(162)131-5512', 'url': 'http://www.cobb.org/', 'type': 'post'}
[2021-09-01 16:13:58,392: INFO/ForkPoolWorker-8] Task concurrent_dispatcher.dispatch_concurrent[382bd766-cbb4-4155-b3b6-0ac8b38332ee] succeeded in 0.5016022389991122s: 'Done'
[2021-09-01 16:13:58,392: INFO/ForkPoolWorker-1] Task concurrent_dispatcher.dispatch_concurrent[dd10a619-3642-47d1-adb6-c4bd2af9e9ff] succeeded in 0.501613651000298s: 'Done'
[2021-09-01 16:13:58,392: INFO/ForkPoolWorker-11] Task concurrent_dispatcher.dispatch_concurrent[366201d1-13c2-421d-88c0-12960c88af38] succeeded in 0.5015857179987506s: 'Done'
[2021-09-01 16:13:58,397: ERROR/ForkPoolWorker-8] concurrent_dispatcher.dispatch_concurrent[1adaa688-ad71-4b9b-9ae5-6f010c4e9f62]: POST notifier *FAILED* [Invalid NAME or URL] @ {'name': 'Patricia Vincent', 'email': None, 'phone': '(021)107-2739x24514', 'url': None, 'type': 'post'}
[2021-09-01 16:13:58,397: ERROR/ForkPoolWorker-1] concurrent_dispatcher.dispatch_concurrent[dcb97daa-4e60-4ecf-8270-688ce472a105]: EMAIL notifier *FAILED* [Invalid NAME or EMAIL] @ {'name': 'Kaitlin Miles', 'email': None, 'phone': None, 'url': 'http://banks-atkins.info/', 'type': 'email'}
[2021-09-01 16:13:58,397: ERROR/ForkPoolWorker-11] concurrent_dispatcher.dispatch_concurrent[61354de9-a60e-4e21-bf4b-f07033071f50]: SMS notifier *FAILED*  [Invalid NAME or PHONE] @ {'name': 'Steven Foster', 'email': 'ndawson@example.org', 'phone': None, 'url': 'http://davis.biz/', 'type': 'sms'}
[2021-09-01 16:13:58,398: INFO/ForkPoolWorker-8] Task concurrent_dispatcher.dispatch_concurrent[1adaa688-ad71-4b9b-9ae5-6f010c4e9f62] succeeded in 0.0009858890007308219s: 'Done'
[2021-09-01 16:13:58,398: INFO/ForkPoolWorker-1] Task concurrent_dispatcher.dispatch_concurrent[dcb97daa-4e60-4ecf-8270-688ce472a105] succeeded in 0.0010170000005018665s: 'Done'
[2021-09-01 16:13:58,398: INFO/ForkPoolWorker-11] Task concurrent_dispatcher.dispatch_concurrent[61354de9-a60e-4e21-bf4b-f07033071f50] succeeded in 0.0010350309985369677s: 'Done'
[2021-09-01 16:13:58,402: INFO/MainProcess] Task concurrent_dispatcher.dispatch_concurrent[6bf15385-dc4c-4555-82f8-4c0cabfc2e02] received
[2021-09-01 16:13:58,411: INFO/ForkPoolWorker-13] concurrent_dispatcher.dispatch_concurrent[1cef4981-e5a0-438e-9fb8-4125814a38c3]: POST sent to http://www.shepard-jones.com/. Data: {'name': 'Ashley Russell', 'email': 'juansmith@example.org', 'phone': '079-300-1426', 'url': 'http://www.shepard-jones.com/', 'type': 'post'}
[2021-09-01 16:13:58,411: INFO/ForkPoolWorker-4] concurrent_dispatcher.dispatch_concurrent[6d5addb1-2caa-4dd5-a472-a2a14fd8f8fc]: POST sent to https://www.stout-bruce.com/. Data: {'name': 'Kenneth Wilkerson', 'email': 'logangray@example.org', 'phone': '315-445-5777x199', 'url': 'https://www.stout-bruce.com/', 'type': 'post'}
[2021-09-01 16:13:58,412: INFO/ForkPoolWorker-12] concurrent_dispatcher.dispatch_concurrent[465fc127-39ae-47f6-8b3a-a991e459e68b]: EMAIL sent to joshua84@example.org. Data: {'name': 'Donna Smith', 'email': 'joshua84@example.org', 'phone': '439-561-7806', 'url': 'https://hayes.org/', 'type': 'email'}
[2021-09-01 16:13:58,412: INFO/ForkPoolWorker-13] Task concurrent_dispatcher.dispatch_concurrent[1cef4981-e5a0-438e-9fb8-4125814a38c3] succeeded in 0.5009756970011949s: 'Done'
[2021-09-01 16:13:58,412: INFO/ForkPoolWorker-4] Task concurrent_dispatcher.dispatch_concurrent[6d5addb1-2caa-4dd5-a472-a2a14fd8f8fc] succeeded in 0.5008439330013061s: 'Done'
[2021-09-01 16:13:58,412: INFO/ForkPoolWorker-12] Task concurrent_dispatcher.dispatch_concurrent[465fc127-39ae-47f6-8b3a-a991e459e68b] succeeded in 0.5011585899992497s: 'Done'
[2021-09-01 16:13:58,412: INFO/ForkPoolWorker-5] concurrent_dispatcher.dispatch_concurrent[9035a616-a9d4-4a8a-b8c1-cda3e99452fa]: POST sent to https://www.wilson.biz/. Data: {'name': 'Edgar Fletcher', 'email': 'yhill@example.net', 'phone': '001-806-037-8167x3780', 'url': 'https://www.wilson.biz/', 'type': 'post'}
[2021-09-01 16:13:58,412: INFO/ForkPoolWorker-7] concurrent_dispatcher.dispatch_concurrent[eeec0587-aeaf-4704-a9e7-96c2f6bec0ef]: EMAIL sent to tamarareid@example.org. Data: {'name': 'Sarah Hernandez', 'email': 'tamarareid@example.org', 'phone': None, 'url': 'http://colon.com/', 'type': 'email'}
[2021-09-01 16:13:58,412: INFO/ForkPoolWorker-16] concurrent_dispatcher.dispatch_concurrent[0b0012f7-3657-4f73-a7da-8fc8825a7c2b]: EMAIL sent to scottashley@example.net. Data: {'name': 'Desiree Alexander', 'email': 'scottashley@example.net', 'phone': None, 'url': None, 'type': 'email'}
[2021-09-01 16:13:58,413: INFO/ForkPoolWorker-5] Task concurrent_dispatcher.dispatch_concurrent[9035a616-a9d4-4a8a-b8c1-cda3e99452fa] succeeded in 0.5012648129995796s: 'Done'
[2021-09-01 16:13:58,413: INFO/ForkPoolWorker-7] Task concurrent_dispatcher.dispatch_concurrent[eeec0587-aeaf-4704-a9e7-96c2f6bec0ef] succeeded in 0.5013081389988656s: 'Done'
[2021-09-01 16:13:58,413: INFO/ForkPoolWorker-16] Task concurrent_dispatcher.dispatch_concurrent[0b0012f7-3657-4f73-a7da-8fc8825a7c2b] succeeded in 0.5010175859988522s: 'Done'
[2021-09-01 16:13:58,413: INFO/ForkPoolWorker-14] concurrent_dispatcher.dispatch_concurrent[17e78279-a244-4eaf-bf05-2014172cd91e]: EMAIL sent to franklinheather@example.net. Data: {'name': 'Jeffrey Rice', 'email': 'franklinheather@example.net', 'phone': '074.829.0298x071', 'url': 'https://robbins.net/', 'type': 'email'}
[2021-09-01 16:13:58,413: INFO/MainProcess] Task concurrent_dispatcher.dispatch_concurrent[d9b44013-6e81-427f-8d03-5fc4ec1ee04b] received
[2021-09-01 16:13:58,413: INFO/ForkPoolWorker-3] concurrent_dispatcher.dispatch_concurrent[da3b7106-c91d-48ed-a171-b9f4fe4f0003]: EMAIL sent to millerrobert@example.net. Data: {'name': 'Elizabeth Miller', 'email': 'millerrobert@example.net', 'phone': '+1-267-037-3647x7380', 'url': 'http://www.page.com/', 'type': 'email'}
[2021-09-01 16:13:58,413: INFO/ForkPoolWorker-14] Task concurrent_dispatcher.dispatch_concurrent[17e78279-a244-4eaf-bf05-2014172cd91e] succeeded in 0.502277008999954s: 'Done'
[2021-09-01 16:13:58,414: INFO/ForkPoolWorker-3] Task concurrent_dispatcher.dispatch_concurrent[da3b7106-c91d-48ed-a171-b9f4fe4f0003] succeeded in 0.5025487950006209s: 'Done'
[2021-09-01 16:13:58,418: ERROR/ForkPoolWorker-14] concurrent_dispatcher.dispatch_concurrent[4e01c24f-376b-4020-86e6-2ebaa36be443]: EMAIL notifier *FAILED* [Invalid NAME or EMAIL] @ {'name': 'Timothy Washington', 'email': None, 'phone': '(756)846-0489x073', 'url': 'https://www.wong.com/', 'type': 'email'}
[2021-09-01 16:13:58,418: INFO/ForkPoolWorker-14] Task concurrent_dispatcher.dispatch_concurrent[4e01c24f-376b-4020-86e6-2ebaa36be443] succeeded in 0.0005772229997091927s: 'Done'
[2021-09-01 16:13:58,421: INFO/MainProcess] Task concurrent_dispatcher.dispatch_concurrent[8745d51c-74e7-4dd8-a227-16ed37db8a11] received
[2021-09-01 16:13:58,427: INFO/ForkPoolWorker-2] concurrent_dispatcher.dispatch_concurrent[f8f33aa4-82e4-42db-93e7-0befc2505804]: SMS sent to 227.650.1484. Data: {'name': 'Kelly Rasmussen', 'email': 'walkernathan@example.com', 'phone': '227.650.1484', 'url': None, 'type': 'sms'}
[2021-09-01 16:13:58,427: INFO/ForkPoolWorker-2] Task concurrent_dispatcher.dispatch_concurrent[f8f33aa4-82e4-42db-93e7-0befc2505804] succeeded in 0.5006351470001391s: 'Done'
[2021-09-01 16:13:58,427: INFO/ForkPoolWorker-15] concurrent_dispatcher.dispatch_concurrent[141985e5-f4f6-4a8e-a94f-1ed2cb8889fa]: POST sent to http://gomez.com/. Data: {'name': 'Colton Howell', 'email': 'millercarlos@example.org', 'phone': '001-608-654-2526x7604', 'url': 'http://gomez.com/', 'type': 'post'}
[2021-09-01 16:13:58,427: INFO/ForkPoolWorker-6] concurrent_dispatcher.dispatch_concurrent[08c1b297-b9ab-4430-a654-ed32bf703e90]: SMS sent to 001-446-754-7336x944. Data: {'name': 'Dustin Wilcox', 'email': 'zking@example.net', 'phone': '001-446-754-7336x944', 'url': 'https://www.escobar.com/', 'type': 'sms'}
[2021-09-01 16:13:58,427: INFO/ForkPoolWorker-6] Task concurrent_dispatcher.dispatch_concurrent[08c1b297-b9ab-4430-a654-ed32bf703e90] succeeded in 0.5009281140009989s: 'Done'
[2021-09-01 16:13:58,427: INFO/ForkPoolWorker-15] Task concurrent_dispatcher.dispatch_concurrent[141985e5-f4f6-4a8e-a94f-1ed2cb8889fa] succeeded in 0.5009303530005127s: 'Done'
[2021-09-01 16:13:58,430: INFO/MainProcess] Task concurrent_dispatcher.dispatch_concurrent[bbd79680-f278-44e7-b138-ca1a72cc1eab] received
[2021-09-01 16:13:58,432: INFO/MainProcess] Task concurrent_dispatcher.dispatch_concurrent[7d044bfc-0cf5-4a35-a355-1f694f56b291] received
[2021-09-01 16:13:58,436: INFO/MainProcess] Task concurrent_dispatcher.dispatch_concurrent[32900382-2c1c-4880-b653-965e63d8a35b] received
[2021-09-01 16:13:58,440: INFO/MainProcess] Task concurrent_dispatcher.dispatch_concurrent[3b7c0788-ba4d-4681-87c7-ec89a0bd482f] received
[2021-09-01 16:13:58,443: INFO/MainProcess] Task concurrent_dispatcher.dispatch_concurrent[8b909ca4-ea39-4e0a-8e0d-56e2ba21a0ac] received
[2021-09-01 16:13:58,445: INFO/MainProcess] Task concurrent_dispatcher.dispatch_concurrent[098ec86b-aa3c-4129-a808-6ae1e2ca8d8b] received
[2021-09-01 16:13:58,446: INFO/MainProcess] Task concurrent_dispatcher.dispatch_concurrent[55b42682-e0f5-4690-97d3-b665065446e7] received
[2021-09-01 16:13:58,447: INFO/MainProcess] Task concurrent_dispatcher.dispatch_concurrent[019461ea-2cd2-4c93-ab2e-080c24394b9f] received
[2021-09-01 16:13:58,449: INFO/MainProcess] Task concurrent_dispatcher.dispatch_concurrent[19f5c537-13e9-4044-afec-679abc0af322] received
