[2021-08-31 23:14:24,426: INFO/MainProcess] Connected to redis://guest@localhost:6379//
[2021-08-31 23:14:24,432: INFO/MainProcess] mingle: searching for neighbors
[2021-08-31 23:14:25,451: INFO/MainProcess] mingle: all alone
[2021-08-31 23:14:25,502: INFO/MainProcess] celery@habitat.net ready.
[2021-08-31 23:14:37,422: INFO/MainProcess] Task concurrent_dispatcher.dispatch_concurrent[10bc5575-9d3b-4909-9b34-d98114377994] received
[2021-08-31 23:14:37,424: INFO/MainProcess] Task concurrent_dispatcher.dispatch_concurrent[534cfe73-9f86-4b74-bf81-dcc770ae95b7] received
[2021-08-31 23:14:37,426: INFO/MainProcess] Task concurrent_dispatcher.dispatch_concurrent[8c4e76cb-e642-40ce-8979-609291fde722] received
[2021-08-31 23:14:37,428: INFO/MainProcess] Task concurrent_dispatcher.dispatch_concurrent[45b20341-7f6c-4d5f-a02c-01a6f0f31b44] received
[2021-08-31 23:14:37,429: INFO/ForkPoolWorker-10] concurrent_dispatcher.dispatch_concurrent[8c4e76cb-e642-40ce-8979-609291fde722]: POST notifier *FAILED* [Invalid NAME or URL] @ {'name': 'Barbara Donovan', 'email': 'richardhoffman@example.com', 'phone': '347-725-8534', 'url': None, 'type': 'post'}
[2021-08-31 23:14:37,430: INFO/ForkPoolWorker-10] Task concurrent_dispatcher.dispatch_concurrent[8c4e76cb-e642-40ce-8979-609291fde722] succeeded in 0.0008673440024722368s: 'Done'
[2021-08-31 23:14:37,430: INFO/MainProcess] Task concurrent_dispatcher.dispatch_concurrent[b14bdece-07e3-43c5-a8b1-11001d9f3147] received
[2021-08-31 23:14:37,434: INFO/MainProcess] Task concurrent_dispatcher.dispatch_concurrent[88033b03-bad7-484b-98f2-3be88ed0837b] received
[2021-08-31 23:14:37,436: INFO/ForkPoolWorker-11] concurrent_dispatcher.dispatch_concurrent[88033b03-bad7-484b-98f2-3be88ed0837b]: POST notifier *FAILED* [Invalid NAME or URL] @ {'name': 'Jesse Allen', 'email': 'meyermary@example.com', 'phone': '(822)066-7736x07441', 'url': None, 'type': 'post'}
[2021-08-31 23:14:37,437: INFO/ForkPoolWorker-11] Task concurrent_dispatcher.dispatch_concurrent[88033b03-bad7-484b-98f2-3be88ed0837b] succeeded in 0.0015046970002003945s: 'Done'
[2021-08-31 23:14:37,441: INFO/MainProcess] Task concurrent_dispatcher.dispatch_concurrent[a4b8a1b7-b567-4765-bcdc-930a2f9a5bda] received
[2021-08-31 23:14:37,443: INFO/MainProcess] Task concurrent_dispatcher.dispatch_concurrent[5a57f971-0c72-4b7b-b3fc-c4cddcb952b4] received
[2021-08-31 23:14:37,445: INFO/ForkPoolWorker-11] concurrent_dispatcher.dispatch_concurrent[a4b8a1b7-b567-4765-bcdc-930a2f9a5bda]: SMS notifier *FAILED*  [Invalid NAME or PHONE] @ {'name': 'Natalie Williamson', 'email': 'johngentry@example.org', 'phone': None, 'url': 'http://mayer.net/', 'type': 'sms'}
[2021-08-31 23:14:37,445: INFO/ForkPoolWorker-11] Task concurrent_dispatcher.dispatch_concurrent[a4b8a1b7-b567-4765-bcdc-930a2f9a5bda] succeeded in 0.0004236669992678799s: 'Done'
[2021-08-31 23:14:37,449: INFO/MainProcess] Task concurrent_dispatcher.dispatch_concurrent[6c702400-af9b-4de3-bbc4-321d99a1e08e] received
[2021-08-31 23:14:37,451: INFO/MainProcess] Task concurrent_dispatcher.dispatch_concurrent[3f2cd79b-a4a8-4b49-8200-e4ce956dda1a] received
[2021-08-31 23:14:37,452: INFO/ForkPoolWorker-12] concurrent_dispatcher.dispatch_concurrent[3f2cd79b-a4a8-4b49-8200-e4ce956dda1a]: SMS notifier *FAILED*  [Invalid NAME or PHONE] @ {'name': 'Linda Garrett', 'email': None, 'phone': None, 'url': 'http://www.perkins.biz/', 'type': 'sms'}
[2021-08-31 23:14:37,453: INFO/ForkPoolWorker-12] Task concurrent_dispatcher.dispatch_concurrent[3f2cd79b-a4a8-4b49-8200-e4ce956dda1a] succeeded in 0.0008312999998452142s: 'Done'
[2021-08-31 23:14:37,456: INFO/MainProcess] Task concurrent_dispatcher.dispatch_concurrent[b1df314c-9819-4373-9dfd-46ac7decda8d] received
[2021-08-31 23:14:37,458: INFO/MainProcess] Task concurrent_dispatcher.dispatch_concurrent[e70a45cd-1cc3-414a-9455-76e95fb4dd3a] received
[2021-08-31 23:14:37,462: INFO/MainProcess] Task concurrent_dispatcher.dispatch_concurrent[7d84009b-c9a4-41b2-86de-f2e2180b9f33] received
[2021-08-31 23:14:37,466: INFO/MainProcess] Task concurrent_dispatcher.dispatch_concurrent[d6771f06-2007-45b8-9b27-afffc3d5a8eb] received
[2021-08-31 23:14:37,469: INFO/MainProcess] Task concurrent_dispatcher.dispatch_concurrent[48affbad-215f-4f52-9dfd-1bb1c451d627] received
[2021-08-31 23:14:37,473: INFO/MainProcess] Task concurrent_dispatcher.dispatch_concurrent[a82cfa85-4918-4923-8cfa-a7ec3171acb0] received
[2021-08-31 23:14:37,475: INFO/ForkPoolWorker-15] concurrent_dispatcher.dispatch_concurrent[a82cfa85-4918-4923-8cfa-a7ec3171acb0]: SMS notifier *FAILED*  [Invalid NAME or PHONE] @ {'name': 'William Thompson', 'email': 'jeffrey17@example.org', 'phone': None, 'url': None, 'type': 'sms'}
[2021-08-31 23:14:37,475: INFO/ForkPoolWorker-15] Task concurrent_dispatcher.dispatch_concurrent[a82cfa85-4918-4923-8cfa-a7ec3171acb0] succeeded in 0.0012776139992638491s: 'Done'
[2021-08-31 23:14:37,476: INFO/MainProcess] Task concurrent_dispatcher.dispatch_concurrent[98aafa20-f886-4f93-9bd0-8e2a3acc6ec1] received
[2021-08-31 23:14:37,482: INFO/MainProcess] Task concurrent_dispatcher.dispatch_concurrent[d7efc312-6d51-456b-8904-29e688e598ca] received
[2021-08-31 23:14:37,487: INFO/MainProcess] Task concurrent_dispatcher.dispatch_concurrent[e4ed64d4-1bc1-4227-9584-d8a3fc488d97] received
[2021-08-31 23:14:37,490: INFO/MainProcess] Task concurrent_dispatcher.dispatch_concurrent[07403787-186e-42b7-82ba-bc328207be2f] received
[2021-08-31 23:14:37,493: INFO/MainProcess] Task concurrent_dispatcher.dispatch_concurrent[42f7ea3a-2e72-47d7-a411-2e5d3392f0b7] received
[2021-08-31 23:14:37,497: INFO/MainProcess] Task concurrent_dispatcher.dispatch_concurrent[f45634d4-f960-47ee-be7f-15782c03b030] received
[2021-08-31 23:14:37,502: INFO/MainProcess] Task concurrent_dispatcher.dispatch_concurrent[2272e3b6-ac8e-48b7-a36f-27d6e19beabd] received
[2021-08-31 23:14:37,504: INFO/MainProcess] Task concurrent_dispatcher.dispatch_concurrent[fc325252-9afe-4e9c-b7eb-c1de5d00fcf0] received
[2021-08-31 23:14:37,505: INFO/MainProcess] Task concurrent_dispatcher.dispatch_concurrent[02bc0b50-ffe2-4620-824b-bfa4c769a291] received
[2021-08-31 23:14:37,507: INFO/MainProcess] Task concurrent_dispatcher.dispatch_concurrent[3b471a76-4720-4e7b-84cb-97d5bdb45961] received
[2021-08-31 23:14:37,509: INFO/MainProcess] Task concurrent_dispatcher.dispatch_concurrent[99b823c3-d8ee-4f0e-80ab-b51ca2e448b0] received
[2021-08-31 23:14:37,511: INFO/MainProcess] Task concurrent_dispatcher.dispatch_concurrent[c50b0471-2d42-4cc4-86bd-2c4a9d7ea3b2] received
[2021-08-31 23:14:37,514: INFO/MainProcess] Task concurrent_dispatcher.dispatch_concurrent[4a48fbf0-4931-42bd-a1aa-23212c0da4a0] received
[2021-08-31 23:14:37,517: INFO/MainProcess] Task concurrent_dispatcher.dispatch_concurrent[adfbdedb-6f04-42d7-a4d0-a6ab88cf99b3] received
[2021-08-31 23:14:37,519: INFO/MainProcess] Task concurrent_dispatcher.dispatch_concurrent[874c5ff4-d83c-49ab-8105-a030219e30d3] received
[2021-08-31 23:14:37,521: INFO/MainProcess] Task concurrent_dispatcher.dispatch_concurrent[f711ede3-2552-4f46-ae05-da3b92e968fc] received
[2021-08-31 23:14:37,523: INFO/MainProcess] Task concurrent_dispatcher.dispatch_concurrent[c80a810f-5e0b-458f-9cb0-a844ed715bc7] received
[2021-08-31 23:14:37,525: INFO/MainProcess] Task concurrent_dispatcher.dispatch_concurrent[d97bee8e-37c8-4bf8-80fd-f3822df30d27] received
[2021-08-31 23:14:37,529: INFO/MainProcess] Task concurrent_dispatcher.dispatch_concurrent[3b6302ce-89f0-4d6d-9ff5-ec05c8574db0] received
[2021-08-31 23:14:37,531: INFO/MainProcess] Task concurrent_dispatcher.dispatch_concurrent[ada2f74f-bfa6-4d28-890f-13e68426a3bc] received
[2021-08-31 23:14:37,533: INFO/MainProcess] Task concurrent_dispatcher.dispatch_concurrent[2c16e556-5e03-43d8-b8e0-159de699c6b0] received
[2021-08-31 23:14:37,536: INFO/MainProcess] Task concurrent_dispatcher.dispatch_concurrent[65d526fb-f0ef-4bd2-80f1-31fcf10829b2] received
[2021-08-31 23:14:37,539: INFO/MainProcess] Task concurrent_dispatcher.dispatch_concurrent[9feeeb0b-1b36-4df5-a757-34dc00a29cdf] received
[2021-08-31 23:14:37,541: INFO/MainProcess] Task concurrent_dispatcher.dispatch_concurrent[6326f517-d813-42b8-b21d-7c729704c4f3] received
[2021-08-31 23:14:37,544: INFO/MainProcess] Task concurrent_dispatcher.dispatch_concurrent[eb25f434-f997-4359-883d-e313ea088fb6] received
[2021-08-31 23:14:37,548: INFO/MainProcess] Task concurrent_dispatcher.dispatch_concurrent[9035603b-438e-4f99-9d21-886126c6296b] received
[2021-08-31 23:14:37,550: INFO/MainProcess] Task concurrent_dispatcher.dispatch_concurrent[489f9b04-d7ab-41a2-9880-d3eb9fbbaacb] received
[2021-08-31 23:14:37,553: INFO/MainProcess] Task concurrent_dispatcher.dispatch_concurrent[3e79a260-9a10-43df-89d6-9fab485010e1] received
[2021-08-31 23:14:37,555: INFO/MainProcess] Task concurrent_dispatcher.dispatch_concurrent[3f721c86-1d25-4871-8fc3-7a9b53676895] received
[2021-08-31 23:14:37,557: INFO/MainProcess] Task concurrent_dispatcher.dispatch_concurrent[dbf6dbfc-6526-455f-a915-a320c94c0732] received
[2021-08-31 23:14:37,559: INFO/MainProcess] Task concurrent_dispatcher.dispatch_concurrent[0a70aed4-dcd5-4333-acd5-106bee022571] received
[2021-08-31 23:14:37,563: INFO/MainProcess] Task concurrent_dispatcher.dispatch_concurrent[2bdf6791-7815-4c8b-9969-80a871824c9c] received
[2021-08-31 23:14:37,566: INFO/MainProcess] Task concurrent_dispatcher.dispatch_concurrent[86b5c593-b912-4c8e-ba87-e8fbe248978e] received
[2021-08-31 23:14:37,569: INFO/MainProcess] Task concurrent_dispatcher.dispatch_concurrent[9b0c2005-b85d-4e7b-98f4-cc2cee244359] received
[2021-08-31 23:14:37,570: INFO/MainProcess] Task concurrent_dispatcher.dispatch_concurrent[028e0def-b9eb-4425-9e32-58c3f967c735] received
[2021-08-31 23:14:37,572: INFO/MainProcess] Task concurrent_dispatcher.dispatch_concurrent[f4dbcb75-801e-444a-9016-7f4c58fc4333] received
[2021-08-31 23:14:37,574: INFO/MainProcess] Task concurrent_dispatcher.dispatch_concurrent[61f359ef-add0-42e3-bf9d-d23e5ee88376] received
[2021-08-31 23:14:37,577: INFO/MainProcess] Task concurrent_dispatcher.dispatch_concurrent[40d54e4f-40a9-4cb3-ab5e-3835e8679419] received
[2021-08-31 23:14:37,580: INFO/MainProcess] Task concurrent_dispatcher.dispatch_concurrent[d4ab1c52-92b2-4fe2-842b-049105ca9c64] received
[2021-08-31 23:14:37,582: INFO/MainProcess] Task concurrent_dispatcher.dispatch_concurrent[4ef78424-8e98-4653-8f51-f453340b81e7] received
[2021-08-31 23:14:37,584: INFO/MainProcess] Task concurrent_dispatcher.dispatch_concurrent[3153da29-a2f2-4cc0-9406-b6bed7ba5bdb] received
[2021-08-31 23:14:37,588: INFO/MainProcess] Task concurrent_dispatcher.dispatch_concurrent[5c1c05a6-ce90-49e4-a119-52936c932bad] received
[2021-08-31 23:14:37,591: INFO/MainProcess] Task concurrent_dispatcher.dispatch_concurrent[34969950-6d72-441c-97e6-4370be4569b6] received
[2021-08-31 23:14:37,593: INFO/MainProcess] Task concurrent_dispatcher.dispatch_concurrent[e4c249c6-2bdd-4fcc-a276-db4a83f3085f] received
[2021-08-31 23:14:37,597: INFO/MainProcess] Task concurrent_dispatcher.dispatch_concurrent[787121e8-fb7e-44b2-b181-9e4a8a841987] received
[2021-08-31 23:14:37,599: INFO/MainProcess] Task concurrent_dispatcher.dispatch_concurrent[510aed09-23a7-4685-8973-d1f67ed632a6] received
[2021-08-31 23:14:37,601: INFO/MainProcess] Task concurrent_dispatcher.dispatch_concurrent[29acbc77-1285-45e6-afdf-6e4361130a86] received
[2021-08-31 23:14:37,603: INFO/MainProcess] Task concurrent_dispatcher.dispatch_concurrent[42cbca54-8491-49d3-b61f-45c93b1be5b0] received
[2021-08-31 23:14:37,605: INFO/MainProcess] Task concurrent_dispatcher.dispatch_concurrent[6fe08171-48a5-444d-af2f-00479c7d30f0] received
[2021-08-31 23:14:37,608: INFO/MainProcess] Task concurrent_dispatcher.dispatch_concurrent[61d7c8b7-5e58-4521-9559-8cc5674f6f08] received
[2021-08-31 23:14:37,610: INFO/MainProcess] Task concurrent_dispatcher.dispatch_concurrent[e9e69592-e409-49e4-8b12-23a0d85ba70c] received
[2021-08-31 23:14:37,614: INFO/MainProcess] Task concurrent_dispatcher.dispatch_concurrent[3929c45f-29a1-4d6c-8a7d-ed7faab1186b] received
[2021-08-31 23:14:37,616: INFO/MainProcess] Task concurrent_dispatcher.dispatch_concurrent[1b0f3672-2c3b-4cc2-975e-bcd3120bd9bf] received
[2021-08-31 23:14:37,618: INFO/MainProcess] Task concurrent_dispatcher.dispatch_concurrent[87325944-7336-4461-9805-596747bee55f] received
[2021-08-31 23:14:37,620: INFO/MainProcess] Task concurrent_dispatcher.dispatch_concurrent[8ffc75b5-8472-4654-9691-c7f4de4549ad] received
[2021-08-31 23:14:37,622: INFO/MainProcess] Task concurrent_dispatcher.dispatch_concurrent[a67e8d15-e7d0-4b1f-a01f-99f5dbcdbb10] received
[2021-08-31 23:14:37,625: INFO/MainProcess] Task concurrent_dispatcher.dispatch_concurrent[984722c9-970b-4247-bb8e-a8ae7cfe2a0a] received
[2021-08-31 23:14:37,628: INFO/MainProcess] Task concurrent_dispatcher.dispatch_concurrent[63543349-9ce8-4268-b82b-6d66d305b004] received
[2021-08-31 23:14:37,630: INFO/MainProcess] Task concurrent_dispatcher.dispatch_concurrent[a702de45-8109-4038-8351-e9e5d3000548] received
[2021-08-31 23:14:37,634: INFO/MainProcess] Task concurrent_dispatcher.dispatch_concurrent[8696997d-ca4b-4ff7-8fa2-1dc46f45b7cc] received
[2021-08-31 23:14:37,636: INFO/MainProcess] Task concurrent_dispatcher.dispatch_concurrent[c6fc7f1d-8845-453d-a29c-6b82606a083e] received
[2021-08-31 23:14:37,639: INFO/MainProcess] Task concurrent_dispatcher.dispatch_concurrent[bddcbab7-129b-47ac-a24f-9f18e7e8761a] received
[2021-08-31 23:14:37,641: INFO/MainProcess] Task concurrent_dispatcher.dispatch_concurrent[e0ef188a-b027-450c-a0ec-567d8a6dbedd] received
[2021-08-31 23:14:37,645: INFO/MainProcess] Task concurrent_dispatcher.dispatch_concurrent[2e10b19a-aa8f-4b48-b76c-b17e30b1f9a1] received
[2021-08-31 23:14:37,649: INFO/MainProcess] Task concurrent_dispatcher.dispatch_concurrent[bbfa6bfd-60bd-4c94-b478-5098f6673269] received
[2021-08-31 23:14:37,651: INFO/MainProcess] Task concurrent_dispatcher.dispatch_concurrent[121cb322-b326-48a7-84be-cc7f2d7bee8e] received
[2021-08-31 23:14:37,653: INFO/MainProcess] Task concurrent_dispatcher.dispatch_concurrent[9be16822-5e2f-4df7-97e9-b29755c14c94] received
[2021-08-31 23:14:37,654: INFO/MainProcess] Task concurrent_dispatcher.dispatch_concurrent[35c06eaa-88d7-430c-808e-0ee16254f9af] received
[2021-08-31 23:14:37,657: INFO/MainProcess] Task concurrent_dispatcher.dispatch_concurrent[8139c1bc-a109-4343-8a4c-66fae41423d5] received
[2021-08-31 23:14:37,926: INFO/ForkPoolWorker-9] concurrent_dispatcher.dispatch_concurrent[534cfe73-9f86-4b74-bf81-dcc770ae95b7]: EMAIL sent to rpope@example.com. Data: {'name': 'Jonathan Green', 'email': 'rpope@example.com', 'phone': '(245)765-5361x8165', 'url': None, 'type': 'email'}
[2021-08-31 23:14:37,926: INFO/ForkPoolWorker-8] concurrent_dispatcher.dispatch_concurrent[10bc5575-9d3b-4909-9b34-d98114377994]: EMAIL sent to annagregory@example.org. Data: {'name': 'Brent Valdez', 'email': 'annagregory@example.org', 'phone': '139.386.6589', 'url': 'https://ayers-perry.com/', 'type': 'email'}
[2021-08-31 23:14:37,927: INFO/ForkPoolWorker-8] Task concurrent_dispatcher.dispatch_concurrent[10bc5575-9d3b-4909-9b34-d98114377994] succeeded in 0.5019179570008419s: 'Done'
[2021-08-31 23:14:37,927: INFO/ForkPoolWorker-9] Task concurrent_dispatcher.dispatch_concurrent[534cfe73-9f86-4b74-bf81-dcc770ae95b7] succeeded in 0.5018538439981057s: 'Done'
[2021-08-31 23:14:37,930: INFO/ForkPoolWorker-1] concurrent_dispatcher.dispatch_concurrent[45b20341-7f6c-4d5f-a02c-01a6f0f31b44]: POST sent to https://www.nunez.com/. Data: {'name': 'Stephanie Martin', 'email': 'rodriguezstephanie@example.org', 'phone': '001-621-651-0995x703', 'url': 'https://www.nunez.com/', 'type': 'post'}
[2021-08-31 23:14:37,931: INFO/ForkPoolWorker-1] Task concurrent_dispatcher.dispatch_concurrent[45b20341-7f6c-4d5f-a02c-01a6f0f31b44] succeeded in 0.5023009739961708s: 'Done'
[2021-08-31 23:14:37,936: INFO/ForkPoolWorker-10] concurrent_dispatcher.dispatch_concurrent[b14bdece-07e3-43c5-a8b1-11001d9f3147]: SMS sent to +1-958-907-7622x38111. Data: {'name': 'Yvonne Austin', 'email': 'zsanchez@example.com', 'phone': '+1-958-907-7622x38111', 'url': 'https://weaver.com/', 'type': 'sms'}
[2021-08-31 23:14:37,937: INFO/ForkPoolWorker-10] Task concurrent_dispatcher.dispatch_concurrent[b14bdece-07e3-43c5-a8b1-11001d9f3147] succeeded in 0.5016485470041516s: 'Done'
[2021-08-31 23:14:37,937: INFO/MainProcess] Task concurrent_dispatcher.dispatch_concurrent[1bcf7e83-7b4e-4ecc-ac62-b183c3ff9242] received
[2021-08-31 23:14:37,941: INFO/MainProcess] Task concurrent_dispatcher.dispatch_concurrent[62885391-39bb-449e-a4e5-42198a175644] received
[2021-08-31 23:14:37,947: INFO/ForkPoolWorker-2] concurrent_dispatcher.dispatch_concurrent[5a57f971-0c72-4b7b-b3fc-c4cddcb952b4]: EMAIL sent to andreaabbott@example.net. Data: {'name': 'Annette Carrillo', 'email': 'andreaabbott@example.net', 'phone': '852-061-5883', 'url': 'https://thomas-martinez.com/', 'type': 'email'}
[2021-08-31 23:14:37,949: INFO/ForkPoolWorker-2] Task concurrent_dispatcher.dispatch_concurrent[5a57f971-0c72-4b7b-b3fc-c4cddcb952b4] succeeded in 0.5041978450026363s: 'Done'
[2021-08-31 23:14:37,950: INFO/MainProcess] Task concurrent_dispatcher.dispatch_concurrent[8314c418-d74c-4d87-968c-66ed861d424d] received
[2021-08-31 23:14:37,953: INFO/MainProcess] Task concurrent_dispatcher.dispatch_concurrent[0d2958d4-c837-4937-8ea7-7d7711fabfe1] received
[2021-08-31 23:14:37,953: INFO/ForkPoolWorker-11] concurrent_dispatcher.dispatch_concurrent[6c702400-af9b-4de3-bbc4-321d99a1e08e]: EMAIL sent to walterwilson@example.net. Data: {'name': 'Tyler Malone', 'email': 'walterwilson@example.net', 'phone': '001-808-223-5608', 'url': 'http://www.wilson.com/', 'type': 'email'}
[2021-08-31 23:14:37,953: INFO/ForkPoolWorker-11] Task concurrent_dispatcher.dispatch_concurrent[6c702400-af9b-4de3-bbc4-321d99a1e08e] succeeded in 0.5015001729989308s: 'Done'
[2021-08-31 23:14:37,955: INFO/ForkPoolWorker-2] concurrent_dispatcher.dispatch_concurrent[99b823c3-d8ee-4f0e-80ab-b51ca2e448b0]: SMS notifier *FAILED*  [Invalid NAME or PHONE] @ {'name': 'Cameron Leon', 'email': 'smiththeresa@example.net', 'phone': None, 'url': 'https://www.owens.biz/', 'type': 'sms'}
[2021-08-31 23:14:37,955: INFO/ForkPoolWorker-2] Task concurrent_dispatcher.dispatch_concurrent[99b823c3-d8ee-4f0e-80ab-b51ca2e448b0] succeeded in 0.00049969300016528s: 'Done'
[2021-08-31 23:14:37,961: INFO/ForkPoolWorker-12] concurrent_dispatcher.dispatch_concurrent[b1df314c-9819-4373-9dfd-46ac7decda8d]: EMAIL sent to brian67@example.org. Data: {'name': 'Mary Romero', 'email': 'brian67@example.org', 'phone': '001-715-329-2795x89468', 'url': 'https://dunlap-vargas.org/', 'type': 'email'}
[2021-08-31 23:14:37,961: INFO/ForkPoolWorker-13] concurrent_dispatcher.dispatch_concurrent[e70a45cd-1cc3-414a-9455-76e95fb4dd3a]: SMS sent to 1342777405. Data: {'name': 'Karen Patrick', 'email': 'gilbertdebbie@example.com', 'phone': '1342777405', 'url': 'http://spence.net/', 'type': 'sms'}
[2021-08-31 23:14:37,962: INFO/ForkPoolWorker-12] Task concurrent_dispatcher.dispatch_concurrent[b1df314c-9819-4373-9dfd-46ac7decda8d] succeeded in 0.5021544729970628s: 'Done'
[2021-08-31 23:14:37,962: INFO/ForkPoolWorker-13] Task concurrent_dispatcher.dispatch_concurrent[e70a45cd-1cc3-414a-9455-76e95fb4dd3a] succeeded in 0.5020053980042576s: 'Done'
[2021-08-31 23:14:37,965: INFO/MainProcess] Task concurrent_dispatcher.dispatch_concurrent[2d742757-e190-44e2-9fd3-4fe30eceeab9] received
[2021-08-31 23:14:37,968: INFO/ForkPoolWorker-3] concurrent_dispatcher.dispatch_concurrent[7d84009b-c9a4-41b2-86de-f2e2180b9f33]: POST sent to http://www.delacruz.net/. Data: {'name': 'Laurie White', 'email': 'jeffmckinney@example.org', 'phone': '+1-116-429-6920x5162', 'url': 'http://www.delacruz.net/', 'type': 'post'}
[2021-08-31 23:14:37,970: INFO/MainProcess] Task concurrent_dispatcher.dispatch_concurrent[b8da9794-58be-40fd-86a9-eab9848824c3] received
[2021-08-31 23:14:37,969: INFO/ForkPoolWorker-3] Task concurrent_dispatcher.dispatch_concurrent[7d84009b-c9a4-41b2-86de-f2e2180b9f33] succeeded in 0.5016618159934296s: 'Done'
[2021-08-31 23:14:37,971: INFO/ForkPoolWorker-14] concurrent_dispatcher.dispatch_concurrent[d6771f06-2007-45b8-9b27-afffc3d5a8eb]: POST sent to https://richardson.com/. Data: {'name': 'Michael Thornton', 'email': 'angelanovak@example.net', 'phone': '+1-362-166-2771x439', 'url': 'https://richardson.com/', 'type': 'post'}
[2021-08-31 23:14:37,972: INFO/ForkPoolWorker-14] Task concurrent_dispatcher.dispatch_concurrent[d6771f06-2007-45b8-9b27-afffc3d5a8eb] succeeded in 0.5043053710032837s: 'Done'
[2021-08-31 23:14:37,975: INFO/ForkPoolWorker-4] concurrent_dispatcher.dispatch_concurrent[48affbad-215f-4f52-9dfd-1bb1c451d627]: POST sent to http://neal.info/. Data: {'name': 'Janet Ross', 'email': 'amber72@example.net', 'phone': None, 'url': 'http://neal.info/', 'type': 'post'}
[2021-08-31 23:14:37,976: INFO/ForkPoolWorker-4] Task concurrent_dispatcher.dispatch_concurrent[48affbad-215f-4f52-9dfd-1bb1c451d627] succeeded in 0.5016490799971507s: 'Done'
[2021-08-31 23:14:37,980: INFO/ForkPoolWorker-13] concurrent_dispatcher.dispatch_concurrent[adfbdedb-6f04-42d7-a4d0-a6ab88cf99b3]: SMS notifier *FAILED*  [Invalid NAME or PHONE] @ {'name': 'Mallory Cooley', 'email': 'gambleevan@example.com', 'phone': None, 'url': None, 'type': 'sms'}
[2021-08-31 23:14:37,981: INFO/ForkPoolWorker-13] Task concurrent_dispatcher.dispatch_concurrent[adfbdedb-6f04-42d7-a4d0-a6ab88cf99b3] succeeded in 0.0012549599996418692s: 'Done'
[2021-08-31 23:14:37,984: INFO/ForkPoolWorker-15] concurrent_dispatcher.dispatch_concurrent[98aafa20-f886-4f93-9bd0-8e2a3acc6ec1]: POST sent to http://www.price-wilcox.biz/. Data: {'name': 'Stephanie Lawrence', 'email': 'jacobhaas@example.org', 'phone': '(102)411-6899x9051', 'url': 'http://www.price-wilcox.biz/', 'type': 'post'}
[2021-08-31 23:14:37,984: INFO/ForkPoolWorker-15] Task concurrent_dispatcher.dispatch_concurrent[98aafa20-f886-4f93-9bd0-8e2a3acc6ec1] succeeded in 0.5011737139939214s: 'Done'
[2021-08-31 23:14:37,984: INFO/ForkPoolWorker-16] concurrent_dispatcher.dispatch_concurrent[d7efc312-6d51-456b-8904-29e688e598ca]: POST sent to https://martinez.com/. Data: {'name': 'Ian Grimes', 'email': 'robertmitchell@example.com', 'phone': '001-833-041-4443x33362', 'url': 'https://martinez.com/', 'type': 'post'}
[2021-08-31 23:14:37,986: INFO/ForkPoolWorker-16] Task concurrent_dispatcher.dispatch_concurrent[d7efc312-6d51-456b-8904-29e688e598ca] succeeded in 0.5023812869985704s: 'Done'
[2021-08-31 23:14:37,990: INFO/ForkPoolWorker-5] concurrent_dispatcher.dispatch_concurrent[e4ed64d4-1bc1-4227-9584-d8a3fc488d97]: SMS sent to (701)184-5522x920. Data: {'name': 'Roger Hardy', 'email': 'sullivanchristopher@example.org', 'phone': '(701)184-5522x920', 'url': 'https://www.archer.com/', 'type': 'sms'}
[2021-08-31 23:14:37,991: INFO/ForkPoolWorker-5] Task concurrent_dispatcher.dispatch_concurrent[e4ed64d4-1bc1-4227-9584-d8a3fc488d97] succeeded in 0.5020316059963079s: 'Done'
[2021-08-31 23:14:37,992: INFO/MainProcess] Task concurrent_dispatcher.dispatch_concurrent[57497f21-bf2b-4235-9fa7-e981efe368f6] received
[2021-08-31 23:14:37,994: INFO/ForkPoolWorker-15] concurrent_dispatcher.dispatch_concurrent[3b6302ce-89f0-4d6d-9ff5-ec05c8574db0]: POST notifier *FAILED* [Invalid NAME or URL] @ {'name': 'Carolyn Smith', 'email': 'rhonda80@example.org', 'phone': '001-674-127-7112x667', 'url': None, 'type': 'post'}
[2021-08-31 23:14:37,995: INFO/ForkPoolWorker-15] Task concurrent_dispatcher.dispatch_concurrent[3b6302ce-89f0-4d6d-9ff5-ec05c8574db0] succeeded in 0.0008407650020672008s: 'Done'
[2021-08-31 23:14:37,996: INFO/ForkPoolWorker-6] concurrent_dispatcher.dispatch_concurrent[07403787-186e-42b7-82ba-bc328207be2f]: POST sent to http://ford-hernandez.biz/. Data: {'name': 'Antonio Chambers', 'email': None, 'phone': '(931)911-1606', 'url': 'http://ford-hernandez.biz/', 'type': 'post'}
[2021-08-31 23:14:37,996: INFO/ForkPoolWorker-7] concurrent_dispatcher.dispatch_concurrent[42f7ea3a-2e72-47d7-a411-2e5d3392f0b7]: EMAIL sent to stevencurtis@example.com. Data: {'name': 'Eric Nguyen', 'email': 'stevencurtis@example.com', 'phone': '001-328-336-5676', 'url': 'http://www.jimenez-griffith.com/', 'type': 'email'}
[2021-08-31 23:14:37,997: INFO/ForkPoolWorker-7] Task concurrent_dispatcher.dispatch_concurrent[42f7ea3a-2e72-47d7-a411-2e5d3392f0b7] succeeded in 0.5027083250024589s: 'Done'
[2021-08-31 23:14:37,997: INFO/ForkPoolWorker-6] Task concurrent_dispatcher.dispatch_concurrent[07403787-186e-42b7-82ba-bc328207be2f] succeeded in 0.5026856490003411s: 'Done'
[2021-08-31 23:14:38,006: INFO/MainProcess] Task concurrent_dispatcher.dispatch_concurrent[0825deb9-5f09-4759-b501-13867ef879fa] received
[2021-08-31 23:14:38,009: INFO/MainProcess] Task concurrent_dispatcher.dispatch_concurrent[cf2218be-a972-4c83-addb-b5e786a42e73] received
[2021-08-31 23:14:38,018: INFO/MainProcess] Task concurrent_dispatcher.dispatch_concurrent[a45a8758-f791-4bc3-8412-05ef13476a75] received
[2021-08-31 23:14:38,021: INFO/MainProcess] Task concurrent_dispatcher.dispatch_concurrent[159735a5-7e92-46cb-9c67-7acd2f2ec2e2] received
[2021-08-31 23:14:38,024: INFO/MainProcess] Task concurrent_dispatcher.dispatch_concurrent[61e941bb-91a3-4110-87a0-33558b5cd15e] received
[2021-08-31 23:14:38,026: INFO/MainProcess] Task concurrent_dispatcher.dispatch_concurrent[55432114-e823-4ba5-85e5-39080a6fe140] received
[2021-08-31 23:14:38,031: INFO/MainProcess] Task concurrent_dispatcher.dispatch_concurrent[1d50d880-ba4d-49df-99cc-0e9230755fad] received
[2021-08-31 23:14:38,033: INFO/MainProcess] Task concurrent_dispatcher.dispatch_concurrent[4eea798a-d77f-4ea9-81a3-f6f36eee0dfd] received
[2021-08-31 23:14:38,035: INFO/MainProcess] Task concurrent_dispatcher.dispatch_concurrent[9123912b-31dd-478c-8f9d-3a1c5a36decd] received
[2021-08-31 23:14:38,037: INFO/MainProcess] Task concurrent_dispatcher.dispatch_concurrent[ef51c816-6667-4ad0-bb47-0b417ff826b0] received
[2021-08-31 23:14:38,041: INFO/MainProcess] Task concurrent_dispatcher.dispatch_concurrent[294acc53-e1bb-44b9-bdba-bf2481780e53] received
[2021-08-31 23:14:38,044: INFO/MainProcess] Task concurrent_dispatcher.dispatch_concurrent[40bd9f59-51e4-4f41-b0e6-ecffaecf85ba] received
[2021-08-31 23:14:38,431: INFO/ForkPoolWorker-9] concurrent_dispatcher.dispatch_concurrent[2272e3b6-ac8e-48b7-a36f-27d6e19beabd]: SMS sent to (884)919-6815. Data: {'name': 'Kaitlyn Smith', 'email': None, 'phone': '(884)919-6815', 'url': None, 'type': 'sms'}
[2021-08-31 23:14:38,431: INFO/ForkPoolWorker-8] concurrent_dispatcher.dispatch_concurrent[f45634d4-f960-47ee-be7f-15782c03b030]: POST sent to http://hamilton.info/. Data: {'name': 'Ann Ramirez', 'email': 'sescobar@example.net', 'phone': '+1-293-028-6866', 'url': 'http://hamilton.info/', 'type': 'post'}
[2021-08-31 23:14:38,432: INFO/ForkPoolWorker-8] Task concurrent_dispatcher.dispatch_concurrent[f45634d4-f960-47ee-be7f-15782c03b030] succeeded in 0.501760134997312s: 'Done'
[2021-08-31 23:14:38,432: INFO/ForkPoolWorker-9] Task concurrent_dispatcher.dispatch_concurrent[2272e3b6-ac8e-48b7-a36f-27d6e19beabd] succeeded in 0.5016935099993134s: 'Done'
[2021-08-31 23:14:38,436: INFO/ForkPoolWorker-8] concurrent_dispatcher.dispatch_concurrent[eb25f434-f997-4359-883d-e313ea088fb6]: SMS notifier *FAILED*  [Invalid NAME or PHONE] @ {'name': 'Stephanie Kramer', 'email': 'justinrios@example.org', 'phone': None, 'url': 'http://shaw-gilbert.com/', 'type': 'sms'}
[2021-08-31 23:14:38,436: INFO/ForkPoolWorker-1] concurrent_dispatcher.dispatch_concurrent[fc325252-9afe-4e9c-b7eb-c1de5d00fcf0]: SMS sent to (222)754-9143. Data: {'name': 'Christina Cooke DDS', 'email': 'candice50@example.net', 'phone': '(222)754-9143', 'url': 'https://www.villa-hernandez.com/', 'type': 'sms'}
[2021-08-31 23:14:38,437: INFO/ForkPoolWorker-1] Task concurrent_dispatcher.dispatch_concurrent[fc325252-9afe-4e9c-b7eb-c1de5d00fcf0] succeeded in 0.5014668179937871s: 'Done'
[2021-08-31 23:14:38,437: INFO/ForkPoolWorker-8] Task concurrent_dispatcher.dispatch_concurrent[eb25f434-f997-4359-883d-e313ea088fb6] succeeded in 0.0012068599971826188s: 'Done'
[2021-08-31 23:14:38,443: INFO/ForkPoolWorker-10] concurrent_dispatcher.dispatch_concurrent[02bc0b50-ffe2-4620-824b-bfa4c769a291]: POST sent to https://www.barber.com/. Data: {'name': 'Kevin Acevedo', 'email': 'kingmary@example.net', 'phone': '839.573.5815x8362', 'url': 'https://www.barber.com/', 'type': 'post'}
[2021-08-31 23:14:38,444: INFO/ForkPoolWorker-10] Task concurrent_dispatcher.dispatch_concurrent[02bc0b50-ffe2-4620-824b-bfa4c769a291] succeeded in 0.5015206430034596s: 'Done'
[2021-08-31 23:14:38,448: INFO/MainProcess] Task concurrent_dispatcher.dispatch_concurrent[cd907a94-1cbd-4f3c-b9df-c4a5c938d4ee] received
[2021-08-31 23:14:38,454: INFO/MainProcess] Task concurrent_dispatcher.dispatch_concurrent[18729b3a-2024-4f88-8f4b-a055c8204893] received
[2021-08-31 23:14:38,455: INFO/ForkPoolWorker-11] concurrent_dispatcher.dispatch_concurrent[3b471a76-4720-4e7b-84cb-97d5bdb45961]: POST sent to https://www.davenport.info/. Data: {'name': 'Alicia Tyler', 'email': 'ojones@example.net', 'phone': '+1-839-434-9458x4838', 'url': 'https://www.davenport.info/', 'type': 'post'}
[2021-08-31 23:14:38,456: INFO/ForkPoolWorker-11] Task concurrent_dispatcher.dispatch_concurrent[3b471a76-4720-4e7b-84cb-97d5bdb45961] succeeded in 0.5014806920007686s: 'Done'
[2021-08-31 23:14:38,467: INFO/ForkPoolWorker-2] concurrent_dispatcher.dispatch_concurrent[c50b0471-2d42-4cc4-86bd-2c4a9d7ea3b2]: EMAIL sent to fraziercynthia@example.com. Data: {'name': 'Caroline Brown', 'email': 'fraziercynthia@example.com', 'phone': '+1-862-968-1276x1696', 'url': 'https://jensen-johnson.net/', 'type': 'email'}
[2021-08-31 23:14:38,468: INFO/ForkPoolWorker-2] Task concurrent_dispatcher.dispatch_concurrent[c50b0471-2d42-4cc4-86bd-2c4a9d7ea3b2] succeeded in 0.5015161859992077s: 'Done'
[2021-08-31 23:14:38,471: INFO/MainProcess] Task concurrent_dispatcher.dispatch_concurrent[e848386f-b043-44cd-a850-f3c2ec8bc0e4] received
[2021-08-31 23:14:38,476: INFO/MainProcess] Task concurrent_dispatcher.dispatch_concurrent[4439bc2d-d4a6-44e5-8ac9-3d7e601ca996] received
[2021-08-31 23:14:38,479: INFO/ForkPoolWorker-2] concurrent_dispatcher.dispatch_concurrent[0a70aed4-dcd5-4333-acd5-106bee022571]: EMAIL notifier *FAILED* [Invalid NAME or EMAIL] @ {'name': 'Laura Johnston', 'email': None, 'phone': '(432)616-4576', 'url': 'http://peterson.biz/', 'type': 'email'}
[2021-08-31 23:14:38,480: INFO/ForkPoolWorker-2] Task concurrent_dispatcher.dispatch_concurrent[0a70aed4-dcd5-4333-acd5-106bee022571] succeeded in 0.0008459370001219213s: 'Done'
[2021-08-31 23:14:38,480: INFO/ForkPoolWorker-12] concurrent_dispatcher.dispatch_concurrent[4a48fbf0-4931-42bd-a1aa-23212c0da4a0]: SMS sent to 638.149.0369x330. Data: {'name': 'Janet Mckee', 'email': 'derekduncan@example.org', 'phone': '638.149.0369x330', 'url': 'http://scott.com/', 'type': 'sms'}
[2021-08-31 23:14:38,480: INFO/ForkPoolWorker-3] concurrent_dispatcher.dispatch_concurrent[874c5ff4-d83c-49ab-8105-a030219e30d3]: POST sent to http://www.taylor-miller.com/. Data: {'name': 'Steven Ruiz', 'email': 'chad32@example.org', 'phone': '001-968-595-1926x86351', 'url': 'http://www.taylor-miller.com/', 'type': 'post'}
[2021-08-31 23:14:38,480: INFO/ForkPoolWorker-14] concurrent_dispatcher.dispatch_concurrent[f711ede3-2552-4f46-ae05-da3b92e968fc]: SMS sent to +1-057-729-1980x6236. Data: {'name': 'Sharon Knapp', 'email': 'vjohnson@example.com', 'phone': '+1-057-729-1980x6236', 'url': 'https://roberts-blair.net/', 'type': 'sms'}
[2021-08-31 23:14:38,481: INFO/ForkPoolWorker-12] Task concurrent_dispatcher.dispatch_concurrent[4a48fbf0-4931-42bd-a1aa-23212c0da4a0] succeeded in 0.5015317230063374s: 'Done'
[2021-08-31 23:14:38,481: INFO/ForkPoolWorker-3] Task concurrent_dispatcher.dispatch_concurrent[874c5ff4-d83c-49ab-8105-a030219e30d3] succeeded in 0.5014555020025s: 'Done'
[2021-08-31 23:14:38,481: INFO/ForkPoolWorker-14] Task concurrent_dispatcher.dispatch_concurrent[f711ede3-2552-4f46-ae05-da3b92e968fc] succeeded in 0.5012315720014158s: 'Done'
[2021-08-31 23:14:38,483: INFO/MainProcess] Task concurrent_dispatcher.dispatch_concurrent[dd151084-39ee-418f-a107-0300a07e5a54] received
[2021-08-31 23:14:38,487: INFO/MainProcess] Task concurrent_dispatcher.dispatch_concurrent[9404a7d6-12fe-45ec-8f2d-739e535f4242] received
[2021-08-31 23:14:38,491: INFO/MainProcess] Task concurrent_dispatcher.dispatch_concurrent[534344c0-0559-48e3-8cb3-6e8674d392c4] received
[2021-08-31 23:14:38,494: INFO/ForkPoolWorker-13] concurrent_dispatcher.dispatch_concurrent[c80a810f-5e0b-458f-9cb0-a844ed715bc7]: POST sent to https://www.parker.com/. Data: {'name': 'Cynthia Salazar', 'email': 'jonathankaufman@example.net', 'phone': '3132813760', 'url': 'https://www.parker.com/', 'type': 'post'}
[2021-08-31 23:14:38,494: INFO/ForkPoolWorker-4] concurrent_dispatcher.dispatch_concurrent[d97bee8e-37c8-4bf8-80fd-f3822df30d27]: POST sent to https://johnson.biz/. Data: {'name': 'Emily Mitchell', 'email': 'james41@example.com', 'phone': '578.073.8049', 'url': 'https://johnson.biz/', 'type': 'post'}
[2021-08-31 23:14:38,495: INFO/ForkPoolWorker-13] Task concurrent_dispatcher.dispatch_concurrent[c80a810f-5e0b-458f-9cb0-a844ed715bc7] succeeded in 0.5010902650028584s: 'Done'
[2021-08-31 23:14:38,495: INFO/ForkPoolWorker-4] Task concurrent_dispatcher.dispatch_concurrent[d97bee8e-37c8-4bf8-80fd-f3822df30d27] succeeded in 0.5010690830022213s: 'Done'
[2021-08-31 23:14:38,497: INFO/ForkPoolWorker-4] concurrent_dispatcher.dispatch_concurrent[61f359ef-add0-42e3-bf9d-d23e5ee88376]: POST notifier *FAILED* [Invalid NAME or URL] @ {'name': 'Nicole Alexander', 'email': 'sheltontodd@example.net', 'phone': '779-752-5518', 'url': None, 'type': 'post'}
[2021-08-31 23:14:38,497: INFO/ForkPoolWorker-4] Task concurrent_dispatcher.dispatch_concurrent[61f359ef-add0-42e3-bf9d-d23e5ee88376] succeeded in 0.00038748599763493985s: 'Done'
[2021-08-31 23:14:38,498: INFO/MainProcess] Task concurrent_dispatcher.dispatch_concurrent[8f39eef0-87ce-4e49-854b-7861d6ffe777] received
[2021-08-31 23:14:38,499: INFO/ForkPoolWorker-16] concurrent_dispatcher.dispatch_concurrent[ada2f74f-bfa6-4d28-890f-13e68426a3bc]: EMAIL sent to luke15@example.net. Data: {'name': 'Joshua Rojas', 'email': 'luke15@example.net', 'phone': '(291)891-1409x95795', 'url': 'http://www.oconnor.com/', 'type': 'email'}
[2021-08-31 23:14:38,499: INFO/ForkPoolWorker-16] Task concurrent_dispatcher.dispatch_concurrent[ada2f74f-bfa6-4d28-890f-13e68426a3bc] succeeded in 0.502267613002914s: 'Done'
[2021-08-31 23:14:38,501: INFO/MainProcess] Task concurrent_dispatcher.dispatch_concurrent[d713a334-f09b-4c14-baf2-c3b25e2fa3b3] received
[2021-08-31 23:14:38,504: INFO/MainProcess] Task concurrent_dispatcher.dispatch_concurrent[2c1b1e85-c09a-40f9-acb0-37e86c8a60a2] received
[2021-08-31 23:14:38,507: INFO/ForkPoolWorker-15] concurrent_dispatcher.dispatch_concurrent[2c16e556-5e03-43d8-b8e0-159de699c6b0]: SMS sent to (344)656-0882. Data: {'name': 'Deborah Dickson', 'email': 'hopkinsjasmine@example.net', 'phone': '(344)656-0882', 'url': 'http://massey-wood.com/', 'type': 'sms'}
[2021-08-31 23:14:38,508: INFO/ForkPoolWorker-15] Task concurrent_dispatcher.dispatch_concurrent[2c16e556-5e03-43d8-b8e0-159de699c6b0] succeeded in 0.5006895600017742s: 'Done'
[2021-08-31 23:14:38,508: INFO/ForkPoolWorker-6] concurrent_dispatcher.dispatch_concurrent[9feeeb0b-1b36-4df5-a757-34dc00a29cdf]: POST sent to http://lawrence.com/. Data: {'name': 'Julia Petty', 'email': 'mcgeeshirley@example.net', 'phone': '652-489-3628x0577', 'url': 'http://lawrence.com/', 'type': 'post'}
[2021-08-31 23:14:38,508: INFO/ForkPoolWorker-7] concurrent_dispatcher.dispatch_concurrent[6326f517-d813-42b8-b21d-7c729704c4f3]: SMS sent to 0476580650. Data: {'name': 'Michelle Wilson', 'email': 'jsutton@example.net', 'phone': '0476580650', 'url': 'https://allen.com/', 'type': 'sms'}
[2021-08-31 23:14:38,509: INFO/ForkPoolWorker-6] Task concurrent_dispatcher.dispatch_concurrent[9feeeb0b-1b36-4df5-a757-34dc00a29cdf] succeeded in 0.5013745839969488s: 'Done'
[2021-08-31 23:14:38,509: INFO/ForkPoolWorker-7] Task concurrent_dispatcher.dispatch_concurrent[6326f517-d813-42b8-b21d-7c729704c4f3] succeeded in 0.5013741860020673s: 'Done'
[2021-08-31 23:14:38,509: INFO/MainProcess] Task concurrent_dispatcher.dispatch_concurrent[44267561-fd17-402c-8d51-ddcfcb9f0707] received
[2021-08-31 23:14:38,509: INFO/ForkPoolWorker-5] concurrent_dispatcher.dispatch_concurrent[65d526fb-f0ef-4bd2-80f1-31fcf10829b2]: SMS sent to (459)767-6066x8308. Data: {'name': 'Laura Simmons', 'email': 'catherine19@example.org', 'phone': '(459)767-6066x8308', 'url': None, 'type': 'sms'}
[2021-08-31 23:14:38,509: INFO/ForkPoolWorker-5] Task concurrent_dispatcher.dispatch_concurrent[65d526fb-f0ef-4bd2-80f1-31fcf10829b2] succeeded in 0.5022014640053385s: 'Done'
[2021-08-31 23:14:38,514: INFO/MainProcess] Task concurrent_dispatcher.dispatch_concurrent[dda56585-5cac-4915-b442-9cb8710d93d3] received
[2021-08-31 23:14:38,514: INFO/ForkPoolWorker-15] concurrent_dispatcher.dispatch_concurrent[4ef78424-8e98-4653-8f51-f453340b81e7]: SMS notifier *FAILED*  [Invalid NAME or PHONE] @ {'name': 'David Johnson', 'email': 'kimberly47@example.net', 'phone': None, 'url': 'https://harrison-fowler.org/', 'type': 'sms'}
[2021-08-31 23:14:38,514: INFO/ForkPoolWorker-15] Task concurrent_dispatcher.dispatch_concurrent[4ef78424-8e98-4653-8f51-f453340b81e7] succeeded in 0.00034775599488057196s: 'Done'
[2021-08-31 23:14:38,515: INFO/MainProcess] Task concurrent_dispatcher.dispatch_concurrent[71f7a97c-e8d8-489d-b194-8e7965e00b11] received
[2021-08-31 23:14:38,518: INFO/MainProcess] Task concurrent_dispatcher.dispatch_concurrent[ad0c4dbf-bd0a-48a1-92b8-bfd357917095] received
[2021-08-31 23:14:38,519: INFO/MainProcess] Task concurrent_dispatcher.dispatch_concurrent[430210c1-6a51-4134-b7bf-2a36cb5061a9] received
[2021-08-31 23:14:38,521: INFO/MainProcess] Task concurrent_dispatcher.dispatch_concurrent[321a35c2-aa3c-4399-a391-754ac2026787] received
[2021-08-31 23:14:38,522: INFO/MainProcess] Task concurrent_dispatcher.dispatch_concurrent[9f3ebe9e-ffcd-41bd-a32a-0c40cca2191d] received
[2021-08-31 23:14:38,523: INFO/MainProcess] Task concurrent_dispatcher.dispatch_concurrent[2d17eed9-31be-4ae6-a570-f87290934bd1] received
[2021-08-31 23:14:38,524: INFO/MainProcess] Task concurrent_dispatcher.dispatch_concurrent[145461c3-acb5-4f96-ac29-95f3049e7fc6] received
[2021-08-31 23:14:38,525: INFO/MainProcess] Task concurrent_dispatcher.dispatch_concurrent[ff2bf710-879f-4803-b5b5-0a707e5ac2b6] received
[2021-08-31 23:14:38,936: INFO/ForkPoolWorker-9] concurrent_dispatcher.dispatch_concurrent[9035603b-438e-4f99-9d21-886126c6296b]: SMS sent to +1-219-693-0240x7842. Data: {'name': 'Dennis Stephens', 'email': 'travis56@example.net', 'phone': '+1-219-693-0240x7842', 'url': 'https://www.brown-dickerson.com/', 'type': 'sms'}
[2021-08-31 23:14:38,937: INFO/ForkPoolWorker-9] Task concurrent_dispatcher.dispatch_concurrent[9035603b-438e-4f99-9d21-886126c6296b] succeeded in 0.5016379980006604s: 'Done'
[2021-08-31 23:14:38,950: INFO/ForkPoolWorker-8] concurrent_dispatcher.dispatch_concurrent[489f9b04-d7ab-41a2-9880-d3eb9fbbaacb]: SMS sent to (088)166-1663x7165. Data: {'name': 'Jessica Bowers', 'email': 'shane77@example.net', 'phone': '(088)166-1663x7165', 'url': 'http://www.taylor.biz/', 'type': 'sms'}
[2021-08-31 23:14:38,951: INFO/ForkPoolWorker-8] Task concurrent_dispatcher.dispatch_concurrent[489f9b04-d7ab-41a2-9880-d3eb9fbbaacb] succeeded in 0.5015451459985343s: 'Done'
[2021-08-31 23:14:38,952: INFO/ForkPoolWorker-1] concurrent_dispatcher.dispatch_concurrent[3e79a260-9a10-43df-89d6-9fab485010e1]: EMAIL sent to brownmichelle@example.net. Data: {'name': 'Donna Kelly', 'email': 'brownmichelle@example.net', 'phone': None, 'url': 'https://www.robinson.com/', 'type': 'email'}
[2021-08-31 23:14:38,953: INFO/ForkPoolWorker-1] Task concurrent_dispatcher.dispatch_concurrent[3e79a260-9a10-43df-89d6-9fab485010e1] succeeded in 0.5033054969972s: 'Done'
[2021-08-31 23:14:38,958: INFO/MainProcess] Task concurrent_dispatcher.dispatch_concurrent[1a931686-0f5e-48c6-ab2e-2c96e5ae9969] received
[2021-08-31 23:14:38,963: INFO/ForkPoolWorker-1] concurrent_dispatcher.dispatch_concurrent[29acbc77-1285-45e6-afdf-6e4361130a86]: POST notifier *FAILED* [Invalid NAME or URL] @ {'name': 'Patricia Vincent', 'email': None, 'phone': '(021)107-2739x24514', 'url': None, 'type': 'post'}
[2021-08-31 23:14:38,964: INFO/ForkPoolWorker-1] Task concurrent_dispatcher.dispatch_concurrent[29acbc77-1285-45e6-afdf-6e4361130a86] succeeded in 0.0008410709997406229s: 'Done'
[2021-08-31 23:14:38,963: INFO/ForkPoolWorker-10] concurrent_dispatcher.dispatch_concurrent[3f721c86-1d25-4871-8fc3-7a9b53676895]: SMS sent to 0967704570. Data: {'name': 'Traci Morrison MD', 'email': 'derrickwheeler@example.net', 'phone': '0967704570', 'url': 'http://lawrence-torres.info/', 'type': 'sms'}
[2021-08-31 23:14:38,963: INFO/ForkPoolWorker-11] concurrent_dispatcher.dispatch_concurrent[dbf6dbfc-6526-455f-a915-a320c94c0732]: POST sent to http://www.cobb.org/. Data: {'name': 'Tina Young', 'email': 'perryjose@example.net', 'phone': '(162)131-5512', 'url': 'http://www.cobb.org/', 'type': 'post'}
[2021-08-31 23:14:38,964: INFO/ForkPoolWorker-11] Task concurrent_dispatcher.dispatch_concurrent[dbf6dbfc-6526-455f-a915-a320c94c0732] succeeded in 0.5015752449980937s: 'Done'
[2021-08-31 23:14:38,964: INFO/ForkPoolWorker-10] Task concurrent_dispatcher.dispatch_concurrent[3f721c86-1d25-4871-8fc3-7a9b53676895] succeeded in 0.501575246998982s: 'Done'
[2021-08-31 23:14:38,970: INFO/MainProcess] Task concurrent_dispatcher.dispatch_concurrent[450c06e4-f8aa-4162-87fb-ace30b404415] received
[2021-08-31 23:14:38,974: INFO/ForkPoolWorker-1] concurrent_dispatcher.dispatch_concurrent[6fe08171-48a5-444d-af2f-00479c7d30f0]: SMS notifier *FAILED*  [Invalid NAME or PHONE] @ {'name': 'Steven Foster', 'email': 'ndawson@example.org', 'phone': None, 'url': 'http://davis.biz/', 'type': 'sms'}
[2021-08-31 23:14:38,974: INFO/ForkPoolWorker-10] concurrent_dispatcher.dispatch_concurrent[42cbca54-8491-49d3-b61f-45c93b1be5b0]: EMAIL notifier *FAILED* [Invalid NAME or EMAIL] @ {'name': 'Kaitlin Miles', 'email': None, 'phone': None, 'url': 'http://banks-atkins.info/', 'type': 'email'}
[2021-08-31 23:14:38,974: INFO/ForkPoolWorker-1] Task concurrent_dispatcher.dispatch_concurrent[6fe08171-48a5-444d-af2f-00479c7d30f0] succeeded in 0.000931818998651579s: 'Done'
[2021-08-31 23:14:38,974: INFO/ForkPoolWorker-10] Task concurrent_dispatcher.dispatch_concurrent[42cbca54-8491-49d3-b61f-45c93b1be5b0] succeeded in 0.0011207479983568192s: 'Done'
[2021-08-31 23:14:38,977: INFO/MainProcess] Task concurrent_dispatcher.dispatch_concurrent[c448d2e3-eb27-4ed4-b57c-03bfe799b5d8] received
[2021-08-31 23:14:38,990: INFO/ForkPoolWorker-2] concurrent_dispatcher.dispatch_concurrent[2bdf6791-7815-4c8b-9969-80a871824c9c]: EMAIL sent to joshua84@example.org. Data: {'name': 'Donna Smith', 'email': 'joshua84@example.org', 'phone': '439-561-7806', 'url': 'https://hayes.org/', 'type': 'email'}
[2021-08-31 23:14:38,990: INFO/ForkPoolWorker-12] concurrent_dispatcher.dispatch_concurrent[86b5c593-b912-4c8e-ba87-e8fbe248978e]: POST sent to http://www.shepard-jones.com/. Data: {'name': 'Ashley Russell', 'email': 'juansmith@example.org', 'phone': '079-300-1426', 'url': 'http://www.shepard-jones.com/', 'type': 'post'}
[2021-08-31 23:14:38,990: INFO/ForkPoolWorker-3] concurrent_dispatcher.dispatch_concurrent[9b0c2005-b85d-4e7b-98f4-cc2cee244359]: EMAIL sent to millerrobert@example.net. Data: {'name': 'Elizabeth Miller', 'email': 'millerrobert@example.net', 'phone': '+1-267-037-3647x7380', 'url': 'http://www.page.com/', 'type': 'email'}
[2021-08-31 23:14:38,991: INFO/ForkPoolWorker-2] Task concurrent_dispatcher.dispatch_concurrent[2bdf6791-7815-4c8b-9969-80a871824c9c] succeeded in 0.5013951680011814s: 'Done'
[2021-08-31 23:14:38,991: INFO/MainProcess] Task concurrent_dispatcher.dispatch_concurrent[fcb65ab9-c1e2-4eec-95c3-597afd0c327c] received
[2021-08-31 23:14:38,991: INFO/ForkPoolWorker-12] Task concurrent_dispatcher.dispatch_concurrent[86b5c593-b912-4c8e-ba87-e8fbe248978e] succeeded in 0.5016010699982871s: 'Done'
[2021-08-31 23:14:38,991: INFO/ForkPoolWorker-3] Task concurrent_dispatcher.dispatch_concurrent[9b0c2005-b85d-4e7b-98f4-cc2cee244359] succeeded in 0.501690493998467s: 'Done'
[2021-08-31 23:14:38,991: INFO/ForkPoolWorker-14] concurrent_dispatcher.dispatch_concurrent[028e0def-b9eb-4425-9e32-58c3f967c735]: EMAIL sent to franklinheather@example.net. Data: {'name': 'Jeffrey Rice', 'email': 'franklinheather@example.net', 'phone': '074.829.0298x071', 'url': 'https://robbins.net/', 'type': 'email'}
[2021-08-31 23:14:38,992: INFO/ForkPoolWorker-14] Task concurrent_dispatcher.dispatch_concurrent[028e0def-b9eb-4425-9e32-58c3f967c735] succeeded in 0.5023278939988813s: 'Done'
[2021-08-31 23:14:38,997: INFO/ForkPoolWorker-13] concurrent_dispatcher.dispatch_concurrent[f4dbcb75-801e-444a-9016-7f4c58fc4333]: POST sent to https://www.stout-bruce.com/. Data: {'name': 'Kenneth Wilkerson', 'email': 'logangray@example.org', 'phone': '315-445-5777x199', 'url': 'https://www.stout-bruce.com/', 'type': 'post'}
[2021-08-31 23:14:38,998: INFO/ForkPoolWorker-13] Task concurrent_dispatcher.dispatch_concurrent[f4dbcb75-801e-444a-9016-7f4c58fc4333] succeeded in 0.5015325529966503s: 'Done'
[2021-08-31 23:14:39,001: INFO/MainProcess] Task concurrent_dispatcher.dispatch_concurrent[c9b653b9-035c-4359-82b3-633fcd0b62fa] received
[2021-08-31 23:14:39,003: INFO/ForkPoolWorker-16] concurrent_dispatcher.dispatch_concurrent[d4ab1c52-92b2-4fe2-842b-049105ca9c64]: POST sent to https://www.wilson.biz/. Data: {'name': 'Edgar Fletcher', 'email': 'yhill@example.net', 'phone': '001-806-037-8167x3780', 'url': 'https://www.wilson.biz/', 'type': 'post'}
[2021-08-31 23:14:39,004: INFO/ForkPoolWorker-16] Task concurrent_dispatcher.dispatch_concurrent[d4ab1c52-92b2-4fe2-842b-049105ca9c64] succeeded in 0.5011691890031216s: 'Done'
[2021-08-31 23:14:39,004: INFO/ForkPoolWorker-4] concurrent_dispatcher.dispatch_concurrent[40d54e4f-40a9-4cb3-ab5e-3835e8679419]: EMAIL sent to scottashley@example.net. Data: {'name': 'Desiree Alexander', 'email': 'scottashley@example.net', 'phone': None, 'url': None, 'type': 'email'}
[2021-08-31 23:14:39,004: INFO/ForkPoolWorker-4] Task concurrent_dispatcher.dispatch_concurrent[40d54e4f-40a9-4cb3-ab5e-3835e8679419] succeeded in 0.5017240900051547s: 'Done'
[2021-08-31 23:14:39,005: INFO/ForkPoolWorker-3] concurrent_dispatcher.dispatch_concurrent[a67e8d15-e7d0-4b1f-a01f-99f5dbcdbb10]: EMAIL notifier *FAILED* [Invalid NAME or EMAIL] @ {'name': 'Timothy Washington', 'email': None, 'phone': '(756)846-0489x073', 'url': 'https://www.wong.com/', 'type': 'email'}
[2021-08-31 23:14:39,006: INFO/ForkPoolWorker-3] Task concurrent_dispatcher.dispatch_concurrent[a67e8d15-e7d0-4b1f-a01f-99f5dbcdbb10] succeeded in 0.0005796539990114979s: 'Done'
[2021-08-31 23:14:39,007: INFO/MainProcess] Task concurrent_dispatcher.dispatch_concurrent[67f76d97-5465-4c3a-a13e-85fb7a941a3c] received
[2021-08-31 23:14:39,014: INFO/MainProcess] Task concurrent_dispatcher.dispatch_concurrent[936c9256-8c42-4f5e-be19-3586b482b4b4] received
[2021-08-31 23:14:39,014: INFO/ForkPoolWorker-7] concurrent_dispatcher.dispatch_concurrent[34969950-6d72-441c-97e6-4370be4569b6]: POST sent to http://gomez.com/. Data: {'name': 'Colton Howell', 'email': 'millercarlos@example.org', 'phone': '001-608-654-2526x7604', 'url': 'http://gomez.com/', 'type': 'post'}
[2021-08-31 23:14:39,014: INFO/ForkPoolWorker-6] concurrent_dispatcher.dispatch_concurrent[5c1c05a6-ce90-49e4-a119-52936c932bad]: SMS sent to 227.650.1484. Data: {'name': 'Kelly Rasmussen', 'email': 'walkernathan@example.com', 'phone': '227.650.1484', 'url': None, 'type': 'sms'}
[2021-08-31 23:14:39,015: INFO/ForkPoolWorker-7] Task concurrent_dispatcher.dispatch_concurrent[34969950-6d72-441c-97e6-4370be4569b6] succeeded in 0.5006487719947472s: 'Done'
[2021-08-31 23:14:39,015: INFO/ForkPoolWorker-6] Task concurrent_dispatcher.dispatch_concurrent[5c1c05a6-ce90-49e4-a119-52936c932bad] succeeded in 0.5007856529991841s: 'Done'
[2021-08-31 23:14:39,015: INFO/ForkPoolWorker-5] concurrent_dispatcher.dispatch_concurrent[3153da29-a2f2-4cc0-9406-b6bed7ba5bdb]: EMAIL sent to tamarareid@example.org. Data: {'name': 'Sarah Hernandez', 'email': 'tamarareid@example.org', 'phone': None, 'url': 'http://colon.com/', 'type': 'email'}
[2021-08-31 23:14:39,015: INFO/ForkPoolWorker-5] Task concurrent_dispatcher.dispatch_concurrent[3153da29-a2f2-4cc0-9406-b6bed7ba5bdb] succeeded in 0.5014682149994769s: 'Done'
[2021-08-31 23:14:39,018: INFO/MainProcess] Task concurrent_dispatcher.dispatch_concurrent[64707910-8c3f-4cd4-b44f-ad947e4d8b95] received
[2021-08-31 23:14:39,019: INFO/ForkPoolWorker-15] concurrent_dispatcher.dispatch_concurrent[e4c249c6-2bdd-4fcc-a276-db4a83f3085f]: SMS sent to 001-446-754-7336x944. Data: {'name': 'Dustin Wilcox', 'email': 'zking@example.net', 'phone': '001-446-754-7336x944', 'url': 'https://www.escobar.com/', 'type': 'sms'}
[2021-08-31 23:14:39,020: INFO/ForkPoolWorker-15] Task concurrent_dispatcher.dispatch_concurrent[e4c249c6-2bdd-4fcc-a276-db4a83f3085f] succeeded in 0.5008850160011207s: 'Done'
[2021-08-31 23:14:39,021: INFO/MainProcess] Task concurrent_dispatcher.dispatch_concurrent[da839ae8-397b-4caa-a06a-3d9ec9d0ff64] received
[2021-08-31 23:14:39,024: INFO/MainProcess] Task concurrent_dispatcher.dispatch_concurrent[f7a46f18-afea-4388-b881-c93b11fd6cac] received
[2021-08-31 23:14:39,026: INFO/MainProcess] Task concurrent_dispatcher.dispatch_concurrent[69839a0e-650b-4ba2-9b43-0f5e00fbaf22] received
[2021-08-31 23:14:39,028: INFO/MainProcess] Task concurrent_dispatcher.dispatch_concurrent[7fd373c5-7a08-44b7-b4a4-60b184ff6892] received
