[2021-09-01 16:04:14,476: INFO/ForkPoolWorker-16] concurrent_dispatcher.dispatch_concurrent[b88572d7-cc4a-44c3-ba6b-d7635a9bc871]: EMAIL sent to wardjames@example.com. Data: {'name': 'Michelle Allison', 'email': 'wardjames@example.com', 'phone': '(732)214-0948', 'url': 'https://miller.com/', 'type': 'email'}
[2021-09-01 16:04:14,477: INFO/ForkPoolWorker-16] Task concurrent_dispatcher.dispatch_concurrent[b88572d7-cc4a-44c3-ba6b-d7635a9bc871] succeeded in 0.5012243559995113s: 'Done'
[2021-09-01 16:04:14,480: INFO/MainProcess] Task concurrent_dispatcher.dispatch_concurrent[41a18bb8-6ac4-4347-8e43-b35f7857681e] received
[2021-09-01 16:04:14,493: INFO/ForkPoolWorker-13] concurrent_dispatcher.dispatch_concurrent[99f78d2c-419f-4a65-a719-afa28aa366a2]: SMS sent to 704.647.6583x4268. Data: {'name': 'Harold Coffey', 'email': 'gmarsh@example.com', 'phone': '704.647.6583x4268', 'url': 'http://www.salazar.net/', 'type': 'sms'}
[2021-09-01 16:04:14,493: INFO/ForkPoolWorker-5] concurrent_dispatcher.dispatch_concurrent[e37836f3-e974-4a95-b8f9-bb3662b13d81]: SMS sent to 156.555.1087x2556. Data: {'name': 'Sarah Petersen', 'email': 'fosterclifford@example.net', 'phone': '156.555.1087x2556', 'url': None, 'type': 'sms'}
[2021-09-01 16:04:14,493: INFO/ForkPoolWorker-15] concurrent_dispatcher.dispatch_concurrent[7d7a5104-3379-4a0a-bd9d-6e32d436441c]: SMS sent to 303.824.3816x61134. Data: {'name': 'James Holloway', 'email': None, 'phone': '303.824.3816x61134', 'url': 'https://mueller.org/', 'type': 'sms'}
[2021-09-01 16:04:14,493: INFO/ForkPoolWorker-7] concurrent_dispatcher.dispatch_concurrent[ec3e5a44-b435-4998-b863-e5c94282f932]: EMAIL sent to marydavis@example.net. Data: {'name': 'Vanessa Jackson', 'email': 'marydavis@example.net', 'phone': None, 'url': 'http://www.mata.biz/', 'type': 'email'}
[2021-09-01 16:04:14,494: INFO/ForkPoolWorker-5] Task concurrent_dispatcher.dispatch_concurrent[e37836f3-e974-4a95-b8f9-bb3662b13d81] succeeded in 0.500737914999263s: 'Done'
[2021-09-01 16:04:14,494: INFO/ForkPoolWorker-13] Task concurrent_dispatcher.dispatch_concurrent[99f78d2c-419f-4a65-a719-afa28aa366a2] succeeded in 0.5007835409996915s: 'Done'
[2021-09-01 16:04:14,494: INFO/ForkPoolWorker-15] Task concurrent_dispatcher.dispatch_concurrent[7d7a5104-3379-4a0a-bd9d-6e32d436441c] succeeded in 0.5007992160008143s: 'Done'
[2021-09-01 16:04:14,494: INFO/ForkPoolWorker-7] Task concurrent_dispatcher.dispatch_concurrent[ec3e5a44-b435-4998-b863-e5c94282f932] succeeded in 0.500748032998672s: 'Done'
[2021-09-01 16:04:14,494: INFO/ForkPoolWorker-11] concurrent_dispatcher.dispatch_concurrent[20903738-f1b6-4583-9b44-1b2133bfa328]: POST sent to http://fuentes.com/. Data: {'name': 'Whitney Williams', 'email': 'osolomon@example.com', 'phone': '141-448-8803x84896', 'url': 'http://fuentes.com/', 'type': 'post'}
[2021-09-01 16:04:14,495: INFO/ForkPoolWorker-11] Task concurrent_dispatcher.dispatch_concurrent[20903738-f1b6-4583-9b44-1b2133bfa328] succeeded in 0.5016710990003048s: 'Done'
[2021-09-01 16:04:14,496: ERROR/ForkPoolWorker-11] concurrent_dispatcher.dispatch_concurrent[0a6b8778-7e3e-4772-8d4e-e6fb9f2d0297]: EMAIL notifier *FAILED* [Invalid NAME or EMAIL] @ {'name': 'Thomas Pearson', 'email': None, 'phone': None, 'url': 'https://howell.com/', 'type': 'email'}
[2021-09-01 16:04:14,497: INFO/ForkPoolWorker-11] Task concurrent_dispatcher.dispatch_concurrent[0a6b8778-7e3e-4772-8d4e-e6fb9f2d0297] succeeded in 0.00033169199923577253s: 'Done'
[2021-09-01 16:04:14,497: ERROR/ForkPoolWorker-7] concurrent_dispatcher.dispatch_concurrent[2968c5d0-925e-433f-af78-33f1d84820a4]: EMAIL notifier *FAILED* [Invalid NAME or EMAIL] @ {'name': 'Jonathan Thornton', 'email': None, 'phone': '+1-133-872-9502x447', 'url': 'http://www.campos-singleton.com/', 'type': 'email'}
[2021-09-01 16:04:14,497: INFO/ForkPoolWorker-7] Task concurrent_dispatcher.dispatch_concurrent[2968c5d0-925e-433f-af78-33f1d84820a4] succeeded in 0.00038477499947475735s: 'Done'
[2021-09-01 16:04:14,498: INFO/MainProcess] Task concurrent_dispatcher.dispatch_concurrent[ca5c44b2-59b5-497d-a381-82c03b7bbb90] received
[2021-09-01 16:04:14,508: INFO/MainProcess] Task concurrent_dispatcher.dispatch_concurrent[8e04c16f-87b2-4ca3-be94-5dd7db094e67] received
[2021-09-01 16:04:14,514: INFO/MainProcess] Task concurrent_dispatcher.dispatch_concurrent[7f58a56c-c54b-491c-9051-edf1fa811df8] received
[2021-09-01 16:04:14,514: ERROR/ForkPoolWorker-7] concurrent_dispatcher.dispatch_concurrent[bec9b63d-030e-4cc3-aa89-8826495a13d0]: EMAIL notifier *FAILED* [Invalid NAME or EMAIL] @ {'name': 'Karen Fuentes', 'email': None, 'phone': '874.408.9702x83189', 'url': 'http://www.wilson-hudson.com/', 'type': 'email'}
[2021-09-01 16:04:14,515: INFO/ForkPoolWorker-7] Task concurrent_dispatcher.dispatch_concurrent[bec9b63d-030e-4cc3-aa89-8826495a13d0] succeeded in 0.0003111280002485728s: 'Done'
[2021-09-01 16:04:14,518: INFO/MainProcess] Task concurrent_dispatcher.dispatch_concurrent[2c2b7014-1294-4894-a258-7aae006da1f3] received
[2021-09-01 16:04:14,526: INFO/MainProcess] Task concurrent_dispatcher.dispatch_concurrent[175fd330-3c05-4680-80b0-28b47c654f81] received
[2021-09-01 16:04:14,530: INFO/MainProcess] Task concurrent_dispatcher.dispatch_concurrent[8bab82f0-a678-44fe-9b21-4c9586167f00] received
[2021-09-01 16:04:14,531: INFO/MainProcess] Task concurrent_dispatcher.dispatch_concurrent[ad6665d9-9e41-461e-b2e5-6e0c80d01fc0] received
[2021-09-01 16:04:14,533: INFO/MainProcess] Task concurrent_dispatcher.dispatch_concurrent[a838292a-c88d-4465-b19e-21a31d956c30] received
[2021-09-01 16:04:14,534: INFO/MainProcess] Task concurrent_dispatcher.dispatch_concurrent[40986f15-6c3d-4ec1-a072-cb1664f06c98] received
[2021-09-01 16:04:14,538: INFO/MainProcess] Task concurrent_dispatcher.dispatch_concurrent[a9af4b1f-0df0-4216-bc79-2c2ced8f86ac] received
[2021-09-01 16:04:14,544: INFO/MainProcess] Task concurrent_dispatcher.dispatch_concurrent[dec218e9-06ec-4782-acd2-c900779d6c5f] received
[2021-09-01 16:04:14,895: INFO/ForkPoolWorker-10] concurrent_dispatcher.dispatch_concurrent[503b320d-ee41-438e-9bf0-6874498afa1d]: EMAIL sent to ujames@example.net. Data: {'name': 'Emily Andrade', 'email': 'ujames@example.net', 'phone': None, 'url': 'http://dominguez.com/', 'type': 'email'}
[2021-09-01 16:04:14,896: INFO/ForkPoolWorker-10] Task concurrent_dispatcher.dispatch_concurrent[503b320d-ee41-438e-9bf0-6874498afa1d] succeeded in 0.5011111839994555s: 'Done'
[2021-09-01 16:04:14,909: INFO/ForkPoolWorker-9] concurrent_dispatcher.dispatch_concurrent[a0283e14-b194-402d-83cd-5d08c00cf477]: POST sent to https://harrison-edwards.com/. Data: {'name': 'Caitlin Garcia', 'email': 'johnsondavid@example.net', 'phone': '6117697514', 'url': 'https://harrison-edwards.com/', 'type': 'post'}
[2021-09-01 16:04:14,910: INFO/ForkPoolWorker-9] Task concurrent_dispatcher.dispatch_concurrent[a0283e14-b194-402d-83cd-5d08c00cf477] succeeded in 0.5009371229989483s: 'Done'
[2021-09-01 16:04:14,916: INFO/MainProcess] Task concurrent_dispatcher.dispatch_concurrent[51f7d856-4444-45f2-a84e-f8fe1baf2b33] received
[2021-09-01 16:04:14,921: INFO/ForkPoolWorker-3] concurrent_dispatcher.dispatch_concurrent[b13fee03-08be-4397-9e4c-f9f265a64262]: SMS sent to 626.254.8627x5190. Data: {'name': 'Mr. Peter Sanchez', 'email': 'zacharyevans@example.net', 'phone': '626.254.8627x5190', 'url': 'http://jones.biz/', 'type': 'sms'}
[2021-09-01 16:04:14,921: INFO/ForkPoolWorker-3] Task concurrent_dispatcher.dispatch_concurrent[b13fee03-08be-4397-9e4c-f9f265a64262] succeeded in 0.5012817610004277s: 'Done'
[2021-09-01 16:04:14,927: INFO/MainProcess] Task concurrent_dispatcher.dispatch_concurrent[58a10f16-bc66-4e7d-9c00-b75c080351ed] received
[2021-09-01 16:04:14,931: INFO/ForkPoolWorker-12] concurrent_dispatcher.dispatch_concurrent[564ca7b4-52d2-42a8-a950-35b9a10ce34d]: POST sent to http://www.soto.com/. Data: {'name': 'Joanna Lewis', 'email': 'erobertson@example.org', 'phone': '337-328-5018x4897', 'url': 'http://www.soto.com/', 'type': 'post'}
[2021-09-01 16:04:14,932: INFO/ForkPoolWorker-12] Task concurrent_dispatcher.dispatch_concurrent[564ca7b4-52d2-42a8-a950-35b9a10ce34d] succeeded in 0.5013191409998399s: 'Done'
[2021-09-01 16:04:14,937: INFO/MainProcess] Task concurrent_dispatcher.dispatch_concurrent[6aa576d0-2166-4811-b160-f9d2fba98fc2] received
[2021-09-01 16:04:14,946: INFO/ForkPoolWorker-1] concurrent_dispatcher.dispatch_concurrent[0fe576a9-ad5a-4e74-91ce-16fcf45ff2ce]: EMAIL sent to phillippatterson@example.com. Data: {'name': 'Holly Atkins', 'email': 'phillippatterson@example.com', 'phone': '001-407-010-8492x3225', 'url': 'https://cole.com/', 'type': 'email'}
[2021-09-01 16:04:14,947: INFO/ForkPoolWorker-2] concurrent_dispatcher.dispatch_concurrent[1f42dba9-3bfd-45e1-b01a-f31a738887fb]: POST sent to https://anderson.com/. Data: {'name': 'Adam Jones', 'email': 'erikasmith@example.org', 'phone': None, 'url': 'https://anderson.com/', 'type': 'post'}
[2021-09-01 16:04:14,947: INFO/ForkPoolWorker-1] Task concurrent_dispatcher.dispatch_concurrent[0fe576a9-ad5a-4e74-91ce-16fcf45ff2ce] succeeded in 0.5010975130007864s: 'Done'
[2021-09-01 16:04:14,948: INFO/ForkPoolWorker-2] Task concurrent_dispatcher.dispatch_concurrent[1f42dba9-3bfd-45e1-b01a-f31a738887fb] succeeded in 0.5012186500007374s: 'Done'
[2021-09-01 16:04:14,951: ERROR/ForkPoolWorker-2] concurrent_dispatcher.dispatch_concurrent[8901d0c3-24ee-4bcd-8c57-d366746e0af0]: SMS notifier *FAILED*  [Invalid NAME or PHONE] @ {'name': 'April Diaz', 'email': 'lcuevas@example.org', 'phone': None, 'url': 'http://guzman-martin.com/', 'type': 'sms'}
[2021-09-01 16:04:14,951: INFO/ForkPoolWorker-2] Task concurrent_dispatcher.dispatch_concurrent[8901d0c3-24ee-4bcd-8c57-d366746e0af0] succeeded in 0.000783682000474073s: 'Done'
[2021-09-01 16:04:14,954: INFO/MainProcess] Task concurrent_dispatcher.dispatch_concurrent[b1182534-dd53-411f-b95a-6a0649b3d9bd] received
[2021-09-01 16:04:14,961: ERROR/ForkPoolWorker-2] concurrent_dispatcher.dispatch_concurrent[61c1bdc3-157e-433a-b68a-c141257bf3e7]: POST notifier *FAILED* [Invalid NAME or URL] @ {'name': 'Cory Morris', 'email': 'ejackson@example.net', 'phone': '+1-668-963-2324x2909', 'url': None, 'type': 'post'}
[2021-09-01 16:04:14,961: INFO/ForkPoolWorker-2] Task concurrent_dispatcher.dispatch_concurrent[61c1bdc3-157e-433a-b68a-c141257bf3e7] succeeded in 0.0007433369992213557s: 'Done'
[2021-09-01 16:04:14,962: INFO/ForkPoolWorker-8] concurrent_dispatcher.dispatch_concurrent[aa286752-1a85-454a-9db9-c306c3d52493]: POST sent to https://www.gomez-henry.info/. Data: {'name': 'Michael Whitaker', 'email': 'roger98@example.com', 'phone': '482.742.1586', 'url': 'https://www.gomez-henry.info/', 'type': 'post'}
[2021-09-01 16:04:14,962: INFO/ForkPoolWorker-4] concurrent_dispatcher.dispatch_concurrent[407d5eeb-d661-487a-a857-fb04bea13939]: EMAIL sent to ncruz@example.com. Data: {'name': 'Courtney Campbell', 'email': 'ncruz@example.com', 'phone': None, 'url': None, 'type': 'email'}
[2021-09-01 16:04:14,963: INFO/ForkPoolWorker-8] Task concurrent_dispatcher.dispatch_concurrent[aa286752-1a85-454a-9db9-c306c3d52493] succeeded in 0.5014483869999822s: 'Done'
[2021-09-01 16:04:14,963: INFO/ForkPoolWorker-4] Task concurrent_dispatcher.dispatch_concurrent[407d5eeb-d661-487a-a857-fb04bea13939] succeeded in 0.501484108999648s: 'Done'
[2021-09-01 16:04:14,964: INFO/MainProcess] Task concurrent_dispatcher.dispatch_concurrent[c666ce24-0bab-4468-a4c3-0f2aa364bd83] received
[2021-09-01 16:04:14,969: INFO/MainProcess] Task concurrent_dispatcher.dispatch_concurrent[86bd6cfa-2aec-4ece-b459-0e044c1afdf6] received
[2021-09-01 16:04:14,973: ERROR/ForkPoolWorker-4] concurrent_dispatcher.dispatch_concurrent[24f9a5dc-edf7-42f6-8d11-ede76f3846be]: SMS notifier *FAILED*  [Invalid NAME or PHONE] @ {'name': 'Lauren Smith', 'email': 'mooremaria@example.net', 'phone': None, 'url': 'http://morris-williams.net/', 'type': 'sms'}
[2021-09-01 16:04:14,974: INFO/ForkPoolWorker-4] Task concurrent_dispatcher.dispatch_concurrent[24f9a5dc-edf7-42f6-8d11-ede76f3846be] succeeded in 0.0007392569987132447s: 'Done'
[2021-09-01 16:04:14,976: INFO/MainProcess] Task concurrent_dispatcher.dispatch_concurrent[dcbe9ac0-73a9-4fdd-97f3-947865b9ae8b] received
[2021-09-01 16:04:14,982: INFO/ForkPoolWorker-14] concurrent_dispatcher.dispatch_concurrent[a532cc61-0334-4509-af32-05a1916c4cdc]: EMAIL sent to daniel40@example.com. Data: {'name': 'Johnny Nash', 'email': 'daniel40@example.com', 'phone': '001-617-225-8534', 'url': 'http://www.yang-smith.net/', 'type': 'email'}
[2021-09-01 16:04:14,983: INFO/ForkPoolWorker-14] Task concurrent_dispatcher.dispatch_concurrent[a532cc61-0334-4509-af32-05a1916c4cdc] succeeded in 0.5008833370011416s: 'Done'
[2021-09-01 16:04:14,983: INFO/ForkPoolWorker-16] concurrent_dispatcher.dispatch_concurrent[8da59d12-98f6-4b42-a4f8-41e809e99449]: EMAIL sent to richardpatel@example.net. Data: {'name': 'Christopher Carroll', 'email': 'richardpatel@example.net', 'phone': '633.143.8088', 'url': 'http://www.hall-dalton.com/', 'type': 'email'}
[2021-09-01 16:04:14,983: INFO/ForkPoolWorker-6] concurrent_dispatcher.dispatch_concurrent[2b545bbc-15cf-4b72-9469-6ff007ee7fea]: SMS sent to (958)548-9658. Data: {'name': 'Patrick Ortiz', 'email': 'mary41@example.net', 'phone': '(958)548-9658', 'url': 'https://www.warner.org/', 'type': 'sms'}
[2021-09-01 16:04:14,984: INFO/ForkPoolWorker-6] Task concurrent_dispatcher.dispatch_concurrent[2b545bbc-15cf-4b72-9469-6ff007ee7fea] succeeded in 0.5015321860009863s: 'Done'
[2021-09-01 16:04:14,984: INFO/ForkPoolWorker-16] Task concurrent_dispatcher.dispatch_concurrent[8da59d12-98f6-4b42-a4f8-41e809e99449] succeeded in 0.5015575960005663s: 'Done'
[2021-09-01 16:04:14,988: ERROR/ForkPoolWorker-4] concurrent_dispatcher.dispatch_concurrent[f8761e4c-a9f6-4cd3-abdd-293d1de0a2cc]: EMAIL notifier *FAILED* [Invalid NAME or EMAIL] @ {'name': 'Michael Black', 'email': None, 'phone': '+1-733-697-1826', 'url': None, 'type': 'email'}
[2021-09-01 16:04:14,988: ERROR/ForkPoolWorker-16] concurrent_dispatcher.dispatch_concurrent[5f6b52ba-3c7d-45b8-9cd2-25b6e33a685c]: EMAIL notifier *FAILED* [Invalid NAME or EMAIL] @ {'name': 'Kathleen Armstrong', 'email': None, 'phone': None, 'url': 'http://www.lopez.com/', 'type': 'email'}
[2021-09-01 16:04:14,988: INFO/ForkPoolWorker-4] Task concurrent_dispatcher.dispatch_concurrent[f8761e4c-a9f6-4cd3-abdd-293d1de0a2cc] succeeded in 0.0007093749991327059s: 'Done'
[2021-09-01 16:04:14,988: INFO/ForkPoolWorker-16] Task concurrent_dispatcher.dispatch_concurrent[5f6b52ba-3c7d-45b8-9cd2-25b6e33a685c] succeeded in 0.0009131780007010093s: 'Done'
[2021-09-01 16:04:14,992: INFO/MainProcess] Task concurrent_dispatcher.dispatch_concurrent[6ad36499-8dcc-400e-b55a-59774e9ba72c] received
[2021-09-01 16:04:14,997: INFO/ForkPoolWorker-15] concurrent_dispatcher.dispatch_concurrent[3933a5a3-8895-423f-afda-a4b01a4005b8]: POST sent to https://pacheco.com/. Data: {'name': 'Diana Daugherty MD', 'email': 'williamsstephanie@example.org', 'phone': '(466)044-7116', 'url': 'https://pacheco.com/', 'type': 'post'}
[2021-09-01 16:04:14,997: INFO/ForkPoolWorker-13] concurrent_dispatcher.dispatch_concurrent[458ad888-4c00-4ea4-b0c3-87678ae8d012]: EMAIL sent to moorebrandon@example.com. Data: {'name': 'Mark Gutierrez', 'email': 'moorebrandon@example.com', 'phone': '979.949.9070', 'url': 'http://www.hill.com/', 'type': 'email'}
[2021-09-01 16:04:14,997: INFO/ForkPoolWorker-5] concurrent_dispatcher.dispatch_concurrent[b77e5da2-f410-417f-8ed3-ac4ebdc1390e]: POST sent to https://harvey.net/. Data: {'name': 'David Taylor', 'email': 'iallen@example.org', 'phone': '+1-648-025-5052', 'url': 'https://harvey.net/', 'type': 'post'}
[2021-09-01 16:04:14,998: INFO/ForkPoolWorker-13] Task concurrent_dispatcher.dispatch_concurrent[458ad888-4c00-4ea4-b0c3-87678ae8d012] succeeded in 0.5012370470012684s: 'Done'
[2021-09-01 16:04:14,998: INFO/ForkPoolWorker-15] Task concurrent_dispatcher.dispatch_concurrent[3933a5a3-8895-423f-afda-a4b01a4005b8] succeeded in 0.501183497999591s: 'Done'
[2021-09-01 16:04:14,998: INFO/ForkPoolWorker-5] Task concurrent_dispatcher.dispatch_concurrent[b77e5da2-f410-417f-8ed3-ac4ebdc1390e] succeeded in 0.5011549070004548s: 'Done'
[2021-09-01 16:04:15,001: INFO/MainProcess] Task concurrent_dispatcher.dispatch_concurrent[1c1b06a6-b807-404d-bfb6-788e6a5f8e03] received
[2021-09-01 16:04:15,005: ERROR/ForkPoolWorker-13] concurrent_dispatcher.dispatch_concurrent[0a609434-afa9-4a92-8f6d-ee44219c3294]: EMAIL notifier *FAILED* [Invalid NAME or EMAIL] @ {'name': 'Amanda Lindsey', 'email': None, 'phone': '247-657-3965x213', 'url': 'http://www.hobbs.com/', 'type': 'email'}
[2021-09-01 16:04:15,005: ERROR/ForkPoolWorker-16] concurrent_dispatcher.dispatch_concurrent[cd948b08-0579-43ed-860f-8693e1f1c00a]: POST notifier *FAILED* [Invalid NAME or URL] @ {'name': 'Jacob Miller', 'email': 'michaelfreeman@example.net', 'phone': None, 'url': None, 'type': 'post'}
[2021-09-01 16:04:15,006: INFO/ForkPoolWorker-13] Task concurrent_dispatcher.dispatch_concurrent[0a609434-afa9-4a92-8f6d-ee44219c3294] succeeded in 0.0010056000010081334s: 'Done'
[2021-09-01 16:04:15,006: INFO/ForkPoolWorker-16] Task concurrent_dispatcher.dispatch_concurrent[cd948b08-0579-43ed-860f-8693e1f1c00a] succeeded in 0.0009610990000510355s: 'Done'
[2021-09-01 16:04:15,009: INFO/MainProcess] Task concurrent_dispatcher.dispatch_concurrent[ce5981fc-3c3a-4cfb-be5b-7d136b2f2acf] received
[2021-09-01 16:04:15,015: INFO/MainProcess] Task concurrent_dispatcher.dispatch_concurrent[7b32ffb8-d804-4f78-a976-aec1f80ff48f] received
[2021-09-01 16:04:15,015: INFO/ForkPoolWorker-11] concurrent_dispatcher.dispatch_concurrent[d2dfb599-02a7-4669-85df-1c4d69ef3b97]: POST sent to http://www.weber.com/. Data: {'name': 'Scott Shepard', 'email': 'michael45@example.net', 'phone': '967-992-9345', 'url': 'http://www.weber.com/', 'type': 'post'}
[2021-09-01 16:04:15,015: INFO/ForkPoolWorker-11] Task concurrent_dispatcher.dispatch_concurrent[d2dfb599-02a7-4669-85df-1c4d69ef3b97] succeeded in 0.5009878250002657s: 'Done'
[2021-09-01 16:04:15,017: ERROR/ForkPoolWorker-16] concurrent_dispatcher.dispatch_concurrent[e5689f56-1001-452c-9526-e6c782561856]: POST notifier *FAILED* [Invalid NAME or URL] @ {'name': 'Kara Johnson', 'email': 'petersonmark@example.com', 'phone': '273.283.8320', 'url': None, 'type': 'post'}
[2021-09-01 16:04:15,017: INFO/ForkPoolWorker-16] Task concurrent_dispatcher.dispatch_concurrent[e5689f56-1001-452c-9526-e6c782561856] succeeded in 0.0003664920004666783s: 'Done'
[2021-09-01 16:04:15,018: INFO/MainProcess] Task concurrent_dispatcher.dispatch_concurrent[c84e7676-d2ec-48f0-8cb8-f7153db0496b] received
[2021-09-01 16:04:15,021: INFO/MainProcess] Task concurrent_dispatcher.dispatch_concurrent[f585a3da-0b59-4bab-a847-60a602e2b4f1] received
[2021-09-01 16:04:15,023: INFO/ForkPoolWorker-7] concurrent_dispatcher.dispatch_concurrent[791a2cf0-7b08-48a6-a134-5250730adf76]: POST sent to https://black.net/. Data: {'name': 'Scott Reyes', 'email': None, 'phone': '462-232-1426x299', 'url': 'https://black.net/', 'type': 'post'}
[2021-09-01 16:04:15,023: INFO/ForkPoolWorker-7] Task concurrent_dispatcher.dispatch_concurrent[791a2cf0-7b08-48a6-a134-5250730adf76] succeeded in 0.5011058220006817s: 'Done'
[2021-09-01 16:04:15,023: INFO/MainProcess] Task concurrent_dispatcher.dispatch_concurrent[10d06683-5543-4983-8ebd-c7adf8d479c6] received
[2021-09-01 16:04:15,025: INFO/MainProcess] Task concurrent_dispatcher.dispatch_concurrent[cfc45659-432e-4cf2-b5f9-b764bbcf3f43] received
[2021-09-01 16:04:15,027: INFO/MainProcess] Task concurrent_dispatcher.dispatch_concurrent[35f4f933-bf66-478c-b5cd-e5a880937fce] received
[2021-09-01 16:04:15,029: INFO/MainProcess] Task concurrent_dispatcher.dispatch_concurrent[30311d19-850e-46b0-9717-ea15fd4e31e3] received
[2021-09-01 16:04:15,400: INFO/ForkPoolWorker-10] concurrent_dispatcher.dispatch_concurrent[089f14bd-e694-4206-97da-466dd93ce37b]: SMS sent to 158-344-6572x652. Data: {'name': 'Kenneth Green', 'email': 'stephenphelps@example.org', 'phone': '158-344-6572x652', 'url': None, 'type': 'sms'}
[2021-09-01 16:04:15,400: INFO/ForkPoolWorker-10] Task concurrent_dispatcher.dispatch_concurrent[089f14bd-e694-4206-97da-466dd93ce37b] succeeded in 0.5014967560000514s: 'Done'
[2021-09-01 16:04:15,403: ERROR/ForkPoolWorker-10] concurrent_dispatcher.dispatch_concurrent[0c2ca8b1-f28a-4f61-8929-00d6a011aa10]: EMAIL notifier *FAILED* [Invalid NAME or EMAIL] @ {'name': 'Amber Middleton', 'email': None, 'phone': '+1-505-377-6757x069', 'url': 'http://perry-wood.com/', 'type': 'email'}
[2021-09-01 16:04:15,403: INFO/ForkPoolWorker-10] Task concurrent_dispatcher.dispatch_concurrent[0c2ca8b1-f28a-4f61-8929-00d6a011aa10] succeeded in 0.0006445460003305925s: 'Done'
[2021-09-01 16:04:15,413: INFO/ForkPoolWorker-9] concurrent_dispatcher.dispatch_concurrent[dd90d0b5-0b8d-4c47-a71e-ad85aa3a6bcd]: EMAIL sent to qcastro@example.net. Data: {'name': 'Sean Williams', 'email': 'qcastro@example.net', 'phone': '4177147365', 'url': None, 'type': 'email'}
[2021-09-01 16:04:15,414: INFO/ForkPoolWorker-9] Task concurrent_dispatcher.dispatch_concurrent[dd90d0b5-0b8d-4c47-a71e-ad85aa3a6bcd] succeeded in 0.5013962970006105s: 'Done'
[2021-09-01 16:04:15,426: INFO/ForkPoolWorker-3] concurrent_dispatcher.dispatch_concurrent[526310d4-2dbb-44d5-bb6a-71634293e983]: EMAIL sent to leejeff@example.org. Data: {'name': 'Anthony Mendoza', 'email': 'leejeff@example.org', 'phone': None, 'url': None, 'type': 'email'}
[2021-09-01 16:04:15,427: INFO/ForkPoolWorker-3] Task concurrent_dispatcher.dispatch_concurrent[526310d4-2dbb-44d5-bb6a-71634293e983] succeeded in 0.5029148679986974s: 'Done'
[2021-09-01 16:04:15,429: ERROR/ForkPoolWorker-3] concurrent_dispatcher.dispatch_concurrent[2570ac6a-c711-4afb-809b-1493c563d927]: EMAIL notifier *FAILED* [Invalid NAME or EMAIL] @ {'name': 'Samuel Carpenter', 'email': None, 'phone': '(192)891-6833x809', 'url': None, 'type': 'email'}
[2021-09-01 16:04:15,430: INFO/ForkPoolWorker-3] Task concurrent_dispatcher.dispatch_concurrent[2570ac6a-c711-4afb-809b-1493c563d927] succeeded in 0.0006619819996558363s: 'Done'
[2021-09-01 16:04:15,435: INFO/ForkPoolWorker-12] concurrent_dispatcher.dispatch_concurrent[78eebb75-db56-4b14-a1f0-7d2ff15c1bac]: POST sent to http://gray.com/. Data: {'name': 'Sherri Hill', 'email': 'todd38@example.org', 'phone': '522.492.3042x81793', 'url': 'http://gray.com/', 'type': 'post'}
[2021-09-01 16:04:15,436: INFO/ForkPoolWorker-12] Task concurrent_dispatcher.dispatch_concurrent[78eebb75-db56-4b14-a1f0-7d2ff15c1bac] succeeded in 0.5014621800000896s: 'Done'
[2021-09-01 16:04:15,451: INFO/ForkPoolWorker-1] concurrent_dispatcher.dispatch_concurrent[559691d4-dc64-49a7-bd8d-bec17ee00997]: EMAIL sent to riddlerobin@example.org. Data: {'name': 'Matthew Shah', 'email': 'riddlerobin@example.org', 'phone': '(478)701-7301x3219', 'url': 'https://www.bartlett-stark.com/', 'type': 'email'}
[2021-09-01 16:04:15,452: INFO/ForkPoolWorker-1] Task concurrent_dispatcher.dispatch_concurrent[559691d4-dc64-49a7-bd8d-bec17ee00997] succeeded in 0.5015349929999502s: 'Done'
[2021-09-01 16:04:15,473: INFO/ForkPoolWorker-2] concurrent_dispatcher.dispatch_concurrent[22bfdbed-af5a-4f3a-b403-6f7fa7666e84]: POST sent to https://christian-riddle.com/. Data: {'name': 'Juan Smith', 'email': 'chadmurphy@example.net', 'phone': '839.627.7810x821', 'url': 'https://christian-riddle.com/', 'type': 'post'}
[2021-09-01 16:04:15,473: INFO/ForkPoolWorker-8] concurrent_dispatcher.dispatch_concurrent[c9f25c27-f46d-442d-82b7-f2cc00bd32c0]: EMAIL sent to elindsey@example.net. Data: {'name': 'Julie Reynolds', 'email': 'elindsey@example.net', 'phone': '(489)132-2197', 'url': 'http://howard-ramirez.biz/', 'type': 'email'}
[2021-09-01 16:04:15,474: INFO/ForkPoolWorker-2] Task concurrent_dispatcher.dispatch_concurrent[22bfdbed-af5a-4f3a-b403-6f7fa7666e84] succeeded in 0.5011532339995028s: 'Done'
[2021-09-01 16:04:15,474: INFO/ForkPoolWorker-8] Task concurrent_dispatcher.dispatch_concurrent[c9f25c27-f46d-442d-82b7-f2cc00bd32c0] succeeded in 0.5013923200003774s: 'Done'
[2021-09-01 16:04:15,488: INFO/ForkPoolWorker-14] concurrent_dispatcher.dispatch_concurrent[84c1ebda-83f4-449b-911b-1a346eb19294]: EMAIL sent to salazarmelanie@example.org. Data: {'name': 'Nicole Carter', 'email': 'salazarmelanie@example.org', 'phone': '982.105.0959', 'url': 'http://www.clayton-contreras.com/', 'type': 'email'}
[2021-09-01 16:04:15,488: INFO/ForkPoolWorker-6] concurrent_dispatcher.dispatch_concurrent[857293f3-5a9b-4042-b32a-09f13f9601c0]: EMAIL sent to joseph89@example.net. Data: {'name': 'Joshua Higgins', 'email': 'joseph89@example.net', 'phone': None, 'url': None, 'type': 'email'}
[2021-09-01 16:04:15,489: INFO/ForkPoolWorker-14] Task concurrent_dispatcher.dispatch_concurrent[84c1ebda-83f4-449b-911b-1a346eb19294] succeeded in 0.5012730379985442s: 'Done'
[2021-09-01 16:04:15,489: INFO/ForkPoolWorker-6] Task concurrent_dispatcher.dispatch_concurrent[857293f3-5a9b-4042-b32a-09f13f9601c0] succeeded in 0.5010505930004001s: 'Done'
[2021-09-01 16:04:15,491: ERROR/ForkPoolWorker-6] concurrent_dispatcher.dispatch_concurrent[aab10166-ba01-4421-84a8-561ef680a44c]: EMAIL notifier *FAILED* [Invalid NAME or EMAIL] @ {'name': 'Scott Hunt', 'email': None, 'phone': '509-608-4623x7855', 'url': 'http://www.odom.com/', 'type': 'email'}
[2021-09-01 16:04:15,492: INFO/ForkPoolWorker-6] Task concurrent_dispatcher.dispatch_concurrent[aab10166-ba01-4421-84a8-561ef680a44c] succeeded in 0.0008491379994666204s: 'Done'
[2021-09-01 16:04:15,505: INFO/ForkPoolWorker-15] concurrent_dispatcher.dispatch_concurrent[3e06acb1-1c10-4a42-ab1c-727b5e4f2ce4]: POST sent to https://wilson-finley.com/. Data: {'name': 'Evan Baldwin', 'email': 'idelgado@example.com', 'phone': None, 'url': 'https://wilson-finley.com/', 'type': 'post'}
[2021-09-01 16:04:15,505: INFO/ForkPoolWorker-4] concurrent_dispatcher.dispatch_concurrent[653b22b4-f4de-4a74-b41c-d689a3b98399]: SMS sent to 001-133-348-6621x1289. Data: {'name': 'David Ramos', 'email': 'conniehill@example.org', 'phone': '001-133-348-6621x1289', 'url': 'https://villa.com/', 'type': 'sms'}
[2021-09-01 16:04:15,506: INFO/ForkPoolWorker-4] Task concurrent_dispatcher.dispatch_concurrent[653b22b4-f4de-4a74-b41c-d689a3b98399] succeeded in 0.5006862019999971s: 'Done'
[2021-09-01 16:04:15,506: INFO/ForkPoolWorker-15] Task concurrent_dispatcher.dispatch_concurrent[3e06acb1-1c10-4a42-ab1c-727b5e4f2ce4] succeeded in 0.500661329999275s: 'Done'
[2021-09-01 16:04:15,506: INFO/ForkPoolWorker-5] concurrent_dispatcher.dispatch_concurrent[f51c4c75-57b2-4ffc-93b5-ea5291c73133]: EMAIL sent to katie90@example.com. Data: {'name': 'Pamela Kramer', 'email': 'katie90@example.com', 'phone': '(979)440-8573x03490', 'url': 'https://beck.com/', 'type': 'email'}
[2021-09-01 16:04:15,506: INFO/ForkPoolWorker-5] Task concurrent_dispatcher.dispatch_concurrent[f51c4c75-57b2-4ffc-93b5-ea5291c73133] succeeded in 0.5009892460002447s: 'Done'
[2021-09-01 16:04:15,517: INFO/ForkPoolWorker-11] concurrent_dispatcher.dispatch_concurrent[e0a27fb3-56c1-4ccc-83a6-989da6fb9aaf]: SMS sent to 001-956-018-2484x69520. Data: {'name': 'Trevor Schultz', 'email': 'jamieward@example.com', 'phone': '001-956-018-2484x69520', 'url': 'https://www.bonilla.com/', 'type': 'sms'}
[2021-09-01 16:04:15,517: INFO/ForkPoolWorker-13] concurrent_dispatcher.dispatch_concurrent[360a4770-ac3b-4324-b942-26fee35df42d]: EMAIL sent to dawn02@example.org. Data: {'name': 'Michael Jones', 'email': 'dawn02@example.org', 'phone': None, 'url': 'https://munoz-woods.net/', 'type': 'email'}
[2021-09-01 16:04:15,518: INFO/ForkPoolWorker-11] Task concurrent_dispatcher.dispatch_concurrent[e0a27fb3-56c1-4ccc-83a6-989da6fb9aaf] succeeded in 0.5006734849994245s: 'Done'
[2021-09-01 16:04:15,518: INFO/ForkPoolWorker-13] Task concurrent_dispatcher.dispatch_concurrent[360a4770-ac3b-4324-b942-26fee35df42d] succeeded in 0.5005833920004079s: 'Done'
[2021-09-01 16:04:15,523: INFO/ForkPoolWorker-16] concurrent_dispatcher.dispatch_concurrent[d635dfb1-beab-4c63-b302-dffce60fba53]: POST sent to https://www.blackwell-eaton.com/. Data: {'name': 'Chad Alexander', 'email': 'taylorcunningham@example.com', 'phone': '+1-619-781-2926x72778', 'url': 'https://www.blackwell-eaton.com/', 'type': 'post'}
[2021-09-01 16:04:15,524: INFO/ForkPoolWorker-16] Task concurrent_dispatcher.dispatch_concurrent[d635dfb1-beab-4c63-b302-dffce60fba53] succeeded in 0.5011980499984929s: 'Done'
[2021-09-01 16:04:15,525: ERROR/ForkPoolWorker-16] concurrent_dispatcher.dispatch_concurrent[4b6f85cc-ca9d-405f-851c-d7ea9e1376ac]: EMAIL notifier *FAILED* [Invalid NAME or EMAIL] @ {'name': 'Yvonne Williams', 'email': None, 'phone': '001-918-819-3897x83773', 'url': None, 'type': 'email'}
[2021-09-01 16:04:15,526: INFO/ForkPoolWorker-16] Task concurrent_dispatcher.dispatch_concurrent[4b6f85cc-ca9d-405f-851c-d7ea9e1376ac] succeeded in 0.0005615159989247331s: 'Done'
[2021-09-01 16:04:15,526: INFO/ForkPoolWorker-7] concurrent_dispatcher.dispatch_concurrent[7d7c9a11-f06a-4a3c-83d4-9045327aef50]: EMAIL sent to kevincollins@example.net. Data: {'name': 'Brandi Hoover DVM', 'email': 'kevincollins@example.net', 'phone': '001-515-530-8554x188', 'url': 'http://ball.com/', 'type': 'email'}
[2021-09-01 16:04:15,527: INFO/ForkPoolWorker-7] Task concurrent_dispatcher.dispatch_concurrent[7d7c9a11-f06a-4a3c-83d4-9045327aef50] succeeded in 0.5010532140004216s: 'Done'
[2021-09-01 16:04:15,529: ERROR/ForkPoolWorker-7] concurrent_dispatcher.dispatch_concurrent[09882be4-d721-449e-9e03-d590cbe88f82]: EMAIL notifier *FAILED* [Invalid NAME or EMAIL] @ {'name': 'Gary Martin', 'email': None, 'phone': None, 'url': 'http://martinez-romero.com/', 'type': 'email'}
[2021-09-01 16:04:15,529: INFO/ForkPoolWorker-7] Task concurrent_dispatcher.dispatch_concurrent[09882be4-d721-449e-9e03-d590cbe88f82] succeeded in 0.00031010000020614825s: 'Done'
[2021-09-01 16:04:15,907: INFO/ForkPoolWorker-10] concurrent_dispatcher.dispatch_concurrent[7508a31f-242a-4035-986d-6434f1a2562d]: SMS sent to 535-494-1419x5239. Data: {'name': 'Bryan Watts', 'email': 'thomasjones@example.net', 'phone': '535-494-1419x5239', 'url': 'http://lewis.com/', 'type': 'sms'}
[2021-09-01 16:04:15,908: INFO/ForkPoolWorker-10] Task concurrent_dispatcher.dispatch_concurrent[7508a31f-242a-4035-986d-6434f1a2562d] succeeded in 0.5012785449998773s: 'Done'
[2021-09-01 16:04:15,916: INFO/ForkPoolWorker-9] concurrent_dispatcher.dispatch_concurrent[bd6533f0-f037-4c25-8a41-93710f0245d4]: SMS sent to +1-232-718-9279x490. Data: {'name': 'Nicole Young', 'email': 'adam75@example.com', 'phone': '+1-232-718-9279x490', 'url': 'http://garza-reynolds.com/', 'type': 'sms'}
[2021-09-01 16:04:15,917: INFO/ForkPoolWorker-9] Task concurrent_dispatcher.dispatch_concurrent[bd6533f0-f037-4c25-8a41-93710f0245d4] succeeded in 0.5011647589999484s: 'Done'
[2021-09-01 16:04:15,934: INFO/ForkPoolWorker-3] concurrent_dispatcher.dispatch_concurrent[139bb071-01c6-49e9-8bdd-bf048ae350c5]: POST sent to http://huang.com/. Data: {'name': 'Michael Murray', 'email': 'chadsanchez@example.org', 'phone': '(179)463-5122', 'url': 'http://huang.com/', 'type': 'post'}
[2021-09-01 16:04:15,934: INFO/ForkPoolWorker-3] Task concurrent_dispatcher.dispatch_concurrent[139bb071-01c6-49e9-8bdd-bf048ae350c5] succeeded in 0.5011930840009882s: 'Done'
[2021-09-01 16:04:15,936: ERROR/ForkPoolWorker-3] concurrent_dispatcher.dispatch_concurrent[cbfb2c6f-b1a6-4030-aac2-9726d7f29ca5]: EMAIL notifier *FAILED* [Invalid NAME or EMAIL] @ {'name': 'Cindy Nichols', 'email': None, 'phone': '+1-092-326-3145', 'url': 'https://miller-young.com/', 'type': 'email'}
[2021-09-01 16:04:15,937: INFO/ForkPoolWorker-3] Task concurrent_dispatcher.dispatch_concurrent[cbfb2c6f-b1a6-4030-aac2-9726d7f29ca5] succeeded in 0.0007035180005914299s: 'Done'
[2021-09-01 16:04:15,939: INFO/ForkPoolWorker-12] concurrent_dispatcher.dispatch_concurrent[66df775d-d873-4e68-877e-3a87a9b0f003]: POST sent to https://www.carlson-montes.net/. Data: {'name': 'Daniel Carter MD', 'email': None, 'phone': '(800)418-7220x76283', 'url': 'https://www.carlson-montes.net/', 'type': 'post'}
[2021-09-01 16:04:15,939: INFO/ForkPoolWorker-12] Task concurrent_dispatcher.dispatch_concurrent[66df775d-d873-4e68-877e-3a87a9b0f003] succeeded in 0.5012013720006507s: 'Done'
[2021-09-01 16:04:15,955: INFO/ForkPoolWorker-1] concurrent_dispatcher.dispatch_concurrent[eb1c7670-e949-4115-96de-323086751490]: POST sent to http://miller.com/. Data: {'name': 'Joy Gallagher', 'email': 'jnixon@example.com', 'phone': '5841965166', 'url': 'http://miller.com/', 'type': 'post'}
[2021-09-01 16:04:15,956: INFO/ForkPoolWorker-1] Task concurrent_dispatcher.dispatch_concurrent[eb1c7670-e949-4115-96de-323086751490] succeeded in 0.5015922929997032s: 'Done'
[2021-09-01 16:04:15,977: INFO/ForkPoolWorker-8] concurrent_dispatcher.dispatch_concurrent[29428dff-acc6-4318-80a4-42c2d6b081b9]: POST sent to http://miller-rivera.com/. Data: {'name': 'Teresa Martin', 'email': None, 'phone': '193-178-5451', 'url': 'http://miller-rivera.com/', 'type': 'post'}
[2021-09-01 16:04:15,977: INFO/ForkPoolWorker-2] concurrent_dispatcher.dispatch_concurrent[d7c41a6f-bf4e-4414-8098-e1427efc0b51]: SMS sent to 001-449-468-8104. Data: {'name': 'Mark Estrada', 'email': 'amy01@example.org', 'phone': '001-449-468-8104', 'url': 'https://landry.com/', 'type': 'sms'}
[2021-09-01 16:04:15,977: INFO/ForkPoolWorker-2] Task concurrent_dispatcher.dispatch_concurrent[d7c41a6f-bf4e-4414-8098-e1427efc0b51] succeeded in 0.5009593619997759s: 'Done'
[2021-09-01 16:04:15,977: INFO/ForkPoolWorker-8] Task concurrent_dispatcher.dispatch_concurrent[29428dff-acc6-4318-80a4-42c2d6b081b9] succeeded in 0.5010158360000787s: 'Done'
[2021-09-01 16:04:15,978: ERROR/ForkPoolWorker-2] concurrent_dispatcher.dispatch_concurrent[41a18bb8-6ac4-4347-8e43-b35f7857681e]: SMS notifier *FAILED*  [Invalid NAME or PHONE] @ {'name': 'Steven Walton', 'email': 'ramossharon@example.org', 'phone': None, 'url': 'https://goodman.com/', 'type': 'sms'}
[2021-09-01 16:04:15,979: INFO/ForkPoolWorker-2] Task concurrent_dispatcher.dispatch_concurrent[41a18bb8-6ac4-4347-8e43-b35f7857681e] succeeded in 0.00027372899967303965s: 'Done'
[2021-09-01 16:04:15,991: INFO/ForkPoolWorker-14] concurrent_dispatcher.dispatch_concurrent[546aadbd-d05d-4a75-b8f5-b6a23e3cbc1c]: EMAIL sent to christopher93@example.net. Data: {'name': 'Jasmine Anderson', 'email': 'christopher93@example.net', 'phone': '+1-152-084-6860x0958', 'url': 'http://fernandez.info/', 'type': 'email'}
[2021-09-01 16:04:15,992: INFO/ForkPoolWorker-14] Task concurrent_dispatcher.dispatch_concurrent[546aadbd-d05d-4a75-b8f5-b6a23e3cbc1c] succeeded in 0.5010703999996622s: 'Done'
[2021-09-01 16:04:15,994: ERROR/ForkPoolWorker-14] concurrent_dispatcher.dispatch_concurrent[8e04c16f-87b2-4ca3-be94-5dd7db094e67]: POST notifier *FAILED* [Invalid NAME or URL] @ {'name': 'Veronica Johnson', 'email': 'ssmith@example.net', 'phone': '058.357.9948x690', 'url': None, 'type': 'post'}
[2021-09-01 16:04:15,994: INFO/ForkPoolWorker-14] Task concurrent_dispatcher.dispatch_concurrent[8e04c16f-87b2-4ca3-be94-5dd7db094e67] succeeded in 0.00034283199966012035s: 'Done'
[2021-09-01 16:04:15,997: INFO/ForkPoolWorker-6] concurrent_dispatcher.dispatch_concurrent[f3ead2bc-3981-4f67-b2d6-c749a092817f]: EMAIL sent to anthonyforbes@example.net. Data: {'name': 'Cheryl Townsend', 'email': 'anthonyforbes@example.net', 'phone': '(058)348-0291', 'url': 'http://chavez.net/', 'type': 'email'}
[2021-09-01 16:04:15,997: INFO/ForkPoolWorker-6] Task concurrent_dispatcher.dispatch_concurrent[f3ead2bc-3981-4f67-b2d6-c749a092817f] succeeded in 0.5009605790000933s: 'Done'
[2021-09-01 16:04:16,007: INFO/ForkPoolWorker-5] concurrent_dispatcher.dispatch_concurrent[c8b807b6-99ab-4a4f-876a-a716fcca1412]: POST sent to https://www.turner.com/. Data: {'name': 'John Goodman', 'email': None, 'phone': '+1-329-029-4680x60503', 'url': 'https://www.turner.com/', 'type': 'post'}
[2021-09-01 16:04:16,007: INFO/ForkPoolWorker-15] concurrent_dispatcher.dispatch_concurrent[4fd75d98-0c21-420a-ad02-5fe794ede592]: EMAIL sent to vsanders@example.net. Data: {'name': 'Karen Smith', 'email': 'vsanders@example.net', 'phone': '+1-544-647-0908x94176', 'url': 'https://trujillo.info/', 'type': 'email'}
[2021-09-01 16:04:16,007: INFO/ForkPoolWorker-4] concurrent_dispatcher.dispatch_concurrent[4bfd9f0b-5d90-40a3-9c4b-6d9c67ed3ffa]: POST sent to http://jacobs-cruz.com/. Data: {'name': 'John Holden', 'email': 'sabrina23@example.net', 'phone': '209-682-1304x258', 'url': 'http://jacobs-cruz.com/', 'type': 'post'}
[2021-09-01 16:04:16,008: INFO/ForkPoolWorker-5] Task concurrent_dispatcher.dispatch_concurrent[c8b807b6-99ab-4a4f-876a-a716fcca1412] succeeded in 0.5007514829994761s: 'Done'
[2021-09-01 16:04:16,008: INFO/ForkPoolWorker-15] Task concurrent_dispatcher.dispatch_concurrent[4fd75d98-0c21-420a-ad02-5fe794ede592] succeeded in 0.5007691700011492s: 'Done'
[2021-09-01 16:04:16,008: INFO/ForkPoolWorker-4] Task concurrent_dispatcher.dispatch_concurrent[4bfd9f0b-5d90-40a3-9c4b-6d9c67ed3ffa] succeeded in 0.5007691779992456s: 'Done'
[2021-09-01 16:04:16,009: ERROR/ForkPoolWorker-4] concurrent_dispatcher.dispatch_concurrent[175fd330-3c05-4680-80b0-28b47c654f81]: EMAIL notifier *FAILED* [Invalid NAME or EMAIL] @ {'name': 'Erika Hunt', 'email': None, 'phone': None, 'url': None, 'type': 'email'}
[2021-09-01 16:04:16,009: ERROR/ForkPoolWorker-5] concurrent_dispatcher.dispatch_concurrent[ad6665d9-9e41-461e-b2e5-6e0c80d01fc0]: POST notifier *FAILED* [Invalid NAME or URL] @ {'name': 'Samantha Bird', 'email': 'vstevens@example.org', 'phone': '+1-888-459-3938', 'url': None, 'type': 'post'}
[2021-09-01 16:04:16,009: INFO/ForkPoolWorker-4] Task concurrent_dispatcher.dispatch_concurrent[175fd330-3c05-4680-80b0-28b47c654f81] succeeded in 0.0002496550005162135s: 'Done'
[2021-09-01 16:04:16,009: INFO/ForkPoolWorker-5] Task concurrent_dispatcher.dispatch_concurrent[ad6665d9-9e41-461e-b2e5-6e0c80d01fc0] succeeded in 0.0002854249996744329s: 'Done'
[2021-09-01 16:04:16,019: INFO/ForkPoolWorker-13] concurrent_dispatcher.dispatch_concurrent[8bca284d-ee82-427e-ac14-359736d004d4]: POST sent to http://case.info/. Data: {'name': 'Mr. Victor Allen II', 'email': None, 'phone': '+1-123-166-9177x3355', 'url': 'http://case.info/', 'type': 'post'}
[2021-09-01 16:04:16,019: INFO/ForkPoolWorker-11] concurrent_dispatcher.dispatch_concurrent[62637933-0d13-4f3a-a4ca-817990db3fef]: SMS sent to (898)272-8635x9902. Data: {'name': 'Lisa Silva', 'email': 'cgray@example.net', 'phone': '(898)272-8635x9902', 'url': 'http://wilson.org/', 'type': 'sms'}
[2021-09-01 16:04:16,019: INFO/ForkPoolWorker-13] Task concurrent_dispatcher.dispatch_concurrent[8bca284d-ee82-427e-ac14-359736d004d4] succeeded in 0.5008194630008802s: 'Done'
[2021-09-01 16:04:16,019: INFO/ForkPoolWorker-11] Task concurrent_dispatcher.dispatch_concurrent[62637933-0d13-4f3a-a4ca-817990db3fef] succeeded in 0.5008443540009466s: 'Done'
[2021-09-01 16:04:16,029: INFO/ForkPoolWorker-16] concurrent_dispatcher.dispatch_concurrent[be47bf38-d242-441c-bc75-01c9abc124f5]: EMAIL sent to friedmanlisa@example.org. Data: {'name': 'Diane Jacobs', 'email': 'friedmanlisa@example.org', 'phone': None, 'url': 'http://www.carpenter-wheeler.info/', 'type': 'email'}
[2021-09-01 16:04:16,030: INFO/ForkPoolWorker-16] Task concurrent_dispatcher.dispatch_concurrent[be47bf38-d242-441c-bc75-01c9abc124f5] succeeded in 0.5008642180000606s: 'Done'
[2021-09-01 16:04:16,030: ERROR/ForkPoolWorker-16] concurrent_dispatcher.dispatch_concurrent[51f7d856-4444-45f2-a84e-f8fe1baf2b33]: EMAIL notifier *FAILED* [Invalid NAME or EMAIL] @ {'name': 'David White', 'email': None, 'phone': '298-577-3338x4796', 'url': 'http://vazquez.org/', 'type': 'email'}
[2021-09-01 16:04:16,031: INFO/ForkPoolWorker-16] Task concurrent_dispatcher.dispatch_concurrent[51f7d856-4444-45f2-a84e-f8fe1baf2b33] succeeded in 0.00021336799909477122s: 'Done'
[2021-09-01 16:04:16,031: INFO/ForkPoolWorker-7] concurrent_dispatcher.dispatch_concurrent[b3387d8c-c44f-4ea7-ab5e-232e67e82868]: EMAIL sent to williamhill@example.com. Data: {'name': 'Colin Cruz', 'email': 'williamhill@example.com', 'phone': None, 'url': 'https://www.henry.info/', 'type': 'email'}
[2021-09-01 16:04:16,031: INFO/ForkPoolWorker-7] Task concurrent_dispatcher.dispatch_concurrent[b3387d8c-c44f-4ea7-ab5e-232e67e82868] succeeded in 0.5007852820017433s: 'Done'
[2021-09-01 16:04:16,412: INFO/ForkPoolWorker-10] concurrent_dispatcher.dispatch_concurrent[236148e3-a884-41b3-942b-f15fdd9b7d09]: POST sent to http://www.freeman-blair.com/. Data: {'name': 'Mason Frey', 'email': None, 'phone': None, 'url': 'http://www.freeman-blair.com/', 'type': 'post'}
[2021-09-01 16:04:16,412: INFO/ForkPoolWorker-10] Task concurrent_dispatcher.dispatch_concurrent[236148e3-a884-41b3-942b-f15fdd9b7d09] succeeded in 0.5012764589992003s: 'Done'
[2021-09-01 16:04:16,421: INFO/ForkPoolWorker-9] concurrent_dispatcher.dispatch_concurrent[398714b5-9bbc-415e-9240-fedc34fbd8c6]: EMAIL sent to mario94@example.com. Data: {'name': 'Tara Foley', 'email': 'mario94@example.com', 'phone': None, 'url': 'https://www.richards.com/', 'type': 'email'}
[2021-09-01 16:04:16,422: INFO/ForkPoolWorker-9] Task concurrent_dispatcher.dispatch_concurrent[398714b5-9bbc-415e-9240-fedc34fbd8c6] succeeded in 0.5018322880005144s: 'Done'
[2021-09-01 16:04:16,425: ERROR/ForkPoolWorker-9] concurrent_dispatcher.dispatch_concurrent[c666ce24-0bab-4468-a4c3-0f2aa364bd83]: SMS notifier *FAILED*  [Invalid NAME or PHONE] @ {'name': 'Bradley Delgado', 'email': 'darrell14@example.net', 'phone': None, 'url': 'http://www.daniels.com/', 'type': 'sms'}
[2021-09-01 16:04:16,425: INFO/ForkPoolWorker-9] Task concurrent_dispatcher.dispatch_concurrent[c666ce24-0bab-4468-a4c3-0f2aa364bd83] succeeded in 0.0007747269992250949s: 'Done'
[2021-09-01 16:04:16,442: INFO/ForkPoolWorker-12] concurrent_dispatcher.dispatch_concurrent[1dd51202-d29d-4890-99af-419bfc7e1b4a]: EMAIL sent to cooperkaitlyn@example.org. Data: {'name': 'Andrea Snyder', 'email': 'cooperkaitlyn@example.org', 'phone': '(766)200-2695', 'url': None, 'type': 'email'}
[2021-09-01 16:04:16,442: INFO/ForkPoolWorker-12] Task concurrent_dispatcher.dispatch_concurrent[1dd51202-d29d-4890-99af-419bfc7e1b4a] succeeded in 0.5013063059996057s: 'Done'
[2021-09-01 16:04:16,443: INFO/ForkPoolWorker-3] concurrent_dispatcher.dispatch_concurrent[874f36bc-00c7-474c-8370-0bd71cd2845a]: POST sent to https://www.stevenson.com/. Data: {'name': 'Ashley Stanley', 'email': 'gdoyle@example.org', 'phone': '668-515-1218', 'url': 'https://www.stevenson.com/', 'type': 'post'}
[2021-09-01 16:04:16,443: INFO/ForkPoolWorker-3] Task concurrent_dispatcher.dispatch_concurrent[874f36bc-00c7-474c-8370-0bd71cd2845a] succeeded in 0.5011190260011062s: 'Done'
[2021-09-01 16:04:16,444: ERROR/ForkPoolWorker-3] concurrent_dispatcher.dispatch_concurrent[6ad36499-8dcc-400e-b55a-59774e9ba72c]: SMS notifier *FAILED*  [Invalid NAME or PHONE] @ {'name': 'Charles Franco', 'email': 'matthew33@example.com', 'phone': None, 'url': 'https://www.morris-ray.com/', 'type': 'sms'}
[2021-09-01 16:04:16,444: INFO/ForkPoolWorker-3] Task concurrent_dispatcher.dispatch_concurrent[6ad36499-8dcc-400e-b55a-59774e9ba72c] succeeded in 0.00025210400053765625s: 'Done'
[2021-09-01 16:04:16,459: INFO/ForkPoolWorker-1] concurrent_dispatcher.dispatch_concurrent[97de6880-6563-4571-8bd7-e786492779b7]: EMAIL sent to abrown@example.com. Data: {'name': 'Toni Frazier', 'email': 'abrown@example.com', 'phone': '386.666.6674x2516', 'url': None, 'type': 'email'}
[2021-09-01 16:04:16,460: INFO/ForkPoolWorker-1] Task concurrent_dispatcher.dispatch_concurrent[97de6880-6563-4571-8bd7-e786492779b7] succeeded in 0.5009801920004975s: 'Done'
[2021-09-01 16:04:16,481: INFO/ForkPoolWorker-8] concurrent_dispatcher.dispatch_concurrent[7db9fa07-f478-435c-ad1f-b3e441720d7f]: EMAIL sent to kho@example.net. Data: {'name': 'Mr. Steve Smith', 'email': 'kho@example.net', 'phone': '(798)948-9746', 'url': 'http://www.king.biz/', 'type': 'email'}
[2021-09-01 16:04:16,481: INFO/ForkPoolWorker-8] Task concurrent_dispatcher.dispatch_concurrent[7db9fa07-f478-435c-ad1f-b3e441720d7f] succeeded in 0.5028617429998121s: 'Done'
[2021-09-01 16:04:16,481: INFO/ForkPoolWorker-2] concurrent_dispatcher.dispatch_concurrent[ca5c44b2-59b5-497d-a381-82c03b7bbb90]: POST sent to http://miller-johnson.com/. Data: {'name': 'Lucas Love', 'email': 'connoradams@example.net', 'phone': '+1-759-301-4387', 'url': 'http://miller-johnson.com/', 'type': 'post'}
[2021-09-01 16:04:16,482: INFO/ForkPoolWorker-2] Task concurrent_dispatcher.dispatch_concurrent[ca5c44b2-59b5-497d-a381-82c03b7bbb90] succeeded in 0.5007065439986036s: 'Done'
[2021-09-01 16:04:16,496: INFO/ForkPoolWorker-14] concurrent_dispatcher.dispatch_concurrent[7f58a56c-c54b-491c-9051-edf1fa811df8]: POST sent to http://munoz.net/. Data: {'name': 'Luis Nicholson', 'email': 'wbartlett@example.com', 'phone': None, 'url': 'http://munoz.net/', 'type': 'post'}
[2021-09-01 16:04:16,496: INFO/ForkPoolWorker-14] Task concurrent_dispatcher.dispatch_concurrent[7f58a56c-c54b-491c-9051-edf1fa811df8] succeeded in 0.5009557720004523s: 'Done'
[2021-09-01 16:04:16,499: INFO/ForkPoolWorker-6] concurrent_dispatcher.dispatch_concurrent[2c2b7014-1294-4894-a258-7aae006da1f3]: EMAIL sent to hreid@example.com. Data: {'name': 'Michael Martinez', 'email': 'hreid@example.com', 'phone': '+1-257-260-0185x2878', 'url': 'http://www.davis-bowman.com/', 'type': 'email'}
[2021-09-01 16:04:16,499: INFO/ForkPoolWorker-6] Task concurrent_dispatcher.dispatch_concurrent[2c2b7014-1294-4894-a258-7aae006da1f3] succeeded in 0.5008673829997861s: 'Done'
[2021-09-01 16:04:16,500: ERROR/ForkPoolWorker-6] concurrent_dispatcher.dispatch_concurrent[10d06683-5543-4983-8ebd-c7adf8d479c6]: POST notifier *FAILED* [Invalid NAME or URL] @ {'name': 'William Fisher', 'email': None, 'phone': '802-294-0766x889', 'url': None, 'type': 'post'}
[2021-09-01 16:04:16,500: INFO/ForkPoolWorker-6] Task concurrent_dispatcher.dispatch_concurrent[10d06683-5543-4983-8ebd-c7adf8d479c6] succeeded in 0.0002907680009229807s: 'Done'
[2021-09-01 16:04:16,509: INFO/ForkPoolWorker-15] concurrent_dispatcher.dispatch_concurrent[8bab82f0-a678-44fe-9b21-4c9586167f00]: POST sent to http://www.sanders-grant.com/. Data: {'name': 'John Delgado', 'email': 'xpatterson@example.net', 'phone': '+1-285-110-2769x181', 'url': 'http://www.sanders-grant.com/', 'type': 'post'}
[2021-09-01 16:04:16,510: INFO/ForkPoolWorker-15] Task concurrent_dispatcher.dispatch_concurrent[8bab82f0-a678-44fe-9b21-4c9586167f00] succeeded in 0.5013132220010448s: 'Done'
[2021-09-01 16:04:16,512: INFO/ForkPoolWorker-5] concurrent_dispatcher.dispatch_concurrent[40986f15-6c3d-4ec1-a072-cb1664f06c98]: SMS sent to (961)717-9628x568. Data: {'name': 'Rachel Hall', 'email': None, 'phone': '(961)717-9628x568', 'url': 'https://www.hernandez-mayer.org/', 'type': 'sms'}
[2021-09-01 16:04:16,512: INFO/ForkPoolWorker-4] concurrent_dispatcher.dispatch_concurrent[a838292a-c88d-4465-b19e-21a31d956c30]: EMAIL sent to eugene20@example.net. Data: {'name': 'Matthew Ross', 'email': 'eugene20@example.net', 'phone': '(759)657-9722x559', 'url': 'https://www.buckley.com/', 'type': 'email'}
[2021-09-01 16:04:16,513: INFO/ForkPoolWorker-4] Task concurrent_dispatcher.dispatch_concurrent[a838292a-c88d-4465-b19e-21a31d956c30] succeeded in 0.5007769950007059s: 'Done'
[2021-09-01 16:04:16,513: INFO/ForkPoolWorker-5] Task concurrent_dispatcher.dispatch_concurrent[40986f15-6c3d-4ec1-a072-cb1664f06c98] succeeded in 0.5007434960007231s: 'Done'
[2021-09-01 16:04:16,515: ERROR/ForkPoolWorker-4] concurrent_dispatcher.dispatch_concurrent[30311d19-850e-46b0-9717-ea15fd4e31e3]: POST notifier *FAILED* [Invalid NAME or URL] @ {'name': 'Matthew Schwartz', 'email': 'geoffrey45@example.net', 'phone': None, 'url': None, 'type': 'post'}
[2021-09-01 16:04:16,515: INFO/ForkPoolWorker-4] Task concurrent_dispatcher.dispatch_concurrent[30311d19-850e-46b0-9717-ea15fd4e31e3] succeeded in 0.00032403200020780787s: 'Done'
[2021-09-01 16:04:16,521: INFO/ForkPoolWorker-11] concurrent_dispatcher.dispatch_concurrent[a9af4b1f-0df0-4216-bc79-2c2ced8f86ac]: POST sent to http://terry.com/. Data: {'name': 'Teresa Cannon', 'email': None, 'phone': '661-852-9593', 'url': 'http://terry.com/', 'type': 'post'}
[2021-09-01 16:04:16,522: INFO/ForkPoolWorker-13] concurrent_dispatcher.dispatch_concurrent[dec218e9-06ec-4782-acd2-c900779d6c5f]: EMAIL sent to karenduncan@example.org. Data: {'name': 'Kristy Mathis', 'email': 'karenduncan@example.org', 'phone': '(330)873-0588x0540', 'url': 'http://murphy.com/', 'type': 'email'}
[2021-09-01 16:04:16,523: INFO/ForkPoolWorker-13] Task concurrent_dispatcher.dispatch_concurrent[dec218e9-06ec-4782-acd2-c900779d6c5f] succeeded in 0.50197887899958s: 'Done'
[2021-09-01 16:04:16,523: INFO/ForkPoolWorker-11] Task concurrent_dispatcher.dispatch_concurrent[a9af4b1f-0df0-4216-bc79-2c2ced8f86ac] succeeded in 0.5020019990006404s: 'Done'
[2021-09-01 16:04:16,532: INFO/ForkPoolWorker-16] concurrent_dispatcher.dispatch_concurrent[58a10f16-bc66-4e7d-9c00-b75c080351ed]: SMS sent to 001-179-900-1443x18130. Data: {'name': 'Rachael Guerrero', 'email': 'tbradley@example.org', 'phone': '001-179-900-1443x18130', 'url': 'http://howell.com/', 'type': 'sms'}
[2021-09-01 16:04:16,533: INFO/ForkPoolWorker-16] Task concurrent_dispatcher.dispatch_concurrent[58a10f16-bc66-4e7d-9c00-b75c080351ed] succeeded in 0.5008610549994046s: 'Done'
[2021-09-01 16:04:16,533: INFO/ForkPoolWorker-7] concurrent_dispatcher.dispatch_concurrent[6aa576d0-2166-4811-b160-f9d2fba98fc2]: POST sent to https://www.bailey.com/. Data: {'name': 'Laura Long', 'email': 'troy68@example.com', 'phone': '001-621-192-3971x318', 'url': 'https://www.bailey.com/', 'type': 'post'}
[2021-09-01 16:04:16,534: INFO/ForkPoolWorker-7] Task concurrent_dispatcher.dispatch_concurrent[6aa576d0-2166-4811-b160-f9d2fba98fc2] succeeded in 0.5008974419997685s: 'Done'
