[2021-09-01 16:13:58,451: INFO/MainProcess] Task concurrent_dispatcher.dispatch_concurrent[a337268a-b5fe-4ab5-bde7-189a71dd90aa] received
[2021-09-01 16:13:58,453: INFO/MainProcess] Task concurrent_dispatcher.dispatch_concurrent[cf344fb5-8269-46de-bb32-016c2eb2fe43] received
[2021-09-01 16:13:58,459: INFO/MainProcess] Task concurrent_dispatcher.dispatch_concurrent[899577ab-85fd-4098-a716-08d92013416e] received
[2021-09-01 16:13:58,461: INFO/MainProcess] Task concurrent_dispatcher.dispatch_concurrent[2d39853a-5578-4a69-90d5-3dd6a58be70c] received
[2021-09-01 16:13:58,463: INFO/MainProcess] Task concurrent_dispatcher.dispatch_concurrent[b6fcd783-a2e9-485e-b260-b4fb630b3582] received
[2021-09-01 16:13:58,465: INFO/MainProcess] Task concurrent_dispatcher.dispatch_concurrent[80ce3080-b8b4-4638-bd01-421e35039038] received
[2021-09-01 16:13:58,467: INFO/MainProcess] Task concurrent_dispatcher.dispatch_concurrent[bd2c0bc3-28b0-42d3-9160-1d893f4eb41d] received
[2021-09-01 16:13:58,469: INFO/MainProcess] Task concurrent_dispatcher.dispatch_concurrent[f4e0714e-ae37-435b-8a76-2b8b22ce4e27] received
[2021-09-01 16:13:58,885: INFO/ForkPoolWorker-9] concurrent_dispatcher.dispatch_concurrent[1cbf0ed6-7a1c-4f04-8cfa-6455ac7cde60]: SMS sent to 255.587.1340x576. Data: {'name': 'Frank Monroe', 'email': 'wilsonbrett@example.net', 'phone': '255.587.1340x576', 'url': None, 'type': 'sms'}
[2021-09-01 16:13:58,886: INFO/ForkPoolWorker-9] Task concurrent_dispatcher.dispatch_concurrent[1cbf0ed6-7a1c-4f04-8cfa-6455ac7cde60] succeeded in 0.5016186740012927s: 'Done'
[2021-09-01 16:13:58,886: INFO/ForkPoolWorker-10] concurrent_dispatcher.dispatch_concurrent[cdc7ba4f-5016-47f1-a85c-18b0ee73f1ab]: EMAIL sent to johnsonstacy@example.com. Data: {'name': 'Jonathan Harrington Jr.', 'email': 'johnsonstacy@example.com', 'phone': '907-324-6170', 'url': None, 'type': 'email'}
[2021-09-01 16:13:58,887: INFO/ForkPoolWorker-10] Task concurrent_dispatcher.dispatch_concurrent[cdc7ba4f-5016-47f1-a85c-18b0ee73f1ab] succeeded in 0.5027948079987254s: 'Done'
[2021-09-01 16:13:58,918: INFO/ForkPoolWorker-8] concurrent_dispatcher.dispatch_concurrent[cc4f6d36-dbfc-493e-878b-124439ab81e3]: SMS sent to +1-846-542-6635x0987. Data: {'name': 'Matthew Bush', 'email': 'rlopez@example.org', 'phone': '+1-846-542-6635x0987', 'url': None, 'type': 'sms'}
[2021-09-01 16:13:58,918: INFO/ForkPoolWorker-1] concurrent_dispatcher.dispatch_concurrent[38ce711c-adf8-43a7-b395-a2be99b51ba6]: SMS sent to 717-483-1971x25939. Data: {'name': 'Kayla Molina', 'email': None, 'phone': '717-483-1971x25939', 'url': 'http://www.keller.com/', 'type': 'sms'}
[2021-09-01 16:13:58,918: INFO/ForkPoolWorker-12] concurrent_dispatcher.dispatch_concurrent[b5ad29e9-78ce-4d93-bbc5-f2b2555a1da1]: POST sent to https://nguyen-moore.com/. Data: {'name': 'Christian Gibson', 'email': 'johnmeadows@example.com', 'phone': None, 'url': 'https://nguyen-moore.com/', 'type': 'post'}
[2021-09-01 16:13:58,918: INFO/ForkPoolWorker-11] concurrent_dispatcher.dispatch_concurrent[abd465a7-cdee-4140-a7a0-da683dfa3c73]: EMAIL sent to nicole48@example.com. Data: {'name': 'Kimberly Hancock', 'email': 'nicole48@example.com', 'phone': '+1-381-661-9545', 'url': 'https://www.meyer-miller.info/', 'type': 'email'}
[2021-09-01 16:13:58,918: INFO/ForkPoolWorker-4] concurrent_dispatcher.dispatch_concurrent[0d4291c3-2903-4340-8cc0-81823e9fae6d]: SMS sent to 001-230-693-0574x1732. Data: {'name': 'Catherine Park', 'email': 'gouldalbert@example.com', 'phone': '001-230-693-0574x1732', 'url': 'http://lucas-adkins.com/', 'type': 'sms'}
[2021-09-01 16:13:58,918: INFO/ForkPoolWorker-13] concurrent_dispatcher.dispatch_concurrent[5e089d84-f5ba-45c1-afee-93625838e35a]: SMS sent to 373-597-8239x7927. Data: {'name': 'Barbara Anderson', 'email': 'alexandracollins@example.com', 'phone': '373-597-8239x7927', 'url': 'https://gonzalez.info/', 'type': 'sms'}
[2021-09-01 16:13:58,918: INFO/ForkPoolWorker-3] concurrent_dispatcher.dispatch_concurrent[d5785219-d453-44c0-89b8-0e4f593c0a0b]: SMS sent to 097.246.1175x40643. Data: {'name': 'Julia Andrews', 'email': 'angeladean@example.com', 'phone': '097.246.1175x40643', 'url': 'http://www.thompson.com/', 'type': 'sms'}
[2021-09-01 16:13:58,918: INFO/ForkPoolWorker-7] concurrent_dispatcher.dispatch_concurrent[46c55ee9-23e1-41eb-b454-162e51272546]: SMS sent to (306)900-9310x8128. Data: {'name': 'Ricky Thomas', 'email': 'dianasimmons@example.com', 'phone': '(306)900-9310x8128', 'url': 'http://www.thompson.com/', 'type': 'sms'}
[2021-09-01 16:13:58,919: INFO/ForkPoolWorker-12] Task concurrent_dispatcher.dispatch_concurrent[b5ad29e9-78ce-4d93-bbc5-f2b2555a1da1] succeeded in 0.5017338020006719s: 'Done'
[2021-09-01 16:13:58,919: INFO/ForkPoolWorker-1] Task concurrent_dispatcher.dispatch_concurrent[38ce711c-adf8-43a7-b395-a2be99b51ba6] succeeded in 0.5017292540014751s: 'Done'
[2021-09-01 16:13:58,919: INFO/ForkPoolWorker-8] Task concurrent_dispatcher.dispatch_concurrent[cc4f6d36-dbfc-493e-878b-124439ab81e3] succeeded in 0.5017771029997675s: 'Done'
[2021-09-01 16:13:58,919: INFO/ForkPoolWorker-4] Task concurrent_dispatcher.dispatch_concurrent[0d4291c3-2903-4340-8cc0-81823e9fae6d] succeeded in 0.5015740449998702s: 'Done'
[2021-09-01 16:13:58,919: INFO/ForkPoolWorker-11] Task concurrent_dispatcher.dispatch_concurrent[abd465a7-cdee-4140-a7a0-da683dfa3c73] succeeded in 0.501770029999534s: 'Done'
[2021-09-01 16:13:58,919: INFO/ForkPoolWorker-13] Task concurrent_dispatcher.dispatch_concurrent[5e089d84-f5ba-45c1-afee-93625838e35a] succeeded in 0.5017456130008213s: 'Done'
[2021-09-01 16:13:58,919: INFO/ForkPoolWorker-3] Task concurrent_dispatcher.dispatch_concurrent[d5785219-d453-44c0-89b8-0e4f593c0a0b] succeeded in 0.5017250810014957s: 'Done'
[2021-09-01 16:13:58,919: INFO/ForkPoolWorker-7] Task concurrent_dispatcher.dispatch_concurrent[46c55ee9-23e1-41eb-b454-162e51272546] succeeded in 0.501163720000477s: 'Done'
[2021-09-01 16:13:58,920: INFO/ForkPoolWorker-16] concurrent_dispatcher.dispatch_concurrent[64264f8c-3ba7-448b-9ac9-2667af730071]: POST sent to http://www.ramirez.net/. Data: {'name': 'Joseph Strickland', 'email': 'yadams@example.com', 'phone': None, 'url': 'http://www.ramirez.net/', 'type': 'post'}
[2021-09-01 16:13:58,920: INFO/ForkPoolWorker-5] concurrent_dispatcher.dispatch_concurrent[193b191c-b9fb-4c4e-9ea2-68cdcf24ba6c]: POST sent to http://obrien-clark.com/. Data: {'name': 'Michelle Cox', 'email': 'kvang@example.org', 'phone': None, 'url': 'http://obrien-clark.com/', 'type': 'post'}
[2021-09-01 16:13:58,921: INFO/ForkPoolWorker-16] Task concurrent_dispatcher.dispatch_concurrent[64264f8c-3ba7-448b-9ac9-2667af730071] succeeded in 0.502800008000122s: 'Done'
[2021-09-01 16:13:58,921: INFO/ForkPoolWorker-5] Task concurrent_dispatcher.dispatch_concurrent[193b191c-b9fb-4c4e-9ea2-68cdcf24ba6c] succeeded in 0.5028125759999966s: 'Done'
[2021-09-01 16:13:58,928: ERROR/ForkPoolWorker-13] concurrent_dispatcher.dispatch_concurrent[9cba5be9-b11e-471f-af60-6ce920d7484a]: POST notifier *FAILED* [Invalid NAME or URL] @ {'name': 'Troy Harris', 'email': 'hollandjames@example.net', 'phone': '(016)343-1826x371', 'url': None, 'type': 'post'}
[2021-09-01 16:13:58,928: ERROR/ForkPoolWorker-4] concurrent_dispatcher.dispatch_concurrent[8e7009c5-7ff9-4b8d-9c4c-a5404445052d]: SMS notifier *FAILED*  [Invalid NAME or PHONE] @ {'name': 'Alan Palmer', 'email': 'andrewjones@example.com', 'phone': None, 'url': 'http://www.russo.com/', 'type': 'sms'}
[2021-09-01 16:13:58,928: INFO/ForkPoolWorker-13] Task concurrent_dispatcher.dispatch_concurrent[9cba5be9-b11e-471f-af60-6ce920d7484a] succeeded in 0.0009685770000942284s: 'Done'
[2021-09-01 16:13:58,928: INFO/ForkPoolWorker-4] Task concurrent_dispatcher.dispatch_concurrent[8e7009c5-7ff9-4b8d-9c4c-a5404445052d] succeeded in 0.0009994659994845279s: 'Done'
[2021-09-01 16:13:58,929: ERROR/ForkPoolWorker-7] concurrent_dispatcher.dispatch_concurrent[ebce4b2b-d3ca-4ecb-912a-146d4f9c049d]: EMAIL notifier *FAILED* [Invalid NAME or EMAIL] @ {'name': 'Brad Miller', 'email': None, 'phone': '001-855-504-9048', 'url': 'http://rowe-thomas.com/', 'type': 'email'}
[2021-09-01 16:13:58,930: INFO/ForkPoolWorker-7] Task concurrent_dispatcher.dispatch_concurrent[ebce4b2b-d3ca-4ecb-912a-146d4f9c049d] succeeded in 0.0011023859988199547s: 'Done'
[2021-09-01 16:13:58,932: INFO/ForkPoolWorker-14] concurrent_dispatcher.dispatch_concurrent[fa269a17-ab2d-4edc-98c7-40ebace16eb5]: SMS sent to 001-175-297-5762. Data: {'name': 'Stephen Frey', 'email': 'gonzalesnicholas@example.org', 'phone': '001-175-297-5762', 'url': 'https://www.donaldson.com/', 'type': 'sms'}
[2021-09-01 16:13:58,932: INFO/ForkPoolWorker-2] concurrent_dispatcher.dispatch_concurrent[b2ab8200-a44d-46b1-8b3f-e8ec01486d53]: EMAIL sent to casey65@example.net. Data: {'name': 'Alicia Chen', 'email': 'casey65@example.net', 'phone': '649-014-8311x03192', 'url': 'https://www.williams-bell.com/', 'type': 'email'}
[2021-09-01 16:13:58,932: INFO/ForkPoolWorker-15] concurrent_dispatcher.dispatch_concurrent[9978eb4c-18cd-48b2-aeaf-2c42ee5edc5a]: SMS sent to (670)401-9158. Data: {'name': 'Vickie Brady', 'email': 'cunninghamheather@example.org', 'phone': '(670)401-9158', 'url': 'http://johnson.com/', 'type': 'sms'}
[2021-09-01 16:13:58,932: INFO/ForkPoolWorker-6] concurrent_dispatcher.dispatch_concurrent[822c5b07-6e27-4860-bdec-1448075b4b53]: POST sent to http://peterson-morgan.com/. Data: {'name': 'Lisa Knight', 'email': 'pamela54@example.org', 'phone': None, 'url': 'http://peterson-morgan.com/', 'type': 'post'}
[2021-09-01 16:13:58,933: INFO/ForkPoolWorker-14] Task concurrent_dispatcher.dispatch_concurrent[fa269a17-ab2d-4edc-98c7-40ebace16eb5] succeeded in 0.5013431970000966s: 'Done'
[2021-09-01 16:13:58,933: INFO/ForkPoolWorker-2] Task concurrent_dispatcher.dispatch_concurrent[b2ab8200-a44d-46b1-8b3f-e8ec01486d53] succeeded in 0.5015099209995242s: 'Done'
[2021-09-01 16:13:58,933: INFO/ForkPoolWorker-15] Task concurrent_dispatcher.dispatch_concurrent[9978eb4c-18cd-48b2-aeaf-2c42ee5edc5a] succeeded in 0.5013286460016388s: 'Done'
[2021-09-01 16:13:58,933: INFO/ForkPoolWorker-6] Task concurrent_dispatcher.dispatch_concurrent[822c5b07-6e27-4860-bdec-1448075b4b53] succeeded in 0.5015015790013422s: 'Done'
[2021-09-01 16:13:58,933: INFO/MainProcess] Task concurrent_dispatcher.dispatch_concurrent[14220345-0db7-499b-a374-f9b62d330a25] received
[2021-09-01 16:13:58,957: INFO/MainProcess] Task concurrent_dispatcher.dispatch_concurrent[c0667db7-3cba-4da9-9325-2296260cdcb4] received
[2021-09-01 16:13:58,960: ERROR/ForkPoolWorker-13] concurrent_dispatcher.dispatch_concurrent[b944e4c4-bfb1-405b-8124-833658ffe17e]: EMAIL notifier *FAILED* [Invalid NAME or EMAIL] @ {'name': 'Joshua Fischer', 'email': None, 'phone': '001-664-852-0142x28765', 'url': 'https://navarro.biz/', 'type': 'email'}
[2021-09-01 16:13:58,960: ERROR/ForkPoolWorker-15] concurrent_dispatcher.dispatch_concurrent[ab30d661-ecb5-4eb3-bcb1-7ad0d1485ceb]: EMAIL notifier *FAILED* [Invalid NAME or EMAIL] @ {'name': 'Joel West', 'email': None, 'phone': None, 'url': 'http://bell.com/', 'type': 'email'}
[2021-09-01 16:13:58,960: ERROR/ForkPoolWorker-14] concurrent_dispatcher.dispatch_concurrent[7b4ced40-a26b-4ad7-9393-045886bbe7ef]: SMS notifier *FAILED*  [Invalid NAME or PHONE] @ {'name': 'Ashley Willis', 'email': None, 'phone': None, 'url': 'https://www.johnson-santana.com/', 'type': 'sms'}
[2021-09-01 16:13:58,960: ERROR/ForkPoolWorker-4] concurrent_dispatcher.dispatch_concurrent[b46bbfef-f360-49e0-8e7a-0b8f25516636]: EMAIL notifier *FAILED* [Invalid NAME or EMAIL] @ {'name': 'Robin Roberts', 'email': None, 'phone': '(137)215-7845x41324', 'url': 'https://young.com/', 'type': 'email'}
[2021-09-01 16:13:58,960: INFO/ForkPoolWorker-13] Task concurrent_dispatcher.dispatch_concurrent[b944e4c4-bfb1-405b-8124-833658ffe17e] succeeded in 0.0006575749994226499s: 'Done'
[2021-09-01 16:13:58,961: INFO/ForkPoolWorker-14] Task concurrent_dispatcher.dispatch_concurrent[7b4ced40-a26b-4ad7-9393-045886bbe7ef] succeeded in 0.0006107099998189369s: 'Done'
[2021-09-01 16:13:58,961: INFO/ForkPoolWorker-15] Task concurrent_dispatcher.dispatch_concurrent[ab30d661-ecb5-4eb3-bcb1-7ad0d1485ceb] succeeded in 0.0006106960008764872s: 'Done'
[2021-09-01 16:13:58,961: INFO/ForkPoolWorker-4] Task concurrent_dispatcher.dispatch_concurrent[b46bbfef-f360-49e0-8e7a-0b8f25516636] succeeded in 0.0006815100005042041s: 'Done'
[2021-09-01 16:13:58,962: INFO/MainProcess] Task concurrent_dispatcher.dispatch_concurrent[f5236dd4-0560-4b3c-8dc9-59166d06f284] received
[2021-09-01 16:13:58,968: INFO/MainProcess] Task concurrent_dispatcher.dispatch_concurrent[c2a21e2a-0f3c-4b3c-8d9a-68bb1106b4c7] received
[2021-09-01 16:13:58,971: INFO/MainProcess] Task concurrent_dispatcher.dispatch_concurrent[8950b3a0-775d-4253-9d68-050e3886f530] received
[2021-09-01 16:13:58,974: INFO/MainProcess] Task concurrent_dispatcher.dispatch_concurrent[b4f1e39a-0a60-451f-8273-06f0f7a03683] received
[2021-09-01 16:13:58,976: INFO/MainProcess] Task concurrent_dispatcher.dispatch_concurrent[48a3b193-1d10-43ce-8533-78380c3bd3f4] received
[2021-09-01 16:13:58,977: INFO/MainProcess] Task concurrent_dispatcher.dispatch_concurrent[62781611-18a0-45fb-8f25-92a59096b28a] received
[2021-09-01 16:13:58,978: INFO/MainProcess] Task concurrent_dispatcher.dispatch_concurrent[4ef506f9-a45b-4add-bf33-44e6407a7727] received
[2021-09-01 16:13:58,979: INFO/MainProcess] Task concurrent_dispatcher.dispatch_concurrent[6a073dfe-2ef7-4296-ad50-6a624187ba72] received
[2021-09-01 16:13:58,980: INFO/MainProcess] Task concurrent_dispatcher.dispatch_concurrent[ec976aed-f8e6-4085-aeeb-4423dc38e09f] received
[2021-09-01 16:13:58,981: INFO/MainProcess] Task concurrent_dispatcher.dispatch_concurrent[38de422d-b207-4d92-b90b-cdb16f10575f] received
[2021-09-01 16:13:58,982: INFO/MainProcess] Task concurrent_dispatcher.dispatch_concurrent[bd390f81-92ab-4300-b3fc-caa443d4a9f6] received
[2021-09-01 16:13:58,983: INFO/MainProcess] Task concurrent_dispatcher.dispatch_concurrent[504083c7-551a-4542-b7e9-2cbaa91251a2] received
[2021-09-01 16:13:58,984: INFO/MainProcess] Task concurrent_dispatcher.dispatch_concurrent[797ae00d-9802-456b-a515-de65ac947896] received
[2021-09-01 16:13:58,984: INFO/MainProcess] Task concurrent_dispatcher.dispatch_concurrent[ff55d10e-c018-4a28-9d84-628b5f002e6f] received
[2021-09-01 16:13:58,986: INFO/MainProcess] Task concurrent_dispatcher.dispatch_concurrent[79797571-8c34-4a48-ba02-60b9fe075766] received
[2021-09-01 16:13:58,987: INFO/MainProcess] Task concurrent_dispatcher.dispatch_concurrent[342a4a23-891f-42d4-90d7-cda2d8682d68] received
[2021-09-01 16:13:58,987: INFO/MainProcess] Task concurrent_dispatcher.dispatch_concurrent[2990b955-8d7e-4252-be41-7c82177392d0] received
[2021-09-01 16:13:58,988: INFO/MainProcess] Task concurrent_dispatcher.dispatch_concurrent[451994cb-8a0e-42c3-9e6d-7537f2308626] received
[2021-09-01 16:13:58,989: INFO/MainProcess] Task concurrent_dispatcher.dispatch_concurrent[878ee004-e4d5-46fa-afd7-558047c584cb] received
[2021-09-01 16:13:58,990: INFO/MainProcess] Task concurrent_dispatcher.dispatch_concurrent[1d316866-2900-4588-a416-f3c8324c9c22] received
[2021-09-01 16:13:58,991: INFO/MainProcess] Task concurrent_dispatcher.dispatch_concurrent[c024b13c-4885-44b2-b8bc-5f8aac504114] received
[2021-09-01 16:13:59,390: INFO/ForkPoolWorker-9] concurrent_dispatcher.dispatch_concurrent[2aa8b922-ddf1-40d1-81a2-faaf3aedffc7]: POST sent to http://smith.org/. Data: {'name': 'Anne Edwards', 'email': 'john39@example.com', 'phone': '001-897-090-7828x69704', 'url': 'http://smith.org/', 'type': 'post'}
[2021-09-01 16:13:59,391: INFO/ForkPoolWorker-10] concurrent_dispatcher.dispatch_concurrent[4b03d08b-0aa2-4ec6-8bfb-b56a8008a8c3]: POST sent to http://www.gomez.com/. Data: {'name': 'Melissa Gray', 'email': 'denisewolf@example.com', 'phone': None, 'url': 'http://www.gomez.com/', 'type': 'post'}
[2021-09-01 16:13:59,391: INFO/ForkPoolWorker-10] Task concurrent_dispatcher.dispatch_concurrent[4b03d08b-0aa2-4ec6-8bfb-b56a8008a8c3] succeeded in 0.5017442380012653s: 'Done'
[2021-09-01 16:13:59,391: INFO/ForkPoolWorker-9] Task concurrent_dispatcher.dispatch_concurrent[2aa8b922-ddf1-40d1-81a2-faaf3aedffc7] succeeded in 0.5018262569992658s: 'Done'
[2021-09-01 16:13:59,428: INFO/ForkPoolWorker-8] concurrent_dispatcher.dispatch_concurrent[e9ab6853-1632-4ba6-80af-00173c21b447]: EMAIL sent to thompsonchristopher@example.net. Data: {'name': 'Philip Lewis', 'email': 'thompsonchristopher@example.net', 'phone': '001-814-382-3269x005', 'url': 'https://gallagher.com/', 'type': 'email'}
[2021-09-01 16:13:59,428: INFO/ForkPoolWorker-1] concurrent_dispatcher.dispatch_concurrent[4c3d5f12-3662-48a0-82aa-cc3ec2aa68ad]: POST sent to http://www.williams.com/. Data: {'name': 'Edward Robinson', 'email': 'yhall@example.net', 'phone': '+1-094-013-6499x5055', 'url': 'http://www.williams.com/', 'type': 'post'}
[2021-09-01 16:13:59,428: INFO/ForkPoolWorker-12] concurrent_dispatcher.dispatch_concurrent[de40bfeb-0ec0-4d80-a88c-0943545ae48d]: EMAIL sent to john57@example.org. Data: {'name': 'Paula Mcdonald', 'email': 'john57@example.org', 'phone': '(582)317-7435x14647', 'url': 'https://russell.com/', 'type': 'email'}
[2021-09-01 16:13:59,428: INFO/ForkPoolWorker-11] concurrent_dispatcher.dispatch_concurrent[5899e0aa-9fe8-4c2a-8087-d2c863006a35]: POST sent to http://www.hudson.com/. Data: {'name': 'Kyle Coffey DDS', 'email': 'nlane@example.org', 'phone': '001-521-977-5129x686', 'url': 'http://www.hudson.com/', 'type': 'post'}
[2021-09-01 16:13:59,428: INFO/ForkPoolWorker-3] concurrent_dispatcher.dispatch_concurrent[9b7d6689-945a-4dc5-adcc-d81c8b5ffd80]: EMAIL sent to patrickstafford@example.com. Data: {'name': 'James Luna', 'email': 'patrickstafford@example.com', 'phone': None, 'url': 'https://mathis.com/', 'type': 'email'}
[2021-09-01 16:13:59,429: INFO/ForkPoolWorker-8] Task concurrent_dispatcher.dispatch_concurrent[e9ab6853-1632-4ba6-80af-00173c21b447] succeeded in 0.501862543000243s: 'Done'
[2021-09-01 16:13:59,428: INFO/ForkPoolWorker-16] concurrent_dispatcher.dispatch_concurrent[50c2c152-f06c-4c80-a318-2008f86043ab]: EMAIL sent to stacyrobinson@example.net. Data: {'name': 'Shannon Woodward', 'email': 'stacyrobinson@example.net', 'phone': '(374)566-8953', 'url': None, 'type': 'email'}
[2021-09-01 16:13:59,428: INFO/ForkPoolWorker-5] concurrent_dispatcher.dispatch_concurrent[99fa3353-8d71-4ade-9efa-efa60766b418]: POST sent to https://lee.biz/. Data: {'name': 'Tracey Morgan', 'email': 'mhudson@example.org', 'phone': None, 'url': 'https://lee.biz/', 'type': 'post'}
[2021-09-01 16:13:59,429: INFO/ForkPoolWorker-1] Task concurrent_dispatcher.dispatch_concurrent[4c3d5f12-3662-48a0-82aa-cc3ec2aa68ad] succeeded in 0.5015772629994899s: 'Done'
[2021-09-01 16:13:59,429: INFO/ForkPoolWorker-12] Task concurrent_dispatcher.dispatch_concurrent[de40bfeb-0ec0-4d80-a88c-0943545ae48d] succeeded in 0.5017703269986669s: 'Done'
[2021-09-01 16:13:59,429: INFO/ForkPoolWorker-11] Task concurrent_dispatcher.dispatch_concurrent[5899e0aa-9fe8-4c2a-8087-d2c863006a35] succeeded in 0.5017867850001494s: 'Done'
[2021-09-01 16:13:59,429: INFO/ForkPoolWorker-16] Task concurrent_dispatcher.dispatch_concurrent[50c2c152-f06c-4c80-a318-2008f86043ab] succeeded in 0.5017041160008375s: 'Done'
[2021-09-01 16:13:59,429: INFO/ForkPoolWorker-3] Task concurrent_dispatcher.dispatch_concurrent[9b7d6689-945a-4dc5-adcc-d81c8b5ffd80] succeeded in 0.5019666270000016s: 'Done'
[2021-09-01 16:13:59,429: INFO/ForkPoolWorker-5] Task concurrent_dispatcher.dispatch_concurrent[99fa3353-8d71-4ade-9efa-efa60766b418] succeeded in 0.5016196380001929s: 'Done'
[2021-09-01 16:13:59,435: ERROR/ForkPoolWorker-16] concurrent_dispatcher.dispatch_concurrent[c85da8d7-ae48-43cd-961e-fd3b9742f73b]: SMS notifier *FAILED*  [Invalid NAME or PHONE] @ {'name': 'Emma Robertson', 'email': 'garnerheather@example.com', 'phone': None, 'url': 'https://french.com/', 'type': 'sms'}
[2021-09-01 16:13:59,435: ERROR/ForkPoolWorker-5] concurrent_dispatcher.dispatch_concurrent[470a9725-c56e-4c89-a688-5ee6b1d07b6b]: POST notifier *FAILED* [Invalid NAME or URL] @ {'name': 'Lisa Cohen', 'email': 'nicholasaustin@example.com', 'phone': '880-354-7115', 'url': None, 'type': 'post'}
[2021-09-01 16:13:59,436: INFO/ForkPoolWorker-5] Task concurrent_dispatcher.dispatch_concurrent[470a9725-c56e-4c89-a688-5ee6b1d07b6b] succeeded in 0.0008559269990655594s: 'Done'
[2021-09-01 16:13:59,436: INFO/ForkPoolWorker-16] Task concurrent_dispatcher.dispatch_concurrent[c85da8d7-ae48-43cd-961e-fd3b9742f73b] succeeded in 0.0009068430008483119s: 'Done'
[2021-09-01 16:13:59,440: INFO/MainProcess] Task concurrent_dispatcher.dispatch_concurrent[b5af00bc-358c-406c-97b0-255e331f0960] received
[2021-09-01 16:13:59,457: INFO/MainProcess] Task concurrent_dispatcher.dispatch_concurrent[c95eb849-af01-4c6b-837f-369bf987e522] received
[2021-09-01 16:13:59,459: ERROR/ForkPoolWorker-5] concurrent_dispatcher.dispatch_concurrent[0c1dfbf8-6d6b-40c0-a8bc-334f3576f93e]: POST notifier *FAILED* [Invalid NAME or URL] @ {'name': 'Joshua Clark', 'email': 'richardsonemily@example.net', 'phone': '614.587.3472x03151', 'url': None, 'type': 'post'}
[2021-09-01 16:13:59,460: INFO/ForkPoolWorker-5] Task concurrent_dispatcher.dispatch_concurrent[0c1dfbf8-6d6b-40c0-a8bc-334f3576f93e] succeeded in 0.0007033019992377376s: 'Done'
[2021-09-01 16:13:59,460: INFO/ForkPoolWorker-7] concurrent_dispatcher.dispatch_concurrent[6fd0f7cc-5463-46b2-bf08-9e5d2bad8a8b]: POST sent to https://walters.com/. Data: {'name': 'Lisa Hall', 'email': 'leenathan@example.com', 'phone': '941-888-4029x862', 'url': 'https://walters.com/', 'type': 'post'}
[2021-09-01 16:13:59,460: INFO/ForkPoolWorker-2] concurrent_dispatcher.dispatch_concurrent[40297383-1bd3-4613-891c-16297048209b]: EMAIL sent to kennethyoung@example.org. Data: {'name': 'Douglas Mann', 'email': 'kennethyoung@example.org', 'phone': None, 'url': 'http://www.medina.com/', 'type': 'email'}
[2021-09-01 16:13:59,461: INFO/ForkPoolWorker-7] Task concurrent_dispatcher.dispatch_concurrent[6fd0f7cc-5463-46b2-bf08-9e5d2bad8a8b] succeeded in 0.5008169819993782s: 'Done'
[2021-09-01 16:13:59,461: INFO/ForkPoolWorker-2] Task concurrent_dispatcher.dispatch_concurrent[40297383-1bd3-4613-891c-16297048209b] succeeded in 0.5011674170000333s: 'Done'
[2021-09-01 16:13:59,461: INFO/ForkPoolWorker-6] concurrent_dispatcher.dispatch_concurrent[91077bdc-b9cd-4b2c-bc52-14c8e9c7c983]: EMAIL sent to maria29@example.org. Data: {'name': 'Trevor Cook', 'email': 'maria29@example.org', 'phone': '+1-256-335-9826', 'url': 'https://www.rodriguez-hansen.biz/', 'type': 'email'}
[2021-09-01 16:13:59,462: INFO/MainProcess] Task concurrent_dispatcher.dispatch_concurrent[e5f3c7e4-9229-494c-9753-1b2faaf68ca1] received
[2021-09-01 16:13:59,462: INFO/ForkPoolWorker-6] Task concurrent_dispatcher.dispatch_concurrent[91077bdc-b9cd-4b2c-bc52-14c8e9c7c983] succeeded in 0.5018920710008388s: 'Done'
[2021-09-01 16:13:59,468: INFO/MainProcess] Task concurrent_dispatcher.dispatch_concurrent[43a490c2-d1ba-4327-8427-1608ef54db1e] received
[2021-09-01 16:13:59,470: ERROR/ForkPoolWorker-2] concurrent_dispatcher.dispatch_concurrent[695268ab-7649-4ea0-be9c-2f618da25c96]: POST notifier *FAILED* [Invalid NAME or URL] @ {'name': 'Alexandra Scott', 'email': 'elizabeth24@example.org', 'phone': '761.865.4169', 'url': None, 'type': 'post'}
[2021-09-01 16:13:59,470: ERROR/ForkPoolWorker-6] concurrent_dispatcher.dispatch_concurrent[cf129a10-6966-4b47-904f-b516cd144385]: POST notifier *FAILED* [Invalid NAME or URL] @ {'name': 'Alexis Jones', 'email': 'vhale@example.org', 'phone': '(098)595-5535x98984', 'url': None, 'type': 'post'}
[2021-09-01 16:13:59,470: INFO/ForkPoolWorker-15] concurrent_dispatcher.dispatch_concurrent[92893e66-c10f-4ba4-8064-cc8f965d544e]: SMS sent to 812-766-5349. Data: {'name': 'Karen Craig', 'email': 'hharris@example.net', 'phone': '812-766-5349', 'url': 'http://www.walter.com/', 'type': 'sms'}
[2021-09-01 16:13:59,470: INFO/ForkPoolWorker-14] concurrent_dispatcher.dispatch_concurrent[181afbf4-af8f-4553-82f8-6ea76ad1033a]: EMAIL sent to bretthopkins@example.org. Data: {'name': 'Kevin Crawford', 'email': 'bretthopkins@example.org', 'phone': '577-015-3139', 'url': None, 'type': 'email'}
[2021-09-01 16:13:59,471: INFO/ForkPoolWorker-6] Task concurrent_dispatcher.dispatch_concurrent[cf129a10-6966-4b47-904f-b516cd144385] succeeded in 0.0005140649991517421s: 'Done'
[2021-09-01 16:13:59,471: INFO/ForkPoolWorker-2] Task concurrent_dispatcher.dispatch_concurrent[695268ab-7649-4ea0-be9c-2f618da25c96] succeeded in 0.0006442220001190435s: 'Done'
[2021-09-01 16:13:59,471: INFO/ForkPoolWorker-15] Task concurrent_dispatcher.dispatch_concurrent[92893e66-c10f-4ba4-8064-cc8f965d544e] succeeded in 0.500889120001375s: 'Done'
[2021-09-01 16:13:59,471: INFO/ForkPoolWorker-14] Task concurrent_dispatcher.dispatch_concurrent[181afbf4-af8f-4553-82f8-6ea76ad1033a] succeeded in 0.5009003430004668s: 'Done'
[2021-09-01 16:13:59,471: INFO/ForkPoolWorker-4] concurrent_dispatcher.dispatch_concurrent[74ef8920-8140-47a6-9bfb-65e30931fe43]: EMAIL sent to smithmatthew@example.org. Data: {'name': 'Julia Martinez', 'email': 'smithmatthew@example.org', 'phone': '001-352-976-2828x97135', 'url': None, 'type': 'email'}
[2021-09-01 16:13:59,471: INFO/ForkPoolWorker-13] concurrent_dispatcher.dispatch_concurrent[fc1b54ef-83c6-4156-b3ec-b2fcb73bb8ff]: EMAIL sent to iking@example.com. Data: {'name': 'Stephanie Le', 'email': 'iking@example.com', 'phone': '819-611-8478x0929', 'url': 'https://www.moran-mckee.com/', 'type': 'email'}
[2021-09-01 16:13:59,471: INFO/ForkPoolWorker-4] Task concurrent_dispatcher.dispatch_concurrent[74ef8920-8140-47a6-9bfb-65e30931fe43] succeeded in 0.5013988130012876s: 'Done'
[2021-09-01 16:13:59,471: INFO/ForkPoolWorker-13] Task concurrent_dispatcher.dispatch_concurrent[fc1b54ef-83c6-4156-b3ec-b2fcb73bb8ff] succeeded in 0.5015508249998675s: 'Done'
[2021-09-01 16:13:59,472: INFO/MainProcess] Task concurrent_dispatcher.dispatch_concurrent[aaa064b0-c30a-4195-8fb8-617069458803] received
[2021-09-01 16:13:59,477: INFO/MainProcess] Task concurrent_dispatcher.dispatch_concurrent[772be73c-7908-4473-9881-f7be9bfa7de3] received
[2021-09-01 16:13:59,480: ERROR/ForkPoolWorker-14] concurrent_dispatcher.dispatch_concurrent[db9b6eda-0ce9-42bd-99f8-62b47f7ed54f]: SMS notifier *FAILED*  [Invalid NAME or PHONE] @ {'name': 'Ashley Friedman', 'email': 'jhanson@example.net', 'phone': None, 'url': None, 'type': 'sms'}
[2021-09-01 16:13:59,480: INFO/ForkPoolWorker-14] Task concurrent_dispatcher.dispatch_concurrent[db9b6eda-0ce9-42bd-99f8-62b47f7ed54f] succeeded in 0.00035122799999953713s: 'Done'
[2021-09-01 16:13:59,481: INFO/MainProcess] Task concurrent_dispatcher.dispatch_concurrent[975a96e8-4d1a-4682-bb97-afdd361ebe14] received
[2021-09-01 16:13:59,488: INFO/MainProcess] Task concurrent_dispatcher.dispatch_concurrent[a4926506-fdb3-4057-9db6-b6c5d10a4ec4] received
[2021-09-01 16:13:59,490: INFO/MainProcess] Task concurrent_dispatcher.dispatch_concurrent[b18a8028-e8e8-41c1-b304-2490a038cf41] received
[2021-09-01 16:13:59,492: INFO/MainProcess] Task concurrent_dispatcher.dispatch_concurrent[f1decddd-2393-4445-92f8-94dc13c1ae8d] received
[2021-09-01 16:13:59,494: INFO/MainProcess] Task concurrent_dispatcher.dispatch_concurrent[f8704529-1d66-4d7a-9150-58db84b08de3] received
[2021-09-01 16:13:59,496: INFO/MainProcess] Task concurrent_dispatcher.dispatch_concurrent[5cb1cfc9-ce1f-4e75-83e0-26ca0de709b3] received
[2021-09-01 16:13:59,497: INFO/MainProcess] Task concurrent_dispatcher.dispatch_concurrent[936f5f61-209f-4c17-9c71-303af34993c6] received
[2021-09-01 16:13:59,499: INFO/MainProcess] Task concurrent_dispatcher.dispatch_concurrent[85047cdc-12dd-448d-8867-35f6a0cf30a9] received
[2021-09-01 16:13:59,500: INFO/MainProcess] Task concurrent_dispatcher.dispatch_concurrent[e82bf615-2d5e-45b3-8bb6-5716106541ce] received
[2021-09-01 16:13:59,502: INFO/MainProcess] Task concurrent_dispatcher.dispatch_concurrent[b5be3ba3-8cb4-42ae-8ea8-6d678caedb6d] received
[2021-09-01 16:13:59,503: INFO/MainProcess] Task concurrent_dispatcher.dispatch_concurrent[d6f4d8ed-ba98-402a-b1cb-20e247d09f82] received
[2021-09-01 16:13:59,504: INFO/MainProcess] Task concurrent_dispatcher.dispatch_concurrent[018a65f1-2962-40bf-9854-5a3dd0e286ae] received
[2021-09-01 16:13:59,505: INFO/MainProcess] Task concurrent_dispatcher.dispatch_concurrent[d46c3cd9-de75-494c-8ed8-02d6d96c631a] received
[2021-09-01 16:13:59,506: INFO/MainProcess] Task concurrent_dispatcher.dispatch_concurrent[0c9ce02f-3287-4c81-ac88-2b1c65820e21] received
[2021-09-01 16:13:59,507: INFO/MainProcess] Task concurrent_dispatcher.dispatch_concurrent[7c119ec0-27cd-4d13-bead-5a8b6187e0fd] received
[2021-09-01 16:13:59,508: INFO/MainProcess] Task concurrent_dispatcher.dispatch_concurrent[98107d18-7a38-49f4-ae7c-3bc87331a234] received
[2021-09-01 16:13:59,895: INFO/ForkPoolWorker-9] concurrent_dispatcher.dispatch_concurrent[18129752-9e69-47fd-8a98-b8c53cfceee8]: SMS sent to 684-818-4749. Data: {'name': 'Michael Adkins', 'email': 'gwise@example.net', 'phone': '684-818-4749', 'url': 'https://www.woods.com/', 'type': 'sms'}
[2021-09-01 16:13:59,895: INFO/ForkPoolWorker-10] concurrent_dispatcher.dispatch_concurrent[2b55c66a-8ff4-46f6-9f5a-36fbbb9429ba]: EMAIL sent to winterssandy@example.org. Data: {'name': 'Courtney Wolfe', 'email': 'winterssandy@example.org', 'phone': '558-357-0565x011', 'url': 'http://clark.org/', 'type': 'email'}
[2021-09-01 16:13:59,896: INFO/ForkPoolWorker-10] Task concurrent_dispatcher.dispatch_concurrent[2b55c66a-8ff4-46f6-9f5a-36fbbb9429ba] succeeded in 0.5006644949990005s: 'Done'
[2021-09-01 16:13:59,896: INFO/ForkPoolWorker-9] Task concurrent_dispatcher.dispatch_concurrent[18129752-9e69-47fd-8a98-b8c53cfceee8] succeeded in 0.5007834710013412s: 'Done'
[2021-09-01 16:13:59,897: ERROR/ForkPoolWorker-9] concurrent_dispatcher.dispatch_concurrent[d9b44013-6e81-427f-8d03-5fc4ec1ee04b]: POST notifier *FAILED* [Invalid NAME or URL] @ {'name': 'Melissa Green', 'email': 'lisa01@example.com', 'phone': '777-189-6275', 'url': None, 'type': 'post'}
[2021-09-01 16:13:59,897: INFO/ForkPoolWorker-9] Task concurrent_dispatcher.dispatch_concurrent[d9b44013-6e81-427f-8d03-5fc4ec1ee04b] succeeded in 0.0004695610005001072s: 'Done'
[2021-09-01 16:13:59,902: INFO/MainProcess] Task concurrent_dispatcher.dispatch_concurrent[cfbeeff2-68d0-4c08-8315-7efea746797a] received
[2021-09-01 16:13:59,903: ERROR/ForkPoolWorker-9] concurrent_dispatcher.dispatch_concurrent[bbd79680-f278-44e7-b138-ca1a72cc1eab]: EMAIL notifier *FAILED* [Invalid NAME or EMAIL] @ {'name': 'Alexandra Anderson', 'email': None, 'phone': '349.473.5503x35325', 'url': 'http://manning.com/', 'type': 'email'}
[2021-09-01 16:13:59,903: INFO/ForkPoolWorker-9] Task concurrent_dispatcher.dispatch_concurrent[bbd79680-f278-44e7-b138-ca1a72cc1eab] succeeded in 0.0003882290002366062s: 'Done'
[2021-09-01 16:13:59,906: INFO/MainProcess] Task concurrent_dispatcher.dispatch_concurrent[7187830b-30c1-4e39-9375-758d311875f7] received
[2021-09-01 16:13:59,912: INFO/MainProcess] Task concurrent_dispatcher.dispatch_concurrent[dba02057-56a6-47f9-916c-9ca3ffd63ed0] received
[2021-09-01 16:13:59,935: INFO/ForkPoolWorker-11] concurrent_dispatcher.dispatch_concurrent[e572fa63-5de0-4ca7-9b45-011524030a26]: SMS sent to 4881960772. Data: {'name': 'Jerry Lamb', 'email': None, 'phone': '4881960772', 'url': 'https://www.holmes.com/', 'type': 'sms'}
[2021-09-01 16:13:59,935: INFO/ForkPoolWorker-12] concurrent_dispatcher.dispatch_concurrent[1ea8e949-40f0-4b1c-a30b-5b35b3ff431f]: POST sent to http://knight.com/. Data: {'name': 'Christine Brown', 'email': 'qsmith@example.net', 'phone': '001-445-257-7123x751', 'url': 'http://knight.com/', 'type': 'post'}
[2021-09-01 16:13:59,935: INFO/ForkPoolWorker-8] concurrent_dispatcher.dispatch_concurrent[2860625d-e533-4fbe-b343-92eb0a962cc4]: EMAIL sent to joshua25@example.net. Data: {'name': 'Terry Floyd', 'email': 'joshua25@example.net', 'phone': None, 'url': 'https://www.patterson.net/', 'type': 'email'}
[2021-09-01 16:13:59,936: INFO/ForkPoolWorker-3] concurrent_dispatcher.dispatch_concurrent[0628d842-93ea-4059-984f-0a29700366b3]: POST sent to https://baxter.com/. Data: {'name': 'Nathan Logan', 'email': 'cassidy54@example.com', 'phone': '618.390.2676', 'url': 'https://baxter.com/', 'type': 'post'}
[2021-09-01 16:13:59,936: INFO/ForkPoolWorker-12] Task concurrent_dispatcher.dispatch_concurrent[1ea8e949-40f0-4b1c-a30b-5b35b3ff431f] succeeded in 0.5011214739988645s: 'Done'
[2021-09-01 16:13:59,936: INFO/ForkPoolWorker-11] Task concurrent_dispatcher.dispatch_concurrent[e572fa63-5de0-4ca7-9b45-011524030a26] succeeded in 0.5011192639994988s: 'Done'
[2021-09-01 16:13:59,936: INFO/ForkPoolWorker-8] Task concurrent_dispatcher.dispatch_concurrent[2860625d-e533-4fbe-b343-92eb0a962cc4] succeeded in 0.5012615659998119s: 'Done'
[2021-09-01 16:13:59,936: INFO/ForkPoolWorker-3] Task concurrent_dispatcher.dispatch_concurrent[0628d842-93ea-4059-984f-0a29700366b3] succeeded in 0.5010672779990273s: 'Done'
[2021-09-01 16:13:59,936: INFO/ForkPoolWorker-1] concurrent_dispatcher.dispatch_concurrent[0d681a1c-1f2a-4f4d-a449-ba0ae31303c3]: POST sent to http://olsen.com/. Data: {'name': 'Amanda Cardenas', 'email': None, 'phone': '5322204528', 'url': 'http://olsen.com/', 'type': 'post'}
[2021-09-01 16:13:59,937: INFO/ForkPoolWorker-1] Task concurrent_dispatcher.dispatch_concurrent[0d681a1c-1f2a-4f4d-a449-ba0ae31303c3] succeeded in 0.5024076099998638s: 'Done'
[2021-09-01 16:13:59,942: ERROR/ForkPoolWorker-8] concurrent_dispatcher.dispatch_concurrent[32900382-2c1c-4880-b653-965e63d8a35b]: POST notifier *FAILED* [Invalid NAME or URL] @ {'name': 'James Allen', 'email': 'swilliams@example.org', 'phone': '001-374-812-9089x448', 'url': None, 'type': 'post'}
[2021-09-01 16:13:59,943: INFO/ForkPoolWorker-8] Task concurrent_dispatcher.dispatch_concurrent[32900382-2c1c-4880-b653-965e63d8a35b] succeeded in 0.00111339599970961s: 'Done'
[2021-09-01 16:13:59,947: INFO/MainProcess] Task concurrent_dispatcher.dispatch_concurrent[e3319ddf-d87c-4a1d-ae71-86742d4bee55] received
[2021-09-01 16:13:59,959: INFO/ForkPoolWorker-16] concurrent_dispatcher.dispatch_concurrent[39cb745c-63d0-43f2-a686-9c597cb8c919]: SMS sent to +1-362-123-4418. Data: {'name': 'Juan Curtis', 'email': 'josephdalton@example.com', 'phone': '+1-362-123-4418', 'url': 'http://henry.com/', 'type': 'sms'}
[2021-09-01 16:13:59,960: INFO/ForkPoolWorker-16] Task concurrent_dispatcher.dispatch_concurrent[39cb745c-63d0-43f2-a686-9c597cb8c919] succeeded in 0.5006819919999543s: 'Done'
[2021-09-01 16:13:59,961: INFO/MainProcess] Task concurrent_dispatcher.dispatch_concurrent[ae7e91ea-0d2c-4664-b0f3-c430bc106989] received
[2021-09-01 16:13:59,964: INFO/MainProcess] Task concurrent_dispatcher.dispatch_concurrent[9fcc59b8-6d32-4ee1-890a-d942a332a8f3] received
[2021-09-01 16:13:59,971: INFO/ForkPoolWorker-7] concurrent_dispatcher.dispatch_concurrent[39cb75c5-3996-4e24-b666-77a97e985973]: EMAIL sent to amacias@example.org. Data: {'name': 'Patrick Morris', 'email': 'amacias@example.org', 'phone': '566.961.4152x6299', 'url': 'http://leonard.com/', 'type': 'email'}
[2021-09-01 16:13:59,971: INFO/ForkPoolWorker-5] concurrent_dispatcher.dispatch_concurrent[f19fe85a-8273-44b7-ba76-0bf31064141b]: SMS sent to (380)655-0917. Data: {'name': 'Tom Mack', 'email': 'michelerodgers@example.org', 'phone': '(380)655-0917', 'url': 'http://www.scott.com/', 'type': 'sms'}
[2021-09-01 16:13:59,972: INFO/MainProcess] Task concurrent_dispatcher.dispatch_concurrent[c6046703-ab70-4d91-b3e5-fd6ac4594aac] received
[2021-09-01 16:13:59,973: INFO/ForkPoolWorker-5] Task concurrent_dispatcher.dispatch_concurrent[f19fe85a-8273-44b7-ba76-0bf31064141b] succeeded in 0.5023713890004728s: 'Done'
[2021-09-01 16:13:59,973: INFO/ForkPoolWorker-7] Task concurrent_dispatcher.dispatch_concurrent[39cb75c5-3996-4e24-b666-77a97e985973] succeeded in 0.5023164829999587s: 'Done'
[2021-09-01 16:13:59,977: INFO/MainProcess] Task concurrent_dispatcher.dispatch_concurrent[6e1d3a70-8464-4834-82a6-cc34feb65287] received
[2021-09-01 16:13:59,979: ERROR/ForkPoolWorker-7] concurrent_dispatcher.dispatch_concurrent[cf344fb5-8269-46de-bb32-016c2eb2fe43]: POST notifier *FAILED* [Invalid NAME or URL] @ {'name': 'Nicole Dorsey', 'email': 'andreaandrews@example.com', 'phone': '028-809-2254', 'url': None, 'type': 'post'}
[2021-09-01 16:13:59,980: INFO/ForkPoolWorker-7] Task concurrent_dispatcher.dispatch_concurrent[cf344fb5-8269-46de-bb32-016c2eb2fe43] succeeded in 0.00054304500008584s: 'Done'
[2021-09-01 16:13:59,980: INFO/ForkPoolWorker-2] concurrent_dispatcher.dispatch_concurrent[96427350-e670-470d-a610-77295175a668]: SMS sent to +1-257-877-9974x374. Data: {'name': 'Anna Harmon', 'email': None, 'phone': '+1-257-877-9974x374', 'url': 'https://ray.com/', 'type': 'sms'}
[2021-09-01 16:13:59,980: INFO/ForkPoolWorker-4] concurrent_dispatcher.dispatch_concurrent[9e1b4bbe-4f89-4164-921a-4f26d8601b65]: SMS sent to 001-937-375-3753. Data: {'name': 'Ms. Brenda Rios', 'email': 'fsaunders@example.org', 'phone': '001-937-375-3753', 'url': 'https://www.barker.biz/', 'type': 'sms'}
[2021-09-01 16:13:59,980: INFO/ForkPoolWorker-13] concurrent_dispatcher.dispatch_concurrent[ca1f5b74-c982-4fa1-b8e2-b9547cf4b146]: POST sent to http://butler.biz/. Data: {'name': 'Brandon Barr', 'email': 'barnesjason@example.net', 'phone': '(204)139-6823x0072', 'url': 'http://butler.biz/', 'type': 'post'}
[2021-09-01 16:13:59,981: INFO/ForkPoolWorker-15] concurrent_dispatcher.dispatch_concurrent[1f56ec04-4363-4d3b-affd-510ff5e57c9d]: POST sent to https://www.spencer.com/. Data: {'name': 'Mary Reynolds', 'email': 'michellerice@example.com', 'phone': '222-551-3906x77041', 'url': 'https://www.spencer.com/', 'type': 'post'}
[2021-09-01 16:13:59,981: INFO/ForkPoolWorker-15] Task concurrent_dispatcher.dispatch_concurrent[1f56ec04-4363-4d3b-affd-510ff5e57c9d] succeeded in 0.5011767249998229s: 'Done'
[2021-09-01 16:13:59,981: INFO/ForkPoolWorker-13] Task concurrent_dispatcher.dispatch_concurrent[ca1f5b74-c982-4fa1-b8e2-b9547cf4b146] succeeded in 0.5011803910001618s: 'Done'
[2021-09-01 16:13:59,981: INFO/ForkPoolWorker-4] Task concurrent_dispatcher.dispatch_concurrent[9e1b4bbe-4f89-4164-921a-4f26d8601b65] succeeded in 0.5011799099993368s: 'Done'
[2021-09-01 16:13:59,981: INFO/ForkPoolWorker-2] Task concurrent_dispatcher.dispatch_concurrent[96427350-e670-470d-a610-77295175a668] succeeded in 0.5012458170003811s: 'Done'
[2021-09-01 16:13:59,981: INFO/ForkPoolWorker-6] concurrent_dispatcher.dispatch_concurrent[20c29c68-7434-4cb2-b35d-0327ed094e5c]: EMAIL sent to andrew60@example.net. Data: {'name': 'Anthony Simpson', 'email': 'andrew60@example.net', 'phone': None, 'url': 'https://www.howell.com/', 'type': 'email'}
[2021-09-01 16:13:59,982: INFO/ForkPoolWorker-6] Task concurrent_dispatcher.dispatch_concurrent[20c29c68-7434-4cb2-b35d-0327ed094e5c] succeeded in 0.5020175570007268s: 'Done'
[2021-09-01 16:13:59,983: INFO/MainProcess] Task concurrent_dispatcher.dispatch_concurrent[0bede4a2-13f8-4c52-ad55-a4be12d70dc1] received
[2021-09-01 16:13:59,988: INFO/MainProcess] Task concurrent_dispatcher.dispatch_concurrent[cf8503a8-cc38-4b00-868d-a7e2da741064] received
[2021-09-01 16:13:59,989: INFO/ForkPoolWorker-14] concurrent_dispatcher.dispatch_concurrent[6bf15385-dc4c-4555-82f8-4c0cabfc2e02]: EMAIL sent to sherriwilliams@example.com. Data: {'name': 'Paul Moore', 'email': 'sherriwilliams@example.com', 'phone': '001-231-702-0660x136', 'url': 'http://www.thompson.com/', 'type': 'email'}
[2021-09-01 16:13:59,991: INFO/ForkPoolWorker-14] Task concurrent_dispatcher.dispatch_concurrent[6bf15385-dc4c-4555-82f8-4c0cabfc2e02] succeeded in 0.5019300269996165s: 'Done'
[2021-09-01 16:13:59,996: INFO/MainProcess] Task concurrent_dispatcher.dispatch_concurrent[5fcd733a-f041-4426-b160-ecba9e888746] received
[2021-09-01 16:13:59,998: ERROR/ForkPoolWorker-2] concurrent_dispatcher.dispatch_concurrent[899577ab-85fd-4098-a716-08d92013416e]: POST notifier *FAILED* [Invalid NAME or URL] @ {'name': 'Joshua Rasmussen', 'email': 'harrisonmaria@example.net', 'phone': '001-195-972-1787x123', 'url': None, 'type': 'post'}
[2021-09-01 16:13:59,998: INFO/ForkPoolWorker-2] Task concurrent_dispatcher.dispatch_concurrent[899577ab-85fd-4098-a716-08d92013416e] succeeded in 0.0005144019996805582s: 'Done'
[2021-09-01 16:13:59,999: ERROR/ForkPoolWorker-15] concurrent_dispatcher.dispatch_concurrent[bd2c0bc3-28b0-42d3-9160-1d893f4eb41d]: SMS notifier *FAILED*  [Invalid NAME or PHONE] @ {'name': 'Jeffrey King', 'email': 'gturner@example.com', 'phone': None, 'url': 'https://www.wilson.com/', 'type': 'sms'}
[2021-09-01 16:13:59,999: ERROR/ForkPoolWorker-4] concurrent_dispatcher.dispatch_concurrent[80ce3080-b8b4-4638-bd01-421e35039038]: EMAIL notifier *FAILED* [Invalid NAME or EMAIL] @ {'name': 'Mark Sawyer', 'email': None, 'phone': '+1-748-076-3210', 'url': None, 'type': 'email'}
[2021-09-01 16:13:59,999: ERROR/ForkPoolWorker-6] concurrent_dispatcher.dispatch_concurrent[f4e0714e-ae37-435b-8a76-2b8b22ce4e27]: EMAIL notifier *FAILED* [Invalid NAME or EMAIL] @ {'name': 'Robert Burnett', 'email': None, 'phone': '778-582-2106x76076', 'url': 'https://ellis.com/', 'type': 'email'}
[2021-09-01 16:13:59,999: INFO/ForkPoolWorker-15] Task concurrent_dispatcher.dispatch_concurrent[bd2c0bc3-28b0-42d3-9160-1d893f4eb41d] succeeded in 0.00040032300057646353s: 'Done'
[2021-09-01 16:13:59,999: INFO/ForkPoolWorker-4] Task concurrent_dispatcher.dispatch_concurrent[80ce3080-b8b4-4638-bd01-421e35039038] succeeded in 0.00040033000004768837s: 'Done'
[2021-09-01 16:13:59,999: INFO/ForkPoolWorker-6] Task concurrent_dispatcher.dispatch_concurrent[f4e0714e-ae37-435b-8a76-2b8b22ce4e27] succeeded in 0.00044084000001021195s: 'Done'
[2021-09-01 16:14:00,019: INFO/MainProcess] Task concurrent_dispatcher.dispatch_concurrent[268715eb-cb85-43b2-80a3-e68f4948a083] received
[2021-09-01 16:14:00,028: INFO/MainProcess] Task concurrent_dispatcher.dispatch_concurrent[5a42b411-2ec7-40aa-a2a0-9a33dcdac4ad] received
[2021-09-01 16:14:00,043: INFO/MainProcess] Task concurrent_dispatcher.dispatch_concurrent[7d7988ad-252f-47b8-aa79-dfdea2657b80] received
[2021-09-01 16:14:00,046: INFO/MainProcess] Task concurrent_dispatcher.dispatch_concurrent[657c537f-2450-4298-a202-a6f43bea3156] received
[2021-09-01 16:14:00,048: INFO/MainProcess] Task concurrent_dispatcher.dispatch_concurrent[7ec8522e-9d7b-415b-bb8c-efb7d44c0e47] received
[2021-09-01 16:14:00,051: INFO/MainProcess] Task concurrent_dispatcher.dispatch_concurrent[dba67064-1ae7-4c59-941b-461dc61bbd46] received
[2021-09-01 16:14:00,054: INFO/MainProcess] Task concurrent_dispatcher.dispatch_concurrent[831787fd-a86b-44fa-a703-a8bcbab910ef] received
[2021-09-01 16:14:00,062: INFO/MainProcess] Task concurrent_dispatcher.dispatch_concurrent[e73e9822-f499-4ba8-a909-aba0838ade8e] received
[2021-09-01 16:14:00,064: INFO/MainProcess] Task concurrent_dispatcher.dispatch_concurrent[41b4fbc9-625d-462a-8743-8aea70ee9573] received
[2021-09-01 16:14:00,067: INFO/MainProcess] Task concurrent_dispatcher.dispatch_concurrent[551b350a-ccd7-45cc-a7ca-e534d896f6d2] received
[2021-09-01 16:14:00,079: INFO/MainProcess] Task concurrent_dispatcher.dispatch_concurrent[276f33b2-4fe0-42a7-9c09-04b85cf0e6b9] received
[2021-09-01 16:14:00,082: INFO/MainProcess] Task concurrent_dispatcher.dispatch_concurrent[d08c72e9-5623-4257-84ef-957a7542a85a] received
[2021-09-01 16:14:00,085: INFO/MainProcess] Task concurrent_dispatcher.dispatch_concurrent[8d908151-a17e-48fa-9a51-0f7539fcc3fd] received
[2021-09-01 16:14:00,397: INFO/ForkPoolWorker-10] concurrent_dispatcher.dispatch_concurrent[8745d51c-74e7-4dd8-a227-16ed37db8a11]: EMAIL sent to stephanie56@example.org. Data: {'name': 'Kristin Perry', 'email': 'stephanie56@example.org', 'phone': '499.276.1780x469', 'url': 'http://tran.net/', 'type': 'email'}
[2021-09-01 16:14:00,398: INFO/ForkPoolWorker-10] Task concurrent_dispatcher.dispatch_concurrent[8745d51c-74e7-4dd8-a227-16ed37db8a11] succeeded in 0.500674667999192s: 'Done'
[2021-09-01 16:14:00,411: INFO/ForkPoolWorker-9] concurrent_dispatcher.dispatch_concurrent[7d044bfc-0cf5-4a35-a355-1f694f56b291]: POST sent to https://www.barton.com/. Data: {'name': 'Ryan Potts', 'email': 'tanyawilson@example.net', 'phone': '643-902-2422x785', 'url': 'https://www.barton.com/', 'type': 'post'}
[2021-09-01 16:14:00,412: INFO/ForkPoolWorker-9] Task concurrent_dispatcher.dispatch_concurrent[7d044bfc-0cf5-4a35-a355-1f694f56b291] succeeded in 0.501375754000037s: 'Done'
[2021-09-01 16:14:00,417: INFO/MainProcess] Task concurrent_dispatcher.dispatch_concurrent[3d3d0f18-6419-4092-bf73-2800fa47325c] received
[2021-09-01 16:14:00,442: INFO/ForkPoolWorker-11] concurrent_dispatcher.dispatch_concurrent[8b909ca4-ea39-4e0a-8e0d-56e2ba21a0ac]: POST sent to https://www.gray.com/. Data: {'name': 'James Young', 'email': 'kwilliams@example.com', 'phone': '384.450.3619x8103', 'url': 'https://www.gray.com/', 'type': 'post'}
[2021-09-01 16:14:00,442: INFO/ForkPoolWorker-1] concurrent_dispatcher.dispatch_concurrent[3b7c0788-ba4d-4681-87c7-ec89a0bd482f]: SMS sent to 1037450231. Data: {'name': 'Elijah Richardson', 'email': 'rmcclure@example.org', 'phone': '1037450231', 'url': 'https://www.howard.com/', 'type': 'sms'}
[2021-09-01 16:14:00,442: INFO/ForkPoolWorker-3] concurrent_dispatcher.dispatch_concurrent[55b42682-e0f5-4690-97d3-b665065446e7]: SMS sent to +1-907-749-4772x932. Data: {'name': 'Jill Cunningham', 'email': None, 'phone': '+1-907-749-4772x932', 'url': None, 'type': 'sms'}
[2021-09-01 16:14:00,443: INFO/ForkPoolWorker-11] Task concurrent_dispatcher.dispatch_concurrent[8b909ca4-ea39-4e0a-8e0d-56e2ba21a0ac] succeeded in 0.5014447869998548s: 'Done'
[2021-09-01 16:14:00,443: INFO/ForkPoolWorker-3] Task concurrent_dispatcher.dispatch_concurrent[55b42682-e0f5-4690-97d3-b665065446e7] succeeded in 0.5012446220007405s: 'Done'
[2021-09-01 16:14:00,443: INFO/ForkPoolWorker-1] Task concurrent_dispatcher.dispatch_concurrent[3b7c0788-ba4d-4681-87c7-ec89a0bd482f] succeeded in 0.5014742380008101s: 'Done'
[2021-09-01 16:14:00,444: INFO/ForkPoolWorker-12] concurrent_dispatcher.dispatch_concurrent[098ec86b-aa3c-4129-a808-6ae1e2ca8d8b]: POST sent to http://www.oliver-gill.net/. Data: {'name': 'Steven Dixon', 'email': 'ruizkayla@example.net', 'phone': '4071341118', 'url': 'http://www.oliver-gill.net/', 'type': 'post'}
[2021-09-01 16:14:00,445: INFO/ForkPoolWorker-12] Task concurrent_dispatcher.dispatch_concurrent[098ec86b-aa3c-4129-a808-6ae1e2ca8d8b] succeeded in 0.5028419739992387s: 'Done'
[2021-09-01 16:14:00,447: ERROR/ForkPoolWorker-12] concurrent_dispatcher.dispatch_concurrent[6a073dfe-2ef7-4296-ad50-6a624187ba72]: POST notifier *FAILED* [Invalid NAME or URL] @ {'name': 'John Fry', 'email': None, 'phone': '755-034-7552x9369', 'url': None, 'type': 'post'}
[2021-09-01 16:14:00,447: INFO/ForkPoolWorker-12] Task concurrent_dispatcher.dispatch_concurrent[6a073dfe-2ef7-4296-ad50-6a624187ba72] succeeded in 0.00047768900003575254s: 'Done'
[2021-09-01 16:14:00,448: INFO/MainProcess] Task concurrent_dispatcher.dispatch_concurrent[3853042d-d70b-4693-bd62-5863de077f08] received
[2021-09-01 16:14:00,460: INFO/ForkPoolWorker-8] concurrent_dispatcher.dispatch_concurrent[019461ea-2cd2-4c93-ab2e-080c24394b9f]: POST sent to https://gray.com/. Data: {'name': 'Jessica Fields', 'email': 'maysjessica@example.org', 'phone': '+1-244-005-6573x9019', 'url': 'https://gray.com/', 'type': 'post'}
[2021-09-01 16:14:00,460: INFO/ForkPoolWorker-8] Task concurrent_dispatcher.dispatch_concurrent[019461ea-2cd2-4c93-ab2e-080c24394b9f] succeeded in 0.5012325389998296s: 'Done'
[2021-09-01 16:14:00,461: INFO/MainProcess] Task concurrent_dispatcher.dispatch_concurrent[86fbf9d8-df18-4d52-b3f8-8cbfaa54f8cb] received
[2021-09-01 16:14:00,465: INFO/MainProcess] Task concurrent_dispatcher.dispatch_concurrent[5e88c2cc-f6ba-439b-8467-bdde96df7d6e] received
[2021-09-01 16:14:00,467: INFO/ForkPoolWorker-16] concurrent_dispatcher.dispatch_concurrent[19f5c537-13e9-4044-afec-679abc0af322]: SMS sent to 227-321-8918x454. Data: {'name': 'Felicia Walker', 'email': 'mercedes62@example.net', 'phone': '227-321-8918x454', 'url': 'http://fitzgerald-cameron.org/', 'type': 'sms'}
[2021-09-01 16:14:00,467: INFO/ForkPoolWorker-16] Task concurrent_dispatcher.dispatch_concurrent[19f5c537-13e9-4044-afec-679abc0af322] succeeded in 0.5011569950002013s: 'Done'
[2021-09-01 16:14:00,469: INFO/MainProcess] Task concurrent_dispatcher.dispatch_concurrent[315dae4c-108f-4df1-8e47-ba8fb7e59702] received
[2021-09-01 16:14:00,477: INFO/MainProcess] Task concurrent_dispatcher.dispatch_concurrent[2d233f7b-d37c-447f-b99a-a5611d601cc7] received
[2021-09-01 16:14:00,481: INFO/MainProcess] Task concurrent_dispatcher.dispatch_concurrent[a2805f1f-8497-4c3d-b6b2-1ecb7477964d] received
[2021-09-01 16:14:00,481: INFO/ForkPoolWorker-5] concurrent_dispatcher.dispatch_concurrent[a337268a-b5fe-4ab5-bde7-189a71dd90aa]: EMAIL sent to wmoore@example.org. Data: {'name': 'Michelle Mills', 'email': 'wmoore@example.org', 'phone': '(080)162-8976x37458', 'url': 'https://lee.biz/', 'type': 'email'}
[2021-09-01 16:14:00,482: INFO/ForkPoolWorker-5] Task concurrent_dispatcher.dispatch_concurrent[a337268a-b5fe-4ab5-bde7-189a71dd90aa] succeeded in 0.5023337479997281s: 'Done'
[2021-09-01 16:14:00,486: INFO/MainProcess] Task concurrent_dispatcher.dispatch_concurrent[a75179be-e41b-4a37-ab11-4ce3dd2e7319] received
[2021-09-01 16:14:00,491: INFO/MainProcess] Task concurrent_dispatcher.dispatch_concurrent[5d510281-9827-480d-9ead-e63751f91260] received
[2021-09-01 16:14:00,498: INFO/ForkPoolWorker-13] concurrent_dispatcher.dispatch_concurrent[2d39853a-5578-4a69-90d5-3dd6a58be70c]: POST sent to http://www.cruz.com/. Data: {'name': 'Julie Coleman', 'email': 'glenpowell@example.net', 'phone': '(955)310-0370x0967', 'url': 'http://www.cruz.com/', 'type': 'post'}
