[2021-09-01 16:36:59,959: INFO/ForkPoolWorker-5] Task concurrent_dispatcher.dispatch_concurrent[3b52a02f-c436-42d4-8468-1176fad25bc3] succeeded in 0.5013018660010857s: 'Done'
[2021-09-01 16:36:59,961: ERROR/ForkPoolWorker-15] concurrent_dispatcher.dispatch_concurrent[68a6119f-24f8-48b5-a5a0-714b4ef59d66]: EMAIL notifier *FAILED* [Invalid NAME or EMAIL] @ {'name': 'Timothy Washington', 'email': None, 'phone': '(756)846-0489x073', 'url': 'https://www.wong.com/', 'type': 'email'}
[2021-09-01 16:36:59,961: INFO/ForkPoolWorker-15] Task concurrent_dispatcher.dispatch_concurrent[68a6119f-24f8-48b5-a5a0-714b4ef59d66] succeeded in 0.0004994029986846726s: 'Done'
[2021-09-01 16:36:59,964: INFO/MainProcess] Task concurrent_dispatcher.dispatch_concurrent[d78a2459-6a22-430f-8182-37c942dca203] received
[2021-09-01 16:36:59,969: INFO/ForkPoolWorker-3] concurrent_dispatcher.dispatch_concurrent[1d6bfe96-92bb-4e90-8990-dd7e7dbc9073]: EMAIL sent to scottashley@example.net. Data: {'name': 'Desiree Alexander', 'email': 'scottashley@example.net', 'phone': None, 'url': None, 'type': 'email'}
[2021-09-01 16:36:59,970: INFO/ForkPoolWorker-3] Task concurrent_dispatcher.dispatch_concurrent[1d6bfe96-92bb-4e90-8990-dd7e7dbc9073] succeeded in 0.500568754001506s: 'Done'
[2021-09-01 16:36:59,970: INFO/MainProcess] Task concurrent_dispatcher.dispatch_concurrent[59af9d23-eee2-4185-a21b-f106166df0d2] received
[2021-09-01 16:36:59,970: INFO/ForkPoolWorker-16] concurrent_dispatcher.dispatch_concurrent[02156e94-438f-4501-bd33-f81fa69a3fac]: POST sent to https://www.wilson.biz/. Data: {'name': 'Edgar Fletcher', 'email': 'yhill@example.net', 'phone': '001-806-037-8167x3780', 'url': 'https://www.wilson.biz/', 'type': 'post'}
[2021-09-01 16:36:59,970: INFO/ForkPoolWorker-8] concurrent_dispatcher.dispatch_concurrent[1e33fdd5-a5e1-4ea1-b283-5f94102604bc]: SMS sent to 227.650.1484. Data: {'name': 'Kelly Rasmussen', 'email': 'walkernathan@example.com', 'phone': '227.650.1484', 'url': None, 'type': 'sms'}
[2021-09-01 16:36:59,970: INFO/ForkPoolWorker-16] Task concurrent_dispatcher.dispatch_concurrent[02156e94-438f-4501-bd33-f81fa69a3fac] succeeded in 0.5009163190006802s: 'Done'
[2021-09-01 16:36:59,970: INFO/ForkPoolWorker-8] Task concurrent_dispatcher.dispatch_concurrent[1e33fdd5-a5e1-4ea1-b283-5f94102604bc] succeeded in 0.5009030879991769s: 'Done'
[2021-09-01 16:36:59,971: INFO/ForkPoolWorker-7] concurrent_dispatcher.dispatch_concurrent[42d82c29-8d26-404b-8980-44406ef08168]: EMAIL sent to tamarareid@example.org. Data: {'name': 'Sarah Hernandez', 'email': 'tamarareid@example.org', 'phone': None, 'url': 'http://colon.com/', 'type': 'email'}
[2021-09-01 16:36:59,971: INFO/ForkPoolWorker-7] Task concurrent_dispatcher.dispatch_concurrent[42d82c29-8d26-404b-8980-44406ef08168] succeeded in 0.501945677000549s: 'Done'
[2021-09-01 16:36:59,973: INFO/MainProcess] Task concurrent_dispatcher.dispatch_concurrent[dd025d04-cb04-482c-8878-c48a72852b54] received
[2021-09-01 16:36:59,978: INFO/MainProcess] Task concurrent_dispatcher.dispatch_concurrent[4f430142-13ed-4f13-95b2-91909c6fca70] received
[2021-09-01 16:36:59,982: INFO/MainProcess] Task concurrent_dispatcher.dispatch_concurrent[1528bd97-be7c-4134-893a-944391c42b9e] received
[2021-09-01 16:36:59,984: INFO/MainProcess] Task concurrent_dispatcher.dispatch_concurrent[4ffafcb0-d95f-4006-bc68-61c7438fab02] received
[2021-09-01 16:36:59,984: INFO/ForkPoolWorker-2] concurrent_dispatcher.dispatch_concurrent[0b04f4f8-7877-47dd-b76a-7d7401f14472]: POST sent to http://gomez.com/. Data: {'name': 'Colton Howell', 'email': 'millercarlos@example.org', 'phone': '001-608-654-2526x7604', 'url': 'http://gomez.com/', 'type': 'post'}
[2021-09-01 16:36:59,984: INFO/ForkPoolWorker-6] concurrent_dispatcher.dispatch_concurrent[bba0993c-0773-4e0c-b7cb-14361376aa50]: SMS sent to 001-446-754-7336x944. Data: {'name': 'Dustin Wilcox', 'email': 'zking@example.net', 'phone': '001-446-754-7336x944', 'url': 'https://www.escobar.com/', 'type': 'sms'}
[2021-09-01 16:36:59,985: INFO/ForkPoolWorker-6] Task concurrent_dispatcher.dispatch_concurrent[bba0993c-0773-4e0c-b7cb-14361376aa50] succeeded in 0.5004653209998651s: 'Done'
[2021-09-01 16:36:59,985: INFO/ForkPoolWorker-2] Task concurrent_dispatcher.dispatch_concurrent[0b04f4f8-7877-47dd-b76a-7d7401f14472] succeeded in 0.5004618250004569s: 'Done'
[2021-09-01 16:36:59,985: INFO/MainProcess] Task concurrent_dispatcher.dispatch_concurrent[a565aba4-8b13-4dbd-9e20-02f23ae819ff] received
[2021-09-01 16:36:59,987: INFO/MainProcess] Task concurrent_dispatcher.dispatch_concurrent[fdeceb3f-c051-4622-a30d-d4f9e894286d] received
[2021-09-01 16:36:59,990: INFO/MainProcess] Task concurrent_dispatcher.dispatch_concurrent[7364e900-c88a-4001-abb1-45e2d8a75bed] received
[2021-09-01 16:36:59,993: INFO/MainProcess] Task concurrent_dispatcher.dispatch_concurrent[6790019b-cce7-4bd7-83fa-d313627cac13] received
[2021-09-01 16:36:59,995: INFO/MainProcess] Task concurrent_dispatcher.dispatch_concurrent[89493bb9-dc1e-41ae-90b7-db93c982edbd] received
[2021-09-01 16:36:59,997: INFO/MainProcess] Task concurrent_dispatcher.dispatch_concurrent[c54e80c6-ed14-4f98-9d1c-b80323209be8] received
[2021-09-01 16:36:59,998: INFO/MainProcess] Task concurrent_dispatcher.dispatch_concurrent[669d63e1-9312-4805-9188-64f27bf774ac] received
[2021-09-01 16:37:00,000: INFO/MainProcess] Task concurrent_dispatcher.dispatch_concurrent[3af4997e-87d9-40b7-82aa-33eba1a67a72] received
[2021-09-01 16:37:00,001: INFO/MainProcess] Task concurrent_dispatcher.dispatch_concurrent[384b0687-2389-4391-9567-076c22b9d505] received
[2021-09-01 16:37:00,003: INFO/MainProcess] Task concurrent_dispatcher.dispatch_concurrent[384b2adf-399b-4123-a4ea-c29077a1ef63] received
[2021-09-01 16:37:00,004: INFO/MainProcess] Task concurrent_dispatcher.dispatch_concurrent[719a4349-7ba4-4c88-926c-1d6a1d252751] received
[2021-09-01 16:37:00,423: INFO/ForkPoolWorker-10] concurrent_dispatcher.dispatch_concurrent[840602f4-2196-4dad-ae26-4da7477b5620]: EMAIL sent to johnsonstacy@example.com. Data: {'name': 'Jonathan Harrington Jr.', 'email': 'johnsonstacy@example.com', 'phone': '907-324-6170', 'url': None, 'type': 'email'}
[2021-09-01 16:37:00,423: INFO/ForkPoolWorker-9] concurrent_dispatcher.dispatch_concurrent[81a31b20-1a17-4d2b-94f3-10f14b8c680f]: SMS sent to 255.587.1340x576. Data: {'name': 'Frank Monroe', 'email': 'wilsonbrett@example.net', 'phone': '255.587.1340x576', 'url': None, 'type': 'sms'}
[2021-09-01 16:37:00,425: INFO/ForkPoolWorker-9] Task concurrent_dispatcher.dispatch_concurrent[81a31b20-1a17-4d2b-94f3-10f14b8c680f] succeeded in 0.5017763730011211s: 'Done'
[2021-09-01 16:37:00,425: INFO/ForkPoolWorker-10] Task concurrent_dispatcher.dispatch_concurrent[840602f4-2196-4dad-ae26-4da7477b5620] succeeded in 0.5017060919999494s: 'Done'
[2021-09-01 16:37:00,448: INFO/ForkPoolWorker-1] concurrent_dispatcher.dispatch_concurrent[a5eb661e-ade5-44fc-9c7d-f603dd412770]: SMS sent to +1-846-542-6635x0987. Data: {'name': 'Matthew Bush', 'email': 'rlopez@example.org', 'phone': '+1-846-542-6635x0987', 'url': None, 'type': 'sms'}
[2021-09-01 16:37:00,448: INFO/ForkPoolWorker-12] concurrent_dispatcher.dispatch_concurrent[809d63fc-9b12-4b56-a059-53614cee7581]: SMS sent to 717-483-1971x25939. Data: {'name': 'Kayla Molina', 'email': None, 'phone': '717-483-1971x25939', 'url': 'http://www.keller.com/', 'type': 'sms'}
[2021-09-01 16:37:00,449: INFO/ForkPoolWorker-12] Task concurrent_dispatcher.dispatch_concurrent[809d63fc-9b12-4b56-a059-53614cee7581] succeeded in 0.501709550000669s: 'Done'
[2021-09-01 16:37:00,449: INFO/ForkPoolWorker-1] Task concurrent_dispatcher.dispatch_concurrent[a5eb661e-ade5-44fc-9c7d-f603dd412770] succeeded in 0.5017094220002036s: 'Done'
[2021-09-01 16:37:00,456: INFO/MainProcess] Task concurrent_dispatcher.dispatch_concurrent[12e44fcd-3478-4ba0-90f4-e0d365d32ce4] received
[2021-09-01 16:37:00,461: INFO/ForkPoolWorker-13] concurrent_dispatcher.dispatch_concurrent[930f6e85-b70a-4207-98e0-5852a70b8a5f]: POST sent to https://nguyen-moore.com/. Data: {'name': 'Christian Gibson', 'email': 'johnmeadows@example.com', 'phone': None, 'url': 'https://nguyen-moore.com/', 'type': 'post'}
[2021-09-01 16:37:00,461: INFO/ForkPoolWorker-4] concurrent_dispatcher.dispatch_concurrent[6d113d2d-4fcd-4617-81f2-c4f92ed2ba54]: SMS sent to 097.246.1175x40643. Data: {'name': 'Julia Andrews', 'email': 'angeladean@example.com', 'phone': '097.246.1175x40643', 'url': 'http://www.thompson.com/', 'type': 'sms'}
[2021-09-01 16:37:00,461: INFO/ForkPoolWorker-14] concurrent_dispatcher.dispatch_concurrent[2bcc2ba5-0fb9-4be9-870c-97805271aed5]: SMS sent to 373-597-8239x7927. Data: {'name': 'Barbara Anderson', 'email': 'alexandracollins@example.com', 'phone': '373-597-8239x7927', 'url': 'https://gonzalez.info/', 'type': 'sms'}
[2021-09-01 16:37:00,461: INFO/ForkPoolWorker-11] concurrent_dispatcher.dispatch_concurrent[8e737854-0615-4633-84c9-c4ce46393fd8]: EMAIL sent to nicole48@example.com. Data: {'name': 'Kimberly Hancock', 'email': 'nicole48@example.com', 'phone': '+1-381-661-9545', 'url': 'https://www.meyer-miller.info/', 'type': 'email'}
[2021-09-01 16:37:00,462: INFO/ForkPoolWorker-13] Task concurrent_dispatcher.dispatch_concurrent[930f6e85-b70a-4207-98e0-5852a70b8a5f] succeeded in 0.5012244250010554s: 'Done'
[2021-09-01 16:37:00,462: INFO/ForkPoolWorker-4] Task concurrent_dispatcher.dispatch_concurrent[6d113d2d-4fcd-4617-81f2-c4f92ed2ba54] succeeded in 0.5013027589993726s: 'Done'
[2021-09-01 16:37:00,462: INFO/ForkPoolWorker-14] Task concurrent_dispatcher.dispatch_concurrent[2bcc2ba5-0fb9-4be9-870c-97805271aed5] succeeded in 0.5013315940013854s: 'Done'
[2021-09-01 16:37:00,462: INFO/ForkPoolWorker-11] Task concurrent_dispatcher.dispatch_concurrent[8e737854-0615-4633-84c9-c4ce46393fd8] succeeded in 0.5013962430002721s: 'Done'
[2021-09-01 16:37:00,462: INFO/ForkPoolWorker-5] concurrent_dispatcher.dispatch_concurrent[4a2c909b-58aa-4b20-ad83-dee742ac2b38]: SMS sent to 001-230-693-0574x1732. Data: {'name': 'Catherine Park', 'email': 'gouldalbert@example.com', 'phone': '001-230-693-0574x1732', 'url': 'http://lucas-adkins.com/', 'type': 'sms'}
[2021-09-01 16:37:00,463: INFO/ForkPoolWorker-5] Task concurrent_dispatcher.dispatch_concurrent[4a2c909b-58aa-4b20-ad83-dee742ac2b38] succeeded in 0.5014568099995813s: 'Done'
[2021-09-01 16:37:00,467: INFO/MainProcess] Task concurrent_dispatcher.dispatch_concurrent[2cab0806-9a20-4145-a021-af13d6362409] received
[2021-09-01 16:37:00,471: INFO/ForkPoolWorker-15] concurrent_dispatcher.dispatch_concurrent[ebfce400-e16a-4795-ae29-23a08014dc74]: POST sent to http://obrien-clark.com/. Data: {'name': 'Michelle Cox', 'email': 'kvang@example.org', 'phone': None, 'url': 'http://obrien-clark.com/', 'type': 'post'}
[2021-09-01 16:37:00,472: ERROR/ForkPoolWorker-5] concurrent_dispatcher.dispatch_concurrent[915518c4-ddca-4808-95c1-1909a7d34d14]: SMS notifier *FAILED*  [Invalid NAME or PHONE] @ {'name': 'Alan Palmer', 'email': 'andrewjones@example.com', 'phone': None, 'url': 'http://www.russo.com/', 'type': 'sms'}
[2021-09-01 16:37:00,471: INFO/ForkPoolWorker-3] concurrent_dispatcher.dispatch_concurrent[8bf225a8-7eb6-47e4-b3df-cd6ece303f10]: POST sent to http://www.ramirez.net/. Data: {'name': 'Joseph Strickland', 'email': 'yadams@example.com', 'phone': None, 'url': 'http://www.ramirez.net/', 'type': 'post'}
[2021-09-01 16:37:00,472: ERROR/ForkPoolWorker-14] concurrent_dispatcher.dispatch_concurrent[02d1db19-0b65-4312-a80f-6d1cb58571b6]: POST notifier *FAILED* [Invalid NAME or URL] @ {'name': 'Troy Harris', 'email': 'hollandjames@example.net', 'phone': '(016)343-1826x371', 'url': None, 'type': 'post'}
[2021-09-01 16:37:00,472: INFO/ForkPoolWorker-15] Task concurrent_dispatcher.dispatch_concurrent[ebfce400-e16a-4795-ae29-23a08014dc74] succeeded in 0.5011913380003534s: 'Done'
[2021-09-01 16:37:00,472: INFO/ForkPoolWorker-5] Task concurrent_dispatcher.dispatch_concurrent[915518c4-ddca-4808-95c1-1909a7d34d14] succeeded in 0.0009522229993308429s: 'Done'
[2021-09-01 16:37:00,472: INFO/ForkPoolWorker-3] Task concurrent_dispatcher.dispatch_concurrent[8bf225a8-7eb6-47e4-b3df-cd6ece303f10] succeeded in 0.5013441510000121s: 'Done'
[2021-09-01 16:37:00,472: INFO/ForkPoolWorker-14] Task concurrent_dispatcher.dispatch_concurrent[02d1db19-0b65-4312-a80f-6d1cb58571b6] succeeded in 0.0012347450010565808s: 'Done'
[2021-09-01 16:37:00,473: INFO/ForkPoolWorker-16] concurrent_dispatcher.dispatch_concurrent[4278b064-b7fb-4e31-8d42-6cbef829183b]: SMS sent to (306)900-9310x8128. Data: {'name': 'Ricky Thomas', 'email': 'dianasimmons@example.com', 'phone': '(306)900-9310x8128', 'url': 'http://www.thompson.com/', 'type': 'sms'}
[2021-09-01 16:37:00,474: INFO/ForkPoolWorker-16] Task concurrent_dispatcher.dispatch_concurrent[4278b064-b7fb-4e31-8d42-6cbef829183b] succeeded in 0.5027052870009356s: 'Done'
[2021-09-01 16:37:00,477: INFO/MainProcess] Task concurrent_dispatcher.dispatch_concurrent[1c96844a-6cc7-4e16-9de4-573d791880c4] received
[2021-09-01 16:37:00,479: INFO/ForkPoolWorker-8] concurrent_dispatcher.dispatch_concurrent[56e1eddc-7c0d-40c1-9a9b-e4e2bdb0106f]: SMS sent to 001-175-297-5762. Data: {'name': 'Stephen Frey', 'email': 'gonzalesnicholas@example.org', 'phone': '001-175-297-5762', 'url': 'https://www.donaldson.com/', 'type': 'sms'}
[2021-09-01 16:37:00,480: INFO/ForkPoolWorker-7] concurrent_dispatcher.dispatch_concurrent[782f6e24-4977-4473-9191-6a2222ade315]: EMAIL sent to casey65@example.net. Data: {'name': 'Alicia Chen', 'email': 'casey65@example.net', 'phone': '649-014-8311x03192', 'url': 'https://www.williams-bell.com/', 'type': 'email'}
[2021-09-01 16:37:00,480: INFO/ForkPoolWorker-8] Task concurrent_dispatcher.dispatch_concurrent[56e1eddc-7c0d-40c1-9a9b-e4e2bdb0106f] succeeded in 0.5010878539997066s: 'Done'
[2021-09-01 16:37:00,480: INFO/ForkPoolWorker-7] Task concurrent_dispatcher.dispatch_concurrent[782f6e24-4977-4473-9191-6a2222ade315] succeeded in 0.5011008319997927s: 'Done'
[2021-09-01 16:37:00,487: INFO/ForkPoolWorker-2] concurrent_dispatcher.dispatch_concurrent[176d988d-1ac1-477b-a6b9-c94237a3b02b]: SMS sent to (670)401-9158. Data: {'name': 'Vickie Brady', 'email': 'cunninghamheather@example.org', 'phone': '(670)401-9158', 'url': 'http://johnson.com/', 'type': 'sms'}
[2021-09-01 16:37:00,487: INFO/ForkPoolWorker-6] concurrent_dispatcher.dispatch_concurrent[beb47fc9-2fe0-4560-95e8-31bb70c507cd]: POST sent to http://peterson-morgan.com/. Data: {'name': 'Lisa Knight', 'email': 'pamela54@example.org', 'phone': None, 'url': 'http://peterson-morgan.com/', 'type': 'post'}
[2021-09-01 16:37:00,488: INFO/ForkPoolWorker-2] Task concurrent_dispatcher.dispatch_concurrent[176d988d-1ac1-477b-a6b9-c94237a3b02b] succeeded in 0.500901191999219s: 'Done'
[2021-09-01 16:37:00,488: INFO/ForkPoolWorker-6] Task concurrent_dispatcher.dispatch_concurrent[beb47fc9-2fe0-4560-95e8-31bb70c507cd] succeeded in 0.5009345839989692s: 'Done'
[2021-09-01 16:37:00,494: INFO/MainProcess] Task concurrent_dispatcher.dispatch_concurrent[bacbe32a-ed25-4c7c-bfbf-3eeb97478302] received
[2021-09-01 16:37:00,500: ERROR/ForkPoolWorker-14] concurrent_dispatcher.dispatch_concurrent[22bdb52c-9293-4473-941d-a891caf1566d]: EMAIL notifier *FAILED* [Invalid NAME or EMAIL] @ {'name': 'Brad Miller', 'email': None, 'phone': '001-855-504-9048', 'url': 'http://rowe-thomas.com/', 'type': 'email'}
[2021-09-01 16:37:00,501: ERROR/ForkPoolWorker-6] concurrent_dispatcher.dispatch_concurrent[5197bb64-f1d8-45f9-bf8d-bf8b08301129]: EMAIL notifier *FAILED* [Invalid NAME or EMAIL] @ {'name': 'Robin Roberts', 'email': None, 'phone': '(137)215-7845x41324', 'url': 'https://young.com/', 'type': 'email'}
[2021-09-01 16:37:00,500: ERROR/ForkPoolWorker-5] concurrent_dispatcher.dispatch_concurrent[21f7f60d-820d-47ce-9ffd-0dcabe0486c8]: EMAIL notifier *FAILED* [Invalid NAME or EMAIL] @ {'name': 'Joshua Fischer', 'email': None, 'phone': '001-664-852-0142x28765', 'url': 'https://navarro.biz/', 'type': 'email'}
[2021-09-01 16:37:00,501: ERROR/ForkPoolWorker-16] concurrent_dispatcher.dispatch_concurrent[ac4ba3d6-d226-41ff-9e1d-25ff8c29c47d]: SMS notifier *FAILED*  [Invalid NAME or PHONE] @ {'name': 'Ashley Willis', 'email': None, 'phone': None, 'url': 'https://www.johnson-santana.com/', 'type': 'sms'}
[2021-09-01 16:37:00,501: ERROR/ForkPoolWorker-7] concurrent_dispatcher.dispatch_concurrent[f0e9e36c-5eca-4a6f-acc8-b5f888443f06]: EMAIL notifier *FAILED* [Invalid NAME or EMAIL] @ {'name': 'Joel West', 'email': None, 'phone': None, 'url': 'http://bell.com/', 'type': 'email'}
[2021-09-01 16:37:00,501: INFO/ForkPoolWorker-14] Task concurrent_dispatcher.dispatch_concurrent[22bdb52c-9293-4473-941d-a891caf1566d] succeeded in 0.0010147760003746953s: 'Done'
[2021-09-01 16:37:00,501: INFO/ForkPoolWorker-6] Task concurrent_dispatcher.dispatch_concurrent[5197bb64-f1d8-45f9-bf8d-bf8b08301129] succeeded in 0.0008642259999760427s: 'Done'
[2021-09-01 16:37:00,501: INFO/ForkPoolWorker-5] Task concurrent_dispatcher.dispatch_concurrent[21f7f60d-820d-47ce-9ffd-0dcabe0486c8] succeeded in 0.0010624770002323203s: 'Done'
[2021-09-01 16:37:00,501: INFO/ForkPoolWorker-16] Task concurrent_dispatcher.dispatch_concurrent[ac4ba3d6-d226-41ff-9e1d-25ff8c29c47d] succeeded in 0.0010099610008182935s: 'Done'
[2021-09-01 16:37:00,501: INFO/ForkPoolWorker-7] Task concurrent_dispatcher.dispatch_concurrent[f0e9e36c-5eca-4a6f-acc8-b5f888443f06] succeeded in 0.0009009250006783986s: 'Done'
[2021-09-01 16:37:00,505: INFO/MainProcess] Task concurrent_dispatcher.dispatch_concurrent[6d7d8498-72ad-43b3-a149-4eda167f527f] received
[2021-09-01 16:37:00,533: INFO/MainProcess] Task concurrent_dispatcher.dispatch_concurrent[e0c2c6d7-5622-4335-a361-a6ffca9c0ba3] received
[2021-09-01 16:37:00,543: INFO/MainProcess] Task concurrent_dispatcher.dispatch_concurrent[9825f7cf-278a-4d77-90b9-91482dbddc82] received
[2021-09-01 16:37:00,558: INFO/MainProcess] Task concurrent_dispatcher.dispatch_concurrent[5b5e0b8c-7c68-4a38-b601-90ed1470e2e9] received
[2021-09-01 16:37:00,564: INFO/MainProcess] Task concurrent_dispatcher.dispatch_concurrent[c3957616-25a7-42fd-bee6-59341e94503d] received
[2021-09-01 16:37:00,569: INFO/MainProcess] Task concurrent_dispatcher.dispatch_concurrent[a60ce35b-b416-4bb4-bd29-ae2b4b644afe] received
[2021-09-01 16:37:00,575: INFO/MainProcess] Task concurrent_dispatcher.dispatch_concurrent[deb17bca-30cc-4082-87af-f44661743829] received
[2021-09-01 16:37:00,581: INFO/MainProcess] Task concurrent_dispatcher.dispatch_concurrent[ce1bc04d-c608-4adc-a48e-3b713f3c58dd] received
[2021-09-01 16:37:00,586: INFO/MainProcess] Task concurrent_dispatcher.dispatch_concurrent[b642122b-1932-4489-9212-4c73fed16efd] received
[2021-09-01 16:37:00,591: INFO/MainProcess] Task concurrent_dispatcher.dispatch_concurrent[8d52fa4f-2d1b-42d9-aaeb-e1b5353e5897] received
[2021-09-01 16:37:00,598: INFO/MainProcess] Task concurrent_dispatcher.dispatch_concurrent[15baf94f-adc5-47d9-803b-2b051840f72e] received
[2021-09-01 16:37:00,603: INFO/MainProcess] Task concurrent_dispatcher.dispatch_concurrent[276ef924-9dc8-4431-8ee7-c602b8d7892f] received
[2021-09-01 16:37:00,609: INFO/MainProcess] Task concurrent_dispatcher.dispatch_concurrent[db8cc45d-5a19-4c51-89b0-7853f9ed53d1] received
[2021-09-01 16:37:00,614: INFO/MainProcess] Task concurrent_dispatcher.dispatch_concurrent[fb7e2eec-27d7-467a-8f09-38226f95d50b] received
[2021-09-01 16:37:00,619: INFO/MainProcess] Task concurrent_dispatcher.dispatch_concurrent[dbd6dcec-e2a8-4437-81e9-677c5b25e88f] received
[2021-09-01 16:37:00,624: INFO/MainProcess] Task concurrent_dispatcher.dispatch_concurrent[debab25f-33ea-43a3-beb8-d747bad10359] received
[2021-09-01 16:37:00,629: INFO/MainProcess] Task concurrent_dispatcher.dispatch_concurrent[77f0eabf-575d-471f-9efb-cc0998184250] received
[2021-09-01 16:37:00,634: INFO/MainProcess] Task concurrent_dispatcher.dispatch_concurrent[3e5f2ac0-dc08-4a54-9118-59097ba28dbb] received
[2021-09-01 16:37:00,639: INFO/MainProcess] Task concurrent_dispatcher.dispatch_concurrent[1bb81b4e-d806-415a-a2a4-5aeb0a51ab52] received
[2021-09-01 16:37:00,929: INFO/ForkPoolWorker-9] concurrent_dispatcher.dispatch_concurrent[4d56b176-2632-4c6d-bb12-b2f37540bafc]: POST sent to http://smith.org/. Data: {'name': 'Anne Edwards', 'email': 'john39@example.com', 'phone': '001-897-090-7828x69704', 'url': 'http://smith.org/', 'type': 'post'}
[2021-09-01 16:37:00,929: INFO/ForkPoolWorker-10] concurrent_dispatcher.dispatch_concurrent[7b85bee8-f3c3-486a-83c8-6725f2acf0ae]: POST sent to http://www.gomez.com/. Data: {'name': 'Melissa Gray', 'email': 'denisewolf@example.com', 'phone': None, 'url': 'http://www.gomez.com/', 'type': 'post'}
[2021-09-01 16:37:00,930: INFO/ForkPoolWorker-9] Task concurrent_dispatcher.dispatch_concurrent[4d56b176-2632-4c6d-bb12-b2f37540bafc] succeeded in 0.501578838999194s: 'Done'
[2021-09-01 16:37:00,930: INFO/ForkPoolWorker-10] Task concurrent_dispatcher.dispatch_concurrent[7b85bee8-f3c3-486a-83c8-6725f2acf0ae] succeeded in 0.501579056999617s: 'Done'
[2021-09-01 16:37:00,953: INFO/ForkPoolWorker-12] concurrent_dispatcher.dispatch_concurrent[e770c47d-b032-4862-813b-e99db0e71b85]: POST sent to http://www.williams.com/. Data: {'name': 'Edward Robinson', 'email': 'yhall@example.net', 'phone': '+1-094-013-6499x5055', 'url': 'http://www.williams.com/', 'type': 'post'}
[2021-09-01 16:37:00,954: INFO/ForkPoolWorker-12] Task concurrent_dispatcher.dispatch_concurrent[e770c47d-b032-4862-813b-e99db0e71b85] succeeded in 0.5009548859998176s: 'Done'
[2021-09-01 16:37:00,955: INFO/ForkPoolWorker-1] concurrent_dispatcher.dispatch_concurrent[daa6d089-57ea-45bb-a573-dcd2df4c280b]: EMAIL sent to thompsonchristopher@example.net. Data: {'name': 'Philip Lewis', 'email': 'thompsonchristopher@example.net', 'phone': '001-814-382-3269x005', 'url': 'https://gallagher.com/', 'type': 'email'}
[2021-09-01 16:37:00,955: INFO/ForkPoolWorker-1] Task concurrent_dispatcher.dispatch_concurrent[daa6d089-57ea-45bb-a573-dcd2df4c280b] succeeded in 0.5024658780002937s: 'Done'
[2021-09-01 16:37:00,958: INFO/MainProcess] Task concurrent_dispatcher.dispatch_concurrent[b63db62a-28e6-466c-a007-562dd4fd0760] received
[2021-09-01 16:37:00,965: INFO/MainProcess] Task concurrent_dispatcher.dispatch_concurrent[44892e3a-9280-422c-aa63-08821d594d19] received
[2021-09-01 16:37:00,967: INFO/MainProcess] Task concurrent_dispatcher.dispatch_concurrent[14f5f35a-8653-4e07-960d-f910d1dd3b07] received
[2021-09-01 16:37:00,969: INFO/MainProcess] Task concurrent_dispatcher.dispatch_concurrent[459717a6-099d-40b2-af23-5f4350e58109] received
[2021-09-01 16:37:00,971: INFO/ForkPoolWorker-11] concurrent_dispatcher.dispatch_concurrent[1c120986-0317-49b6-be9d-a298eab3edd2]: POST sent to http://www.hudson.com/. Data: {'name': 'Kyle Coffey DDS', 'email': 'nlane@example.org', 'phone': '001-521-977-5129x686', 'url': 'http://www.hudson.com/', 'type': 'post'}
[2021-09-01 16:37:00,972: INFO/ForkPoolWorker-11] Task concurrent_dispatcher.dispatch_concurrent[1c120986-0317-49b6-be9d-a298eab3edd2] succeeded in 0.5005953430008958s: 'Done'
[2021-09-01 16:37:00,972: INFO/ForkPoolWorker-4] concurrent_dispatcher.dispatch_concurrent[bd50423e-af6f-4bf5-a5ed-0cccef462ce5]: EMAIL sent to patrickstafford@example.com. Data: {'name': 'James Luna', 'email': 'patrickstafford@example.com', 'phone': None, 'url': 'https://mathis.com/', 'type': 'email'}
[2021-09-01 16:37:00,972: INFO/ForkPoolWorker-4] Task concurrent_dispatcher.dispatch_concurrent[bd50423e-af6f-4bf5-a5ed-0cccef462ce5] succeeded in 0.5009169280001515s: 'Done'
[2021-09-01 16:37:00,972: INFO/ForkPoolWorker-13] concurrent_dispatcher.dispatch_concurrent[e72cf6f5-4dd9-4f9e-9717-377039cb6881]: EMAIL sent to john57@example.org. Data: {'name': 'Paula Mcdonald', 'email': 'john57@example.org', 'phone': '(582)317-7435x14647', 'url': 'https://russell.com/', 'type': 'email'}
[2021-09-01 16:37:00,972: INFO/ForkPoolWorker-13] Task concurrent_dispatcher.dispatch_concurrent[e72cf6f5-4dd9-4f9e-9717-377039cb6881] succeeded in 0.5011685449990182s: 'Done'
[2021-09-01 16:37:00,980: INFO/MainProcess] Task concurrent_dispatcher.dispatch_concurrent[0d762e9c-fdba-4eff-a797-33412998c103] received
[2021-09-01 16:37:00,981: INFO/MainProcess] Task concurrent_dispatcher.dispatch_concurrent[4a20f0ab-bec1-473d-8bcc-1feb10776121] received
[2021-09-01 16:37:00,983: INFO/MainProcess] Task concurrent_dispatcher.dispatch_concurrent[533c821d-9783-49fd-a809-eefc9c513aaa] received
[2021-09-01 16:37:01,000: INFO/ForkPoolWorker-3] concurrent_dispatcher.dispatch_concurrent[88adc0dd-6339-4456-8f4c-6f367879374c]: POST sent to https://lee.biz/. Data: {'name': 'Tracey Morgan', 'email': 'mhudson@example.org', 'phone': None, 'url': 'https://lee.biz/', 'type': 'post'}
[2021-09-01 16:37:01,000: INFO/ForkPoolWorker-2] concurrent_dispatcher.dispatch_concurrent[ec53fc21-dfb3-4803-ac4b-01325b8c0baf]: EMAIL sent to stacyrobinson@example.net. Data: {'name': 'Shannon Woodward', 'email': 'stacyrobinson@example.net', 'phone': '(374)566-8953', 'url': None, 'type': 'email'}
[2021-09-01 16:37:01,001: INFO/ForkPoolWorker-2] Task concurrent_dispatcher.dispatch_concurrent[ec53fc21-dfb3-4803-ac4b-01325b8c0baf] succeeded in 0.5008709880003153s: 'Done'
[2021-09-01 16:37:01,001: INFO/ForkPoolWorker-3] Task concurrent_dispatcher.dispatch_concurrent[88adc0dd-6339-4456-8f4c-6f367879374c] succeeded in 0.5008095600005618s: 'Done'
[2021-09-01 16:37:01,001: INFO/ForkPoolWorker-15] concurrent_dispatcher.dispatch_concurrent[a885e78c-a24c-4ce5-8ef0-a83ce50f55a6]: EMAIL sent to kennethyoung@example.org. Data: {'name': 'Douglas Mann', 'email': 'kennethyoung@example.org', 'phone': None, 'url': 'http://www.medina.com/', 'type': 'email'}
[2021-09-01 16:37:01,001: INFO/ForkPoolWorker-15] Task concurrent_dispatcher.dispatch_concurrent[a885e78c-a24c-4ce5-8ef0-a83ce50f55a6] succeeded in 0.5010148479996133s: 'Done'
[2021-09-01 16:37:01,002: ERROR/ForkPoolWorker-2] concurrent_dispatcher.dispatch_concurrent[68347db7-4e6d-436e-9f48-1c59d8d8a418]: SMS notifier *FAILED*  [Invalid NAME or PHONE] @ {'name': 'Emma Robertson', 'email': 'garnerheather@example.com', 'phone': None, 'url': 'https://french.com/', 'type': 'sms'}
[2021-09-01 16:37:01,002: ERROR/ForkPoolWorker-3] concurrent_dispatcher.dispatch_concurrent[3e64f256-64ce-4a4c-b100-d7cb8a59d039]: POST notifier *FAILED* [Invalid NAME or URL] @ {'name': 'Lisa Cohen', 'email': 'nicholasaustin@example.com', 'phone': '880-354-7115', 'url': None, 'type': 'post'}
[2021-09-01 16:37:01,002: INFO/ForkPoolWorker-2] Task concurrent_dispatcher.dispatch_concurrent[68347db7-4e6d-436e-9f48-1c59d8d8a418] succeeded in 0.00017225099873030558s: 'Done'
[2021-09-01 16:37:01,002: INFO/ForkPoolWorker-3] Task concurrent_dispatcher.dispatch_concurrent[3e64f256-64ce-4a4c-b100-d7cb8a59d039] succeeded in 0.0001855770005931845s: 'Done'
[2021-09-01 16:37:01,002: INFO/ForkPoolWorker-8] concurrent_dispatcher.dispatch_concurrent[4390d2f3-e32f-4113-8cc4-86b217d0936b]: EMAIL sent to maria29@example.org. Data: {'name': 'Trevor Cook', 'email': 'maria29@example.org', 'phone': '+1-256-335-9826', 'url': 'https://www.rodriguez-hansen.biz/', 'type': 'email'}
[2021-09-01 16:37:01,002: INFO/ForkPoolWorker-8] Task concurrent_dispatcher.dispatch_concurrent[4390d2f3-e32f-4113-8cc4-86b217d0936b] succeeded in 0.5010394689998066s: 'Done'
[2021-09-01 16:37:01,004: ERROR/ForkPoolWorker-2] concurrent_dispatcher.dispatch_concurrent[0d789660-06ff-4006-bd14-7d753e28135f]: POST notifier *FAILED* [Invalid NAME or URL] @ {'name': 'Joshua Clark', 'email': 'richardsonemily@example.net', 'phone': '614.587.3472x03151', 'url': None, 'type': 'post'}
[2021-09-01 16:37:01,004: ERROR/ForkPoolWorker-3] concurrent_dispatcher.dispatch_concurrent[78e3ec42-13ac-4913-ab6e-f5b5fe8fea3a]: POST notifier *FAILED* [Invalid NAME or URL] @ {'name': 'Alexandra Scott', 'email': 'elizabeth24@example.org', 'phone': '761.865.4169', 'url': None, 'type': 'post'}
[2021-09-01 16:37:01,004: INFO/ForkPoolWorker-2] Task concurrent_dispatcher.dispatch_concurrent[0d789660-06ff-4006-bd14-7d753e28135f] succeeded in 0.00018248200103698764s: 'Done'
[2021-09-01 16:37:01,004: INFO/ForkPoolWorker-3] Task concurrent_dispatcher.dispatch_concurrent[78e3ec42-13ac-4913-ab6e-f5b5fe8fea3a] succeeded in 0.00018798100063577294s: 'Done'
[2021-09-01 16:37:01,005: INFO/MainProcess] Task concurrent_dispatcher.dispatch_concurrent[92f6149a-0ac2-4787-bdc0-e98a5af01fa6] received
[2021-09-01 16:37:01,008: INFO/MainProcess] Task concurrent_dispatcher.dispatch_concurrent[24986138-c571-4a43-8313-0cefefa39161] received
[2021-09-01 16:37:01,009: ERROR/ForkPoolWorker-2] concurrent_dispatcher.dispatch_concurrent[e84ded88-57d2-4529-badc-1f2a44da4ba6]: POST notifier *FAILED* [Invalid NAME or URL] @ {'name': 'Alexis Jones', 'email': 'vhale@example.org', 'phone': '(098)595-5535x98984', 'url': None, 'type': 'post'}
[2021-09-01 16:37:01,009: INFO/ForkPoolWorker-2] Task concurrent_dispatcher.dispatch_concurrent[e84ded88-57d2-4529-badc-1f2a44da4ba6] succeeded in 0.00031372499870485626s: 'Done'
[2021-09-01 16:37:01,010: INFO/MainProcess] Task concurrent_dispatcher.dispatch_concurrent[dc20853d-7925-485d-9951-e9d0c5a1f3fe] received
[2021-09-01 16:37:01,012: INFO/MainProcess] Task concurrent_dispatcher.dispatch_concurrent[cd6dac6a-fff0-4f1c-9bd2-4094f924a69f] received
[2021-09-01 16:37:01,014: INFO/MainProcess] Task concurrent_dispatcher.dispatch_concurrent[26f84741-88fa-4b18-be39-21d777ff07ce] received
[2021-09-01 16:37:01,015: INFO/MainProcess] Task concurrent_dispatcher.dispatch_concurrent[660362a9-687e-4d83-b809-d60ce444ffbc] received
[2021-09-01 16:37:01,016: INFO/MainProcess] Task concurrent_dispatcher.dispatch_concurrent[0396628e-c28b-4ceb-bcbe-5c2e8dd13048] received
[2021-09-01 16:37:01,017: INFO/MainProcess] Task concurrent_dispatcher.dispatch_concurrent[c2e8e884-26f7-437c-81e0-73a4f0b56488] received
[2021-09-01 16:37:01,018: INFO/MainProcess] Task concurrent_dispatcher.dispatch_concurrent[aec0ed3a-0c86-4d5e-8c19-b6a7e80fa0a7] received
[2021-09-01 16:37:01,038: INFO/ForkPoolWorker-14] concurrent_dispatcher.dispatch_concurrent[a5803c13-378f-411e-a31e-7bba137d3c49]: POST sent to https://walters.com/. Data: {'name': 'Lisa Hall', 'email': 'leenathan@example.com', 'phone': '941-888-4029x862', 'url': 'https://walters.com/', 'type': 'post'}
[2021-09-01 16:37:01,038: INFO/ForkPoolWorker-7] concurrent_dispatcher.dispatch_concurrent[2bb217d5-62f2-4670-8b8a-63d5c55f4469]: SMS sent to 812-766-5349. Data: {'name': 'Karen Craig', 'email': 'hharris@example.net', 'phone': '812-766-5349', 'url': 'http://www.walter.com/', 'type': 'sms'}
[2021-09-01 16:37:01,038: INFO/ForkPoolWorker-14] Task concurrent_dispatcher.dispatch_concurrent[a5803c13-378f-411e-a31e-7bba137d3c49] succeeded in 0.5010901440000453s: 'Done'
[2021-09-01 16:37:01,039: INFO/ForkPoolWorker-7] Task concurrent_dispatcher.dispatch_concurrent[2bb217d5-62f2-4670-8b8a-63d5c55f4469] succeeded in 0.5007597309995617s: 'Done'
[2021-09-01 16:37:01,040: ERROR/ForkPoolWorker-7] concurrent_dispatcher.dispatch_concurrent[d4368abf-2e79-419c-84c5-9db7cd768308]: SMS notifier *FAILED*  [Invalid NAME or PHONE] @ {'name': 'Ashley Friedman', 'email': 'jhanson@example.net', 'phone': None, 'url': None, 'type': 'sms'}
[2021-09-01 16:37:01,040: INFO/ForkPoolWorker-7] Task concurrent_dispatcher.dispatch_concurrent[d4368abf-2e79-419c-84c5-9db7cd768308] succeeded in 0.0003428589989198372s: 'Done'
[2021-09-01 16:37:01,040: INFO/ForkPoolWorker-16] concurrent_dispatcher.dispatch_concurrent[be28e774-8127-4c74-90d3-4ad8d956ece9]: EMAIL sent to bretthopkins@example.org. Data: {'name': 'Kevin Crawford', 'email': 'bretthopkins@example.org', 'phone': '577-015-3139', 'url': None, 'type': 'email'}
[2021-09-01 16:37:01,040: INFO/ForkPoolWorker-6] concurrent_dispatcher.dispatch_concurrent[4ab72b53-8361-492f-88eb-68d6b9b77825]: EMAIL sent to smithmatthew@example.org. Data: {'name': 'Julia Martinez', 'email': 'smithmatthew@example.org', 'phone': '001-352-976-2828x97135', 'url': None, 'type': 'email'}
[2021-09-01 16:37:01,040: INFO/ForkPoolWorker-16] Task concurrent_dispatcher.dispatch_concurrent[be28e774-8127-4c74-90d3-4ad8d956ece9] succeeded in 0.5026294990002498s: 'Done'
[2021-09-01 16:37:01,040: INFO/ForkPoolWorker-5] concurrent_dispatcher.dispatch_concurrent[1735bf4d-1d00-4dc3-bcd0-cbf205d88641]: EMAIL sent to iking@example.com. Data: {'name': 'Stephanie Le', 'email': 'iking@example.com', 'phone': '819-611-8478x0929', 'url': 'https://www.moran-mckee.com/', 'type': 'email'}
[2021-09-01 16:37:01,040: INFO/ForkPoolWorker-6] Task concurrent_dispatcher.dispatch_concurrent[4ab72b53-8361-492f-88eb-68d6b9b77825] succeeded in 0.5026100280010724s: 'Done'
[2021-09-01 16:37:01,040: INFO/ForkPoolWorker-5] Task concurrent_dispatcher.dispatch_concurrent[1735bf4d-1d00-4dc3-bcd0-cbf205d88641] succeeded in 0.5030239730003814s: 'Done'
[2021-09-01 16:37:01,045: INFO/MainProcess] Task concurrent_dispatcher.dispatch_concurrent[4f3df8c8-456b-4753-8e15-9188f080c586] received
[2021-09-01 16:37:01,049: INFO/MainProcess] Task concurrent_dispatcher.dispatch_concurrent[8dfee1e2-19c3-4a5e-b368-149f2b229e34] received
[2021-09-01 16:37:01,050: INFO/MainProcess] Task concurrent_dispatcher.dispatch_concurrent[980767f3-f41c-408e-9ad7-f465b1f66b5c] received
[2021-09-01 16:37:01,052: INFO/MainProcess] Task concurrent_dispatcher.dispatch_concurrent[8b41ec24-f677-41fd-9a6d-96c9651ff8af] received
[2021-09-01 16:37:01,054: INFO/MainProcess] Task concurrent_dispatcher.dispatch_concurrent[d08b475b-04f4-49c6-8f58-8dc32da7e1d7] received
[2021-09-01 16:37:01,055: INFO/MainProcess] Task concurrent_dispatcher.dispatch_concurrent[eef5dda6-59fa-4596-8c10-94aa6bed5b8d] received
[2021-09-01 16:37:01,433: INFO/ForkPoolWorker-10] concurrent_dispatcher.dispatch_concurrent[f7eab8ca-40b2-4177-b808-f2bb6629d438]: EMAIL sent to winterssandy@example.org. Data: {'name': 'Courtney Wolfe', 'email': 'winterssandy@example.org', 'phone': '558-357-0565x011', 'url': 'http://clark.org/', 'type': 'email'}
[2021-09-01 16:37:01,433: INFO/ForkPoolWorker-9] concurrent_dispatcher.dispatch_concurrent[c2ef56df-9e90-4eb7-9cc8-3d11509b4055]: SMS sent to 684-818-4749. Data: {'name': 'Michael Adkins', 'email': 'gwise@example.net', 'phone': '684-818-4749', 'url': 'https://www.woods.com/', 'type': 'sms'}
[2021-09-01 16:37:01,433: INFO/ForkPoolWorker-9] Task concurrent_dispatcher.dispatch_concurrent[c2ef56df-9e90-4eb7-9cc8-3d11509b4055] succeeded in 0.500868030001584s: 'Done'
[2021-09-01 16:37:01,433: INFO/ForkPoolWorker-10] Task concurrent_dispatcher.dispatch_concurrent[f7eab8ca-40b2-4177-b808-f2bb6629d438] succeeded in 0.50098770600016s: 'Done'
[2021-09-01 16:37:01,434: ERROR/ForkPoolWorker-9] concurrent_dispatcher.dispatch_concurrent[c3d39996-bbd2-4f49-9d93-d689b582ef88]: POST notifier *FAILED* [Invalid NAME or URL] @ {'name': 'Melissa Green', 'email': 'lisa01@example.com', 'phone': '777-189-6275', 'url': None, 'type': 'post'}
[2021-09-01 16:37:01,434: INFO/ForkPoolWorker-9] Task concurrent_dispatcher.dispatch_concurrent[c3d39996-bbd2-4f49-9d93-d689b582ef88] succeeded in 0.00017869300063466653s: 'Done'
[2021-09-01 16:37:01,436: ERROR/ForkPoolWorker-9] concurrent_dispatcher.dispatch_concurrent[d78a2459-6a22-430f-8182-37c942dca203]: EMAIL notifier *FAILED* [Invalid NAME or EMAIL] @ {'name': 'Alexandra Anderson', 'email': None, 'phone': '349.473.5503x35325', 'url': 'http://manning.com/', 'type': 'email'}
[2021-09-01 16:37:01,436: INFO/ForkPoolWorker-9] Task concurrent_dispatcher.dispatch_concurrent[d78a2459-6a22-430f-8182-37c942dca203] succeeded in 0.00017810999997891486s: 'Done'
[2021-09-01 16:37:01,436: INFO/MainProcess] Task concurrent_dispatcher.dispatch_concurrent[5cb2f0f6-0b1c-49ef-a42c-e876fcff8ffd] received
[2021-09-01 16:37:01,438: INFO/MainProcess] Task concurrent_dispatcher.dispatch_concurrent[1345a584-ccc0-44c2-a513-c18c158ae5ab] received
[2021-09-01 16:37:01,439: INFO/MainProcess] Task concurrent_dispatcher.dispatch_concurrent[e86467b4-bc16-4c9b-b27f-61be84c61ca5] received
[2021-09-01 16:37:01,461: INFO/ForkPoolWorker-12] concurrent_dispatcher.dispatch_concurrent[ca7cecb7-b7a4-49ce-8f71-9f767154e04e]: EMAIL sent to joshua25@example.net. Data: {'name': 'Terry Floyd', 'email': 'joshua25@example.net', 'phone': None, 'url': 'https://www.patterson.net/', 'type': 'email'}
[2021-09-01 16:37:01,462: INFO/ForkPoolWorker-12] Task concurrent_dispatcher.dispatch_concurrent[ca7cecb7-b7a4-49ce-8f71-9f767154e04e] succeeded in 0.5066831799995271s: 'Done'
[2021-09-01 16:37:01,466: INFO/ForkPoolWorker-1] concurrent_dispatcher.dispatch_concurrent[a22d0e73-937d-4407-9cc7-43b57a2d5214]: POST sent to http://olsen.com/. Data: {'name': 'Amanda Cardenas', 'email': None, 'phone': '5322204528', 'url': 'http://olsen.com/', 'type': 'post'}
[2021-09-01 16:37:01,467: INFO/MainProcess] Task concurrent_dispatcher.dispatch_concurrent[fb0ae635-c9b0-48d8-b569-40f9f765d799] received
[2021-09-01 16:37:01,467: INFO/ForkPoolWorker-1] Task concurrent_dispatcher.dispatch_concurrent[a22d0e73-937d-4407-9cc7-43b57a2d5214] succeeded in 0.5008528180005669s: 'Done'
[2021-09-01 16:37:01,467: ERROR/ForkPoolWorker-12] concurrent_dispatcher.dispatch_concurrent[dd025d04-cb04-482c-8878-c48a72852b54]: POST notifier *FAILED* [Invalid NAME or URL] @ {'name': 'James Allen', 'email': 'swilliams@example.org', 'phone': '001-374-812-9089x448', 'url': None, 'type': 'post'}
[2021-09-01 16:37:01,468: INFO/ForkPoolWorker-12] Task concurrent_dispatcher.dispatch_concurrent[dd025d04-cb04-482c-8878-c48a72852b54] succeeded in 0.0003936519988201326s: 'Done'
[2021-09-01 16:37:01,474: INFO/ForkPoolWorker-11] concurrent_dispatcher.dispatch_concurrent[f3c9b4e0-35bd-4d15-9bf0-40e6c9ec5bf3]: SMS sent to 4881960772. Data: {'name': 'Jerry Lamb', 'email': None, 'phone': '4881960772', 'url': 'https://www.holmes.com/', 'type': 'sms'}
[2021-09-01 16:37:01,475: INFO/ForkPoolWorker-11] Task concurrent_dispatcher.dispatch_concurrent[f3c9b4e0-35bd-4d15-9bf0-40e6c9ec5bf3] succeeded in 0.5020499780002865s: 'Done'
[2021-09-01 16:37:01,475: INFO/ForkPoolWorker-4] concurrent_dispatcher.dispatch_concurrent[aaa48b96-66fb-4b16-9b0a-5c7d7f9b7131]: POST sent to http://knight.com/. Data: {'name': 'Christine Brown', 'email': 'qsmith@example.net', 'phone': '001-445-257-7123x751', 'url': 'http://knight.com/', 'type': 'post'}
[2021-09-01 16:37:01,476: INFO/ForkPoolWorker-4] Task concurrent_dispatcher.dispatch_concurrent[aaa48b96-66fb-4b16-9b0a-5c7d7f9b7131] succeeded in 0.501635893000639s: 'Done'
[2021-09-01 16:37:01,478: INFO/ForkPoolWorker-13] concurrent_dispatcher.dispatch_concurrent[db818506-94c4-4cc6-92ca-42ed36036d83]: POST sent to https://baxter.com/. Data: {'name': 'Nathan Logan', 'email': 'cassidy54@example.com', 'phone': '618.390.2676', 'url': 'https://baxter.com/', 'type': 'post'}
[2021-09-01 16:37:01,479: INFO/ForkPoolWorker-13] Task concurrent_dispatcher.dispatch_concurrent[db818506-94c4-4cc6-92ca-42ed36036d83] succeeded in 0.5008354500005225s: 'Done'
[2021-09-01 16:37:01,489: INFO/MainProcess] Task concurrent_dispatcher.dispatch_concurrent[2ca65d82-9b63-4734-ac39-4518066a455c] received
[2021-09-01 16:37:01,491: INFO/MainProcess] Task concurrent_dispatcher.dispatch_concurrent[66c760cb-e955-46e4-bfbb-98b778d0ef9e] received
[2021-09-01 16:37:01,493: INFO/MainProcess] Task concurrent_dispatcher.dispatch_concurrent[688c4af1-8ec9-4bb9-8c0b-5a62682bcad8] received
[2021-09-01 16:37:01,495: INFO/MainProcess] Task concurrent_dispatcher.dispatch_concurrent[6a93ce41-de03-45a3-9f31-27ca31b1b58a] received
[2021-09-01 16:37:01,496: INFO/MainProcess] Task concurrent_dispatcher.dispatch_concurrent[23a3acf9-65c0-4bbe-a08e-0332e304f681] received
[2021-09-01 16:37:01,498: INFO/MainProcess] Task concurrent_dispatcher.dispatch_concurrent[f90ab118-b48a-40cd-9bd0-b474d4284754] received
[2021-09-01 16:37:01,502: INFO/ForkPoolWorker-15] concurrent_dispatcher.dispatch_concurrent[c53ad128-c784-45b9-b444-488b8897b02f]: SMS sent to +1-362-123-4418. Data: {'name': 'Juan Curtis', 'email': 'josephdalton@example.com', 'phone': '+1-362-123-4418', 'url': 'http://henry.com/', 'type': 'sms'}
[2021-09-01 16:37:01,503: INFO/ForkPoolWorker-15] Task concurrent_dispatcher.dispatch_concurrent[c53ad128-c784-45b9-b444-488b8897b02f] succeeded in 0.5008455440001853s: 'Done'
[2021-09-01 16:37:01,504: INFO/ForkPoolWorker-8] concurrent_dispatcher.dispatch_concurrent[7119b7e1-1689-4506-a8b8-428451060733]: SMS sent to (380)655-0917. Data: {'name': 'Tom Mack', 'email': 'michelerodgers@example.org', 'phone': '(380)655-0917', 'url': 'http://www.scott.com/', 'type': 'sms'}
[2021-09-01 16:37:01,505: INFO/ForkPoolWorker-8] Task concurrent_dispatcher.dispatch_concurrent[7119b7e1-1689-4506-a8b8-428451060733] succeeded in 0.5006999079996604s: 'Done'
[2021-09-01 16:37:01,509: INFO/MainProcess] Task concurrent_dispatcher.dispatch_concurrent[3de3d9f3-eb86-40e7-9e87-6db9b6e5aa4d] received
[2021-09-01 16:37:01,509: INFO/ForkPoolWorker-3] concurrent_dispatcher.dispatch_concurrent[b966cc95-6514-4cdd-8b3e-df9c9d5fba8a]: EMAIL sent to amacias@example.org. Data: {'name': 'Patrick Morris', 'email': 'amacias@example.org', 'phone': '566.961.4152x6299', 'url': 'http://leonard.com/', 'type': 'email'}
[2021-09-01 16:37:01,510: INFO/ForkPoolWorker-3] Task concurrent_dispatcher.dispatch_concurrent[b966cc95-6514-4cdd-8b3e-df9c9d5fba8a] succeeded in 0.5005822489983984s: 'Done'
[2021-09-01 16:37:01,513: INFO/MainProcess] Task concurrent_dispatcher.dispatch_concurrent[bac7225a-e724-49e1-8243-985c4dd89d17] received
[2021-09-01 16:37:01,513: INFO/ForkPoolWorker-2] concurrent_dispatcher.dispatch_concurrent[99bb0f0d-375e-4c51-9fc1-b47487cd0a25]: SMS sent to +1-257-877-9974x374. Data: {'name': 'Anna Harmon', 'email': None, 'phone': '+1-257-877-9974x374', 'url': 'https://ray.com/', 'type': 'sms'}
[2021-09-01 16:37:01,514: ERROR/ForkPoolWorker-3] concurrent_dispatcher.dispatch_concurrent[89493bb9-dc1e-41ae-90b7-db93c982edbd]: POST notifier *FAILED* [Invalid NAME or URL] @ {'name': 'Nicole Dorsey', 'email': 'andreaandrews@example.com', 'phone': '028-809-2254', 'url': None, 'type': 'post'}
[2021-09-01 16:37:01,514: INFO/ForkPoolWorker-2] Task concurrent_dispatcher.dispatch_concurrent[99bb0f0d-375e-4c51-9fc1-b47487cd0a25] succeeded in 0.5007923900011519s: 'Done'
[2021-09-01 16:37:01,514: INFO/ForkPoolWorker-3] Task concurrent_dispatcher.dispatch_concurrent[89493bb9-dc1e-41ae-90b7-db93c982edbd] succeeded in 0.00040659800106368493s: 'Done'
[2021-09-01 16:37:01,517: ERROR/ForkPoolWorker-2] concurrent_dispatcher.dispatch_concurrent[c54e80c6-ed14-4f98-9d1c-b80323209be8]: POST notifier *FAILED* [Invalid NAME or URL] @ {'name': 'Joshua Rasmussen', 'email': 'harrisonmaria@example.net', 'phone': '001-195-972-1787x123', 'url': None, 'type': 'post'}
[2021-09-01 16:37:01,517: INFO/ForkPoolWorker-2] Task concurrent_dispatcher.dispatch_concurrent[c54e80c6-ed14-4f98-9d1c-b80323209be8] succeeded in 0.00042613799996615853s: 'Done'
[2021-09-01 16:37:01,522: INFO/MainProcess] Task concurrent_dispatcher.dispatch_concurrent[851e1b6c-fde2-4f98-82f9-42f99816d574] received
[2021-09-01 16:37:01,524: INFO/MainProcess] Task concurrent_dispatcher.dispatch_concurrent[3d82122b-7f29-4a8a-a350-5f1222f49dd6] received
[2021-09-01 16:37:01,527: INFO/MainProcess] Task concurrent_dispatcher.dispatch_concurrent[275e4ebc-fd8f-4497-bdcc-8732a7308d1d] received
[2021-09-01 16:37:01,540: INFO/ForkPoolWorker-14] concurrent_dispatcher.dispatch_concurrent[d8147445-029d-46f7-8332-6b6a818333d2]: POST sent to http://butler.biz/. Data: {'name': 'Brandon Barr', 'email': 'barnesjason@example.net', 'phone': '(204)139-6823x0072', 'url': 'http://butler.biz/', 'type': 'post'}
[2021-09-01 16:37:01,540: INFO/ForkPoolWorker-14] Task concurrent_dispatcher.dispatch_concurrent[d8147445-029d-46f7-8332-6b6a818333d2] succeeded in 0.5005689099998563s: 'Done'
[2021-09-01 16:37:01,541: ERROR/ForkPoolWorker-14] concurrent_dispatcher.dispatch_concurrent[384b0687-2389-4391-9567-076c22b9d505]: EMAIL notifier *FAILED* [Invalid NAME or EMAIL] @ {'name': 'Mark Sawyer', 'email': None, 'phone': '+1-748-076-3210', 'url': None, 'type': 'email'}
[2021-09-01 16:37:01,541: INFO/ForkPoolWorker-14] Task concurrent_dispatcher.dispatch_concurrent[384b0687-2389-4391-9567-076c22b9d505] succeeded in 0.00017346400090900715s: 'Done'
[2021-09-01 16:37:01,542: INFO/MainProcess] Task concurrent_dispatcher.dispatch_concurrent[4d247b2d-ed95-43ba-be45-6d3d42117c54] received
[2021-09-01 16:37:01,543: INFO/ForkPoolWorker-5] concurrent_dispatcher.dispatch_concurrent[440f3786-2713-438b-bff0-1de60584d71a]: SMS sent to 001-937-375-3753. Data: {'name': 'Ms. Brenda Rios', 'email': 'fsaunders@example.org', 'phone': '001-937-375-3753', 'url': 'https://www.barker.biz/', 'type': 'sms'}
[2021-09-01 16:37:01,543: INFO/ForkPoolWorker-6] concurrent_dispatcher.dispatch_concurrent[9348c6ab-0eba-49ba-9e95-e208e9e7ba29]: EMAIL sent to andrew60@example.net. Data: {'name': 'Anthony Simpson', 'email': 'andrew60@example.net', 'phone': None, 'url': 'https://www.howell.com/', 'type': 'email'}
[2021-09-01 16:37:01,543: INFO/ForkPoolWorker-16] concurrent_dispatcher.dispatch_concurrent[1120a827-793a-4eb5-aef4-5416ac873fdf]: POST sent to https://www.spencer.com/. Data: {'name': 'Mary Reynolds', 'email': 'michellerice@example.com', 'phone': '222-551-3906x77041', 'url': 'https://www.spencer.com/', 'type': 'post'}
[2021-09-01 16:37:01,543: ERROR/ForkPoolWorker-14] concurrent_dispatcher.dispatch_concurrent[384b2adf-399b-4123-a4ea-c29077a1ef63]: SMS notifier *FAILED*  [Invalid NAME or PHONE] @ {'name': 'Jeffrey King', 'email': 'gturner@example.com', 'phone': None, 'url': 'https://www.wilson.com/', 'type': 'sms'}
[2021-09-01 16:37:01,543: INFO/ForkPoolWorker-6] Task concurrent_dispatcher.dispatch_concurrent[9348c6ab-0eba-49ba-9e95-e208e9e7ba29] succeeded in 0.5007536730008724s: 'Done'
[2021-09-01 16:37:01,543: INFO/ForkPoolWorker-5] Task concurrent_dispatcher.dispatch_concurrent[440f3786-2713-438b-bff0-1de60584d71a] succeeded in 0.5008423210001638s: 'Done'
[2021-09-01 16:37:01,543: INFO/ForkPoolWorker-14] Task concurrent_dispatcher.dispatch_concurrent[384b2adf-399b-4123-a4ea-c29077a1ef63] succeeded in 0.0002166499998565996s: 'Done'
[2021-09-01 16:37:01,543: INFO/ForkPoolWorker-16] Task concurrent_dispatcher.dispatch_concurrent[1120a827-793a-4eb5-aef4-5416ac873fdf] succeeded in 0.5008947939986683s: 'Done'
[2021-09-01 16:37:01,543: INFO/ForkPoolWorker-7] concurrent_dispatcher.dispatch_concurrent[11c7c98e-c76a-4188-b890-2a7e90888144]: EMAIL sent to sherriwilliams@example.com. Data: {'name': 'Paul Moore', 'email': 'sherriwilliams@example.com', 'phone': '001-231-702-0660x136', 'url': 'http://www.thompson.com/', 'type': 'email'}
[2021-09-01 16:37:01,544: INFO/ForkPoolWorker-7] Task concurrent_dispatcher.dispatch_concurrent[11c7c98e-c76a-4188-b890-2a7e90888144] succeeded in 0.5007932770004118s: 'Done'
[2021-09-01 16:37:01,544: INFO/MainProcess] Task concurrent_dispatcher.dispatch_concurrent[75ff5258-b584-4404-abc7-0e589cbeea9c] received
[2021-09-01 16:37:01,546: ERROR/ForkPoolWorker-14] concurrent_dispatcher.dispatch_concurrent[719a4349-7ba4-4c88-926c-1d6a1d252751]: EMAIL notifier *FAILED* [Invalid NAME or EMAIL] @ {'name': 'Robert Burnett', 'email': None, 'phone': '778-582-2106x76076', 'url': 'https://ellis.com/', 'type': 'email'}
[2021-09-01 16:37:01,546: INFO/ForkPoolWorker-14] Task concurrent_dispatcher.dispatch_concurrent[719a4349-7ba4-4c88-926c-1d6a1d252751] succeeded in 0.00022248599998420104s: 'Done'
[2021-09-01 16:37:01,547: INFO/MainProcess] Task concurrent_dispatcher.dispatch_concurrent[0febda08-5908-4a42-b0c0-12c4fb96e501] received
[2021-09-01 16:37:01,551: INFO/MainProcess] Task concurrent_dispatcher.dispatch_concurrent[b6b495ca-addb-464e-93f2-cbd320af6d53] received
[2021-09-01 16:37:01,552: INFO/MainProcess] Task concurrent_dispatcher.dispatch_concurrent[b5fe6d48-d84b-407a-97e7-6c96cc789272] received
[2021-09-01 16:37:01,554: INFO/MainProcess] Task concurrent_dispatcher.dispatch_concurrent[4331ce1c-0151-481e-979c-58fac5e3443b] received
[2021-09-01 16:37:01,555: INFO/MainProcess] Task concurrent_dispatcher.dispatch_concurrent[fef7a62b-03aa-46c5-a2e8-c1794b98911a] received
[2021-09-01 16:37:01,557: INFO/MainProcess] Task concurrent_dispatcher.dispatch_concurrent[ece62f64-724c-446d-b521-b3577bae91cd] received
[2021-09-01 16:37:01,558: INFO/MainProcess] Task concurrent_dispatcher.dispatch_concurrent[da7a18fc-554b-4434-b869-185256152af9] received
[2021-09-01 16:37:01,934: INFO/ForkPoolWorker-10] concurrent_dispatcher.dispatch_concurrent[9b941dd9-678c-43b8-aecf-66ae17eb782a]: EMAIL sent to stephanie56@example.org. Data: {'name': 'Kristin Perry', 'email': 'stephanie56@example.org', 'phone': '499.276.1780x469', 'url': 'http://tran.net/', 'type': 'email'}
[2021-09-01 16:37:01,935: INFO/ForkPoolWorker-10] Task concurrent_dispatcher.dispatch_concurrent[9b941dd9-678c-43b8-aecf-66ae17eb782a] succeeded in 0.5005419379995146s: 'Done'
[2021-09-01 16:37:01,939: INFO/ForkPoolWorker-9] concurrent_dispatcher.dispatch_concurrent[59af9d23-eee2-4185-a21b-f106166df0d2]: POST sent to https://www.barton.com/. Data: {'name': 'Ryan Potts', 'email': 'tanyawilson@example.net', 'phone': '643-902-2422x785', 'url': 'https://www.barton.com/', 'type': 'post'}
[2021-09-01 16:37:01,940: INFO/ForkPoolWorker-9] Task concurrent_dispatcher.dispatch_concurrent[59af9d23-eee2-4185-a21b-f106166df0d2] succeeded in 0.5012028889996145s: 'Done'
[2021-09-01 16:37:01,943: INFO/MainProcess] Task concurrent_dispatcher.dispatch_concurrent[3230234d-5a3b-423e-a8fb-8f0970e81560] received
[2021-09-01 16:37:01,978: INFO/ForkPoolWorker-11] concurrent_dispatcher.dispatch_concurrent[4f430142-13ed-4f13-95b2-91909c6fca70]: SMS sent to 1037450231. Data: {'name': 'Elijah Richardson', 'email': 'rmcclure@example.org', 'phone': '1037450231', 'url': 'https://www.howard.com/', 'type': 'sms'}
[2021-09-01 16:37:01,979: INFO/ForkPoolWorker-11] Task concurrent_dispatcher.dispatch_concurrent[4f430142-13ed-4f13-95b2-91909c6fca70] succeeded in 0.5004036059999635s: 'Done'
